02-15 11:18:24.755  1936  2295 I PerformanceManager: SetClockLevels: Force releasing clocks
02-15 11:18:24.756  1936  2295 I PerformanceManager: SetClockLevels: Apply pending clock request change: 4,3 -> -1,-1
02-15 11:18:24.756  1936  2034 I Clocks  : ReleaseClocks - start
02-15 11:18:24.756  1936  2034 I Clocks  : ReleaseClocks - end (0.4 ms)
02-15 11:18:24.756   720   791 D android.hardware.power@1.3-service-libperfmgr: Unset hint for clock domain: 0
02-15 11:18:24.756   720   789 W libperfmgr: Failed to write to node: /sys/class/devfreq/soc:qcom,cpu-cpu-llcc-bw/max_freq with value: 2288, fd: 11
02-15 11:18:24.756   720   789 W libperfmgr: Failed to write to node: /sys/class/devfreq/soc:qcom,cpu-llcc-ddr-bw/max_freq with value: 762, fd: 9
02-15 11:18:24.756   720   789 W libperfmgr: Failed to write to node: /sys/class/devfreq/soc:qcom,cpu-cpu-llcc-bw/max_freq with value: 2288, fd: 9
02-15 11:18:24.756   720   789 W libperfmgr: Failed to write to node: /sys/class/devfreq/soc:qcom,cpu-llcc-ddr-bw/max_freq with value: 762, fd: 10
02-15 11:18:24.756   720   791 D android.hardware.power@1.3-service-libperfmgr: Unset hint for clock domain: 1
02-15 11:18:24.767  1936  2295 I PerformanceManager: SetClockLevels: Apply pending clock request change: -1,-1 -> 2,3
02-15 11:18:24.767  1936  2034 I Clocks  : LockClocks( cpu=2, gpu=3 ) - start
02-15 11:18:24.767  1936  2034 I Clocks  : CPU levels [0, 4]
02-15 11:18:24.767  1936  2034 I Clocks  : GPU levels [0, 5]
02-15 11:18:24.767  1936  2034 I Clocks  : LockClocks( cpu=2, gpu=3 ) - end (0.5 ms)
02-15 11:18:24.767   720   791 D android.hardware.power@1.3-service-libperfmgr: set performance level 2, domain 0
02-15 11:18:24.767   720   791 D android.hardware.power@1.3-service-libperfmgr: set performance level 3, domain 1
02-15 11:18:24.773  1022  1086 W InputReader: Device has associated, but no associated display id.
02-15 11:18:24.774  2617  5036 I VrApi   : ---------- vrapi_EnterVrMode [start] ----------
02-15 11:18:24.774  2617  5036 I VrRuntimeClient: Tracing is disabled
02-15 11:18:24.774  2617  5036 I VrRuntimeClient: SysProp debug mode is disabled on Client side
02-15 11:18:24.777  3099  3099 D [SUI] NotificationBroadcastReceiver: action: com.oculus.intent.action.NOTIF_CHANGE
02-15 11:18:24.777  3099  3099 I NotificationManagerSourceHandler: Dataset has changed
02-15 11:18:24.780  2617  5036 D VrApi   : targetSDKVersion 29
02-15 11:18:24.782  2617  5036 I VrRuntimeClient: DEVICE MODEL NUMBER = Quest 2
02-15 11:18:24.782  2617  5036 I VrRuntimeClient: DEVICE HARDWARE = hollywood
02-15 11:18:24.782  2617  5036 I VrRuntimeClient: DEVICE BUILD NAME = user-1396980.8370.0
02-15 11:18:24.782  2617  5036 I VrRuntimeClient: DEVICE BUILD TYPE = user
02-15 11:18:24.782  2617  5036 I VrRuntimeClient: DEVICE OS VERSION = 10
02-15 11:18:24.782  2617  5036 I VrRuntimeClient: VRRUNTIME VERSION = VRAPI_VERSION_BEGIN { 1.1.42.0-270435163-270435163 Jan 28 2021 12:41:13 Development } RELEASE
02-15 11:18:24.782  2617  5036 I VrRuntimeClient: API LOADER VERSION = 1.1.34.0
02-15 11:18:24.782  2617  5036 I VrRuntimeClient: VRDRIVER VERSION = 25.0.0.72.658
02-15 11:18:24.782  2617  5036 I VrRuntimeClient: APP NAME = Permission controller
02-15 11:18:24.782  2617  5036 I VrRuntimeClient: APP VERSION = 29 system image versionCode 299900000 internalVersionName <none>
02-15 11:18:24.782  2617  5036 I VrRuntimeClient: APP VR TYPE = <none>
02-15 11:18:24.782  2617  5036 I VrRuntimeClient: APP MODE TYPE = <none>
02-15 11:18:24.782  2617  5036 I VrRuntimeClient: APP PACKAGE NAME = com.android.permissioncontroller
02-15 11:18:24.782  2617  5036 I VrRuntimeClient: APP ACTIVITY CLASS = com.oculus.os.DialogContext
02-15 11:18:24.782  2617  5036 D BatteryReceiver: Registering battery receiver
02-15 11:18:24.792  1022  1156 V DisplayPowerController: Brightness [255] reason changing to: 'override', previous reason: 'manual'.
02-15 11:18:24.795  3278  3473 D VrApi   : targetSDKVersion 27
02-15 11:18:24.808  2617  5036 D HeadsetReceiver: getCurrentHeadsetState: false
02-15 11:18:24.808  2617  5036 I DeviceStatus: nativeHeadsetEvent(0)
02-15 11:18:24.809  2617  5036 I LatencySequenceLogger: handPoseLatency0 - Logger reset. Session ID: 2016784214264462326
02-15 11:18:24.809  2617  5036 I LatencySequenceLogger: pointerPoseLatency0 - Logger reset. Session ID: -2436647622717709250
02-15 11:18:24.809  2617  5036 I LatencySequenceLogger: handPoseLatency1 - Logger reset. Session ID: -6951888618355561211
02-15 11:18:24.809  2617  5036 I LatencySequenceLogger: pointerPoseLatency1 - Logger reset. Session ID: -6267016259896870683
02-15 11:18:24.809  2617  5036 I LatencySequenceLogger: gfrLatency - Logger reset. Session ID: 2768948010702319000
02-15 11:18:24.809  2617  5036 I LatencySequenceLogger: trackedRemoteLatency0 - Logger reset. Session ID: 6698366998894228699
02-15 11:18:24.809  2617  5036 I LatencySequenceLogger: trackedRemoteLatency1 - Logger reset. Session ID: -2710476170456360024
02-15 11:18:24.811  2617  5036 I ClientInputInterface: DEADRECKONING SetControllerTrackingExtendedDeadreckoning 0
02-15 11:18:24.811  2617  5036 D InputHooksJava: Enabling Java Input Hooks
02-15 11:18:24.811  2299  2299 D DeviceHelper: isScreenOn = true
02-15 11:18:24.812  2299  2299 D [OAO] ShellOverlayBroadcastReceiver: onReceive with ShellOverlayService native pointer 3974212088, action com.oculus.vrshell.intent.action.DISMISS_NOTIFICATION
02-15 11:18:24.812  2299  2299 D [OAO] RssdkHelper: getCurrentPackageInfo
02-15 11:18:24.812  2299  2299 I [OAO] RssdkHelperJNI: Java_com_oculus_common_navigation_RssdkHelper_nativeGetCurrentPackageInfo
02-15 11:18:24.812  2299  2299 I [OAO] RssdkHelperJNI: NativeGetCurrentPackageInfo - str combined: 'com.android.permissioncontroller false'
02-15 11:18:24.812  2299  2299 D [OAO] PrimaryPackage: Shell backgrounded or not running.
02-15 11:18:24.812  2299  2299 I [OAO] ShellOverlayServiceJNI: NativeWake
02-15 11:18:24.812  2299  2299 I [OAO] ShellOverlayMain: WakeVrThread
02-15 11:18:24.812  2299  2299 I [OAO] ShellOverlayMain: WakeVrThread - notifying vr thread
02-15 11:18:24.812  2299  2342 I [OAO] ShellOverlayApp: 0xc1c35bf0 msg: broadcastIntent:
02-15 11:18:24.812  2299  2342 I [OAO] ShellOverlayApp: intent_action = com.oculus.vrshell.intent.action.DISMISS_NOTIFICATION
02-15 11:18:24.812  2299  2342 I [OAO] ShellOverlayApp: status_bar_notification = 0|android|0|com.android.server.wm.AlertWindowNotification - com.oculus.vrshell|1000
02-15 11:18:24.812  2299  2342 I [OAO] ShellOverlayApp: ProcessMessage_Broadcast: com.oculus.vrshell.intent.action.DISMISS_NOTIFICATION
02-15 11:18:24.816  3161  3161 D [OAR] RssdkHelper: getCurrentPackageInfo
02-15 11:18:24.816  3161  3161 I [OAR] RssdkHelperJNI: Java_com_oculus_common_navigation_RssdkHelper_nativeGetCurrentPackageInfo
02-15 11:18:24.817  3161  3161 I [OAR] RssdkHelperJNI: NativeGetCurrentPackageInfo - str combined: 'com.android.permissioncontroller false'
02-15 11:18:24.817  3161  3161 D [OAR] ShellControlProtectedReceiver: onReceive with MainActivity native pointer 0, action com.oculus.vrshell.intent.action.DISMISS_NOTIFICATION
02-15 11:18:24.818  2617  5036 I RuntimeHelpers: OSSDKTRACKING Setting ResultUseOSSDKTracking to 0
02-15 11:18:24.818  2617  5036 I InputDeviceManager: ovrInputDeviceManager::Initialize
02-15 11:18:24.818  2617  5036 I RuntimeHelpers: OSSDKTRACKING Setting ResultUseOSSDKTracking to 0
02-15 11:18:24.818  2617  5036 I InputDeviceManager: HANDTRACKING packagename is com.android.permissioncontroller
02-15 11:18:24.819  2617  5037 I RuntimeHelpers: OSSDKTRACKING Setting ResultUseOSSDKTracking to 0
02-15 11:18:24.820  2617  5036 I InputDeviceManager: HANDTRACKING: Manifest Permission request for com.android.permissioncontroller
02-15 11:18:24.824  3161  3161 D DeviceHelper: isScreenOn = true
02-15 11:18:24.824  3161  3161 D [OAR] PrimaryPackage: ShellEnv is backgrounded or not running.
02-15 11:18:24.824  2617  5036 I InputDeviceManager: HANDTRACKING:  'com.android.permissioncontroller' Is hands or controller.
02-15 11:18:24.824  2617  5036 I InputDeviceManager: HANDTRACKING: feature flag set to 2
02-15 11:18:24.824  2617  5036 I ClientInputInterface: HANDTRACKING sethandmanifest 2
02-15 11:18:24.824  2617  5036 D TrackingServiceConnectionNative: onClientConnect
02-15 11:18:24.824  2617  5036 D BinderConnection: Connecting to TrackingService
02-15 11:18:24.827  2617  5036 D TrackingServiceConnectionNative: onConnected
02-15 11:18:24.827   802   802 I TrackingService: TrackingService::getSharedMemoryFileDescriptor
02-15 11:18:24.829  2617  5036 I TrackingServiceClient: OVR::TrackingService::ClientSetInterface
02-15 11:18:24.829  2617  5036 I TrackingServiceClient: TrackingService client: roFd(74)
02-15 11:18:24.829  2617  5036 I TrackingServiceClient: TrackingService client: connected to interface version 14.
02-15 11:18:24.829  2617  5036 I TrackingServiceClient: TrackingService client: last prediction time is 0.004112 seconds old
02-15 11:18:24.829  2617  5036 I TrackingServiceClient: TrackingService client: provided by pid=802
02-15 11:18:24.829   802   802 I TrackingService: TrackingService::registerClient
02-15 11:18:24.831   802   802 I TrackingService: Registering client with TrackingServiceHost (com.android.permissioncontroller#2617)
02-15 11:18:24.831   802   802 I TrackingService: Notifying client com.android.permissioncontroller#2617 of new remote b298f93898a8d8b4
02-15 11:18:24.831   802   802 I TrackingService: Notifying client com.android.permissioncontroller#2617 of new remote d1a68fb151f50abc
02-15 11:18:24.831   802   802 I TrackingService: TrackingServiceHost GetSharedMemoryFileDescriptor for client com.android.permissioncontroller#2617
02-15 11:18:24.831   802   802 I TrackingService: TrackingServiceHost registered common client; there are 0 secure clients
02-15 11:18:24.831  2617  5036 I TrackingServiceClient: ClientConnectComplete
02-15 11:18:24.831  2617  5036 I Distortion: Initializing Mesh Decenter Correction
02-15 11:18:24.832  2617  5036 I Distortion: EYE_DECENTER ipdMin 58.1364 left H: -8.1595 v: 3.6616  right  H: -4.9562 v: 0.1797
02-15 11:18:24.832  2617  5036 I Distortion: EYE_DECENTER ipdMid 63.0543 left H: 0.7277 v: 2.5898  right  H: 1.0983 v: 2.3797
02-15 11:18:24.832  2617  5036 I Distortion: EYE_DECENTER ipdMax 67.9727 left H: 1.9973 v: 1.518  right  H: -0.1126 v: 2.3797
02-15 11:18:24.832  2617  5036 I Distortion: EYE_DECENTER PIXELS(4) left H: 8.1595 V: -3.6616  right H: 4.9562 V: -0.1797
02-15 11:18:24.832  2617  5036 I Distortion: EYE_DECENTER iad: 0.0582248, left H: 0.000215424 V: -0.000120284  right H: 0.000215424 V: -5.90315e-06
02-15 11:18:24.832  2617  5036 I Distortion: SetLensPositions - iad=0.0582248, left offset=-0.00237258,-0.00136858, right offset=0.00280344,-0.0012542
02-15 11:18:24.832  2617  5036 I Distortion: Initializing Mesh Decenter Correction
02-15 11:18:24.832  2617  5037 I InputDeviceManager: HANDTRACKING Pose filter profile changed to: 0
02-15 11:18:24.832  2617  5037 I InputDeviceManager: HANDTRACKING Pose filter profile changed to: 0
02-15 11:18:24.833  2617  5036 I Distortion: EYE_DECENTER ipdMin 58.1364 left H: -8.1595 v: 3.6616  right  H: -4.9562 v: 0.1797
02-15 11:18:24.833  2617  5036 I Distortion: EYE_DECENTER ipdMid 63.0543 left H: 0.7277 v: 2.5898  right  H: 1.0983 v: 2.3797
02-15 11:18:24.833  2617  5036 I Distortion: EYE_DECENTER ipdMax 67.9727 left H: 1.9973 v: 1.518  right  H: -0.1126 v: 2.3797
02-15 11:18:24.833  2617  5036 I Distortion: EYE_DECENTER PIXELS(4) left H: 8.1595 V: -3.6616  right H: 4.9562 V: -0.1797
02-15 11:18:24.833  2617  5036 I Distortion: EYE_DECENTER iad: 0.0582248, left H: 0.000215424 V: -0.000120284  right H: 0.000215424 V: -5.90315e-06
02-15 11:18:24.833  2617  5036 I Distortion: SetLensPositions - iad=0.0582248, left offset=-0.00237258,-0.00136858, right offset=0.00280344,-0.0012542
02-15 11:18:24.833  2617  5036 I Distortion: Created custom distortion mesh.
02-15 11:18:24.833  2617  5036 I Distortion: ovrDistortionMeshHeader::magic = 0x56347807
02-15 11:18:24.833  2617  5036 I Distortion: ovrDistortionMeshHeader::deviceModel = 0x200
02-15 11:18:24.833  2617  5036 I Distortion: ovrDistortionMeshHeader::headsetModel = 0x104
02-15 11:18:24.833  2617  5036 I Distortion: ovrDistortionMeshHeader::eyeBlocksWide = 32
02-15 11:18:24.833  2617  5036 I Distortion: ovrDistortionMeshHeader::eyeBlocksHigh = 32
02-15 11:18:24.833  2617  5036 I Distortion: ovrDistortionMeshHeader::lensSeparationMeters = 0.058225
02-15 11:18:24.833  2617  5036 I Distortion: ovrDistortionMeshHeader::horizontalOffsetMeters = 0.000215
02-15 11:18:24.833  2617  5036 I Distortion: ovrDistortionMeshHeader::displayWidthMeters = 0.120362
02-15 11:18:24.833  2617  5036 I Distortion: ovrDistortionMeshHeader::displayHeightMeters = 0.063072
02-15 11:18:24.833  2617  5036 I Distortion: ovrDistortionMeshHeader::displayWidthPixels = 3664
02-15 11:18:24.833  2617  5036 I Distortion: ovrDistortionMeshHeader::displayHeightPixels = 1920
02-15 11:18:24.833  2617  5036 I Distortion: ovrDistortionMeshHeader::eyeTextureWidthPixels = 1440
02-15 11:18:24.833  2617  5036 I Distortion: ovrDistortionMeshHeader::eyeTextureHeightPixels = 1584
02-15 11:18:24.833  2617  5036 I Distortion: ovrDistortionMeshHeader::leftEye = up 48.000000 / down 50.000000 / left 52.000000 / right 42.000000
02-15 11:18:24.833  2617  5036 I Distortion: ovrDistortionMeshHeader::rightEye = up 48.000000 / down 50.000000 / left 42.000000 / right 52.000000
02-15 11:18:24.833  2617  5036 I VrApi   : ovrModeParms::VRAPI_MODE_FLAG_RESET_WINDOW_FULLSCREEN = 1
02-15 11:18:24.833  2617  5036 I VrApi   : ovrModeParms::VRAPI_MODE_FLAG_NATIVE_WINDOW = 1
02-15 11:18:24.833  2617  5036 I VrApi   : ovrModeParms::VRAPI_MODE_FLAG_FRONT_BUFFER_SRGB = 0
02-15 11:18:24.833  2617  5036 I VrApi   : ovrModeParms::VRAPI_MODE_FLAG_CREATE_CONTEXT_NO_ERROR = 0
02-15 11:18:24.833  2617  5036 I VrApi   : ovrModeParms::VRAPI_MODE_FLAG_PHASE_SYNC = 0
02-15 11:18:24.833  2617  5036 I VrApi   : ovrModeParms::VRAPI_MODE_FLAG_APP_SPACE_WARP = 0
02-15 11:18:24.833  2617  5036 I VrRuntimeClient: SetPhaseSyncMode 0
02-15 11:18:24.833  2617  5036 I VrApi   : PhaseSync disabled
02-15 11:18:24.833  2617  5036 I VrApi   : HMD sensor attached.
02-15 11:18:24.833  2617  5036 I GL_Utils: egl = 1.5
02-15 11:18:24.833  2617  5036 I GL_Utils: es3 = TRUE
02-15 11:18:24.833  2617  5036 I GL_Utils: Found: GL_OES_vertex_array_object
02-15 11:18:24.833  2617  5036 I GL_Utils: Found: GL_QCOM_tiled_rendering
02-15 11:18:24.833  2617  5036 I GL_Utils: Found: GL_EXT_sRGB_write_control
02-15 11:18:24.833  2617  5036 I GL_Utils: Found: GL_EXT_disjoint_timer_query
02-15 11:18:24.833  2617  5036 I GL_Utils: Found: GL_EXT_memory_object
02-15 11:18:24.833  2617  5036 I GL_Utils: Found: GL_EXT_memory_object_fd
02-15 11:18:24.833  2617  5036 I GL_Utils: Found: GL_QCOM_texture_foveated
02-15 11:18:24.833  2617  5036 I GL_Utils: Found: GL_KHR_debug
02-15 11:18:24.833  2617  5036 I GL_Utils: Found: GL_EXT_texture_border_clamp
02-15 11:18:24.833  2617  5036 I GL_Utils: Found: GL_EXT_texture_filter_anisotropic
02-15 11:18:24.833  2617  5036 I GL_Utils: Found: GL_OES_texture_view
02-15 11:18:24.833  2617  5036 I GL_Utils: Found: GL_EXT_texture_format_sRGB_override
02-15 11:18:24.834  2617  5036 D VrRuntimeClient: pokeGuardianUserServiceForThisClient: com.android.permissioncontroller:10011
02-15 11:18:24.835  2617  5036 D VrRuntimeClient: VrRuntimeClient: enableRendering: dialog client
02-15 11:18:24.835  2352  2352 D VrGuardianUserService: onStartCommandIntent { act=FOREGROUND_CLIENT cmp=com.oculus.guardian/com.oculus.vrguardianservice.VrGuardianUserService (has extras) }
02-15 11:18:24.835  2617  5036 D VrRuntimeClient: VrRuntimeClient: enableRendering: Using clientWindow=android.os.BinderProxy@8b19fe2
02-15 11:18:24.836  1936  1996 I ClientMgr: ClientMgr::SetFocusedClient: 2617:com.android.permissioncontroller type 0
02-15 11:18:24.836  1936  1996 D VrRuntimeService: enableRendering: 2617:com.android.permissioncontroller: android.os.BinderProxy@7c074ea enable: true
02-15 11:18:24.836  1936  1996 I ClientMgr: ClientMgr::EnableRendering 2617:com.android.permissioncontroller : type 0 comp-id 7: enable
02-15 11:18:24.836  1936  1996 I TimeWarp: CheckDebuggerConnected: debugger 0
02-15 11:18:24.836  1936  1996 I VrRuntimeServer: SysProp debug mode is disabled on Server side
02-15 11:18:24.844  1936  1996 I UnifiedTelemetryWrapper: Started UT session render:com.android.permissioncontroller
02-15 11:18:24.844  1936  2295 I ClientMgr: Non-overlay clients rendering status has changed: prev=4, curr=5, enabled=1
02-15 11:18:24.844  1936  2295 I ClientMgr: Primary Client is not valid.
02-15 11:18:24.844  1936  2295 I ClientMgr: Primary client determined to be the current enabled client 7
02-15 11:18:24.844  1936  2295 I ClientMgr: Setting Primary Client to 7
02-15 11:18:24.844  1936  2295 I ClientMgr: Primary Client ID changed
02-15 11:18:24.845  2617  5036 I ScreenCaptureHelper: Advertising com.android.permissioncontroller as streamable
02-15 11:18:24.845  2617  5036 I VrApi   : OVR::Stats thread started
02-15 11:18:24.845  2617  5036 I XrRuntimeSystem_Client: BeginSession
02-15 11:18:24.845  2617  5036 I VrApi   : ---------- vrapi_EnterVrMode [end] ----------
02-15 11:18:24.845  2617  5036 I ClientInputSettings: SetInhibitHandleHomeKey = true for com.android.permissioncontroller
02-15 11:18:24.845  2617  5036 I ClientInputInterface: SetInhibitHandleHomeKey 1
02-15 11:18:24.846  1936  5035 I VrRuntimeService: CreateSwapChain: 2568790427
02-15 11:18:24.846  1936  5035 I VrRuntimeService: CreateSwapChain: api:gles 0 0x8c43 16 16 1 1 1 0 14
02-15 11:18:24.846  1936  5035 I VrRuntimeServer: CreateTextureSwapChain: result importswapchaingles 1
02-15 11:18:24.847  2617  5038 D VrApi   : VrApi::isWifiConnected exception: Make sure android.permission.ACCESS_NETWORK_STATE is set in the manifest.
02-15 11:18:24.849  2617  5038 D VrApi   : targetSDKVersion 29
02-15 11:18:24.850  2617  5038 I JniUtils: ovr_GetCurrentPackageSignature 
02-15 11:18:24.852  2617  5038 I Metrics : device name = Oculus Quest 2
02-15 11:18:24.852  1936  2295 W ClientMgr: ClientMgr::GetClientPermissionFlagsById: Client missing proper permissions: com.android.permissioncontroller, 2
02-15 11:18:24.852  1936  2295 I ClientMgr: ClientMgr::SetPrimaryCompositorClient: com.android.permissioncontroller
02-15 11:18:24.852  1936  2295 I TimeWarp: Enable client 7
02-15 11:18:24.852  1936  2295 I VrRuntimeServer: EnableCompositorClient client(7): layer placement(0) flags(1) sm(0x7167b03010)
02-15 11:18:24.852  1936  2295 I ServiceInputManager: ServiceInputManager::SetPrimaryPackageName 'com.android.permissioncontroller' 'com.android.permissioncontroller'  updated AnytimeUI processname 0
02-15 11:18:24.852  1936  2295 D VrRuntimeService: sendPrimaryPackageChangeBroadcast
02-15 11:18:24.853  2352  2439 I GuardianSystem: runtimeServiceSDKClient_.ForceShowGuardianEvent
02-15 11:18:24.853  2352  2439 I GuardianSystem: ForceShowGuardian: false, 0.00
02-15 11:18:24.854  1936  2295 I AADT    : SetAADTLutDataX: 0
02-15 11:18:24.854  1936  2295 I AADT    : SetAADTLutDataY: 0
02-15 11:18:24.854  1936  2295 I ServiceInputManager: DEADRECKONING deadReckoning mode on ClientMgr from server is 0
02-15 11:18:24.854  1936  2295 I ServiceInputManager: HAPTICS: Informing non focused app that remote is connected.
02-15 11:18:24.856  1936  5035 I VrRuntimeService: CreateSwapChain: 2568790427
02-15 11:18:24.856  1936  5035 I VrRuntimeService: CreateSwapChain: api:gles 3 0x8058 1000 1000 1 1 1 0 14
02-15 11:18:24.857  2299  2299 D [OAO] ShellOverlayService: screenStateReceiver Received broadcast: com.oculus.vrshell.intent.action.PRIMARY_PACKAGE_CHANGED
02-15 11:18:24.857  2299  2299 I [OAO] ShellOverlayServiceJNI: NativeSendOverlayCommand
02-15 11:18:24.857  1936  5035 I VrRuntimeServer: CreateTextureSwapChain: result importswapchaingles 1
02-15 11:18:24.857  2299  2299 I [OAO] ShellOverlayServiceJNI: NativeWake
02-15 11:18:24.857  2299  2299 I [OAO] ShellOverlayMain: WakeVrThread
02-15 11:18:24.857  2299  2299 I [OAO] ShellOverlayMain: WakeVrThread - notifying vr thread
02-15 11:18:24.860  2617  5037 I InputDevice_TrackedRemote: REMOTE: Hand=2 IndexAnalog=0.00 GripAnalog=0.00 Buttons=0x00000000
02-15 11:18:24.860  2617  5037 I InputDevice_TrackedRemote: REMOTE: Hand=1 IndexAnalog=0.00 GripAnalog=0.00 Buttons=0x00000000
02-15 11:18:24.862  1936  2081 I TimeWarp: SetSchedFifo( tid=3256, pol=2, pri=0 ) succeeded
02-15 11:18:24.862   808   808 E VrApiService: Error set scheduler for process 1936 thread 3354 to 2 : No such process (3)
02-15 11:18:24.862  1936  2081 I TimeWarp: SetSchedFifo( tid=3354, pol=2, pri=0 ) succeeded
02-15 11:18:24.862  1936  2081 I AADT    : SetAADTLutDataX. Thread. SizeX: 0
02-15 11:18:24.862  1936  2081 I AADT    : SetAADTLutDataY. Thread. SizeY: 0
02-15 11:18:24.863  1696  2914 I InputDevice_TrackedRemote: REMOTE: Hand=0 IndexAnalog=0.00 GripAnalog=0.00 Buttons=0x00000000
02-15 11:18:24.863  1696  2914 I InputDevice_TrackedRemote: REMOTE: Hand=0 IndexAnalog=0.00 GripAnalog=0.00 Buttons=0x00000000
02-15 11:18:24.864  1936  5035 I VrRuntimeService: CreateSwapChain: 2568790427
02-15 11:18:24.864  1936  5035 I VrRuntimeService: CreateSwapChain: api:gles 0 0x8c43 1440 1584 1 3 1 0 14
02-15 11:18:24.865  1936  5035 I VrRuntimeServer: CreateTextureSwapChain: result importswapchaingles 1
02-15 11:18:24.865   720   791 D android.hardware.power@1.3-service-libperfmgr: LAUNCH OFF
02-15 11:18:24.870  1936  5035 I VrRuntimeService: CreateSwapChain: 2568790427
02-15 11:18:24.870  1936  5035 I VrRuntimeService: CreateSwapChain: api:gles 0 0x8c43 1440 1584 1 3 1 0 14
02-15 11:18:24.871  2193  2214 W LibraryProvider: Cannot find entitlement for com.oculus.shellenv
02-15 11:18:24.871  1936  5035 I VrRuntimeServer: CreateTextureSwapChain: result importswapchaingles 1
02-15 11:18:24.872  2133  2133 W OVRLibrary: null cursor received for query content://com.oculus.ocms.library/apps/com.oculus.shellenv
02-15 11:18:24.883  2133  2133 I PlatformPlugin: [PlatformPluginManager] SetSystemVoipPassthrough 0
02-15 11:18:24.883  2133  2133 I OVRPlatform: [PartyChatWebRTC] PartyChatSetPassthrough 0
02-15 11:18:24.883  2133  3941 I OVRPlatform: [PartyChatWebRTC] Updating playback mode to 1
02-15 11:18:24.891  3215  3256 I Clay    : [I]: EnvironmentSystem: computed visibility changed from Visible to Unload (reason: Paused)
02-15 11:18:24.891  3215  3256 I Clay    : [I]: EnvironmentSystem: environment path not valid, resetting to default scene
02-15 11:18:24.891  3215  3256 I Clay    : [I]: EnvironmentSystem: setCurrentEnvironment from 'apk://com.oculus.environment.prod.spacestation/assets/scene.zip' to ''
02-15 11:18:24.893  2133  2133 E OVRPlatform: [PartiesAPI] ovr_Party_PluginGetSharedMemHandle: This function is deprecated, do not use
02-15 11:18:24.894  2617  5036 D VrRuntimeClient: loadDriverResource - resourceName: 'hand_left' 
02-15 11:18:24.895  2133  2133 E OVRMediaServiceManager: LivestreamingManager Not initialized
02-15 11:18:24.899  2617  5036 I VrApi_Input: vrapi_GetMeshForHand_Internal: mesh->Header.Version = df000001 mesh->NumVertices = 1360 mesh->NumIndices = 6942
02-15 11:18:24.902  2617  5036 D VrRuntimeClient: loadDriverResource - resourceName: 'hand_right' 
02-15 11:18:24.907  2352  2405 I RuntimeIPCServerMgr: RegisterClient: Client: com.android.permissioncontroller:com.android.permissioncontroller:2617, Server: com.oculus.guardian:com.oculus.vrguardianservice (guardianserver)
02-15 11:18:24.909  2299  2342 I [OAO] ShellOverlayApp: 0xc1c35bf0 msg: overlayCommand:
02-15 11:18:24.909  2299  2342 I [OAO] ShellOverlayApp: command = primaryPackageChanged
02-15 11:18:24.909  2299  2342 I [OAO] ShellOverlayApp: Process_OverlayCommand command : primaryPackageChanged
02-15 11:18:24.909  2299  2342 I [OAO] ShellOverlayApp: UpdatePrimaryPackage
02-15 11:18:24.909  2299  2342 I [OAO] ShellOverlayApp: UpdatePrimaryPackage Requested for PackageName:com.android.permissioncontroller  IsFocusAware:0
02-15 11:18:24.909  2299  2342 I [OAO] ShellOverlayApp: UpdatePrimaryPackage Ignored as no change for packageName:[com.android.permissioncontroller]
02-15 11:18:24.909  2193  2214 W LibraryProvider: Cannot find entitlement for com.android.permissioncontroller
02-15 11:18:24.909  2133  2133 W OVRLibrary: null cursor received for query content://com.oculus.ocms.library/apps/com.android.permissioncontroller
02-15 11:18:24.913  2352  5045 I RuntimeIPCServerMgr: RPCClientHandler::MainLoop: Starting: Client: com.android.permissioncontroller:com.android.permissioncontroller:2617, Server: com.oculus.guardian:com.oculus.vrguardianservice (guardianserver)
02-15 11:18:24.913  2352  5045 I JniUtils: Creating temporary JNIEnv. This is a heavy operation and should be infrequent. To optimize, use JNI AttachCurrentThread on calling thread
02-15 11:18:24.917  2193  2214 W LibraryProvider: Cannot find entitlement for com.android.permissioncontroller
02-15 11:18:24.917  2133  2133 W OVRLibrary: null cursor received for query content://com.oculus.ocms.library/apps/com.android.permissioncontroller
02-15 11:18:24.919  2133  2133 I PlatformPlugin: [PlatformPluginManager] SetSystemVoipPassthrough 0
02-15 11:18:24.919  2133  2133 I OVRPlatform: [PartyChatWebRTC] PartyChatSetPassthrough 0
02-15 11:18:24.919  2133  3941 I OVRPlatform: [PartyChatWebRTC] Updating playback mode to 1
02-15 11:18:24.925  1962  1995 I RuntimeIPCService: GetServerRequestPipeAsServer: 2617:com.android.permissioncontroller:com.android.permissioncontroller (com.oculus.guardian:com.oculus.vrguardianservice (guardianserver))
02-15 11:18:24.937  2133  2133 E OVRPlatform: [PartiesAPI] ovr_Party_PluginGetSharedMemHandle: This function is deprecated, do not use
02-15 11:18:24.938  2133  2133 E OVRMediaServiceManager: LivestreamingManager Not initialized
02-15 11:18:24.952  2352  5045 I JniUtils: Creating temporary JNIEnv. This is a heavy operation and should be infrequent. To optimize, use JNI AttachCurrentThread on calling thread
02-15 11:18:24.953  2617  5036 I VrApi_Input: vrapi_GetMeshForHand_Internal: mesh->Header.Version = df000001 mesh->NumVertices = 1360 mesh->NumIndices = 6942
02-15 11:18:24.954  1962  1995 I RuntimeIPCService: GetServerRequestPipeAsServer: 2617:com.android.permissioncontroller:com.android.permissioncontroller (com.oculus.guardian:com.oculus.vrguardianservice (guardianserver))
02-15 11:18:24.956  2352  5045 I JniUtils: Creating temporary JNIEnv. This is a heavy operation and should be infrequent. To optimize, use JNI AttachCurrentThread on calling thread
02-15 11:18:24.956  1962  1995 I RuntimeIPCService: GetServerResponsePipeAsServer: 2617:com.android.permissioncontroller:com.android.permissioncontroller (com.oculus.guardian:com.oculus.vrguardianservice (guardianserver))
02-15 11:18:24.957  1936  5035 I VrRuntimeService: CreateSwapChain: 2568790427
02-15 11:18:24.957  1936  5035 I VrRuntimeService: CreateSwapChain: api:gles 0 0x8c43 64 64 1 3 1 0 14
02-15 11:18:24.958  1936  5035 I VrRuntimeServer: CreateTextureSwapChain: result importswapchaingles 1
02-15 11:18:24.966  1936  5035 I VrRuntimeService: CreateAndroidSurfaceSwapChain: 2568790427
02-15 11:18:24.966  1936  5035 I VrRuntimeService: CreateAndroidSurfaceSwapChain: 65536 1 32856 933 366 1 1 1 0 0
02-15 11:18:24.966  1936  5035 I VrRuntimeServer: CreateAndroidSurfaceSwapChain: result surface 0x70fcc27000
02-15 11:18:24.967  2352  5045 I JniUtils: Creating temporary JNIEnv. This is a heavy operation and should be infrequent. To optimize, use JNI AttachCurrentThread on calling thread
02-15 11:18:24.968  1936  5035 I VrRuntimeService: RuntimeServiceSDKServer::GetGuardianPolygon
02-15 11:18:24.968  2617  5036 I VrRuntimeClient: SyncInternalGuardianState: GetGuardianPolygon: 0
02-15 11:18:24.968  1936  5035 I VrRuntimeService: RuntimeServiceSDKServer::GetGuardianStationaryInfo
02-15 11:18:24.968  1936  5035 I VrRuntimeService: RuntimeServiceSDKServer::GetGuardianSystemState: 2568790427
02-15 11:18:24.969  1962  1995 I RuntimeIPCService: GetServerFdAsServer: 2617:com.android.permissioncontroller:com.android.permissioncontroller (com.oculus.guardian:com.oculus.vrguardianservice (guardianserver))
02-15 11:18:24.969  1936  5035 I VrRuntimeService: UpdateSwapChainSamplerState: 136
02-15 11:18:24.969  1936  5035 I VrRuntimeService: UpdateSwapChainSamplerState: minFilter=1 magFilter=1 wrapModeS=0 warpModeT=0 maxAniso=1.000000 border={0.000000,0.000000,0.000000,0.000000}
02-15 11:18:24.969  1936  5035 I VrRuntimeService: UpdateSwapChainSamplerState: 137
02-15 11:18:24.969  1936  5035 I VrRuntimeService: UpdateSwapChainSamplerState: minFilter=1 magFilter=1 wrapModeS=3 warpModeT=3 maxAniso=1.000000 border={0.000000,0.000000,0.000000,0.000000}
02-15 11:18:24.970  1936  5035 I VrRuntimeService: UpdateSwapChainSamplerState: 138
02-15 11:18:24.970  1936  5035 I VrRuntimeService: UpdateSwapChainSamplerState: minFilter=1 magFilter=1 wrapModeS=3 warpModeT=3 maxAniso=1.000000 border={0.000000,0.000000,0.000000,0.000000}
02-15 11:18:24.970  2617  5036 I VrRuntimeClient: UpdateEvents: HMT was mounted
02-15 11:18:24.970  2617  5036 I VrApi   : Received ovrRuntime event 2
02-15 11:18:24.970  2617  5036 I VrApi   : Received ovrRuntime event 4
02-15 11:18:24.970  2617  5036 I VrApi   : Received ovrRuntime event 12
02-15 11:18:24.970  2617  5036 I VrApi   : Unhandled ovrRuntime Event 13
02-15 11:18:24.970  2617  5036 W VrApi   : Time to first swap: 0.460 seconds
02-15 11:18:24.970  2617  5046 I FenceChecker: FenceChecker::MainLoop - started
02-15 11:18:24.972  1936  3375 I VrRuntimeService: DestroySwapChain: swapchain=133
02-15 11:18:24.973  1936  3375 I VrRuntimeServer: DestroyTextureSwapChain: result destroyswapchain 1
02-15 11:18:24.974  2617  5036 D VrLibJNI: Sent controller recenter event to window
02-15 11:18:24.975  1936  5035 I VrRuntimeService: UpdateSwapChainSamplerState: 135
02-15 11:18:24.975  1936  5035 I VrRuntimeService: UpdateSwapChainSamplerState: minFilter=1 magFilter=1 wrapModeS=2 warpModeT=2 maxAniso=1.000000 border={0.000000,0.000000,0.000000,0.000000}
02-15 11:18:24.975  2617  5036 I VrApi   : Received ovrRuntime event 11
02-15 11:18:24.984  1936  2081 I TimeWarp: SetSchedFifo( tid=5046, pol=3, pri=0 ) succeeded
02-15 11:18:24.984  1936  2081 I TimeWarp: SetClientSurfaceSecureFlag: secure=1
02-15 11:18:24.987  3278  3384 I VrApi   : OVR::Stats thread stopped
02-15 11:18:24.988  3278  3384 I InputDeviceManager: ovrInputDeviceManager::~ovrInputDeviceManager
02-15 11:18:24.989  1936  2295 I Vsync   : Adjusting vsync display refresh rate 90.000000 -> 72.000000
02-15 11:18:24.991  2617  5036 D VrLibJNI: Sent controller recenter event to window
02-15 11:18:24.994  1936  2081 I TimeWarpProgs: loaded binary layerProgram 0:0x58207:0x0 in 3.2 ms
02-15 11:18:24.998  1554  1602 I nifiedtelemetr: Background young concurrent copying GC freed 20591(1669KB) AllocSpace objects, 22(680KB) LOS objects, 34% free, 3409KB/5214KB, paused 16.128ms total 158.084ms
02-15 11:18:25.001  2352  2405 I RuntimeIPCServerMgr: RPCClientHandler::Init SUCCESS: Client: com.android.permissioncontroller:com.android.permissioncontroller:2617, Server: com.oculus.guardian:com.oculus.vrguardianservice (guardianserver)
02-15 11:18:25.001  2352  5045 W REFLECT : Broadcasting -1726176869, com.android.permissioncontroller, com.android.permissioncontroller:2617
02-15 11:18:25.002  2617  5036 D VrLibJNI: Sent controller recenter event to window
02-15 11:18:25.002  2617  5036 D VrRuntimeClient: pokeGuardianUserServiceForThisClient: com.android.permissioncontroller:10011
02-15 11:18:25.006  2352  2352 D VrGuardianUserService: onStartCommandIntent { act=FOREGROUND_CLIENT cmp=com.oculus.guardian/com.oculus.vrguardianservice.VrGuardianUserService (has extras) }
02-15 11:18:25.018  3278  3472 I ClientInputThread_Internal: InputThreadRun ShutdownRequest received
02-15 11:18:25.018   808   808 D VrApiService: refresh-rate changed to 72Hz
02-15 11:18:25.019  1936  2295 I Vsync   : Set Display(0) Refresh Rate = 72.000000
02-15 11:18:25.019  3278  3384 D InputHooksJava: Disabling Java Input Hooks
02-15 11:18:25.021  1936  1973 D VrRuntimeService: enableRendering: 3278:com.oculus.vrshell: null enable: false
02-15 11:18:25.021  1936  1973 I ClientMgr: ClientMgr::EnableRendering 3278:com.oculus.vrshell : type 1 comp-id 6: disable
02-15 11:18:25.021  1936  1973 I VrRuntimeServer: DisableCompositorClient: 6
02-15 11:18:25.021  1936  1973 I TimeWarp: Disable client 6
02-15 11:18:25.021  1936  1973 I TimeWarp: DisableClient: frame flush required: 1
02-15 11:18:25.023  1022  1118 I ActivityTaskManager: Displayed com.android.permissioncontroller/com.android.packageinstaller.permission.ui.ReviewPermissionsActivity: +372ms
02-15 11:18:25.024  1936  2081 I SwapChain_GLES: AttachSurfaceSwapChainGLES: 0x70fcc27000 attached on init
02-15 11:18:25.032  1936  1973 I UnifiedTelemetryWrapper: Stopped UT session render:com.oculus.vrshell:EnvOverlay
02-15 11:18:25.032  3278  3483 I FenceChecker: FenceChecker::MainLoop - ended
02-15 11:18:25.033  3278  3384 I TrackingServiceClient: OVR::TrackingService::ClientSetInterface
02-15 11:18:25.033  3278  3384 D TrackingServiceConnectionNative: onClientDisconnect
02-15 11:18:25.033   802   802 I TrackingService: Unregistering client by ITrackingService.unregisterClient
02-15 11:18:25.033   802   802 I TrackingService: TrackingServiceHost Unregistering client: com.oculus.vrshell#3278
02-15 11:18:25.034  3278  3384 D BinderConnection: Disconnecting from TrackingService service
02-15 11:18:25.034  3278  3384 D TrackingServiceConnectionNative: onDisconnected
02-15 11:18:25.034  3278  3384 I TrackingServiceClient: OVR::TrackingService::ClientSetInterface
02-15 11:18:25.034  3278  3384 I VrApi   : ---------- vrapi_LeaveVrMode [end] ----------
02-15 11:18:25.034  3278  3384 I [OAR] ShellFrameAnalytics: ShellFrame frameFunction: 22249us/179109us, trace: 0us/52us, process commands: 120us/4792us, system update: 547us/29026us, render 132us/78753us, post render 0us/13us
02-15 11:18:25.034  3278  3384 I [OAR] ShellFrameAnalytics: Shell Heartbeat focusedPanelTimeSpent: {"1":4700,"3":4266,"0":18871} visibleTimeSpent: {"3":8966,"1":9089} inputTimeSpent: {"hand":2633,"controller":11544,"gaze":13660} mouseClickCount: 0 mouseMoveTimeSpent: 0 mouseScrollTimeSpent: 0 physicalKeyboardConnectedTimeSpent: 0 physicalKeyboardTrackedTimeSpent: 0
02-15 11:18:25.034  3278  3384 I [OAR] DialogController: CloseDialogs() old: 0, pendingUri: systemux://dialog/none, pendingComponent: 
02-15 11:18:25.034  3278  3384 I [OAR] PanelAppHost: PanelAppHost destructor: id 1 com.oculus.systemux/com.oculus.panelapp.anytimeui.AnytimeUIAndroidPanelService
02-15 11:18:25.034  3278  3384 I [OAR] PanelAppHost: Panel app 1 (com.oculus.systemux/com.oculus.panelapp.anytimeui.AnytimeUIAndroidPanelService) changing state from foreground to shutdown
02-15 11:18:25.035  3278  3384 D [SEO] ShellApplication: notify OS to set com.oculus.systemux/com.oculus.panelapp.anytimeui.AnytimeUIAndroidPanelService to BACKGROUND
02-15 11:18:25.035  3278  3384 D [SEO] ShellApplication: Unbinding service for panel app id 1
02-15 11:18:25.039  3278  3384 I [OAR] ShellEnvSwapChainApi: Destroying SwapChain:0xbc48d1e0
02-15 11:18:25.044  3278  3384 I [OAR] ShellEnvSwapChainApi: Destroying SwapChain:0xd5f04ca0
02-15 11:18:25.044  3278  3384 I [OAR] ShellEnvSwapChainApi: Destroying SwapChain:0xd5f04c00
02-15 11:18:25.044  3278  3384 I [OAR] ShellEnvSwapChainApi: Destroying SwapChain:0xd5f04d40
02-15 11:18:25.044  1936  2295 I VrRuntimeServer: DisableCompositorClient: 0
02-15 11:18:25.044  1936  2295 I TimeWarp: Disable client 0
02-15 11:18:25.044  1936  2295 I TimeWarp: DisableClient: frame flush required: 1
02-15 11:18:25.046  3278  3384 I [OAR] ShellEnvSwapChainApi: Destroying SwapChain:0xbc373240
02-15 11:18:25.047  3278  3384 I [OAR] DialogController: ResetDialog old: 0, activeUri systemux://dialog/none, activeReturnComponent 
02-15 11:18:25.047  3278  3384 I [OAR] SystemTabletController: Reset, reason: 4, taskBarVisibility: 1
02-15 11:18:25.048  3278  3384 I [OAR] SystemDialogController: Reset
02-15 11:18:25.048  3278  3384 I [OAR] DialogControllerManager: Reset
02-15 11:18:25.051  3215  3215 I OVRPlatform: [P2PNetworkTransport] SystemVoip state changed, updating mute
02-15 11:18:25.053  2352  2439 I GuardianSystem: runtimeServiceSDKClient_.ForceShowGuardianEvent
02-15 11:18:25.053  2352  2439 I GuardianSystem: ForceShowGuardian: false, 0.00
02-15 11:18:25.061  1936  2081 I Vsync   : Vsync 2934:  1 x 11.11 ms (72.00 Hz, at 45.293)
02-15 11:18:25.061  2299  2342 I VrApi   : Received ovrRuntime event 11
02-15 11:18:25.069  2617  5036 I VrApi   : Received ovrRuntime event 11
02-15 11:18:25.075  1936  2081 I Vsync   : Vsync 2935:  1 x 11.11 ms (72.00 Hz, at 45.307)
02-15 11:18:25.081  2133  2133 I PlatformPlugin: [PlatformPluginManager] Stopping party chat
02-15 11:18:25.081  2133  2133 I OVRPlatform: [PartyChatInterchangeable] Stop PartyChat.
02-15 11:18:25.083  2133  2133 D UnifiedTelemetryLogger: Already initialized.
02-15 11:18:25.086  1936  2081 I Vsync   : Vsync 2936:  1 x 11.11 ms (72.00 Hz, at 45.318)
02-15 11:18:25.097  1936  2081 I Vsync   : Vsync 2937:  1 x 11.11 ms (72.00 Hz, at 45.329)
02-15 11:18:25.108  1936  2081 I Vsync   : Vsync 2938:  1 x 11.11 ms (72.00 Hz, at 45.341)
02-15 11:18:25.112  4378  4453 V RCTVRNET: Request complete: time=3706 name=unknown docid=4785458311528621 traceid=FyIblCA3lv9 code=200
02-15 11:18:25.115   728   954 I SDM     : StrategyImpl::SetIdleTimeoutMs: Idle timeout: active = 70, inactive = 520
02-15 11:18:25.117  3099  3099 I CppPanelService: VR Shell socket closed(ECONNRESET); shutting down fd: 33
02-15 11:18:25.117  3099  3099 I CppPanelService: Quitting application via hardExit flag due to unexpected socket closure on fd 33.
02-15 11:18:25.117  3099  3099 I AndroidPanelApp: Destroyed
02-15 11:18:25.117  3099  3099 D [SUI] HostView: Destroying HostView
02-15 11:18:25.117  3099  3099 D [SUI] EmptyView: Destroying EmptyView
02-15 11:18:25.118  3099  3099 D [SUI] ProfileView: Destroying ProfileView
02-15 11:18:25.118  3099  3099 D [SUI] AnytimeUIPanelAppBase: Releasing viewModel ProfileViewModel refCount: 1
02-15 11:18:25.120  1936  2081 I Vsync   : Vsync 2939:  1 x 11.11 ms (72.00 Hz, at 45.352)
02-15 11:18:25.122  1936  3375 I VrRuntimeService: DestroySwapChain: swapchain=131
02-15 11:18:25.122  1936  3375 I VrRuntimeServer: DestroyTextureSwapChain: result destroyswapchain 1
02-15 11:18:25.122  3099  3099 D [SUI] LibraryView: Hiding LibraryView
02-15 11:18:25.122  3099  3099 D [SUI] LibraryLogger: Library Session ID destroyed
02-15 11:18:25.123  1936  3375 I VrRuntimeService: DestroySwapChain: swapchain=129
02-15 11:18:25.123  1936  3375 I VrRuntimeServer: DestroyTextureSwapChain: 0x710c64b000: 2D_EXTERNAL destroy deferred
02-15 11:18:25.123  1936  3375 I VrRuntimeService: DestroySwapChain: swapchain=128
02-15 11:18:25.123  1936  3375 I VrRuntimeServer: DestroyTextureSwapChain: 0x70f98b3000: 2D_EXTERNAL destroy deferred
02-15 11:18:25.123  1936  3375 I VrRuntimeService: DestroySwapChain: swapchain=127
02-15 11:18:25.123  1936  3375 I VrRuntimeServer: DestroyTextureSwapChain: 0x70f98ad000: 2D_EXTERNAL destroy deferred
02-15 11:18:25.124  3099  3099 D [SUI] LibraryView: Destroying LibraryView
02-15 11:18:25.124  1936  3375 I VrRuntimeService: DestroySwapChain: swapchain=132
02-15 11:18:25.125  1936  3375 I VrRuntimeServer: DestroyTextureSwapChain: result destroyswapchain 1
02-15 11:18:25.131  1936  2081 I Vsync   : Vsync 2940:  1 x 11.11 ms (72.00 Hz, at 45.363)
02-15 11:18:25.149  1936  1973 E BufferQueueProducer: [SurfaceTexture-53-1936-1] dequeueBuffer: BufferQueue has been abandoned
02-15 11:18:25.149   737   737 E CompositionEngine: ANativeWindow::dequeueBuffer failed for display [com.oculus.android_panel_app.AndroidPanelLayer-tablet] with error: -19
02-15 11:18:25.149   737   737 W SurfaceFlinger: Dequeuing buffer for display [com.oculus.android_panel_app.AndroidPanelLayer-tablet] failed, bailing out of client composition for this frame
02-15 11:18:25.149  1936  1973 E BufferQueueProducer: [SurfaceTexture-54-1936-2] dequeueBuffer: BufferQueue has been abandoned
02-15 11:18:25.150   737   737 E CompositionEngine: ANativeWindow::dequeueBuffer failed for display [com.oculus.android_panel_app.AndroidPanelLayer-tabletNav] with error: -19
02-15 11:18:25.150   737   737 W SurfaceFlinger: Dequeuing buffer for display [com.oculus.android_panel_app.AndroidPanelLayer-tabletNav] failed, bailing out of client composition for this frame
02-15 11:18:25.150  1936  1973 E BufferQueueProducer: [SurfaceTexture-55-1936-3] dequeueBuffer: BufferQueue has been abandoned
02-15 11:18:25.150   737   737 E CompositionEngine: ANativeWindow::dequeueBuffer failed for display [com.oculus.android_panel_app.AndroidPanelLayer-tabletContent] with error: -19
02-15 11:18:25.150   737   737 W SurfaceFlinger: Dequeuing buffer for display [com.oculus.android_panel_app.AndroidPanelLayer-tabletContent] failed, bailing out of client composition for this frame
02-15 11:18:25.163  1936  1973 E BufferQueueProducer: [SurfaceTexture-53-1936-1] dequeueBuffer: BufferQueue has been abandoned
02-15 11:18:25.163   737   737 E CompositionEngine: ANativeWindow::dequeueBuffer failed for display [com.oculus.android_panel_app.AndroidPanelLayer-tablet] with error: -19
02-15 11:18:25.163   737   737 W SurfaceFlinger: Dequeuing buffer for display [com.oculus.android_panel_app.AndroidPanelLayer-tablet] failed, bailing out of client composition for this frame
02-15 11:18:25.193  4378  4433 V RCTVR_HERMES: Hermes Mem: numCollections 80, allocatedBytes 27282083, heapSize 57516032, va 33554432
02-15 11:18:25.193  4378  4416 I RCTVR_Shutdown: JS synced
02-15 11:18:25.194  4378  4416 I RCTVR_Shutdown: Native modules flushed
02-15 11:18:25.194  4378  4416 I RCTVR_Shutdown: OnBackground complete
02-15 11:18:25.413  3215  3256 I Clay    : [I]: EnvironmentSystem: Visibility is Unload, discarding cached scene: 'apk://com.oculus.environment.prod.spacestation/assets/scene.zip'
02-15 11:18:25.430  3099  3099 D [SUI] DiskCache: Wrote bytes to file at /data/user/0/com.oculus.systemux/cache/library/apps
02-15 11:18:25.431  3099  3099 D [SUI] LibraryStateHelper: Storing scroll position: 5
02-15 11:18:25.432  3099  3099 D [SUI] AnytimeUIPanelAppBase: Releasing viewModel LibraryViewModel refCount: 0
02-15 11:18:25.433  3099  3099 D [SUI] AnytimeUIPanelAppBase: Releasing viewModel SettingsViewModel refCount: 1
02-15 11:18:25.439  3099  3099 D [SUI] ContentHostView: Destroying ContentHostView
02-15 11:18:25.440  3099  3099 D [SUI] EmptyContentView: Hiding EmptyContentView
02-15 11:18:25.440  3099  3099 D [SUI] EmptyContentView: Destroying EmptyContentView
02-15 11:18:25.444  3099  3099 D [SUI] NavHostView: Destroying NavHostView
02-15 11:18:25.447   674   674 D PreferencesService: PreferencesListener DeathNotifier destruct ... 
02-15 11:18:25.449  3099  3099 D [SUI] AnytimeUIPanelAppBase: Releasing viewModel DestinationUIViewModel refCount: 1
02-15 11:18:25.449  3099  3099 D [SUI] AnytimeUIPanelAppBase: Releasing viewModel SharingViewModel refCount: 0
02-15 11:18:25.449  3099  3099 D [SUI] SharingViewModel: Destroying ViewModel
02-15 11:18:25.450  3099  3099 D [SUI] SharingViewModel: clearAbuseReportRecordingTimer
02-15 11:18:25.450  3099  3099 D [SUI] BarView: Destroying BarView
02-15 11:18:25.450  3099  3099 D [SUI] StatusView: Destroying StatusView
02-15 11:18:25.450  3099  3099 D [SUI] AnytimeUIPanelAppBase: Releasing viewModel StatusViewModel refCount: 0
02-15 11:18:25.450  3099  3099 D [SUI] StatusViewModel: Destroying ViewModel
02-15 11:18:25.452  3099  3099 D [SUI] SocialViewModel: removePartyObserver(): -$$Lambda$StatusView$Eblbqs_TRv6aHsOl1NbHWjpYlII
02-15 11:18:25.452  3099  3099 D [SUI] AnytimeUIPanelAppBase: Releasing viewModel SocialViewModel refCount: 1
02-15 11:18:25.452  3099  3099 D [SUI] AnytimeUIPanelAppBase: Releasing viewModel BarViewModel refCount: 0
02-15 11:18:25.452  3099  3099 D [SUI] BarViewModel: Destroying BarViewModel
02-15 11:18:25.452  3099  3099 D [SUI] AnytimeUIPanelAppBase: Releasing viewModel SettingsViewModel refCount: 0
02-15 11:18:25.452  3099  3099 D [SUI] SettingsViewModel: Destroying ViewModel
02-15 11:18:25.453  3099  3099 D [SUI] AnytimeUIPanelAppBase: Releasing viewModel ProfileViewModel refCount: 0
02-15 11:18:25.453  3099  3099 D [SUI] ProfileViewModel: Destroying ViewModel
02-15 11:18:25.453  3099  3099 D [SUI] AnytimeUIPanelAppBase: Releasing viewModel DestinationUIViewModel refCount: 0
02-15 11:18:25.453  3099  3099 D [SUI] DestinationUIViewModel: Destroying ViewModel
02-15 11:18:25.454  3099  3099 D [SUI] AnytimeUIPanelAppBase: Releasing viewModel SocialViewModel refCount: 0
02-15 11:18:25.454  3099  3099 D [SUI] SocialViewModel: Destroying ViewModel
02-15 11:18:25.454  3099  3099 V NotificationDatasetProxy: Removing listener com.oculus.panelapp.anytimeui.v2.bar.BarView{10019cf V.E...... ........ 0,0-845,110 #7f080072 app:id/bar_view}
02-15 11:18:25.455  3099  3099 I [SUI] AnytimeUIAndroidPanelAppV2: Destroyed AUI PanelApp, isInOverlay: false, instanceCount: 0
02-15 11:18:25.455  3099  3099 I AndroidPanelApp: destroyed
02-15 11:18:25.455  3099  3099 I AndroidPanelLayer: Destroying presentation for layer "tablet".
02-15 11:18:25.471  1022  1039 I DisplayManagerService: Display device removed: DisplayDeviceInfo{"com.oculus.android_panel_app.AndroidPanelLayer-tablet": uniqueId="virtual:com.oculus.systemux,10026,com.oculus.android_panel_app.AndroidPanelLayer-tablet,0", 960 x 425, modeId 6, defaultModeId 6, supportedModes [{id=6, width=960, height=425, fps=60.0}], colorMode 0, supportedColorModes [0], HdrCapabilities null, density 200, 200.0 x 200.0 dpi, appVsyncOff 0, presDeadline 16666666, touch NONE, rotation 0, type VIRTUAL, state ON, owner com.oculus.systemux (uid 10026), FLAG_PRIVATE, FLAG_NEVER_BLANK, FLAG_OWN_CONTENT_ONLY}
02-15 11:18:25.475  3099  3099 I AndroidPanelLayer: Destroying presentation for layer "tabletNav".
02-15 11:18:25.487  1022  1470 E InputDispatcher: Window handle Window{46ea93a u0 com.oculus.systemux} has no registered input channel
02-15 11:18:25.495  1022  1470 I DisplayManagerService: Display device removed: DisplayDeviceInfo{"com.oculus.android_panel_app.AndroidPanelLayer-tabletNav": uniqueId="virtual:com.oculus.systemux,10026,com.oculus.android_panel_app.AndroidPanelLayer-tabletNav,0", 270 x 425, modeId 7, defaultModeId 7, supportedModes [{id=7, width=270, height=425, fps=60.0}], colorMode 0, supportedColorModes [0], HdrCapabilities null, density 200, 200.0 x 200.0 dpi, appVsyncOff 0, presDeadline 16666666, touch NONE, rotation 0, type VIRTUAL, state ON, owner com.oculus.systemux (uid 10026), FLAG_PRIVATE, FLAG_NEVER_BLANK, FLAG_OWN_CONTENT_ONLY}
02-15 11:18:25.504  3099  3099 I AndroidPanelLayer: Destroying presentation for layer "#main".
02-15 11:18:25.516  1022  1470 I DisplayManagerService: Display device removed: DisplayDeviceInfo{"com.oculus.android_panel_app.AndroidPanelLayer-#main": uniqueId="virtual:com.oculus.systemux,10026,com.oculus.android_panel_app.AndroidPanelLayer-#main,0", 845 x 110, modeId 5, defaultModeId 5, supportedModes [{id=5, width=845, height=110, fps=60.0}], colorMode 0, supportedColorModes [0], HdrCapabilities null, density 200, 200.0 x 200.0 dpi, appVsyncOff 0, presDeadline 16666666, touch NONE, rotation 0, type VIRTUAL, state ON, owner com.oculus.systemux (uid 10026), FLAG_PRIVATE, FLAG_NEVER_BLANK, FLAG_OWN_CONTENT_ONLY}
02-15 11:18:25.521  3099  3099 I AndroidPanelLayer: Destroying presentation for layer "tabletContent".
02-15 11:18:25.528  1022  1039 E InputDispatcher: Window handle Window{b0e1f06 u0 com.oculus.systemux} has no registered input channel
02-15 11:18:25.532  1022  1470 I DisplayManagerService: Display device removed: DisplayDeviceInfo{"com.oculus.android_panel_app.AndroidPanelLayer-tabletContent": uniqueId="virtual:com.oculus.systemux,10026,com.oculus.android_panel_app.AndroidPanelLayer-tabletContent,0", 690 x 425, modeId 8, defaultModeId 8, supportedModes [{id=8, width=690, height=425, fps=60.0}], colorMode 0, supportedColorModes [0], HdrCapabilities null, density 200, 200.0 x 200.0 dpi, appVsyncOff 0, presDeadline 16666666, touch NONE, rotation 0, type VIRTUAL, state ON, owner com.oculus.systemux (uid 10026), FLAG_PRIVATE, FLAG_NEVER_BLANK, FLAG_OWN_CONTENT_ONLY}
02-15 11:18:25.543  3099  3099 I Choreographer: Skipped 47 frames!  The application may be doing too much work on its main thread.
02-15 11:18:25.545  3099  3099 D CppPanelService: onDestroy()
02-15 11:18:25.546  1554  5047 W ContextImpl: Calling a method in the system process without a qualified user: android.app.ContextImpl.sendBroadcast:1057 android.content.ContextWrapper.sendBroadcast:448 X.Je.A00:155 X.Je.handleMessage:80 android.os.Handler.dispatchMessage:107 
02-15 11:18:25.553  1022  1470 I ActivityManager: Killing 2681:com.oculus.linefrequencyservice/1000 (adj 975): empty #17
02-15 11:18:25.558  1022  1470 I ActivityManager: Killing 2598:com.android.localtransport/1000 (adj 985): empty #18
02-15 11:18:25.589   681   681 I Zygote  : Process 2681 exited due to signal 9 (Killed)
02-15 11:18:25.592   681   681 I Zygote  : Process 2598 exited due to signal 9 (Killed)
02-15 11:18:25.597   792  1850 V C2Store : in ~ComponentModule
02-15 11:18:25.597   792  1850 V C2Store : unloading dll
02-15 11:18:25.599  1936  2081 I TimeWarpProgs: loaded binary layerProgram 1:0x48207:0x0 in 3.2 ms
02-15 11:18:25.599  1022  1122 I libprocessgroup: Successfully killed process cgroup uid 1000 pid 2681 in 42ms
02-15 11:18:25.600  1022  1122 I libprocessgroup: Successfully killed process cgroup uid 1000 pid 2598 in 0ms
02-15 11:18:25.966  2617  5038 I Telemetry: App memory usage: PSS=163MB DalvikPSS=1 MB
