03-24 09:54:27.659  3255  3344 I [OAR] VrShellDesktopBase: Looking for panel not in monitors. Looking in the background task map
03-24 09:54:27.659  3255  3344 I [OAR] PanelAppHost: Resize layer tablet to size 960 x 425 shape:1 stereo:0
03-24 09:54:27.659  3255  3344 I [OAR] PanelRenderLayer: ResetSurface 960 x 425 - shape:1 stereo:0
03-24 09:54:27.659  2226  3302 I VrRuntimeService: UpdateAndroidSurfaceSwapChainDimensions: 148: 960x425
03-24 09:54:27.659  2226  3302 I VrRuntimeService: UpdateSwapChainSamplerState: 148
03-24 09:54:27.659  2226  3302 I VrRuntimeService: UpdateSwapChainSamplerState: minFilter=1 magFilter=1 wrapModeS=3 warpModeT=3 maxAniso=1.000000 border={0.000000,0.000000,0.000000,0.000000}
03-24 09:54:27.659  3255  3344 I [OAR] PanelRenderLayer: Using layerTransform 2. layerWidth:960 , layerHeight:425
03-24 09:54:27.659  3255  3344 I [OAR] PanelRenderLayer: ResetSurface 845 x 180 - shape:1 stereo:0
03-24 09:54:27.659  3255  3344 I [OAR] PanelRenderLayer: ResetSurface 0 x 0 - shape:0 stereo:0
03-24 09:54:27.659  3255  3344 I chatty  : uid=10020(com.oculus.vrshell) OVR::ShellApp identical 1 line
03-24 09:54:27.659  3255  3344 I [OAR] PanelRenderLayer: ResetSurface 0 x 0 - shape:0 stereo:0
03-24 09:54:27.659  3255  3344 I [OAR] PanelRenderLayer: ResetSurface 960 x 425 - shape:1 stereo:0
03-24 09:54:27.659  2226  3302 I VrRuntimeService: UpdateAndroidSurfaceSwapChainDimensions: 148: 960x425
03-24 09:54:27.660  2226  3302 I VrRuntimeService: UpdateSwapChainSamplerState: 148
03-24 09:54:27.660  2226  3302 I VrRuntimeService: UpdateSwapChainSamplerState: minFilter=1 magFilter=1 wrapModeS=3 warpModeT=3 maxAniso=1.000000 border={0.000000,0.000000,0.000000,0.000000}
03-24 09:54:27.660  3255  3344 I [OAR] PanelRenderLayer: Using layerTransform 2. layerWidth:960 , layerHeight:425
03-24 09:54:27.660  3255  3344 I [OAR] PanelRenderLayer: ResetSurface 0 x 0 - shape:0 stereo:0
03-24 09:54:27.660  2226  3302 I VrRuntimeService: UpdateAndroidSurfaceSwapChainDimensions: 149: 0x0
03-24 09:54:27.660  2226  3302 I VrRuntimeService: UpdateSwapChainSamplerState: 149
03-24 09:54:27.660  2226  3302 I VrRuntimeService: UpdateSwapChainSamplerState: minFilter=1 magFilter=1 wrapModeS=3 warpModeT=3 maxAniso=1.000000 border={0.000000,0.000000,0.000000,0.000000}
03-24 09:54:27.660  3255  3344 I [OAR] PanelRenderLayer: Using layerTransform 2. layerWidth:0 , layerHeight:0
03-24 09:54:27.660  3255  3344 I [OAR] PanelRenderLayer: ResetSurface 0 x 0 - shape:0 stereo:0
03-24 09:54:27.660  2226  3302 I VrRuntimeService: UpdateAndroidSurfaceSwapChainDimensions: 150: 0x0
03-24 09:54:27.660  2226  3302 I VrRuntimeService: UpdateSwapChainSamplerState: 150
03-24 09:54:27.660  2226  3302 I VrRuntimeService: UpdateSwapChainSamplerState: minFilter=1 magFilter=1 wrapModeS=3 warpModeT=3 maxAniso=1.000000 border={0.000000,0.000000,0.000000,0.000000}
03-24 09:54:27.660  3255  3344 I [OAR] PanelRenderLayer: Using layerTransform 2. layerWidth:0 , layerHeight:0
03-24 09:54:27.660  3255  3344 I [OAR] PanelRenderLayer: ResetSurface 0 x 0 - shape:0 stereo:0
03-24 09:54:27.660  3255  3344 I [OAR] PanelRenderLayer: ResetSurface 0 x 0 - shape:0 stereo:0
03-24 09:54:27.660  3255  3344 I [OAR] VrShellDesktopBase: Looking for panel not in monitors. Looking in the background task map
03-24 09:54:27.660  3255  3344 I [OAR] PanelAppHost: Resize layer tabletNav to size 270 x 425 shape:1 stereo:0
03-24 09:54:27.660  3255  3344 I [OAR] PanelRenderLayer: ResetSurface 270 x 425 - shape:1 stereo:0
03-24 09:54:27.660  2226  3302 I VrRuntimeService: UpdateAndroidSurfaceSwapChainDimensions: 149: 270x425
03-24 09:54:27.660  2226  3302 I VrRuntimeService: UpdateSwapChainSamplerState: 149
03-24 09:54:27.660  2226  3302 I VrRuntimeService: UpdateSwapChainSamplerState: minFilter=1 magFilter=1 wrapModeS=3 warpModeT=3 maxAniso=1.000000 border={0.000000,0.000000,0.000000,0.000000}
03-24 09:54:27.660  3255  3344 I [OAR] PanelRenderLayer: Using layerTransform 2. layerWidth:270 , layerHeight:425
03-24 09:54:27.660  3255  3344 I [OAR] PanelRenderLayer: ResetSurface 845 x 180 - shape:1 stereo:0
03-24 09:54:27.660  3255  3344 I [OAR] PanelRenderLayer: ResetSurface 0 x 0 - shape:0 stereo:0
03-24 09:54:27.660  3255  3344 I chatty  : uid=10020(com.oculus.vrshell) OVR::ShellApp identical 1 line
03-24 09:54:27.660  3255  3344 I [OAR] PanelRenderLayer: ResetSurface 0 x 0 - shape:0 stereo:0
03-24 09:54:27.660  3255  3344 I [OAR] PanelRenderLayer: ResetSurface 960 x 425 - shape:1 stereo:0
03-24 09:54:27.661  2226  3302 I VrRuntimeService: UpdateAndroidSurfaceSwapChainDimensions: 148: 960x425
03-24 09:54:27.661  2226  3302 I VrRuntimeService: UpdateSwapChainSamplerState: 148
03-24 09:54:27.661  2226  3302 I VrRuntimeService: UpdateSwapChainSamplerState: minFilter=1 magFilter=1 wrapModeS=3 warpModeT=3 maxAniso=1.000000 border={0.000000,0.000000,0.000000,0.000000}
03-24 09:54:27.661  3255  3344 I [OAR] PanelRenderLayer: Using layerTransform 2. layerWidth:960 , layerHeight:425
03-24 09:54:27.661  3255  3344 I [OAR] PanelRenderLayer: ResetSurface 270 x 425 - shape:1 stereo:0
03-24 09:54:27.661  2226  3302 I VrRuntimeService: UpdateAndroidSurfaceSwapChainDimensions: 149: 270x425
03-24 09:54:27.661  2226  3302 I VrRuntimeService: UpdateSwapChainSamplerState: 149
03-24 09:54:27.661  2226  3302 I VrRuntimeService: UpdateSwapChainSamplerState: minFilter=1 magFilter=1 wrapModeS=3 warpModeT=3 maxAniso=1.000000 border={0.000000,0.000000,0.000000,0.000000}
03-24 09:54:27.661  3255  3344 I [OAR] PanelRenderLayer: Using layerTransform 2. layerWidth:270 , layerHeight:425
03-24 09:54:27.661  3255  3344 I [OAR] PanelRenderLayer: ResetSurface 0 x 0 - shape:0 stereo:0
03-24 09:54:27.661  2226  3302 I VrRuntimeService: UpdateAndroidSurfaceSwapChainDimensions: 150: 0x0
03-24 09:54:27.661  2226  3302 I VrRuntimeService: UpdateSwapChainSamplerState: 150
03-24 09:54:27.661  2226  3302 I VrRuntimeService: UpdateSwapChainSamplerState: minFilter=1 magFilter=1 wrapModeS=3 warpModeT=3 maxAniso=1.000000 border={0.000000,0.000000,0.000000,0.000000}
03-24 09:54:27.661  3255  3344 I [OAR] PanelRenderLayer: Using layerTransform 2. layerWidth:0 , layerHeight:0
03-24 09:54:27.661  3255  3344 I [OAR] PanelRenderLayer: ResetSurface 0 x 0 - shape:0 stereo:0
03-24 09:54:27.661  3255  3344 I [OAR] PanelRenderLayer: ResetSurface 0 x 0 - shape:0 stereo:0
03-24 09:54:27.661  3255  3344 I [OAR] VrShellDesktopBase: Looking for panel not in monitors. Looking in the background task map
03-24 09:54:27.661  3255  3344 I [OAR] PanelAppHost: Resize layer tabletContent to size 690 x 425 shape:1 stereo:0
03-24 09:54:27.661  3255  3344 I [OAR] PanelRenderLayer: ResetSurface 690 x 425 - shape:1 stereo:0
03-24 09:54:27.662  2226  3302 I VrRuntimeService: UpdateAndroidSurfaceSwapChainDimensions: 150: 690x425
03-24 09:54:27.662  2226  3302 I VrRuntimeService: UpdateSwapChainSamplerState: 150
03-24 09:54:27.662  2226  3302 I VrRuntimeService: UpdateSwapChainSamplerState: minFilter=1 magFilter=1 wrapModeS=3 warpModeT=3 maxAniso=1.000000 border={0.000000,0.000000,0.000000,0.000000}
03-24 09:54:27.662  3255  3344 I [OAR] PanelRenderLayer: Using layerTransform 2. layerWidth:690 , layerHeight:425
03-24 09:54:27.662  3074  3074 I AndroidPanelLayer: Unhiding layer #main
03-24 09:54:27.666  1081  1117 W InputReader: Device has associated, but no associated display id.
03-24 09:54:27.667  1081  1117 I ActivityTaskManager: Override config changes=20005df8 {0.0 ?mcc?mnc ?localeList ?layoutDir sw340dp w552dp h340dp 200dpi nrml land ?uimode ?night -touch qwerty/v/v -nav/h winConfig={ mBounds=Rect(0, 0 - 690, 425) mAppBounds=Rect(0, 0 - 690, 425) mWindowingMode=fullscreen mDisplayWindowingMode=fullscreen mActivityType=undefined mAlwaysOnTop=undefined mRotation=ROTATION_0}} for displayId=26
03-24 09:54:27.668  1081  1117 I DisplayManagerService: Display device changed state: "com.oculus.android_panel_app.AndroidPanelLayer-#main", ON
03-24 09:54:27.680  3074  3074 I AndroidPanelApp: Processing next frame action "layerShow" for layer "tablet"
03-24 09:54:27.680  3074  3074 I AndroidPanelApp: nextFrameAction(layerShow, tablet)
03-24 09:54:27.680  3074  3074 I AndroidPanelApp: layerShow acknowledged for tablet
03-24 09:54:27.680  3074  3074 I AndroidPanelApp: tryShowLayer(tablet)
03-24 09:54:27.680  3074  3074 I AndroidPanelLayer: Showing layer tablet
03-24 09:54:27.682  3074  3074 I AndroidPanelLayer: Unhiding layer tablet
03-24 09:54:27.686  3074  3074 I AndroidPanelApp: Processing next frame action "layerShow" for layer "tabletNav"
03-24 09:54:27.687  3074  3074 I AndroidPanelApp: nextFrameAction(layerShow, tabletNav)
03-24 09:54:27.687  3074  3074 I AndroidPanelApp: layerShow acknowledged for tabletNav
03-24 09:54:27.687  3074  3074 I AndroidPanelApp: tryShowLayer(tabletNav)
03-24 09:54:27.687  3074  3074 I AndroidPanelLayer: Showing layer tabletNav
03-24 09:54:27.689  3074  3074 I AndroidPanelLayer: Unhiding layer tabletNav
03-24 09:54:27.694  1081  1117 I DisplayManagerService: Display device changed state: "com.oculus.android_panel_app.AndroidPanelLayer-tablet", ON
03-24 09:54:27.694  3255  3344 I [OAR] PanelAppAnalytics: First frame latency: 0.317 for id 7 com.oculus.systemux/com.oculus.panelapp.anytimeui.AnytimeUIAndroidPanelService
03-24 09:54:27.700  1081  1117 I DisplayManagerService: Display device changed state: "com.oculus.android_panel_app.AndroidPanelLayer-tabletNav", ON
03-24 09:54:27.705  3074  3074 I AndroidPanelApp: Processing next frame action "layerShow" for layer "tabletContent"
03-24 09:54:27.705  3074  3074 I AndroidPanelApp: nextFrameAction(layerShow, tabletContent)
03-24 09:54:27.705  3074  3074 I AndroidPanelApp: layerShow acknowledged for tabletContent
03-24 09:54:27.705  3074  3074 I AndroidPanelApp: tryShowLayer(tabletContent)
03-24 09:54:27.705  3074  3074 I AndroidPanelLayer: Showing layer tabletContent
03-24 09:54:27.707  3074  3074 I AndroidPanelLayer: Unhiding layer tabletContent
03-24 09:54:27.717  1081  1117 I DisplayManagerService: Display device changed state: "com.oculus.android_panel_app.AndroidPanelLayer-tabletContent", ON
03-24 09:54:27.725  3074  3074 D CppPanelService: onBind()
03-24 09:54:27.725  3255  3255 D [SEO] PanelServiceConnection: onSeviceConnected - component name (ComponentInfo{com.oculus.systemux/com.oculus.panelapp.dialog.DialogPanelService}), panel app id (8)
03-24 09:54:27.725  3255  3255 D [SEO] ShellApplication: notify OS to set com.oculus.systemux/com.oculus.panelapp.dialog.DialogPanelService to FOREGROUND
03-24 09:54:27.725  3074  3074 D [SUI] NotificationBroadcastReceiver: action: com.oculus.intent.action.NOTIF_CHANGE
03-24 09:54:27.726  3074  3074 I NotificationManagerSourceHandler: Dataset has changed
03-24 09:54:27.728  3255  3255 I [SEO] PanelServiceConnection: verifyFirstPartyUID(Debug Signatures=false, uid=10026) => apkSignatureResult=SigCertInfo(isTrusted=true, packageNames=[com.oculus.systemux], signature=308205cf308203b7a0030201020204097e91c1300d06092a864886f70d01010b0500308197310b3009060355040613025553311330110603550408130a43616c69666f726e6961311330110603550407130a4d656e6c6f205061726b31233021060355040a131a46616365626f6f6b20546563686e6f6c6f676965732c204c4c4331233021060355040b131a46616365626f6f6b20546563686e6f6c6f676965732c204c4c43311430120603550403130b4f63756c75732041707073301e170d3139303730343131333935315a170d3436313131393131333935315a308197310b3009060355040613025553311330110603550408130a43616c69666f726e6961311330110603550407130a4d656e6c6f205061726b31233021060355040a131a46616365626f6f6b20546563686e6f6c6f676965732c204c4c4331233021060355040b131a46616365626f6f6b20546563686e6f6c6f676965732c204c4c43311430120603550403130b4f63756c7573204170707330820222300d06092a864886f70d01010105000382020f003082020a0282020100b815642a5c201c8da044905dafbb06c05fddb75449cc75a716a0434da0493a52a4d60643532c237e76cb41d2c32a5e4474f12b37f632a809b5a5ceb8c6289ecf828e736b4ec452b1c2757bd0b5ed13eff5a7a47ab2ef6cdf60a8d749e9e8603f30d12b5db8f734c57578a2a4ce5ff5737c1f02c629d2dcb4f82726674663a699de94463ff370fa9eb48158831bf0b68bd6ec84293182d52e860bdd81bb9ce9cdd6a77fea0df25004da34d3cce7a31069646aa4628fba9ccb0952163793be9a4edf49a53f83179c2f44d8c87d6c129e8d590af0f3fced26201ee43b31fccd93b497cd198c5cd1f98d64c4f7ad79ca47278c02652d5dc072a99807e22f473f7bae4da2bafcae48cd49ad55a764b8d39f329f6175eac9074307deff48b1c4a6e19b748766617768c31a17feae8478eb7f9ebfb61af2b9f5a692b636342d7ebc53d7146626b51801b5a0a102e281475decdefb8683d0ca2843dc7aaeb6759bcab0dcba38db44f5d7f797a1c9c02dd159c0e3c72b14dc882d31c24ad8abee4ce0f7f0205e05efef551e2551a61e96636ed5dfd7435d3d24f5a130a12f10452cc954aa770d5d95e3e0cb9d7b05c5506a7947f8ff3437b3d82274fdaa156d85bfb7fbcb4fa5557080fedab86520b71d3d533e7bb3e7e3ebe9712b68e755d700b0afbf7595ffa80a6b3d90bfe599769138ee6515df415e32c0abed2b8e4aea1f47351f490203010001a321301f301d0603551d0e04160414a3c939e6b71c43bc9193f773c0351be1aff311f9300d06092a864886f70d01010b050003820201004e4c865231f2a3583c6af9488ecf9aa96b1ee84e2d7bfad00581537dc70c54ecfcf360e563d018efa4cdd77bf6fc4c9f1a20ebd4215cf1538686d4089bdcc8adb6ae4497ead14b0c18efd52ce93357019973e94e16b3326c60885b1bdc5f9cad1098f16732935876d8d19bda3ceeaaa69a83c4e2231710c6735f88abdfffe3dfa2be3f18f894923441b4e4a9c9664ed6294c16d7c073547063bfdbbefad184a001f1dce2feffdc96d10eb16a3bfbcd382cd297ca3b4edb7ebacd1a9931a1368a5157ceaebbca5b39bd5db5461a340db8ec076d38a94bcdd042bfb51388158ba97a49b631c1762fa746c7bb36eaf15cae23fa993cfb052e824f2ae173ea27b50a6cca91eb955f4faf131514757e5a3ecae9df6d23771279b7742f28fb9ce394eb9e03926f550716f1312355a5efdc479d8347b516cff55cb14307c81280142cacf2fd6562a2baacbfc97869272b1c51abf79121de8bab227e001313d4115eb9b33a332ebb34e290f14b5352ef1038f7a5f3740c9d1136b3526de4331deb4fa529c36a17c04c3e64d4f6ebda73d6e6e18281e3948fd11e685eab6611be1bc62839bce5962715e7f6537e6c083bcd3538d17407b26c850cd6b3f5e2149fdef027a6cfb7ed0f93c928aca14927b10c6a3f104ba1b10413af8b1868b84a004e5ddd065fff26a7bb3c818bb5a2d69aedf9441ef9033efae3ef52282a96f66d4b4ff3f2), time=2 ms
03-24 09:54:27.731  3074  3090 I CppPanelService: verifyVrShellUID(Debug Signatures=false, uid=10020) => apkSignatureResult=SigCertInfo(isTrusted=true, packageNames=[com.oculus.vrshell], signature=3082038d30820275a00302010202041303858a300d06092a864886f70d01010b05003077310b3009060355040613025553310b3009060355040813024341311330110603550407130a4d656e6c6f205061726b31173015060355040a130e4f63756c75732056522c204c4c4331173015060355040b130e4f63756c75732056522c204c4c43311430120603550403130b4f63756c75732041707073301e170d3134313033303231343032315a170d3432303331373231343032315a3077310b3009060355040613025553310b3009060355040813024341311330110603550407130a4d656e6c6f205061726b31173015060355040a130e4f63756c75732056522c204c4c4331173015060355040b130e4f63756c75732056522c204c4c43311430120603550403130b4f63756c7573204170707330820122300d06092a864886f70d01010105000382010f003082010a0282010100a34c7fbd96dea95d811f21a0d760cabca85f2df5dbe19b62aca7a3e3e0b6e48f7e173345f2753c458d639cc2e222eeee4cfb5e89ac1c5060044414056709a43a7f1a6f1e4f2c3d708c48912634be08ad6da1fff92d9c0d4b85e4bc8a8b1c27de84c04eb1e6577c10693500af46beaf7bd2ce72a06a46f4e565859f242cecbef1a431ae8096db712cebe73840bacc64de6b99077ba1ca8c20e5d0b4870bd161f087abbf568dfef58e604068ca6f7cdea183c8681c306bc30cb223e7c5ce3a2fcf00d13e158475b3700ef62dcca46c57baecca4d91052e20b861a1a085d5fc8e99aed8c4a9cfd550d01e54ef5062133befcf7f9ea6a5a1d1575a72cd82279f34030203010001a321301f301d0603551d0e04160414ec7ccdaf8ccdc6dd1b87d4b561582ad8ec397b80300d06092a864886f70d01010b0500038201010014c557ecddc17ba8b979618036e7093b8e7307f624644532c31239f4dc83fd9424267ca7670fa9f78689cbc5bfd8a6312fdc214bd159d614a8753ceec0f2b2d9166217895b13c992e1d10ca625a3153dacfa51dbdb7fde139bd59510f5add29f88be3826b445ce7386dcf06577be72fbdf118fa81179091fad275981409e02d40422d8e86df5827a2c496a4b905b4825c3f1ba0af4cf509bf9b0d4d608cf0b4320ac60d1a8cbcc384de24f11a4c93c0fc5b887cbd6855871af1b1ef729c51a8a123efc6a627b6494e81a264587443b9156ad17772863c2f9685fae9c72a552b333f8ef2822bce5d4d178e45b3a8dd4e321924f6a5ba43f732971a9e74cbf0433), time=2 ms
03-24 09:54:27.733  3074  3074 E [SUI] SocialViewModel: Party was null while getting active call bar title
03-24 09:54:27.731  2307  2307 D [OAO] VrBroadcastReceiver: action: com.oculus.vrshell.intent.action.NOTIFICATION_WAKE
03-24 09:54:27.737  2307  2307 D [OAO] VrNotificationService: VrNotificationService onStartCommand() Intent { cmp=com.oculus.vrshell/.VrNotificationService }
03-24 09:54:27.740  2307  2307 D DeviceHelper: isScreenOn = true
03-24 09:54:27.740  2307  2307 D [OAO] ShellOverlayBroadcastReceiver: onReceive with ShellOverlayService native pointer 4133595640, action com.oculus.vrshell.intent.action.TOAST_NOTIFICATION
03-24 09:54:27.740  2307  2307 D [OAO] RssdkHelper: getCurrentPackageInfo
03-24 09:54:27.740  2307  2307 I [OAO] RssdkHelperJNI: Java_com_oculus_common_navigation_RssdkHelper_nativeGetCurrentPackageInfo
03-24 09:54:27.740  2307  2307 I [OAO] RssdkHelperJNI: NativeGetCurrentPackageInfo - str combined: 'com.oculus.shellenv false'
03-24 09:54:27.740  2307  2307 D [OAO] PrimaryPackage: Shell or ShellEnv foreground
03-24 09:54:27.744  3074  3074 I AndroidPanelApp: measureLayerView adjusting initial height from 180 to 1250 due to resize behavior.
03-24 09:54:27.744  3074  3074 I AndroidPanelApp: measureLayerView with initial width 845, initial height 1250, resize behavior WRAP_CONTENT_HEIGHT.
03-24 09:54:27.745  3074  3074 I AndroidPanelApp: Measured width 845 and height 110.
03-24 09:54:27.745  3074  3074 I AndroidPanelApp: Layout change has caused layer "#main" to be resized from 845 X 180 to 845 X 110
03-24 09:54:27.746  3150  3150 D [OAR] RssdkHelper: getCurrentPackageInfo
03-24 09:54:27.746  3150  3150 I [OAR] RssdkHelperJNI: Java_com_oculus_common_navigation_RssdkHelper_nativeGetCurrentPackageInfo
03-24 09:54:27.746  3150  3150 I [OAR] RssdkHelperJNI: NativeGetCurrentPackageInfo - str combined: 'com.oculus.shellenv false'
03-24 09:54:27.746  3074  3074 I AndroidPanelLayer: Setting size of layer "#main" to have width 845 and height 110
03-24 09:54:27.746  3074  3074 I AndroidPanelLayer: Destroying presentation for layer "#main".
03-24 09:54:27.747  3150  3150 D [OAR] ShellControlProtectedReceiver: onReceive with MainActivity native pointer 0, action com.oculus.vrshell.intent.action.TOAST_NOTIFICATION
03-24 09:54:27.749  1081  1103 I DisplayManagerService: Display device removed: DisplayDeviceInfo{"com.oculus.android_panel_app.AndroidPanelLayer-#main": uniqueId="virtual:com.oculus.systemux,10026,com.oculus.android_panel_app.AndroidPanelLayer-#main,0", 845 x 180, modeId 27, defaultModeId 27, supportedModes [{id=27, width=845, height=180, fps=60.0}], colorMode 0, supportedColorModes [0], HdrCapabilities null, density 200, 200.0 x 200.0 dpi, appVsyncOff 0, presDeadline 16666666, touch NONE, rotation 0, type VIRTUAL, state ON, owner com.oculus.systemux (uid 10026), FLAG_PRIVATE, FLAG_NEVER_BLANK, FLAG_OWN_CONTENT_ONLY}
03-24 09:54:27.749  3074  3074 I AndroidPanelLayer: Creating presentation for layer "#main" with width 845 and height 110
03-24 09:54:27.749  3074  3616 D [SUI] AnytimeUIPanelAppBase: Finished Initializing Oculus User Manager
03-24 09:54:27.754  1081  1103 I DisplayManagerService: Display device added: DisplayDeviceInfo{"com.oculus.android_panel_app.AndroidPanelLayer-#main": uniqueId="virtual:com.oculus.systemux,10026,com.oculus.android_panel_app.AndroidPanelLayer-#main,0", 845 x 110, modeId 31, defaultModeId 31, supportedModes [{id=31, width=845, height=110, fps=60.0}], colorMode 0, supportedColorModes [0], HdrCapabilities null, density 200, 200.0 x 200.0 dpi, appVsyncOff 0, presDeadline 16666666, touch NONE, rotation 0, type VIRTUAL, state OFF, owner com.oculus.systemux (uid 10026), FLAG_PRIVATE, FLAG_NEVER_BLANK, FLAG_OWN_CONTENT_ONLY}
03-24 09:54:27.754  3150  3150 D DeviceHelper: isScreenOn = true
03-24 09:54:27.754  3150  3150 D [OAR] PrimaryPackage: ShellEnv is in the foreground
03-24 09:54:27.757  3074  3074 I AndroidPanelApp: layerTransform: Showing panel layer "#main" in VrShell with width 845, height 110, position( 0.000000 , 0.000000 ), rotation (0.000000 , 0.000000 , 0.000000 )  hit-testable true, shape 1, and system-positioned true. Density: 4680.000000. Supersampled: false 
03-24 09:54:27.777  3786  3786 E adbd    : failed to connect to socket 'tcp:6666': Connection refused
03-24 09:54:27.792  1081  1115 W InputReader: Device has associated, but no associated display id.
03-24 09:54:27.793  3217 10257 D CCodec  : allocate(c2.android.vorbis.decoder)
03-24 09:54:27.795   816  1838 V C2Store : in init
03-24 09:54:27.795   816  1838 V C2Store : loading dll
03-24 09:54:27.799  3217 10257 I CCodec  : Created component [c2.android.vorbis.decoder]
03-24 09:54:27.799  3217 10257 D CCodecConfig: read media type: audio/vorbis
03-24 09:54:27.801  1081  2099 W WindowManager: Failed looking up window callers=com.android.server.wm.WindowManagerService.windowForClientLocked:5326 com.android.server.wm.WindowManagerService.finishDrawingWindow:2428 com.android.server.wm.Session.finishDrawing:231 
03-24 09:54:27.804  3255  3255 D [SEO] ShellEnvOverlayService: onStartCommand() with action com.oculus.vrshell.SHELL_ENV_BROADCAST_INTENT
03-24 09:54:27.804  3255  3255 W [SEO] IntentParser: Got intent with null or empty value for key "oculus_button_override_uri"
03-24 09:54:27.804  3217 10257 D ReflectedParamUpdater: extent() != 1 for single value type: algo.buffers.max-count.values
03-24 09:54:27.805  3217 10257 D ReflectedParamUpdater: extent() != 1 for single value type: output.subscribed-indices.values
03-24 09:54:27.805  3217 10257 D ReflectedParamUpdater: extent() != 1 for single value type: input.buffers.allocator-ids.values
03-24 09:54:27.805  3217 10257 D ReflectedParamUpdater: extent() != 1 for single value type: output.buffers.allocator-ids.values
03-24 09:54:27.805  3217 10257 D ReflectedParamUpdater: extent() != 1 for single value type: algo.buffers.allocator-ids.values
03-24 09:54:27.805  3217 10257 D ReflectedParamUpdater: extent() != 1 for single value type: output.buffers.pool-ids.values
03-24 09:54:27.806  3217 10257 D ReflectedParamUpdater: extent() != 1 for single value type: algo.buffers.pool-ids.values
03-24 09:54:27.807  3217 10257 I CCodecConfig: query failed after returning 7 values (BAD_INDEX)
03-24 09:54:27.807  3217 10257 D CCodecConfig: c2 config diff is Dict {
03-24 09:54:27.807  3217 10257 D CCodecConfig:   c2::u32 coded.bitrate.value = 64000
03-24 09:54:27.807  3217 10257 D CCodecConfig:   c2::u32 input.buffers.max-size.value = 32768
03-24 09:54:27.807  3217 10257 D CCodecConfig:   c2::u32 input.delay.value = 0
03-24 09:54:27.807  3217 10257 D CCodecConfig:   string input.media-type.value = "audio/vorbis"
03-24 09:54:27.807  3217 10257 D CCodecConfig:   string output.media-type.value = "audio/raw"
03-24 09:54:27.807  3217 10257 D CCodecConfig:   c2::u32 raw.channel-count.value = 1
03-24 09:54:27.807  3217 10257 D CCodecConfig:   c2::u32 raw.sample-rate.value = 48000
03-24 09:54:27.807  3217 10257 D CCodecConfig: }
03-24 09:54:27.807  3217 10257 D CCodecConfig: no c2 equivalents for durationUs
03-24 09:54:27.807  3217 10257 D CCodecConfig: no c2 equivalents for csd-1
03-24 09:54:27.807  3217 10257 D CCodecConfig: no c2 equivalents for track-id
03-24 09:54:27.807  3217 10257 D CCodecConfig: no c2 equivalents for channel-mask
03-24 09:54:27.808  3217 10257 D CCodecConfig: c2 config diff is   c2::u32 raw.channel-count.value = 2
03-24 09:54:27.808  3217 10257 W Codec2Client: query -- param skipped: index = 1107298332.
03-24 09:54:27.808  3217 10257 D CCodec  : setup formats input: AMessage(what = 0x00000000) = {
03-24 09:54:27.808  3217 10257 D CCodec  :   int32_t channel-count = 2
03-24 09:54:27.808  3217 10257 D CCodec  :   int32_t max-input-size = 32768
03-24 09:54:27.808  3217 10257 D CCodec  :   string mime = "audio/vorbis"
03-24 09:54:27.808  3217 10257 D CCodec  :   int32_t sample-rate = 48000
03-24 09:54:27.808  3217 10257 D CCodec  : } and output: AMessage(what = 0x00000000) = {
03-24 09:54:27.808  3217 10257 D CCodec  :   int32_t channel-count = 2
03-24 09:54:27.808  3217 10257 D CCodec  :   string mime = "audio/raw"
03-24 09:54:27.808  3217 10257 D CCodec  :   int32_t sample-rate = 48000
03-24 09:54:27.808  3217 10257 D CCodec  :   int32_t channel-mask = 3
03-24 09:54:27.808  3217 10257 D CCodec  : }
03-24 09:54:27.813  1081  1117 W InputReader: Device has associated, but no associated display id.
03-24 09:54:27.814  1081  1117 I ActivityTaskManager: Override config changes=20005df8 {0.0 ?mcc?mnc ?localeList ?layoutDir sw88dp w676dp h88dp 200dpi nrml long land ?uimode ?night -touch qwerty/v/v -nav/h winConfig={ mBounds=Rect(0, 0 - 845, 110) mAppBounds=Rect(0, 0 - 845, 110) mWindowingMode=fullscreen mDisplayWindowingMode=fullscreen mActivityType=undefined mAlwaysOnTop=undefined mRotation=ROTATION_0}} for displayId=27
03-24 09:54:27.814  3255  3344 I [OAR] ShellApp: 0xcb561ba8 msg: broadcastIntent:
03-24 09:54:27.814  3255  3344 I [OAR] ShellApp: foreground_package_name = com.oculus.shellenv
03-24 09:54:27.814  3255  3344 I [OAR] ShellApp: intent_action = com.oculus.vrshell.intent.action.TOAST_NOTIFICATION
03-24 09:54:27.814  3255  3344 I [OAR] ShellApp: toast_duration = 7
03-24 09:54:27.814  3255  3344 I [OAR] ShellApp: status_bar_notification = 0|com.oculus.vrshell|6|guardian|10020
03-24 09:54:27.814  3255  3344 I [OAR] ShellApp: shellenv.original_action = com.oculus.vrshell.intent.action.TOAST_NOTIFICATION
03-24 09:54:27.814  3255  3344 I [OAR] ShellApp: is_system_notification = true
03-24 09:54:27.814  3255  3344 I [OAR] ShellApp: toast_has_cta = false
03-24 09:54:27.816   816  5339 V C2Store : in ~ComponentModule
03-24 09:54:27.817   816  5339 V C2Store : unloading dll
03-24 09:54:27.833  3074  3074 I AndroidPanelApp: Processing next frame action "layerResize" for layer "#main"
03-24 09:54:27.833  3074  3074 I AndroidPanelApp: nextFrameAction(layerResize, #main)
03-24 09:54:27.833  3074  3074 I AndroidPanelApp: layerResize is waiting for next frame
03-24 09:54:27.833  3074  3074 I AndroidPanelApp: Processing pending show layer info for layer #main with width 845 and height 110.
03-24 09:54:27.833  3074  3074 I AndroidPanelApp: layerSupersample no changes
03-24 09:54:27.836  3255  3344 I [OAR] PanelRenderLayer: ResetSurface 845 x 180 - shape:1 stereo:0
03-24 09:54:27.836  3255  3344 I [OAR] PanelRenderLayer: ResetSurface 0 x 0 - shape:0 stereo:0
03-24 09:54:27.836  3255  3344 I chatty  : uid=10020(com.oculus.vrshell) OVR::ShellApp identical 1 line
03-24 09:54:27.836  3255  3344 I [OAR] PanelRenderLayer: ResetSurface 0 x 0 - shape:0 stereo:0
03-24 09:54:27.836  3255  3344 I [OAR] PanelRenderLayer: ResetSurface 960 x 425 - shape:1 stereo:0
03-24 09:54:27.837  2226  3302 I VrRuntimeService: UpdateAndroidSurfaceSwapChainDimensions: 148: 960x425
03-24 09:54:27.837  2226  3302 I VrRuntimeService: UpdateSwapChainSamplerState: 148
03-24 09:54:27.837  3074  3074 I [SUI] OVRAuthHelper: fetchAuthToken - completed, result: -1
03-24 09:54:27.837  2226  3302 I VrRuntimeService: UpdateSwapChainSamplerState: minFilter=1 magFilter=1 wrapModeS=3 warpModeT=3 maxAniso=1.000000 border={0.000000,0.000000,0.000000,0.000000}
03-24 09:54:27.837  3255  3344 I [OAR] PanelRenderLayer: Using layerTransform 2. layerWidth:960 , layerHeight:425
03-24 09:54:27.837  3255  3344 I [OAR] PanelRenderLayer: ResetSurface 270 x 425 - shape:1 stereo:0
03-24 09:54:27.837  2226  3302 I VrRuntimeService: UpdateAndroidSurfaceSwapChainDimensions: 149: 270x425
03-24 09:54:27.837  3074  3074 I [SUI] TabletNavUtil: PreferencesListener::onChanged([multi_user_beta_enabled_key])
03-24 09:54:27.837  2226  3302 I VrRuntimeService: UpdateSwapChainSamplerState: 149
03-24 09:54:27.837  2226  3302 I VrRuntimeService: UpdateSwapChainSamplerState: minFilter=1 magFilter=1 wrapModeS=3 warpModeT=3 maxAniso=1.000000 border={0.000000,0.000000,0.000000,0.000000}
03-24 09:54:27.837  3255  3344 I [OAR] PanelRenderLayer: Using layerTransform 2. layerWidth:270 , layerHeight:425
03-24 09:54:27.837  3255  3344 I [OAR] PanelRenderLayer: ResetSurface 690 x 425 - shape:1 stereo:0
03-24 09:54:27.837  2226  3302 I VrRuntimeService: UpdateAndroidSurfaceSwapChainDimensions: 150: 690x425
03-24 09:54:27.837  2226  3302 I VrRuntimeService: UpdateSwapChainSamplerState: 150
03-24 09:54:27.837  2226  3302 I VrRuntimeService: UpdateSwapChainSamplerState: minFilter=1 magFilter=1 wrapModeS=3 warpModeT=3 maxAniso=1.000000 border={0.000000,0.000000,0.000000,0.000000}
03-24 09:54:27.837  3255  3344 I [OAR] PanelRenderLayer: Using layerTransform 2. layerWidth:690 , layerHeight:425
03-24 09:54:27.837  3255  3344 I [OAR] PanelRenderLayer: ResetSurface 0 x 0 - shape:0 stereo:0
03-24 09:54:27.837  3255  3344 I [OAR] PanelRenderLayer: ResetSurface 0 x 0 - shape:0 stereo:0
03-24 09:54:27.837  3255  3344 I [OAR] VrShellDesktopBase: Looking for panel not in monitors. Looking in the background task map
03-24 09:54:27.837  3255  3344 I [OAR] PanelAppHost: Resize layer #main to size 845 x 110 shape:1 stereo:0
03-24 09:54:27.837  3255  3344 I [OAR] PanelRenderLayer: ResetSurface 845 x 110 - shape:1 stereo:0
03-24 09:54:27.839  3074  3074 I AndroidPanelApp: Processing next frame action "layerShow" for layer "#main"
03-24 09:54:27.839  3074  3074 I AndroidPanelApp: nextFrameAction(layerShow, #main)
03-24 09:54:27.840  3074  3074 I AndroidPanelApp: layerShow acknowledged for #main
03-24 09:54:27.840  3074  3074 I AndroidPanelApp: tryShowLayer(#main)
03-24 09:54:27.840  3074  3074 I AndroidPanelLayer: Showing layer #main
03-24 09:54:27.843  1081  1117 I DisplayManagerService: Display device changed state: "com.oculus.android_panel_app.AndroidPanelLayer-#main", ON
03-24 09:54:27.843  3074  3074 I AndroidPanelLayer: Unhiding layer #main
03-24 09:54:27.852  3074  3074 I [SUI] AnytimeUIAndroidPanelAppV2: handleGenericMessage showNotificationToast 0|com.oculus.vrshell|6|guardian|10020 1 com.oculus.shellenv
03-24 09:54:27.852  3074  3074 I [SUI] AnytimeUIAndroidPanelAppV2: showNotificationToast
03-24 09:54:27.852  3074  3074 D [SUI] ToastController: onReceiveNotificationToToast()
03-24 09:54:27.856  3074  3074 V [SUI] ToastController: All Toast Pass/Fail policies passed
03-24 09:54:27.865  3074  3074 I AndroidPanelApp: ensurePanelLayer(layer: toast, width: 420, height: 72, resize: NONE, view creator: toast)
03-24 09:54:27.865  3074  3074 I AndroidPanelApp: ensurePanelLayer(layer: toast, width: 420, height: 72, resize behavior: NONE)
03-24 09:54:27.865  3074  3074 I AndroidPanelLayer: Setting spec for layer "toast"
03-24 09:54:27.865  3074  3074 I AndroidPanelLayer: Setting size of layer "toast" to have width 525 and height 90
03-24 09:54:27.865  3074  3074 I AndroidPanelLayer: Destroying presentation for layer "toast".
03-24 09:54:27.865  3074  3074 I AndroidPanelLayer: Creating presentation for layer "toast" with width 525 and height 90
03-24 09:54:27.866  1081  1314 I DisplayManagerService: Display device added: DisplayDeviceInfo{"com.oculus.android_panel_app.AndroidPanelLayer-toast": uniqueId="virtual:com.oculus.systemux,10026,com.oculus.android_panel_app.AndroidPanelLayer-toast,0", 525 x 90, modeId 32, defaultModeId 32, supportedModes [{id=32, width=525, height=90, fps=60.0}], colorMode 0, supportedColorModes [0], HdrCapabilities null, density 200, 200.0 x 200.0 dpi, appVsyncOff 0, presDeadline 16666666, touch NONE, rotation 0, type VIRTUAL, state OFF, owner com.oculus.systemux (uid 10026), FLAG_PRIVATE, FLAG_NEVER_BLANK, FLAG_OWN_CONTENT_ONLY}
03-24 09:54:27.871  3074  3074 D UnifiedTelemetryLogger: Already initialized.
03-24 09:54:27.871  3074  3074 I AndroidPanelApp: measureLayerView with initial width 525, initial height 90, resize behavior NONE.
03-24 09:54:27.871  3074  3074 I AndroidPanelApp: Measured width 525 and height 90.
03-24 09:54:27.871  3074  3074 I AndroidPanelLayer: Setting size of layer "toast" to have width 525 and height 90
03-24 09:54:27.873  3074  3074 I AndroidPanelApp: layerTransform: Showing panel layer "toast" in VrShell with width 525, height 90, position( 0.000000 , 0.000000 ), rotation (0.000000 , 0.000000 , 0.000000 )  hit-testable true, shape 1, and system-positioned true. Density: 4680.000000. Supersampled: false 
03-24 09:54:27.873  3074  3074 D [SUI] ToastLayerView: showNotification(6)
03-24 09:54:27.893  1081  1115 W InputReader: Device has associated, but no associated display id.
03-24 09:54:27.896   727  1385 I hash_map_utils: key: 'snd_device_in' value: ''
03-24 09:54:27.901  1081  1117 W InputReader: Device has associated, but no associated display id.
03-24 09:54:27.901  1081  1117 I ActivityTaskManager: Override config changes=20005df8 {0.0 ?mcc?mnc ?localeList ?layoutDir sw72dp w420dp h72dp 200dpi smll land ?uimode ?night -touch qwerty/v/v -nav/h winConfig={ mBounds=Rect(0, 0 - 525, 90) mAppBounds=Rect(0, 0 - 525, 90) mWindowingMode=fullscreen mDisplayWindowingMode=fullscreen mActivityType=undefined mAlwaysOnTop=undefined mRotation=ROTATION_0}} for displayId=28
03-24 09:54:27.903   727  1385 I hash_map_utils: key: 'snd_device_out' value: ''
03-24 09:54:27.909   706   932 I audio_hw_primary: getting vr mode to 0
03-24 09:54:27.915   727  1385 I hash_map_utils: key: 'vr_audio_mode_on' value: ''
03-24 09:54:27.916   727  1385 I AudioPolicyManagerCustom: VR mode is 0, switch to primary output if request is for fast|raw
03-24 09:54:27.918   727  1385 D AF::TrackHandle: OpPlayAudio: track:63 uid:10026 pkg:com.oculus.systemux usage:10 not muted
03-24 09:54:27.920  3074  3074 I AudioTrack: createTrack_l(0): AUDIO_OUTPUT_FLAG_FAST successful; frameCount 0 -> 50566
03-24 09:54:27.922  3217 10261 D CCodec  : allocate(c2.android.vorbis.decoder)
03-24 09:54:27.922   816  5339 V C2Store : in init
03-24 09:54:27.922   816  5339 V C2Store : loading dll
03-24 09:54:27.929  3217 10261 I CCodec  : Created component [c2.android.vorbis.decoder]
03-24 09:54:27.930  3217 10261 D CCodecConfig: read media type: audio/vorbis
03-24 09:54:27.932  3217 10261 D ReflectedParamUpdater: extent() != 1 for single value type: algo.buffers.max-count.values
03-24 09:54:27.933  3217 10261 D ReflectedParamUpdater: extent() != 1 for single value type: output.subscribed-indices.values
03-24 09:54:27.933  3217 10261 D ReflectedParamUpdater: extent() != 1 for single value type: input.buffers.allocator-ids.values
03-24 09:54:27.933  3217 10261 D ReflectedParamUpdater: extent() != 1 for single value type: output.buffers.allocator-ids.values
03-24 09:54:27.934  3217 10261 D ReflectedParamUpdater: extent() != 1 for single value type: algo.buffers.allocator-ids.values
03-24 09:54:27.935  3217 10261 D ReflectedParamUpdater: extent() != 1 for single value type: output.buffers.pool-ids.values
03-24 09:54:27.935  3217 10261 D ReflectedParamUpdater: extent() != 1 for single value type: algo.buffers.pool-ids.values
03-24 09:54:27.936  3217 10261 I CCodecConfig: query failed after returning 7 values (BAD_INDEX)
03-24 09:54:27.936  3217 10261 D CCodecConfig: c2 config diff is Dict {
03-24 09:54:27.936  3217 10261 D CCodecConfig:   c2::u32 coded.bitrate.value = 64000
03-24 09:54:27.936  3217 10261 D CCodecConfig:   c2::u32 input.buffers.max-size.value = 32768
03-24 09:54:27.936  3217 10261 D CCodecConfig:   c2::u32 input.delay.value = 0
03-24 09:54:27.936  3217 10261 D CCodecConfig:   string input.media-type.value = "audio/vorbis"
03-24 09:54:27.936  3217 10261 D CCodecConfig:   string output.media-type.value = "audio/raw"
03-24 09:54:27.936  3217 10261 D CCodecConfig:   c2::u32 raw.channel-count.value = 1
03-24 09:54:27.936  3217 10261 D CCodecConfig:   c2::u32 raw.sample-rate.value = 48000
03-24 09:54:27.936  3217 10261 D CCodecConfig: }
03-24 09:54:27.937  3217 10261 D CCodecConfig: no c2 equivalents for durationUs
03-24 09:54:27.937  3217 10261 D CCodecConfig: no c2 equivalents for csd-1
03-24 09:54:27.937  3217 10261 D CCodecConfig: no c2 equivalents for track-id
03-24 09:54:27.937  3217 10261 D CCodecConfig: no c2 equivalents for channel-mask
03-24 09:54:27.938  3217 10261 D CCodecConfig: c2 config diff is   c2::u32 raw.channel-count.value = 2
03-24 09:54:27.938  3217 10261 W Codec2Client: query -- param skipped: index = 1107298332.
03-24 09:54:27.938  3217 10261 D CCodec  : setup formats input: AMessage(what = 0x00000000) = {
03-24 09:54:27.938  3217 10261 D CCodec  :   int32_t channel-count = 2
03-24 09:54:27.938  3217 10261 D CCodec  :   int32_t max-input-size = 32768
03-24 09:54:27.938  3217 10261 D CCodec  :   string mime = "audio/vorbis"
03-24 09:54:27.938  3217 10261 D CCodec  :   int32_t sample-rate = 48000
03-24 09:54:27.938  3217 10261 D CCodec  : } and output: AMessage(what = 0x00000000) = {
03-24 09:54:27.938  3217 10261 D CCodec  :   int32_t channel-count = 2
03-24 09:54:27.938  3217 10261 D CCodec  :   string mime = "audio/raw"
03-24 09:54:27.938  3217 10261 D CCodec  :   int32_t sample-rate = 48000
03-24 09:54:27.938  3217 10261 D CCodec  :   int32_t channel-mask = 3
03-24 09:54:27.938  3217 10261 D CCodec  : }
03-24 09:54:27.944  3217 10261 W Codec2Client: query -- param skipped: index = 1342179345.
03-24 09:54:27.944  3217 10261 W Codec2Client: query -- param skipped: index = 2415921170.
03-24 09:54:27.945  3217 10261 D CCodecBufferChannel: [c2.android.vorbis.decoder#288] Created input block pool with allocatorID 16 => poolID 23 - OK (0)
03-24 09:54:27.946  3217 10261 I CCodecBufferChannel: [c2.android.vorbis.decoder#288] Created output block pool with allocatorID 16 => poolID 33 - OK
03-24 09:54:27.946  3217 10261 D CCodecBufferChannel: [c2.android.vorbis.decoder#288] Configured output block pool ids 33 => OK
03-24 09:54:27.950   816 10263 D SimpleC2Component: Using output block pool with poolID 33 => got 33 - 0
03-24 09:54:27.955  3217 10261 D CCodecBufferChannel: [c2.android.vorbis.decoder#288] Discard frames from previous generation.
03-24 09:54:27.955  3217 10261 I chatty  : uid=10014(com.oculus.shellenv) identical 1 line
03-24 09:54:27.957  3217 10261 D CCodecBufferChannel: [c2.android.vorbis.decoder#288] Discard frames from previous generation.
03-24 09:54:27.962   816  1838 D BufferPoolAccessor: Destruction - bufferpool2 0x3072624430 cached: 0/0M, 0/0% in use; allocs: 0, 0% recycled; transfers: 0, 0% unfetced
03-24 09:54:27.962   816  1838 V C2Store : in ~ComponentModule
03-24 09:54:27.962   816  1838 V C2Store : unloading dll
03-24 09:54:28.001  3217 10266 D CCodec  : allocate(c2.android.vorbis.decoder)
03-24 09:54:28.001   816  1838 V C2Store : in init
03-24 09:54:28.001   816  1838 V C2Store : loading dll
03-24 09:54:28.005  3217 10266 I CCodec  : Created component [c2.android.vorbis.decoder]
03-24 09:54:28.005  3217 10266 D CCodecConfig: read media type: audio/vorbis
03-24 09:54:28.008  3217 10266 D ReflectedParamUpdater: extent() != 1 for single value type: algo.buffers.max-count.values
03-24 09:54:28.008  3217 10266 D ReflectedParamUpdater: extent() != 1 for single value type: output.subscribed-indices.values
03-24 09:54:28.008  3217 10266 D ReflectedParamUpdater: extent() != 1 for single value type: input.buffers.allocator-ids.values
03-24 09:54:28.008  3217 10266 D ReflectedParamUpdater: extent() != 1 for single value type: output.buffers.allocator-ids.values
03-24 09:54:28.008  3217 10266 D ReflectedParamUpdater: extent() != 1 for single value type: algo.buffers.allocator-ids.values
03-24 09:54:28.009  3217 10266 D ReflectedParamUpdater: extent() != 1 for single value type: output.buffers.pool-ids.values
03-24 09:54:28.009  3217 10266 D ReflectedParamUpdater: extent() != 1 for single value type: algo.buffers.pool-ids.values
03-24 09:54:28.009  3074  3074 D [SUI] StatusView: Updating Device Battery Indicator
03-24 09:54:28.009  3074  3074 I AndroidPanelApp: Processing pending show layer info for layer toast with width 525 and height 90.
03-24 09:54:28.010  3074  3074 I AndroidPanelApp: layerSupersample no changes
03-24 09:54:28.010  3217 10266 I CCodecConfig: query failed after returning 7 values (BAD_INDEX)
03-24 09:54:28.010  3074  3074 I AndroidPanelApp: Turning on layer visibility for layer #main.
03-24 09:54:28.010  3217 10266 D CCodecConfig: c2 config diff is Dict {
03-24 09:54:28.010  3217 10266 D CCodecConfig:   c2::u32 coded.bitrate.value = 64000
03-24 09:54:28.010  3217 10266 D CCodecConfig:   c2::u32 input.buffers.max-size.value = 32768
03-24 09:54:28.010  3217 10266 D CCodecConfig:   c2::u32 input.delay.value = 0
03-24 09:54:28.010  3217 10266 D CCodecConfig:   string input.media-type.value = "audio/vorbis"
03-24 09:54:28.010  3217 10266 D CCodecConfig:   string output.media-type.value = "audio/raw"
03-24 09:54:28.010  3217 10266 D CCodecConfig:   c2::u32 raw.channel-count.value = 1
03-24 09:54:28.010  3217 10266 D CCodecConfig:   c2::u32 raw.sample-rate.value = 48000
03-24 09:54:28.010  3217 10266 D CCodecConfig: }
03-24 09:54:28.010  3074  3074 I AndroidPanelApp: Turning on layer visibility for layer tablet.
03-24 09:54:28.010  3217 10266 D CCodecConfig: no c2 equivalents for durationUs
03-24 09:54:28.010  3217 10266 D CCodecConfig: no c2 equivalents for csd-1
03-24 09:54:28.010  3217 10266 D CCodecConfig: no c2 equivalents for track-id
03-24 09:54:28.010  3217 10266 D CCodecConfig: no c2 equivalents for channel-mask
03-24 09:54:28.011  3217 10266 D CCodecConfig: c2 config diff is   c2::u32 raw.channel-count.value = 2
03-24 09:54:28.011  3217 10266 W Codec2Client: query -- param skipped: index = 1107298332.
03-24 09:54:28.011  3217 10266 D CCodec  : setup formats input: AMessage(what = 0x00000000) = {
03-24 09:54:28.011  3217 10266 D CCodec  :   int32_t channel-count = 2
03-24 09:54:28.011  3217 10266 D CCodec  :   int32_t max-input-size = 32768
03-24 09:54:28.011  3217 10266 D CCodec  :   string mime = "audio/vorbis"
03-24 09:54:28.011  3217 10266 D CCodec  :   int32_t sample-rate = 48000
03-24 09:54:28.011  3217 10266 D CCodec  : } and output: AMessage(what = 0x00000000) = {
03-24 09:54:28.011  3217 10266 D CCodec  :   int32_t channel-count = 2
03-24 09:54:28.011  3217 10266 D CCodec  :   string mime = "audio/raw"
03-24 09:54:28.011  3217 10266 D CCodec  :   int32_t sample-rate = 48000
03-24 09:54:28.011  3217 10266 D CCodec  :   int32_t channel-mask = 3
03-24 09:54:28.011  3217 10266 D CCodec  : }
03-24 09:54:28.012  3074  3074 I AndroidPanelApp: Turning on layer visibility for layer tabletNav.
03-24 09:54:28.012  3074  3074 I AndroidPanelApp: Turning on layer visibility for layer tabletContent.
03-24 09:54:28.013  3074  3074 D CppPanelService: BEGIN: Initializing panel application via MSG_CREATE_PANEL_APP.
03-24 09:54:28.013  3074  3074 D [SUI] DialogPanelApp: DialogPanelApp()
03-24 09:54:28.013  3074  3074 I DialogPanel: Created
03-24 09:54:28.013  3074  3074 I DialogUI: Creating GlInfo
03-24 09:54:28.014  3255  3344 I [OAR] PanelRenderLayer: ResetSurface 845 x 110 - shape:1 stereo:0
03-24 09:54:28.014  3255  3344 I [OAR] PanelRenderLayer: ResetSurface 0 x 0 - shape:0 stereo:0
03-24 09:54:28.014  3255  3344 I chatty  : uid=10020(com.oculus.vrshell) OVR::ShellApp identical 1 line
03-24 09:54:28.014  3255  3344 I [OAR] PanelRenderLayer: ResetSurface 0 x 0 - shape:0 stereo:0
03-24 09:54:28.014  3255  3344 I [OAR] PanelRenderLayer: ResetSurface 960 x 425 - shape:1 stereo:0
03-24 09:54:28.014  2226  3302 I VrRuntimeService: UpdateAndroidSurfaceSwapChainDimensions: 148: 960x425
03-24 09:54:28.014  2226  3302 I VrRuntimeService: UpdateSwapChainSamplerState: 148
03-24 09:54:28.014  2226  3302 I VrRuntimeService: UpdateSwapChainSamplerState: minFilter=1 magFilter=1 wrapModeS=3 warpModeT=3 maxAniso=1.000000 border={0.000000,0.000000,0.000000,0.000000}
03-24 09:54:28.014  3255  3344 I [OAR] PanelRenderLayer: Using layerTransform 2. layerWidth:960 , layerHeight:425
03-24 09:54:28.014  3255  3344 I [OAR] PanelRenderLayer: ResetSurface 270 x 425 - shape:1 stereo:0
03-24 09:54:28.015  2226  3302 I VrRuntimeService: UpdateAndroidSurfaceSwapChainDimensions: 149: 270x425
03-24 09:54:28.015  2226  3302 I VrRuntimeService: UpdateSwapChainSamplerState: 149
03-24 09:54:28.015  2226  3302 I VrRuntimeService: UpdateSwapChainSamplerState: minFilter=1 magFilter=1 wrapModeS=3 warpModeT=3 maxAniso=1.000000 border={0.000000,0.000000,0.000000,0.000000}
03-24 09:54:28.015  3255  3344 I [OAR] PanelRenderLayer: Using layerTransform 2. layerWidth:270 , layerHeight:425
03-24 09:54:28.015  3255  3344 I [OAR] PanelRenderLayer: ResetSurface 690 x 425 - shape:1 stereo:0
03-24 09:54:28.015  2226  3302 I VrRuntimeService: UpdateAndroidSurfaceSwapChainDimensions: 150: 690x425
03-24 09:54:28.015  2226  3302 I VrRuntimeService: UpdateSwapChainSamplerState: 150
03-24 09:54:28.015  2226  3302 I VrRuntimeService: UpdateSwapChainSamplerState: minFilter=1 magFilter=1 wrapModeS=3 warpModeT=3 maxAniso=1.000000 border={0.000000,0.000000,0.000000,0.000000}
03-24 09:54:28.015  3074  3074 I DialogUI: Creating DialogContext
03-24 09:54:28.015  3074  3074 I DialogUI: GLES3::LoadGLFunctions()
03-24 09:54:28.015  3074  3074 I DialogUI: GL_InitExtensions()
03-24 09:54:28.015  3074  3074 I OVR_GlUtils: es3 = TRUE
03-24 09:54:28.016   816  5952 V C2Store : in ~ComponentModule
03-24 09:54:28.016   816  5952 V C2Store : unloading dll
03-24 09:54:28.017  3074  3074 I OVR_GlUtils: GL_MAX_TEXTURE_SIZE = 16384
03-24 09:54:28.017  3074  3074 I OVR_GlUtils: GL_MAX_VERTEX_UNIFORM_VECTORS = 256
03-24 09:54:28.017  3074  3074 I OVR_GlUtils: GL_MAX_FRAGMENT_UNIFORM_VECTORS = 256
03-24 09:54:28.018  3074  3074 I DialogUI: Create Player
03-24 09:54:28.022  3255  3344 I [OAR] PanelRenderLayer: Using layerTransform 2. layerWidth:690 , layerHeight:425
03-24 09:54:28.022  3255  3344 I [OAR] PanelRenderLayer: ResetSurface 0 x 0 - shape:0 stereo:0
03-24 09:54:28.022  3255  3344 I [OAR] PanelRenderLayer: ResetSurface 0 x 0 - shape:0 stereo:0
03-24 09:54:28.022  3255  3344 I [OAR] VrShellDesktopBase: Looking for panel not in monitors. Looking in the background task map
03-24 09:54:28.022  3255  3344 I [OAR] PanelAppHost: Resize layer toast to size 525 x 90 shape:1 stereo:0
03-24 09:54:28.022  3255  3344 I [OAR] PanelRenderLayer: ResetSurface 525 x 90 - shape:1 stereo:0
03-24 09:54:28.024  3074  3074 I nanovg_gl: Failed to find /nvgshr_shaderDiffuse.bin
03-24 09:54:28.024  3074  3074 V RCTVR   : Compiling shader: 'shaderDiffuse'
03-24 09:54:28.025   706   932 D msm8974_platform: platform_split_snd_device: snd_device(2) num devices(1) new_snd_devices(0)
03-24 09:54:28.026   706   932 D ACDB-LOADER: ACDB -> send_audvoltable
03-24 09:54:28.026   706   932 D ACDB-LOADER: ACDB -> ACDB_CMD_GET_AUDPROC_INSTANCE_GAIN_DEP_STEP_TABLE_SIZE
03-24 09:54:28.026   706   932 D ACDB-LOADER: ACDB -> ACDB_CMD_GET_AUDPROC_INSTANCE_GAIN_DEP_STEP_TABLE, vol index 13
03-24 09:54:28.026   706   932 D ACDB-LOADER: ACDB -> AUDIO_SET_VOL_CAL cal type = 40
03-24 09:54:28.026   706   932 D msm8974_platform: platform_split_snd_device: snd_device(2) num devices(1) new_snd_devices(0)
03-24 09:54:28.027   706   932 D ACDB-LOADER: ACDB -> send_audvoltable
03-24 09:54:28.027   706   932 D ACDB-LOADER: ACDB -> ACDB_CMD_GET_AUDPROC_INSTANCE_GAIN_DEP_STEP_TABLE_SIZE
03-24 09:54:28.027   706   932 D ACDB-LOADER: ACDB -> ACDB_CMD_GET_AUDPROC_INSTANCE_GAIN_DEP_STEP_TABLE, vol index 13
03-24 09:54:28.027  3074  3074 I DialogUI: Initialize ANativeWindows
03-24 09:54:28.027  3074 10272 I AsyncFonts: AsyncFonts::Start
03-24 09:54:28.027  3074  3074 I DialogUI: Initializing Surfaces
03-24 09:54:28.027  3074  3074 I DialogUI: Intialize surfaces
03-24 09:54:28.027  3074  3074 I DialogUI: Initialization complete
03-24 09:54:28.027   706   932 D ACDB-LOADER: ACDB -> AUDIO_SET_VOL_CAL cal type = 40
03-24 09:54:28.027  3074  3074 I CppPanelService: BEGIN: nativeInitializePanelInstance - Configure and set up thread polling.
03-24 09:54:28.027  3074  3074 I CppPanelService: BEGIN: Call hosted app's Configure method.
03-24 09:54:28.027  3074  3074 I CppPanelService: END: Call hosted app's Configure method.
03-24 09:54:28.027  3074  3074 I CppPanelService: END: nativeInitializePanelInstance - Add fd 72 to looper with error code 1
03-24 09:54:28.027  3074  3074 D CppPanelService: END: Initializing panel application via MSG_CREATE_PANEL_APP.
03-24 09:54:28.027  3074  3074 I AndroidPanelApp: Processing next frame action "layerShow" for layer "toast"
03-24 09:54:28.027  3074  3074 I AndroidPanelApp: nextFrameAction(layerShow, toast)
03-24 09:54:28.027  3074  3074 I AndroidPanelApp: layerShow acknowledged for toast
03-24 09:54:28.027  3074  3074 I AndroidPanelApp: tryShowLayer(toast)
03-24 09:54:28.027  3074  3074 I AndroidPanelLayer: Showing layer toast
03-24 09:54:28.028  3074  3074 I AndroidPanelLayer: Unhiding layer toast
03-24 09:54:28.029  1081  1117 I DisplayManagerService: Display device changed state: "com.oculus.android_panel_app.AndroidPanelLayer-toast", ON
03-24 09:54:28.031  3074 10272 I AsyncFonts: AsyncFonts::Complete
03-24 09:54:28.035  3074  3074 I DialogPanel: Handling NextFrameActionType::CursorShow
03-24 09:54:28.036  3074  3074 I DialogPanel: Handling NextFrameActionType::LayerHide for layer videos
03-24 09:54:28.036  3074  3074 I DialogPanel: HandleDialogShowMessage: Host vrshell, package com.oculus.vrshell, service com.oculus.vrshell, and definition: {"type":"custom","dialogId":"GUARDIAN_MAP_FOUND","title":"Confirm Guardian","body":"Look around to check that this boundary is correctly positioned and clear of any obstructions, including anything you could hit with your arms outstretched.","primaryButton":{"action":"confirm","text":"Confirm"},"secondaryButton":{"action":"forceSetup","text":"Change"}}
