03-24 09:54:27.294  3217  3240 I VrApi   : ovrModeParms::VRAPI_MODE_FLAG_PHASE_SYNC = 0
03-24 09:54:27.294  3217  3240 I VrApi   : ovrModeParms::VRAPI_MODE_FLAG_APP_SPACE_WARP = 0
03-24 09:54:27.294  3217  3240 I VrRuntimeClient: SetPhaseSyncMode 0
03-24 09:54:27.294  3217  3240 I VrApi   : PhaseSync disabled
03-24 09:54:27.294  3217  3240 I VrApi   : HMD sensor attached.
03-24 09:54:27.294  3217  3240 D VrRuntimeClient: pokeGuardianUserServiceForThisClient: com.oculus.shellenv:10014
03-24 09:54:27.294   727  1251 I hash_map_utils: key: 'vr_audio_mode_on' value: ''
03-24 09:54:27.294   727  1251 I AudioPolicyManagerCustom: VR mode is 0, switch to primary output if request is for fast|raw
03-24 09:54:27.295   727  1251 W AudioFlinger: createTrack_l(): mismatch between requested flags (00000104) and output flags (00000006)
03-24 09:54:27.296   727  1251 D AudioFlinger: Client defaulted notificationFrames to 192 for frameCount 384
03-24 09:54:27.296  3217  3240 D VrRuntimeClient: VrRuntimeClient: enableRendering: activity client
03-24 09:54:27.296  3217  3240 D VrRuntimeClient: VrRuntimeClient: enableRendering: Using clientWindow=android.os.BinderProxy@30d23ba
03-24 09:54:27.296  2368  2368 D VrGuardianUserService: onStartCommandIntent { act=FOREGROUND_CLIENT cmp=com.oculus.guardian/com.oculus.vrguardianservice.VrGuardianUserService (has extras) }
03-24 09:54:27.296  2226  2258 D VrRuntimeService: enableRendering: 3217:com.oculus.shellenv: android.os.BinderProxy@1da45d1 enable: true
03-24 09:54:27.296  2226  2258 I ClientMgr: ClientMgr::EnableRendering 3217:com.oculus.shellenv : type 0 comp-id 4: enable
03-24 09:54:27.296  2226  2258 I TimeWarpClientMgr: Enable client 4
03-24 09:54:27.296  2226  2258 I VrRuntimeServer: EnableCompositorClient client(4): layer placement(0) flags(1) sm(0x7523f3f010)
03-24 09:54:27.296  2226  2258 I TimeWarp: CheckDebuggerConnected: debugger 0
03-24 09:54:27.296  2226  2258 I VrRuntimeServer: SysProp debug mode is disabled on Server side
03-24 09:54:27.297  3255 10201 I JniUtils: ovr_GetCurrentPackageSignature 
03-24 09:54:27.297  3255 10201 I Metrics : device name = Oculus Quest 2
03-24 09:54:27.299   727  1251 D AF::TrackHandle: OpPlayAudio: track:62 uid:10020 pkg:com.oculus.vrshell usage:1 not muted
03-24 09:54:27.299  2226  2258 I UnifiedTelemetryWrapper: Started UT session render:com.oculus.shellenv
03-24 09:54:27.299  2226  2304 I ClientMgr: Non-overlay clients rendering status has changed: prev=10, curr=11, enabled=1
03-24 09:54:27.299  2226  2304 I ClientMgr: Primary Client is not valid.
03-24 09:54:27.299  2226  2304 I ClientMgr: Primary client determined to be the current enabled client 4
03-24 09:54:27.300  2226  2304 I ClientMgr: Setting Primary Client to 4
03-24 09:54:27.300  2226  2304 I ClientMgr: ClientMgr::SetPrimaryCompositorClient: 3217:com.oculus.shellenv
03-24 09:54:27.300  2226  2304 I TimeWarpClientMgr: Enable client 4
03-24 09:54:27.300  2226  2304 W TimeWarpClientMgr: EnableClient: Client 4 arleady enabled
03-24 09:54:27.300  2226  2304 I VrRuntimeServer: EnableCompositorClient client(4): layer placement(0) flags(1) sm(0x7523f3f010)
03-24 09:54:27.300  2226  2304 I ServiceInputManager: ServiceInputManager::SetPrimaryPackageName 'com.oculus.shellenv' 'com.oculus.shellenv'  updated AnytimeUI processname 0
03-24 09:54:27.300  2226  2304 I VrRuntimeService: RuntimeIPC: SendPrimaryPackageChangeEvent: PostClientEvent SUCCESS: com.android.permissioncontroller:com.android.permissioncontroller:2635, com.oculus.shellenv, com.oculus.shellenv
03-24 09:54:27.300  2226  2304 I VrRuntimeService: RuntimeIPC: SendPrimaryPackageChangeEvent: PostClientEvent SUCCESS: com.oculus.vrshell:com.oculus.vrshell:Overlay:2307, com.oculus.shellenv, com.oculus.shellenv
03-24 09:54:27.300  2226  2304 I VrRuntimeService: RuntimeIPC: SendPrimaryPackageChangeEvent: PostClientEvent SUCCESS: com.oculus.vrshell:com.oculus.vrshell:3150, com.oculus.shellenv, com.oculus.shellenv
03-24 09:54:27.300  2226  2304 I VrRuntimeService: RuntimeIPC: SendPrimaryPackageChangeEvent: PostClientEvent SUCCESS: android.uid.systemui:10056:com.android.systemui:1356, com.oculus.shellenv, com.oculus.shellenv
03-24 09:54:27.300  2226  2304 I VrRuntimeService: RuntimeIPC: SendPrimaryPackageChangeEvent: PostClientEvent SUCCESS: com.oculus.shellenv:com.oculus.shellenv:3217, com.oculus.shellenv, com.oculus.shellenv
03-24 09:54:27.300  2226  2304 I VrRuntimeService: RuntimeIPC: SendPrimaryPackageChangeEvent: PostClientEvent SUCCESS: com.oculus.vrshell:com.oculus.vrshell:EnvOverlay:3255, com.oculus.shellenv, com.oculus.shellenv
03-24 09:54:27.300  2226  2304 I VrRuntimeService: RuntimeIPC: SendPrimaryPackageChangeEvent: PostClientEvent SUCCESS: com.oculus.guardian:com.oculus.vrguardianservice:2368, com.oculus.shellenv, com.oculus.shellenv
03-24 09:54:27.300  2226  2304 D VrRuntimeService: sendPrimaryPackageChangeBroadcast
03-24 09:54:27.300  2307  2307 D [OAO] ShellOverlayService: screenStateReceiver Received broadcast: com.oculus.vrshell.intent.action.PRIMARY_PACKAGE_CHANGED
03-24 09:54:27.301  2307  2307 I [OAO] ShellOverlayServiceJNI: NativeSendOverlayCommand
03-24 09:54:27.301  2307  2307 I [OAO] ShellOverlayServiceJNI: NativeWake
03-24 09:54:27.301  2307  2307 I [OAO] ShellOverlayMain: WakeVrThread
03-24 09:54:27.301  2307  2307 I [OAO] ShellOverlayMain: WakeVrThread - notifying vr thread
03-24 09:54:27.301  2226  2304 I AADT    : SetAADTLutDataX: 0
03-24 09:54:27.301  2226  2304 I AADT    : SetAADTLutDataY: 0
03-24 09:54:27.302  3255  3344 I AudioTrack: createTrack_l(0): AUDIO_OUTPUT_FLAG_FAST successful; frameCount 0 -> 384
03-24 09:54:27.302  3217  3240 I ScreenCaptureHelper: Advertising com.oculus.shellenv as streamable
03-24 09:54:27.302  2226  3302 I VrRuntimeService: GetSpecialSwapChain: 2366578548
03-24 09:54:27.302  3217  3240 I VrApi   : Creating Default swapchain
03-24 09:54:27.302  2226  3302 I VrRuntimeService: GetSpecialSwapChain: 2366578548
03-24 09:54:27.302  3217  3240 I VrApi   : Creating Loading Icon swapchain
03-24 09:54:27.303  3217  3240 I VrApi   : OVR::Stats thread started
03-24 09:54:27.303  3217  3240 I XrRuntimeSystem_Client: BeginSession
03-24 09:54:27.303  3217  3240 I VrApi   : ---------- vrapi_EnterVrMode [end] ----------
03-24 09:54:27.303  3217  3240 I VrRuntimeClient: Client has lost focus.
03-24 09:54:27.303  3217  3240 I VrApi   : Received ovrRuntime event 5
03-24 09:54:27.303  3217  3240 I VrApi   : Received ovrRuntime event 3
03-24 09:54:27.303  3217  3240 I VrApi   : Received ovrRuntime event 2
03-24 09:54:27.303  3217  3240 I VrApi   : Received ovrRuntime event 4
03-24 09:54:27.303  3217  3240 I VrApi   : Unhandled ovrRuntime Event 13
03-24 09:54:27.303  3217  3240 W OsSdk   : Requested historical tracking state too far in the past; oldest: 176.141865s, requested: 175.705957s
03-24 09:54:27.303  3217 10206 I FenceChecker: FenceChecker::MainLoop - started
03-24 09:54:27.306  2226  2295 I TimeWarp: SetSchedFifo( tid=3240, pol=2, pri=0 ) succeeded
03-24 09:54:27.307   859   859 E VrApiService: Error set scheduler for process 2226 thread 5304 to 2 : No such process (3)
03-24 09:54:27.307  2226  2295 I TimeWarp: SetSchedFifo( tid=5304, pol=2, pri=0 ) succeeded
03-24 09:54:27.307  2226  2295 I AADT    : SetAADTLutDataX. Thread. SizeX: 0
03-24 09:54:27.307  2226  2295 I AADT    : SetAADTLutDataY. Thread. SizeY: 0
03-24 09:54:27.307  2142  2159 I LibraryProvider: running queryApp(com.oculus.shellenv) for com.oculus.uid:10031
03-24 09:54:27.307  2142  2159 W LibraryProvider: Cannot find entitlement for com.oculus.shellenv
03-24 09:54:27.308  1950  1950 W OVRLibrary: null cursor received for query content://com.oculus.ocms.library/apps/com.oculus.shellenv
03-24 09:54:27.308  1950  1950 I PlatformPlugin: [PlatformPluginManager] SetSystemVoipPassthrough 0
03-24 09:54:27.308  1950  1950 E OVRPlatform: [PartiesAPI] ovr_Party_PluginGetSharedMemHandle: This function is deprecated, do not use
03-24 09:54:27.308  1330  1330 V AvrcpMediaPlayerList: onPlaybackConfigChanged(): Configs list size=4
03-24 09:54:27.309  1950  1950 E OVRMediaServiceManager: LivestreamingManager Not initialized
03-24 09:54:27.312  2226  2295 W TimeWarpClient: WarpToScreen: No completed frames to display for primary client 4. submittedFrameIndex = 1
03-24 09:54:27.312  3217  3240 I Clay    : EnvironmentStateSystem: Re-applying current IR due to resuming from pause
03-24 09:54:27.312  3217  3240 I Clay    : EnvironmentSystem: setCurrentEnvironment from '' to 'apk://com.oculus.environment.prod.spacestation/assets/scene.zip'
03-24 09:54:27.312  3217  3240 I VrApi   : Received ovrRuntime event 5
03-24 09:54:27.317  1591  1591 D OculusNotificationListenerService: Notification posted: 0|android|0|com.android.server.wm.AlertWindowNotification - com.oculus.vrshell|1000
03-24 09:54:27.319  2368  2478 I GuardianSystem: runtimeServiceSDKClient_.PackageChangeEvent: package=[com.oculus.shellenv], process=[com.oculus.shellenv]
03-24 09:54:27.319  2368  2478 I GuardianSystem: SetCurrentProcessName: com.oculus.shellenv, previous ProcessName: com.android.permissioncontroller
03-24 09:54:27.319  2226  2295 I TimeWarp: SetSchedFifo( tid=3240, pol=3, pri=0 ) succeeded
03-24 09:54:27.319  2226  2295 I TimeWarp: SetSchedFifo( tid=10206, pol=3, pri=0 ) succeeded
03-24 09:54:27.319  3217 10204 D VrApi   : targetSDKVersion 25
03-24 09:54:27.319  2307  2307 D [OAO] VrBroadcastReceiver: action: com.oculus.vrshell.intent.action.NOTIFICATION_WAKE
03-24 09:54:27.321  2226  2304 I VrRuntimeServer: DisableCompositorClient: 0
03-24 09:54:27.321  2226  2304 I TimeWarpClientMgr: Disable client 0
03-24 09:54:27.321  2226  2304 I TimeWarpClientMgr: DisableClient: frame flush required: 1
03-24 09:54:27.321  3217 10204 I JniUtils: ovr_GetCurrentPackageSignature 
03-24 09:54:27.322  2307  2307 I [OAO] VrNotificationListenerService: onNotificationPosted(): key = 0|android|0|com.android.server.wm.AlertWindowNotification - com.oculus.vrshell|1000, type = third_party
03-24 09:54:27.322  2307  2307 I [OAO] VrNotificationListenerService: onNotificationPosted(): user|package|tag|id = UserHandle{0}|android|com.android.server.wm.AlertWindowNotification - com.oculus.vrshell|0
03-24 09:54:27.322  3217 10204 I Metrics : device name = Oculus Quest 2
03-24 09:54:27.322  3255  3344 D [SEO] ShellApplication: requestAudioFocus, transientFocus=false
03-24 09:54:27.322  3255  3344 W AudioManager: Use of stream types is deprecated for operations other than volume control
03-24 09:54:27.322  3255  3344 W AudioManager: See the documentation of requestAudioFocus() for what to use instead with android.media.AudioAttributes to qualify your playback use case
03-24 09:54:27.322  1081  6516 I MediaFocusControl: requestAudioFocus() from uid/pid 10020/3255 clientId=android.media.AudioManager@89b1ea8com.oculus.vrshell.ShellAudioFocusHandler@b536dc1 callingPack=com.oculus.vrshell req=1 flags=0x0 sdk=27
03-24 09:54:27.323  3255  3344 I [OAR] AudioSystem: Got audio focus : 1
03-24 09:54:27.324  3074  3074 D [SUI] NotificationBroadcastReceiver: action: com.oculus.intent.action.NOTIF_CHANGE
03-24 09:54:27.324  3074  3074 I NotificationManagerSourceHandler: Dataset has changed
03-24 09:54:27.326   706   932 D msm8974_platform: platform_split_snd_device: snd_device(2) num devices(1) new_snd_devices(0)
03-24 09:54:27.326   706   932 D ACDB-LOADER: ACDB -> send_audvoltable
03-24 09:54:27.326   706   932 D ACDB-LOADER: ACDB -> ACDB_CMD_GET_AUDPROC_INSTANCE_GAIN_DEP_STEP_TABLE_SIZE
03-24 09:54:27.326   706   932 D ACDB-LOADER: ACDB -> ACDB_CMD_GET_AUDPROC_INSTANCE_GAIN_DEP_STEP_TABLE, vol index 11
03-24 09:54:27.326   706   932 D ACDB-LOADER: ACDB -> AUDIO_SET_VOL_CAL cal type = 40
03-24 09:54:27.327   706   932 D msm8974_platform: platform_split_snd_device: snd_device(2) num devices(1) new_snd_devices(0)
03-24 09:54:27.327   706   932 D ACDB-LOADER: ACDB -> send_audvoltable
03-24 09:54:27.327   706   932 D ACDB-LOADER: ACDB -> ACDB_CMD_GET_AUDPROC_INSTANCE_GAIN_DEP_STEP_TABLE_SIZE
03-24 09:54:27.327   706   932 D ACDB-LOADER: ACDB -> ACDB_CMD_GET_AUDPROC_INSTANCE_GAIN_DEP_STEP_TABLE, vol index 11
03-24 09:54:27.327   706   932 D ACDB-LOADER: ACDB -> AUDIO_SET_VOL_CAL cal type = 40
03-24 09:54:27.329  2307  2307 D VrNotificationAnalytics: logNotificationPosted(third_party)
03-24 09:54:27.330  2307  2307 D [OAO] VrNotificationService: VrNotificationService onStartCommand() Intent { cmp=com.oculus.vrshell/.VrNotificationService }
03-24 09:54:27.333  2142  2212 I LibraryProvider: running queryApp(com.oculus.environment.prod.spacestation) for com.oculus.vrshell
03-24 09:54:27.341  2307  2337 I [OAO] ShellOverlayApp: 0xcb3b8c08 msg: overlayCommand:
03-24 09:54:27.341  2307  2337 I [OAO] ShellOverlayApp: command = primaryPackageChanged
03-24 09:54:27.341  2307  2337 I [OAO] ShellOverlayApp: Process_OverlayCommand command : primaryPackageChanged
03-24 09:54:27.341  2307  2337 I [OAO] ShellOverlayApp: UpdatePrimaryPackage
03-24 09:54:27.341  2307  2337 I [OAO] ShellOverlayApp: UpdatePrimaryPackage Requested for PackageName:com.oculus.shellenv  IsFocusAware:0
03-24 09:54:27.341  2307  2337 I [OAO] ShellOverlayApp: UpdatePrimaryPackage Package change detected. Previous package:[com.android.permissioncontroller]
03-24 09:54:27.341  2307  2337 I [OAO] OverlayFlowController: OnPrimaryPackageChange primaryPackage:com.oculus.shellenv immersiveAppChanged:1
03-24 09:54:27.341  2307  2337 I [OAO] OverlayFlowController: Non system primary client change: ready to sleep
03-24 09:54:27.341  2307  2337 I [OAO] OverlayFlowController: Reset resetReason : 5
03-24 09:54:27.341  2307  2337 I [OAO] OverlayGuardianFlow: OverlayGuardianFlow Deactivated
03-24 09:54:27.341  2307  2337 I [OAO] SystemAssistant: OnModeChanged requested with no change FullShell
03-24 09:54:27.341  2307  2337 I [OAO] SystemAssistant: Assistant panel is not active. Command [hide-attention-instant] could not be sent
03-24 09:54:27.341  2307  2337 I [OAO] DialogController: CloseDialogs() old: 0, pendingUri: systemux://dialog/none, pendingComponent: 
03-24 09:54:27.341  2307  2337 I [OAO] DialogController: ResetDialog old: 0, activeUri systemux://dialog/none, activeReturnComponent 
03-24 09:54:27.341  2307  2337 I [OAO] SystemTabletController: Reset, reason: 5, taskBarVisibility: 1
03-24 09:54:27.341  2307  2337 I [OAO] SystemDialogController: Reset
03-24 09:54:27.341  2307  2337 I [OAO] DialogControllerManager: Reset
03-24 09:54:27.341  2307  2337 I [OAO] FlowController: UpdateActiveFlow from (none) to OverlayGuardianFlow
03-24 09:54:27.341  2307  2337 I [OAO] OverlayGuardianFlow: OverlayGuardianFlow Activated
03-24 09:54:27.341  2307  2337 I [OAO] SystemDialogController: Reset
03-24 09:54:27.342  3255  3344 I [OAR] VrShellDesktopBase: Foreground desktop
03-24 09:54:27.342  3255  3344 I [OAR] SystemUXController: Recentering for launch - None, , 
03-24 09:54:27.342  3255  3344 I [OAR] LocalSpace: ResetNextFrame
03-24 09:54:27.342  3255  3344 I [OAR] GuardianController: auiPanel == nullptr
03-24 09:54:27.342  3255  3344 I [OAR] SystemAssistant: OnModeChanged from ImmersiveAppFocused to FullShell
03-24 09:54:27.342  3255  3344 I [OAR] TaskBarSpacePanelController: EnterVrMode(offsetPitch 0.000000 radians, offsetYaw 0.000000 radians)
03-24 09:54:27.342  3255  3344 I [OAR] LocalSpace: EnterVrMode: Setting local pose state.
03-24 09:54:27.347  3255  3344 I [OAR] InputManager: Adding hand deviceId = 536870916
03-24 09:54:27.347  3255  3344 I [OAR] ShaderCache: ShaderCache::ShaderCache()
03-24 09:54:27.347  3255  3344 I [OAR] ModelFile: LoadModelFileFromMemory pinchArrowBlend.gltf.ovrscene 12891
03-24 09:54:27.347  3255  3344 I [OAR] ModelFile: LoadModelFileFromMemory zfp = 0xc57c8c00
03-24 09:54:27.348  3255  3344 I [OAR] ModelFile_glTF: LoadModelFile_glTF_Json parsing pinchArrowBlend.gltf.ovrscene
03-24 09:54:27.349  3255  3344 I [OAR] ShaderCache: ShaderCache::compiling PBR shader for featureMask 576
03-24 09:54:27.351  3255  3344 I [OAR] ShaderCache: ShaderCache::ShaderCache()
03-24 09:54:27.351  3255  3344 I [OAR] ModelFile: LoadModelFileFromMemory guardianLaserBeam.gltf.ovrscene 12681
03-24 09:54:27.351  3255  3344 I [OAR] ModelFile: LoadModelFileFromMemory zfp = 0xc57db100
03-24 09:54:27.352  2368  2478 I GuardianSystem: runtimeServiceSDKClient_.ForceShowGuardianEvent
03-24 09:54:27.352  2368  2478 I GuardianSystem: ForceShowGuardian: false, 0.00
03-24 09:54:27.352  3255  3344 I [OAR] ModelFile_glTF: LoadModelFile_glTF_Json parsing guardianLaserBeam.gltf.ovrscene
03-24 09:54:27.352  2226  2679 I VrRuntimeService: RuntimeServiceSDKServer::SetGuardianStationaryInfo: 1412622055
03-24 09:54:27.353  3255  3344 I [OAR] ShaderCache: ShaderCache::compiling PBR shader for featureMask 576
03-24 09:54:27.354  1950  1950 I PlatformPlugin: [PlatformPluginManager] Stopping party chat
03-24 09:54:27.357  3217  3240 I Clay    : Updating tracking space to: 1
03-24 09:54:27.358  3255  3344 I [OAR] InputManager: Adding hand deviceId = 536870917
03-24 09:54:27.359  3255  3344 I [OAR] ShaderCache: ShaderCache::ShaderCache()
03-24 09:54:27.359  3255  3344 I [OAR] ModelFile: LoadModelFileFromMemory pinchArrowBlend.gltf.ovrscene 12891
03-24 09:54:27.359  3255  3344 I [OAR] ModelFile: LoadModelFileFromMemory zfp = 0xc5a13500
03-24 09:54:27.360  3255  3344 I [OAR] ModelFile_glTF: LoadModelFile_glTF_Json parsing pinchArrowBlend.gltf.ovrscene
03-24 09:54:27.361  3255  3344 I [OAR] ShaderCache: ShaderCache::compiling PBR shader for featureMask 576
03-24 09:54:27.364  3255  3344 I [OAR] ShaderCache: ShaderCache::ShaderCache()
03-24 09:54:27.364  3255  3344 I [OAR] ModelFile: LoadModelFileFromMemory guardianLaserBeam.gltf.ovrscene 12681
03-24 09:54:27.364  3255  3344 I [OAR] ModelFile: LoadModelFileFromMemory zfp = 0xbc374600
03-24 09:54:27.365  3255  3344 I [OAR] ModelFile_glTF: LoadModelFile_glTF_Json parsing guardianLaserBeam.gltf.ovrscene
03-24 09:54:27.366  3255  3344 I [OAR] ShaderCache: ShaderCache::compiling PBR shader for featureMask 576
03-24 09:54:27.372  3255  3344 I [OAR] InputManager: Switching Primary controller due to vrapi
03-24 09:54:27.372  3255  3344 I [OAR] InputManager: Secondary input source selection id=536870917
03-24 09:54:27.372  3255  3344 I [OAR] RouteInput: New inputState.cursorTraceSource: 2
03-24 09:54:27.372  3255  3344 I [OAR] LocalSpace: Reset - initialRawFromLocalPose: quat(-0.235107, 0.823281, -0.387848, -0.341331), translation(0.012637, -0.459777, -0.121939)
03-24 09:54:27.372  3255  3344 I [OAR] LocalSpace: Applying VRAPI Reorient
03-24 09:54:27.372  2226  3364 I VrRuntimeService: RuntimeServiceSDKServer::RecenterLocalSpace
03-24 09:54:27.372  2226  3364 I VrRuntimeService: RuntimeServiceSDKServer::RecenterLocalSpaceInternal
03-24 09:54:27.372  2226  3364 I VrRuntimeServer: UpdateLocalSpace: Src: 2, Version: 11, VersionUser: 0, RawFloorHeightOld: -0.556087, RawFloorHeightNew: -0.556087
03-24 09:54:27.372  3255  3344 I [OAR] LocalSpace: New Space: quat(-0.478867, -0.178054, 0.299595, -0.805745), translation(0.000000, 0.074848, 0.000000) - Prior Space: quat(-0.444211, -0.045680, 0.091529, -0.890063), translation(0.000000, 0.096310, 0.000000)
03-24 09:54:27.372  3255  3344 I [OAR] LocalSpace: Local space version from 10 to 11, local space user version from 0 to 0.
03-24 09:54:27.372  3255  3344 I [OAR] DialogControllerManager: Dialog change detected; updating dialog UI.
03-24 09:54:27.372  3255  3344 I [OAR] DialogControllerManager: Old dialog: type: systemux://dialog/none, uri "systemux://dialog/none", return component: ""
03-24 09:54:27.372  3255  3344 I [OAR] DialogControllerManager: New dialog: type: systemux://guardian/setup, uri "systemux://guardian/setup?dialogName=MAP_FOUND", return component: ""
03-24 09:54:27.372  3255  3344 D [SEO] ShellApplication: requestAudioFocus, transientFocus=false
03-24 09:54:27.372  3255  3344 W AudioManager: Use of stream types is deprecated for operations other than volume control
03-24 09:54:27.372  3255  3344 W AudioManager: See the documentation of requestAudioFocus() for what to use instead with android.media.AudioAttributes to qualify your playback use case
03-24 09:54:27.373  1081  2099 I MediaFocusControl: requestAudioFocus() from uid/pid 10020/3255 clientId=android.media.AudioManager@89b1ea8com.oculus.vrshell.ShellAudioFocusHandler@b536dc1 callingPack=com.oculus.vrshell req=1 flags=0x0 sdk=27
03-24 09:54:27.373  3255  3344 I [OAR] DialogControllerManager: Got Audio Focus : 1
03-24 09:54:27.373  3255  3344 I [OAR] DialogControllerManager: LaunchData: systemux://guardian/setup?dialogName=MAP_FOUND
03-24 09:54:27.374  3255  3344 I [SEO] CommonSystemDialog: Unable to find common dialog for systemux route "GUARDIAN_DIALOG(systemux://guardian/setup)".
03-24 09:54:27.374  3255  3344 I [OAR] DialogController: CloseDialogs() old: 0, pendingUri: systemux://dialog/none, pendingComponent: 
03-24 09:54:27.374  3255  3344 I [OAR] SystemDialogController: ShowVrShellDialog
03-24 09:54:27.374  3255  3344 I [OAR] SystemTaskBarV2: Create PanelApp
03-24 09:54:27.374  3255  3344 I [OAR] HostPlatform: Retrieving component launch information for package (com.oculus.systemux) and service (com.oculus.panelapp.anytimeui.AnytimeUIAndroidPanelService)
03-24 09:54:27.376  3255  3344 I [OAR] HostPlatform: Is valid panel service component for package (com.oculus.systemux) and service (com.oculus.panelapp.anytimeui.AnytimeUIAndroidPanelService) - true
03-24 09:54:27.376  3255  3344 I [OAR] ShellApp: CreatePanelApp( com.oculus.systemux/com.oculus.panelapp.anytimeui.AnytimeUIAndroidPanelService )
03-24 09:54:27.376  3255  3344 I [OAR] ShellApp: Environment:
03-24 09:54:27.376  3255  3344 I [OAR] ShellApp: Notifying foreground panel changed
03-24 09:54:27.377  3255  3344 I [OAR] PanelAppHost: PanelAppHost( com.oculus.systemux/com.oculus.panelapp.anytimeui.AnytimeUIAndroidPanelService ) for PanelId 7
03-24 09:54:27.377  3255  3344 I [OAR] PanelAppHost: Panel app 7 (com.oculus.systemux/com.oculus.panelapp.anytimeui.AnytimeUIAndroidPanelService) changing state from startup to foreground
03-24 09:54:27.378  2226  3302 I VrRuntimeService: CreateAndroidSurfaceSwapChain: 2366578548
03-24 09:54:27.378  2226  3302 I VrRuntimeService: CreateAndroidSurfaceSwapChain: 131072 1 32856 1 1 1 1 1 0 0
03-24 09:54:27.378  2226  3302 I VrRuntimeServer: CreateAndroidSurfaceSwapChain: result surface 0x743751c000
03-24 09:54:27.380  3217  3240 I VrApi   : Unhandled ovrRuntime Event 13
03-24 09:54:27.381  2226  3302 I VrRuntimeService: CreateAndroidSurfaceSwapChain: 2366578548
03-24 09:54:27.381  2226  3302 I VrRuntimeService: CreateAndroidSurfaceSwapChain: 131072 1 32856 1 1 1 1 1 0 0
03-24 09:54:27.381  2226  3302 I VrRuntimeServer: CreateAndroidSurfaceSwapChain: result surface 0x74220fd000
03-24 09:54:27.383  2226  3302 I VrRuntimeService: CreateAndroidSurfaceSwapChain: 2366578548
03-24 09:54:27.383  2368  2478 I GuardianSurfaceMgr: ForceShowSurfaceBounds: false, 1.00
03-24 09:54:27.383  2226  3302 I VrRuntimeService: CreateAndroidSurfaceSwapChain: 131072 1 32856 1 1 1 1 1 0 0
03-24 09:54:27.383  2368  2478 I GuardianSurfaceMgr: ForceShowSurfaceBounds: Soft fade out: currentTime 176.51, ForceShowTime 177.51, ForceShowFadeTime 178.51
03-24 09:54:27.383  2368  2478 I GuardianSystem: UpdateSystem: Responding to local space version number change.
03-24 09:54:27.383  2226  3302 I VrRuntimeServer: CreateAndroidSurfaceSwapChain: result surface 0x7422301000
03-24 09:54:27.385  3255  3344 I [OAR] PanelAppHost: Passing env var _oc_device_type = 259
03-24 09:54:27.386  3255  3344 I [OAR] PanelAppHost: Passing env var _oc_analytics_session_id = 2bf169e0-376d-4681-9e98-f8ec5cbbbf2e
03-24 09:54:27.386  3255  3344 I [OAR] PanelAppHost: Passing env var _oc_userid = 344117166667438
03-24 09:54:27.386  3255  3344 I [OAR] PanelAppHost: Passing env var _oc_enterprise_mode = false
03-24 09:54:27.386  3255  3344 I [OAR] PanelAppHost: Passing env var _oc_shell_version_name = 26.0.0.40.502
03-24 09:54:27.386  3255  3344 I [OAR] PanelAppHost: Passing env var _oc_shell_version_code = 274988282
03-24 09:54:27.386  3255  3344 I [OAR] PanelAppHost: Passing env var _oc_shell_automation_enabled = false
03-24 09:54:27.386  3255  3344 I [OAR] PanelAppHost: Passing env var _oc_shell_view_id_debugging_enabled = false
03-24 09:54:27.386  3255  3344 I [OAR] PanelAppHost: Passing env var _oc_shell_pixel_density = 20
03-24 09:54:27.386  3255  3344 I [OAR] PanelAppHost: Passing env var _oc_shell_render_scale = 1.250000
03-24 09:54:27.386  3255  3344 I [OAR] PanelAppHost: Passing env var _oc_shell_guardian_disabled = false
03-24 09:54:27.386  3255  3344 I [OAR] PanelAppHost: Passing env var _oc_shell_ux_policy = {
03-24 09:54:27.386  3255  3344 I [OAR] PanelAppHost: 	"glassDesktop" : false,
03-24 09:54:27.386  3255  3344 I [OAR] PanelAppHost: 	"panelBackgroundLayerOriginDepths" : 
03-24 09:54:27.386  3255  3344 I [OAR] PanelAppHost: 	{
03-24 09:54:27.386  3255  3344 I [OAR] PanelAppHost: 		"far" : 0.2,
03-24 09:54:27.386  3255  3344 I [OAR] PanelAppHost: 		"mid" : 0.015,
03-24 09:54:27.386  3255  3344 I [OAR] PanelAppHost: 		"near" : 0.01
03-24 09:54:27.386  3255  3344 I [OAR] PanelAppHost: 	}
03-24 09:54:27.386  3255  3344 I [OAR] PanelAppHost: }
03-24 09:54:27.386  3255  3344 I [OAR] PanelAppHost: Passing env var _oc_shell_feature_sets = multi-layer-v1,mirror-avatar-v1,system-ux-routes-v1,deeplink-nav-v1,clock-levels-v1,layerTranslate-v1,layerScaleDensity-v1,layerScaleDensity-v2,multiapp-alpha-v1,multiapp-v1,multiapp-v2,recoverInstances-v1,system-ux-file-picker-v1,secure-layers-v1
03-24 09:54:27.386  3255  3344 I [OAR] PanelAppHost: Passing env var _oc_launch_timestamp = 176499
03-24 09:54:27.386  3255  3344 I [OAR] PanelAppHost: Passing env var _oc_gk:oculus_vrshell_anytimeui_v2_profile_revamp = true
03-24 09:54:27.386  3255  3344 I [OAR] PanelAppHost: Passing env var _oc_gk:oculus_vr_keyboard_enabled = false
03-24 09:54:27.386  3255  3344 I [OAR] PanelAppHost: Passing env var _oc_gk:oculus_systemux_deviceconfig_enabled = false
03-24 09:54:27.386  3255  3344 I [OAR] PanelAppHost: Passing env var _oc_gk:oculus_stationary_guardian_v2 = true
03-24 09:54:27.386  3255  3344 I [OAR] PanelAppHost: Passing env var _oc_gk:oculus_social_panel_events_only = true
03-24 09:54:27.386  3255  3344 I [OAR] PanelAppHost: Passing env var _oc_gk:oculus_share_party_button = false
03-24 09:54:27.386  3255  3344 I [OAR] PanelAppHost: Passing env var _oc_gk:oculus_quest_infinite_office_platform = false
03-24 09:54:27.386  3255  3344 I [OAR] PanelAppHost: Passing env var _oc_gk:oculus_phone_notifications = false
03-24 09:54:27.386  3255  3344 I [OAR] PanelAppHost: Passing env var _oc_gk:oculus_party_per_person_mute = false
03-24 09:54:27.386  3255  3344 I [OAR] PanelAppHost: Passing env var _oc_gk:oculus_notifications_feed_refresh = false
03-24 09:54:27.386  3255  3344 I [OAR] PanelAppHost: Passing env var _oc_gk:oculus_new_notifications_sound = true
03-24 09:54:27.386  3255  3344 I [OAR] PanelAppHost: Passing env var _oc_gk:oculus_mobile_store_exp_v23_system_apps_tiles = false
03-24 09:54:27.386  3255  3344 I [OAR] PanelAppHost: Passing env var _oc_gk:oculus_mobile_store_exp_v23_store_always_first_app = false
03-24 09:54:27.386  3255  3344 I [OAR] PanelAppHost: Passing env var _oc_gk:oculus_mobile_store_exp_v23_1p_apps_pinned_colored = false
03-24 09:54:27.386  3255  3344 I [OAR] PanelAppHost: Passing env var _oc_gk:oculus_mobile_settings_input_haptics_amplitude = true
03-24 09:54:27.386  3255  3344 I [OAR] PanelAppHost: Passing env var _oc_gk:oculus_vrshell_multiapp_public = true
03-24 09:54:27.386  3255  3344 I [OAR] PanelAppHost: Passing env var _oc_gk:oculus_mobile_settings_controller_effects = false
03-24 09:54:27.386  3255  3344 I [OAR] PanelAppHost: Passing env var _oc_gk:oculus_mobile_pointer_pose_filter_tuning = false
03-24 09:54:27.386  3255  3344 I [OAR] PanelAppHost: Passing env var _oc_gk:oculus_mobile_pause_invite_enabled = false
03-24 09:54:27.386  3255  3344 I [OAR] PanelAppHost: Passing env var _oc_gk:oculus_mobile_library_state_auto_reset = true
03-24 09:54:27.386  3255  3344 I [OAR] PanelAppHost: Passing env var _oc_gk:oculus_video_enable_audio_virtualization = true
03-24 09:54:27.386  3255  3344 I [OAR] PanelAppHost: Passing env var _oc_gk:oculus_vrshell_deviceconfig_enabled = false
03-24 09:54:27.386  3255  3344 I [OAR] PanelAppHost: Passing env var _oc_gk:oculus_vrshell_keyboard_transcription = false
03-24 09:54:27.386  3255  3344 I [OAR] PanelAppHost: Passing env var _oc_gk:oculus_mobile_library_apps_disk_cache = true
03-24 09:54:27.386  3255  3344 I [OAR] PanelAppHost: Passing env var _oc_gk:oculus_mobile_instant_replay = false
03-24 09:54:27.386  3255  3344 I [OAR] PanelAppHost: Passing env var _oc_gk:oculus_travel_together_async_flow_only = true
03-24 09:54:27.386  3255  3344 I [OAR] PanelAppHost: Passing env var _oc_gk:oculus_mobile_guardian_mr_desk_gk = false
03-24 09:54:27.386  3255  3344 I [OAR] PanelAppHost: Passing env var _oc_gk:oculus_mobile_auiv2_store_op_group_5 = false
03-24 09:54:27.386  3255  3344 I [OAR] PanelAppHost: Passing env var _oc_gk:oculus_mobile_store_exp_v23_bar_label_enabled = true
03-24 09:54:27.386  3255  3344 I [OAR] PanelAppHost: Passing env var _oc_gk:oculus_mobile_auiv2_store_op_group_2 = false
03-24 09:54:27.386  3255  3344 I [OAR] PanelAppHost: Passing env var _oc_gk:oculus_mobile_auiv2_store_op_group_1 = true
03-24 09:54:27.386  3255  3344 I [OAR] PanelAppHost: Passing env var _oc_gk:oculus_fitness_tracking_dogfooding = false
03-24 09:54:27.386  3255  3344 I [OAR] PanelAppHost: Passing env var _oc_gk:oculus_mobile_auiv2_active_call_bar_enhanced = true
03-24 09:54:27.386  3255  3344 I [OAR] PanelAppHost: Passing env var _oc_gk:oculus_mobile_aui_v2_qp_killswitch = false
03-24 09:54:27.386  3255  3344 I [OAR] PanelAppHost: Passing env var _oc_gk:oculus_messenger_quick_chat_dialog = true
03-24 09:54:27.386  3255  3344 I [OAR] PanelAppHost: Passing env var _oc_gk:oculus_messenger = true
03-24 09:54:27.386  3255  3344 I [OAR] PanelAppHost: Passing env var _oc_gk:oculus_mobile_store_exp_v23_store_in_app_tiles = false
03-24 09:54:27.386  3255  3344 I [OAR] PanelAppHost: Passing env var _oc_gk:oculus_developer = true
03-24 09:54:27.386  3255  3344 I [OAR] PanelAppHost: Passing env var _oc_gk:oculus_configurable_mtp_dialog = true
03-24 09:54:27.386  3255  3344 I [OAR] PanelAppHost: Passing env var _oc_gk:oculus_vrshell_input_overlay_composition = false
03-24 09:54:27.386  3255  3344 I [OAR] PanelAppHost: Passing env var _oc_gk:oculus_mobile_guardian_surface_creation_gk = true
03-24 09:54:27.386  3255  3344 I [OAR] PanelAppHost: Passing env var _oc_gk:oculus_vrshell_browser_resize_public = true
03-24 09:54:27.386  3255  3344 I [OAR] PanelAppHost: Passing env var _oc_gk:oculus_aui_oc_profile_party_button = true
03-24 09:54:27.386  3255  3344 I [OAR] PanelAppHost: Passing env var _oc_gk:oculus_aui2_fb_profile_party_button = true
03-24 09:54:27.386  3255  3344 I [OAR] PanelAppHost: Passing env var _oc_gk:assistant_oculus_doubletap_setting = false
03-24 09:54:27.386  3255  3344 I [OAR] PanelAppHost: Passing env var _oc_gk:oc_notifs_nuc_xr_device = true
03-24 09:54:27.386  3255  3344 I [OAR] PanelAppHost: Passing env var _oc_gk:oc_keyboard_settings_section = false
03-24 09:54:27.386  3255  3344 I [OAR] PanelAppHost: Passing env var _oc_gk:oculus_mobile_auiv2_store_op_group_4 = false
03-24 09:54:27.386  3255  3344 I [OAR] PanelAppHost: Passing env var _oc_gk:oculus_mobile_store_exp_v23_store_in_bar_left = true
03-24 09:54:27.386  3255  3344 I [OAR] PanelAppHost: Passing env var _oc_gk:oculus_intrusion_detection = false
03-24 09:54:27.386  3255  3344 I [OAR] PanelAppHost: Passing env var _oc_gk:oc_assistant_wakeword_enabled = false
03-24 09:54:27.386  3255  3344 I [OAR] PanelAppHost: Passing env var _oc_gk:oc_assistant_keyboard_fl = false
03-24 09:54:27.386  3255  3344 I [OAR] PanelAppHost: Passing env var _oc_gk:oculus_vrshell_enable_store_app_routing = false
03-24 09:54:27.386  3255  3344 I [OAR] PanelAppHost: Passing env var _oc_gk:in_app_assistant_on_oculus = false
03-24 09:54:27.386  3255  3344 I [OAR] PanelAppHost: Passing env var _oc_gk:oculus_mobile_auiv2_android_settings = true
03-24 09:54:27.386  3255  3344 I [OAR] PanelAppHost: Passing env var _oc_gk:oculus_mobile_auiv2_active_call_bar = true
03-24 09:54:27.386  3255  3344 I [OAR] PanelAppHost: Passing env var _oc_gk:assistant_on_oculus = false
03-24 09:54:27.386  3255  3344 I [OAR] PanelAppHost: Passing env var _oc_gk:oculus_mobile_auiv2_store_op_group_3 = false
03-24 09:54:27.386  3255  3344 I [OAR] PanelAppHost: Passing env var _oc_gk:oculus_vrshell_core_quest_retaildemo = false
03-24 09:54:27.387  3255  3344 I [OAR] PanelAppHost: Passing env var _oc_gk:oculus_video_enable_fast_seek_on_dash_load = false
03-24 09:54:27.387  3255  3344 I [OAR] PanelAppHost: Passing env var _oc_gk:oculus_vrshell_physical_keyboard = false
03-24 09:54:27.387  3255  3344 I [OAR] PanelAppHost: Passing env var _oc_gk:oculus_video_enable_codec_cache = false
03-24 09:54:27.387  3255  3344 I [OAR] PanelAppHost: Passing env var _oc_gk:oculus_vrshell_mouse_input = true
03-24 09:54:27.387  3255  3344 I [OAR] PanelAppHost: Passing env var _oc_gk:oculus_vrshell_keyboard_typeahead = false
03-24 09:54:27.387  3255  3344 I [OAR] PanelAppHost: Passing env var _oc_gk:oculus_ocui_system_theme_setting = false
03-24 09:54:27.387  3255  3344 I [OAR] PanelAppHost: Passing env var _oc_gk:oculus_mobile_store_exp_v23_store_in_bar_right = false
03-24 09:54:27.387  3255  3344 I [OAR] PanelAppHost: Passing env var _oc_gk:oculus_vrshell_keyboard_typeahead_default_on = false
03-24 09:54:27.387  3255  3344 I [OAR] PanelAppHost: Passing env var _oc_gk:oculus_ocui_font_scaling = true
03-24 09:54:27.387  3255  3344 I [OAR] PanelAppHost: Passing env var _oc_gk:oc_vrshell_keyboard_transcription_feedback = false
03-24 09:54:27.387  3255  3344 I [OAR] PanelAppHost: Passing env var _oc_gk:oculus_vrshell_anytimeui_v2_show_pymks = true
03-24 09:54:27.387  3255  3344 I [OAR] PanelAppHost: Passing env var _oc_gk:oculus_vrshell_keyboard_remote_input = false
03-24 09:54:27.387  3255  3344 I [OAR] PanelAppHost: Passing env var _oc_gk:oculus_social_party_fb_upsell = true
03-24 09:54:27.387  3255  3344 I [OAR] PanelAppHost: Passing env var _oc_gk:oc_assistant_quick_actions_color = true
03-24 09:54:27.387  3255  3344 I [OAR] PanelAppHost: Passing env var _oc_gk:oculus_vrshell_force_focus_awareness_experiment = true
03-24 09:54:27.387  3255  3344 I [OAR] PanelAppHost: Passing env var _oc_gk:oculus_mobile_setting_hand_tracking_frequency = false
03-24 09:54:27.387  3255  3344 I [OAR] PanelAppHost: Passing env var _oc_gk:oc_auiv2_social_view_apk = false
03-24 09:54:27.387  3255  3344 I [OAR] PanelAppHost: Passing env var _oc_gk:oculus_mobile_auiv2_onboarding_tutorial = true
03-24 09:54:27.387  3255  3344 I [OAR] PanelAppHost: Passing env var _oc_gk:oculus_vrshell_enable_explore_app_routing = true
03-24 09:54:27.387  3255  3344 I [OAR] PanelAppHost: Passing env var _oc_gk:oculus_home_layertransform = false
03-24 09:54:27.387  3255  3344 I [OAR] PanelAppHost: Passing env var _oc_gk:oculus_mobile_home_js_bundle_qa_only = false
03-24 09:54:27.387  3255  3344 I [OAR] PanelAppHost: Passing env var _oc_gk:oculus_guardian_reality_tuner = false
03-24 09:54:27.387  3255  3344 I [OAR] PanelAppHost: Passing env var _oc_gk:oc_aui_messenger_entry_icon = false
03-24 09:54:27.387  3255  3344 I [OAR] PanelAppHost: Passing env var _oc_gk:oc_social_h1_2020_mobile_sharing_updates = true
03-24 09:54:27.387  3255  3344 I [OAR] PanelAppHost: Passing env var _oc_gk:oculus_vrshell_anytimeui_movement_killswitch = false
03-24 09:54:27.387  3255  3344 I [OAR] PanelAppHost: Passing env var _oc_gk:oculus_vr_shell_enable_social_back_panel_routing = true
03-24 09:54:27.387  3255  3344 I [OAR] PanelAppHost: Passing env var _oc_gk:oc_vrshell_copresence = false
03-24 09:54:27.387  3255  3344 I [OAR] PanelAppHost: Passing env var _oc_gk:oculus_report_auto_video_capture = false
03-24 09:54:27.387  3255  3344 I [OAR] PanelAppHost: Passing env var _oc_gk:oculus_mobile_passthrough_portal = false
03-24 09:54:27.387  3255  3344 I [OAR] PanelAppHost: Passing env var _oc_gk:oculus_video_use_experimental_abr = false
03-24 09:54:27.387  3255  3344 I [OAR] PanelAppHost: Passing env var _oc_gk:oculus_quest_dogfooding_update = false
03-24 09:54:27.387  3255  3344 I [OAR] PanelAppHost: Passing env var _oc_gk:oculus_social_platform_content_provider = false
03-24 09:54:27.387  3255  3344 I [OAR] PanelAppHost: Passing env var _oc_gk:oculus_video_enable_early_frame_release = true
03-24 09:54:27.387  3255  3344 I [OAR] PanelAppHost: Passing env var _oc_gk:oculus_video_enable_data_cache = false
03-24 09:54:27.387  3255  3344 I [OAR] PanelAppHost: Passing env var _oc_gk:oculus_mobile_store_exp_v23_get_more_apps_enabled = true
03-24 09:54:27.387  3255  3344 I [OAR] PanelAppHost: Passing env var _oc_gk:oc_native_voice_activity_log_page = true
03-24 09:54:27.387  3255  3344 I [OAR] PanelAppHost: Passing env var _oc_gk:oc_assistant_tts_selection = false
03-24 09:54:27.387  3255  3344 I [OAR] PanelAppHost: Passing env var _oc_gk:oculus_vrshell_multiapp_allapps_experimental = false
03-24 09:54:27.387  3255  3344 I [OAR] PanelAppHost: Passing env var _oc_gk:oculus_vrshell_iap_in_overlay_disable = true
03-24 09:54:27.387  3255  3344 I [OAR] PanelAppHost: Passing env var _oc_gk:oculus_share_media_to_fb_stories = false
03-24 09:54:27.387  3255  3344 I [OAR] PanelAppHost: Passing env var _oc_gk:oculus_vrshell_cursor_start_fov_check = true
03-24 09:54:27.387  3255  3344 I [OAR] PanelAppHost: Passing env var _oc_gk:oculus_quest_profile_sharing = true
03-24 09:54:27.387  3255  3344 I [OAR] PanelAppHost: Passing env var _oc_gk:messenger_vr_default_to_messenger_tab = true
03-24 09:54:27.387  3255  3344 I [OAR] PanelAppHost: Passing env var _oc_gk:oculus_vrshell_multiapp_rollout = true
03-24 09:54:27.387  3255  3344 I [OAR] PanelAppHost: Passing env var _oc_gk:oculus_vrshell_selection_assist_simple = false
03-24 09:54:27.387  3255  3344 I [OAR] PanelAppHost: Passing env var _oc_gk:oculus_mobile_settings_swap_system_btn_handedness = true
03-24 09:54:27.387  3255  3344 I [OAR] PanelAppHost: Passing env var _oc_gk:oculus_video_direct_experiment = false
03-24 09:54:27.387  3255  3344 I [OAR] PanelAppHost: Passing env var _oc_gk:oculus_mobile_auiv2_brightness_slider = false
03-24 09:54:27.387  3255  3344 I [OAR] PanelAppHost: Passing env var _oc_gk:oculus_video_allow_screen_capture = false
03-24 09:54:27.387  3255  3344 I [OAR] PanelAppHost: Passing env var _oc_gk:oculus_notifications_launch_destination = true
03-24 09:54:27.387  3255  3344 I [OAR] PanelAppHost: Passing env var _oc_gk:oculus_mobile_sysux_bug_report_share_sheet_entry = false
03-24 09:54:27.387  3255  3344 I [OAR] PanelAppHost: Passing env var _oc_gk:oculus_vrshell_draw_controllers_in_passthrough = false
03-24 09:54:27.387  3255  3344 I [OAR] PanelAppHost: Passing env var _oc_gk:oculus_is_trusted_user = false
03-24 09:54:27.387  3255  3344 I [OAR] PanelAppHost: Passing env var _oc_gk:oculus_vrshell_enable_social_platform_app_routing = true
03-24 09:54:27.387  3255  3344 I [OAR] PanelAppHost: Passing env var _oc_gk:oculus_panel_adaptability = false
03-24 09:54:27.387  3255  3344 I [OAR] PanelAppHost: Passing env var _oc_gk:oculus_mobile_auiv2_active_call_bar_buttons = false
03-24 09:54:27.387  3255  3344 I [OAR] PanelAppHost: Passing env var _oc_gk:oculus_vrshell_managed_launcher = false
03-24 09:54:27.387  3255  3344 I [OAR] PanelAppHost: Passing env var _oc_gk:oculus_quest_passthrough_background_quickboot = false
03-24 09:54:27.387  3255  3344 I [OAR] PanelAppHost: Passing env var _oc_gk:oculus_enable_non_generic_react_dialog_panel_apps = true
03-24 09:54:27.387  3255  3344 I [OAR] PanelAppHost: Passing env var _oc_gk:oc_vrshell_enable_social_platform_device_config = false
03-24 09:54:27.387  3255  3344 I [OAR] PanelAppHost: Passing env var _oc_gk:oculus_vrshell_env_stage_locked = false
03-24 09:54:27.387  3255  3344 I [OAR] PanelAppHost: Passing env var _oc_gk:oculus_aui2_fb_profile_presence = true
03-24 09:54:27.387  3255  3344 I [OAR] PanelAppHost: Passing env var _oc_gk:oc_shellenv_as_default = true
03-24 09:54:27.387  3255  3344 I [OAR] PanelAppHost: Passing env var _oc_gk:oc_enable_social_platform_parties = false
03-24 09:54:27.387  3255  3344 I [OAR] PanelAppHost: Passing env var _oc_gk:oculus_browser_raw_key_events = true
03-24 09:54:27.387  3255  3344 I [OAR] PanelAppHost: Passing env var _oc_gk:oculus_home_oculus_employees = false
03-24 09:54:27.387  3255  3344 I [OAR] PanelAppHost: Passing env var _oc_gk:oc_relogin = false
03-24 09:54:27.387  3255  3344 I [OAR] PanelAppHost: Passing env var _oc_gk:assistant_view_commands_on_oculus = false
03-24 09:54:27.387  3255  3344 I [OAR] PanelAppHost: Passing env var _oc_gk:oculus_video_enable_avr4vbr = false
03-24 09:54:27.387  3255  3344 I [OAR] PanelAppHost: Passing env var _oc_gk:oculus_uss_enable_recent_destinations = true
03-24 09:54:27.387  3255  3344 I [OAR] PanelAppHost: Passing env var _oc_gk:oculus_duc_library_ui_notice_mobile = true
03-24 09:54:27.387  3255  3344 I [OAR] PanelAppHost: Passing env var _oc_gk:oculus_vrshell_aui_standalone_apps_v2 = false
03-24 09:54:27.387  3255  3344 I [OAR] PanelAppHost: Passing env var _oc_gk:oc_enable_socialplatform_mediaupload_without_infra = false
03-24 09:54:27.387  3255  3344 I [OAR] PanelAppHost: Passing env var _oc_gk:oc_enable_social_platform_media_uploader = false
03-24 09:54:27.387  3255  3344 I [OAR] PanelAppHost: Passing env var _oc_gk:oculus_video_enable_smooth_track_selection = true
03-24 09:54:27.387  3255  3344 I [OAR] PanelAppHost: Passing env var _oc_shell_host = vrshell
03-24 09:54:27.387  3255  3344 I [OAR] PanelAppHost: Passing env var _oc_shell_panel_id = 7
03-24 09:54:27.388  3255  3344 I [OAR] PanelAppHost: Calling sendPanelLaunchIntent for panel app com.oculus.systemux/com.oculus.panelapp.anytimeui.AnytimeUIAndroidPanelService
03-24 09:54:27.388  3255  3344 D [SEO] ShellApplication: sendApkPanelLaunchIntent: packageName=com.oculus.systemux, serviceClassName=com.oculus.panelapp.anytimeui.AnytimeUIAndroidPanelService
03-24 09:54:27.389  3255  3344 D [SEO] PanelServiceConnection: getSystemProcessUidForCurrentUser: 'android' systemUid = 1000
03-24 09:54:27.389  3255  3344 D [SEO] ShellApplication: bindService Intent { cmp=com.oculus.systemux/com.oculus.panelapp.anytimeui.AnytimeUIAndroidPanelService }
03-24 09:54:27.391  2307  2337 I VrApi   : Unhandled ovrRuntime Event 13
03-24 09:54:27.392  1950  1950 I PlatformPlugin: [PlatformPluginManager] Stopping party chat
03-24 09:54:27.403  3074  3074 D CppPanelService: PanelService()
03-24 09:54:27.403  3255  3344 D [SEO] ShellApplication: notify OS to set com.oculus.systemux/com.oculus.panelapp.anytimeui.AnytimeUIAndroidPanelService to FOREGROUND
03-24 09:54:27.404  3074  3074 D CppPanelService: onBind()
03-24 09:54:27.405  3255  3255 D [SEO] PanelServiceConnection: onSeviceConnected - component name (ComponentInfo{com.oculus.systemux/com.oculus.panelapp.anytimeui.AnytimeUIAndroidPanelService}), panel app id (7)
03-24 09:54:27.405  3255  3344 I [OAR] PanelAppHost: Setting panel layer visibility of layer "#main" to invisible
03-24 09:54:27.405  3255  3344 I [OAR] PanelAppHost: Setting panel layer visibility of layer "tablet" to invisible
03-24 09:54:27.405  3255  3255 D [SEO] ShellApplication: notify OS to set com.oculus.systemux/com.oculus.panelapp.anytimeui.AnytimeUIAndroidPanelService to FOREGROUND
03-24 09:54:27.405  3255  3344 I [OAR] PanelAppHost: Setting panel layer visibility of layer "tabletNav" to invisible
03-24 09:54:27.405  3255  3344 I [OAR] PanelAppHost: Setting panel layer visibility of layer "tabletContent" to invisible
03-24 09:54:27.405  3255  3344 I [OAR] PanelAppHost: For layer tablet applying new layerTransform:
03-24 09:54:27.405  3255  3344 I [OAR] PanelAppHost: [0.452169][0.000000][0.000000][0.000000]
03-24 09:54:27.405  3255  3344 I [OAR] PanelAppHost: [0.000000][0.200179][0.000000][0.200179]
03-24 09:54:27.405  3255  3344 I [OAR] PanelAppHost: [0.000000][0.000000][1.000000][0.000000]
03-24 09:54:27.405  3255  3344 I [OAR] PanelAppHost: [0.000000][0.000000][0.000000][1.000000]
03-24 09:54:27.405  3255  3344 I [OAR] PanelRenderLayer: Using layerTransform 2. layerWidth:0 , layerHeight:0
03-24 09:54:27.405  3255  3344 I [OAR] PanelAppHost: For layer tabletNav applying new layerTransform:
03-24 09:54:27.405  3255  3344 I [OAR] PanelAppHost: [0.127173][0.000000][0.000000][-0.324997]
03-24 09:54:27.405  3255  3344 I [OAR] PanelAppHost: [0.000000][0.200179][0.000000][0.200179]
03-24 09:54:27.405  3255  3344 I [OAR] PanelAppHost: [0.000000][0.000000][1.000000][0.000000]
03-24 09:54:27.405  3255  3344 I [OAR] PanelAppHost: [0.000000][0.000000][0.000000][1.000000]
03-24 09:54:27.405  3255  3344 I [OAR] PanelRenderLayer: Using layerTransform 2. layerWidth:0 , layerHeight:0
03-24 09:54:27.405  3255  3344 I [OAR] PanelAppHost: For layer tabletContent applying new layerTransform:
03-24 09:54:27.405  3255  3344 I [OAR] PanelAppHost: [0.324997][0.000000][0.000000][0.125995]
03-24 09:54:27.405  3255  3344 I [OAR] PanelAppHost: [0.000000][0.200179][0.000000][0.200179]
03-24 09:54:27.405  3255  3344 I [OAR] PanelAppHost: [0.000000][0.000000][1.000000][0.000100]
03-24 09:54:27.405  3255  3344 I [OAR] PanelAppHost: [0.000000][0.000000][0.000000][1.000000]
03-24 09:54:27.405  3255  3344 I [OAR] PanelRenderLayer: Using layerTransform 2. layerWidth:0 , layerHeight:0
03-24 09:54:27.405  3255  3344 I [OAR] SystemTabletController: Processing pending None tablet.
03-24 09:54:27.405  3255  3344 I [OAR] SystemTabletController: Processing AUI deep link uri /tablet_none.
03-24 09:54:27.405  3255  3344 I [OAR] SystemTaskBarControllerBatteryLevels: Updating left controller battery level from -1 to -1.
03-24 09:54:27.405  3255  3344 I [OAR] SystemTaskBarControllerBatteryLevels: Updating right controller battery level from -1 to -1.
03-24 09:54:27.405  3255  3344 I [OAR] HostPlatform: Retrieving component launch information for package (com.oculus.systemux) and service (com.oculus.panelapp.dialog.DialogPanelService)
03-24 09:54:27.406  3255  3344 I [OAR] HostPlatform: Is valid panel service component for package (com.oculus.systemux) and service (com.oculus.panelapp.dialog.DialogPanelService) - true
03-24 09:54:27.406  3255  3344 I [OAR] ShellApp: CreatePanelApp( com.oculus.systemux/com.oculus.panelapp.dialog.DialogPanelService )
03-24 09:54:27.406  3255  3344 I [OAR] ShellApp: Environment:
03-24 09:54:27.406  3255  3344 I [OAR] ShellApp: Notifying foreground panel changed
03-24 09:54:27.407  3255  3255 I [SEO] PanelServiceConnection: verifyFirstPartyUID(Debug Signatures=false, uid=10026) => apkSignatureResult=SigCertInfo(isTrusted=true, packageNames=[com.oculus.systemux], signature=308205cf308203b7a0030201020204097e91c1300d06092a864886f70d01010b0500308197310b3009060355040613025553311330110603550408130a43616c69666f726e6961311330110603550407130a4d656e6c6f205061726b31233021060355040a131a46616365626f6f6b20546563686e6f6c6f676965732c204c4c4331233021060355040b131a46616365626f6f6b20546563686e6f6c6f676965732c204c4c43311430120603550403130b4f63756c75732041707073301e170d3139303730343131333935315a170d3436313131393131333935315a308197310b3009060355040613025553311330110603550408130a43616c69666f726e6961311330110603550407130a4d656e6c6f205061726b31233021060355040a131a46616365626f6f6b20546563686e6f6c6f676965732c204c4c4331233021060355040b131a46616365626f6f6b20546563686e6f6c6f676965732c204c4c43311430120603550403130b4f63756c7573204170707330820222300d06092a864886f70d01010105000382020f003082020a0282020100b815642a5c201c8da044905dafbb06c05fddb75449cc75a716a0434da0493a52a4d60643532c237e76cb41d2c32a5e4474f12b37f632a809b5a5ceb8c6289ecf828e736b4ec452b1c2757bd0b5ed13eff5a7a47ab2ef6cdf60a8d749e9e8603f30d12b5db8f734c57578a2a4ce5ff5737c1f02c629d2dcb4f82726674663a699de94463ff370fa9eb48158831bf0b68bd6ec84293182d52e860bdd81bb9ce9cdd6a77fea0df25004da34d3cce7a31069646aa4628fba9ccb0952163793be9a4edf49a53f83179c2f44d8c87d6c129e8d590af0f3fced26201ee43b31fccd93b497cd198c5cd1f98d64c4f7ad79ca47278c02652d5dc072a99807e22f473f7bae4da2bafcae48cd49ad55a764b8d39f329f6175eac9074307deff48b1c4a6e19b748766617768c31a17feae8478eb7f9ebfb61af2b9f5a692b636342d7ebc53d7146626b51801b5a0a102e281475decdefb8683d0ca2843dc7aaeb6759bcab0dcba38db44f5d7f797a1c9c02dd159c0e3c72b14dc882d31c24ad8abee4ce0f7f0205e05efef551e2551a61e96636ed5dfd7435d3d24f5a130a12f10452cc954aa770d5d95e3e0cb9d7b05c5506a7947f8ff3437b3d82274fdaa156d85bfb7fbcb4fa5557080fedab86520b71d3d533e7bb3e7e3ebe9712b68e755d700b0afbf7595ffa80a6b3d90bfe599769138ee6515df415e32c0abed2b8e4aea1f47351f490203010001a321301f301d0603551d0e04160414a3c939e6b71c43bc9193f773c0351be1aff311f9300d06092a864886f70d01010b050003820201004e4c865231f2a3583c6af9488ecf9aa96b1ee84e2d7bfad00581537dc70c54ecfcf360e563d018efa4cdd77bf6fc4c9f1a20ebd4215cf1538686d4089bdcc8adb6ae4497ead14b0c18efd52ce93357019973e94e16b3326c60885b1bdc5f9cad1098f16732935876d8d19bda3ceeaaa69a83c4e2231710c6735f88abdfffe3dfa2be3f18f894923441b4e4a9c9664ed6294c16d7c073547063bfdbbefad184a001f1dce2feffdc96d10eb16a3bfbcd382cd297ca3b4edb7ebacd1a9931a1368a5157ceaebbca5b39bd5db5461a340db8ec076d38a94bcdd042bfb51388158ba97a49b631c1762fa746c7bb36eaf15cae23fa993cfb052e824f2ae173ea27b50a6cca91eb955f4faf131514757e5a3ecae9df6d23771279b7742f28fb9ce394eb9e03926f550716f1312355a5efdc479d8347b516cff55cb14307c81280142cacf2fd6562a2baacbfc97869272b1c51abf79121de8bab227e001313d4115eb9b33a332ebb34e290f14b5352ef1038f7a5f3740c9d1136b3526de4331deb4fa529c36a17c04c3e64d4f6ebda73d6e6e18281e3948fd11e685eab6611be1bc62839bce5962715e7f6537e6c083bcd3538d17407b26c850cd6b3f5e2149fdef027a6cfb7ed0f93c928aca14927b10c6a3f104ba1b10413af8b1868b84a004e5ddd065fff26a7bb3c818bb5a2d69aedf9441ef9033efae3ef52282a96f66d4b4ff3f2), time=1 ms
