--------- beginning of main
03-24 08:43:38.658   723  1208 I hash_map_utils: key: 'snd_device_in' value: ''
03-24 08:43:38.659   723  1208 I hash_map_utils: key: 'snd_device_out' value: ''
--------- beginning of system
03-24 08:43:38.743  1085  1266 I ActivityTaskManager: START u0 {flg=0x10000000 cmp=com.YourCompany.KilncroftLane/com.epicgames.ue4.GameActivity} from uid 2000
03-24 08:43:38.749   706   706 D android.hardware.power@1.3-service-libperfmgr: LAUNCH ON
03-24 08:43:38.765  1393  6196 W VrApi   : ovr_SubmitFrameInternal: FrameIndex discontinuity: Expected 745, Received 744
03-24 08:43:38.777  6085  6085 E adbd    : failed to connect to socket 'tcp:6666': Connection refused
03-24 08:43:38.779  1393  6196 I VrApi   : ---------- vrapi_LeaveVrMode [start] ----------
03-24 08:43:38.780  1393  6196 D VrApi   : targetSDKVersion 29
03-24 08:43:38.783  1947  2055 I TimeWarp: SetClientSurfaceSecureFlag: secure=0
03-24 08:43:38.785  1393  6196 I VrRuntimeClient: DEVICE MODEL NUMBER = Quest 2
03-24 08:43:38.785  1393  6196 I VrRuntimeClient: DEVICE HARDWARE = hollywood
03-24 08:43:38.785  1393  6196 I VrRuntimeClient: DEVICE BUILD NAME = user-1462400.7360.0
03-24 08:43:38.785  1393  6196 I VrRuntimeClient: DEVICE BUILD TYPE = user
03-24 08:43:38.785  1393  6196 I VrRuntimeClient: DEVICE OS VERSION = 10
03-24 08:43:38.785  1393  6196 I VrRuntimeClient: VRRUNTIME VERSION = VRAPI_VERSION_BEGIN { 1.1.43.0-274987955-274987955 Feb 23 2021 19:56:04 Development } RELEASE
03-24 08:43:38.785  1393  6196 I VrRuntimeClient: API LOADER VERSION = 1.1.34.0
03-24 08:43:38.785  1393  6196 I VrRuntimeClient: VRDRIVER VERSION = 26.0.0.41.502
03-24 08:43:38.785  1393  6196 I VrRuntimeClient: APP NAME = System UI
03-24 08:43:38.785  1393  6196 I VrRuntimeClient: APP VERSION = 10 versionCode 29 internalVersionName <none>
03-24 08:43:38.785  1393  6196 I VrRuntimeClient: APP VR TYPE = <none>
03-24 08:43:38.785  1393  6196 I VrRuntimeClient: APP MODE TYPE = <none>
03-24 08:43:38.785  1393  6196 I VrRuntimeClient: APP PACKAGE NAME = com.android.systemui
03-24 08:43:38.785  1393  6196 I VrRuntimeClient: APP ACTIVITY CLASS = com.oculus.os.DialogContext
03-24 08:43:38.787  1393  6196 D BatteryReceiver: Unregistering battery receiver
03-24 08:43:38.787  1393  6196 I Sensor  : OSSDKTRACKING Shutdown tracking
03-24 08:43:38.789  1393  6198 I VrApi   : FPS=73/72,Prd=136206ms,Tear=0,Early=0,Stale=0,VSnc=1,Lat=0,Fov=0D,CPU4/GPU=1/1,2419/400MHz,OC=FF,TA=0/0/0,SP=N/N/N,Mem=2092MHz,Free=4022MB,PLS=0,Temp=34.0C/0.0C,TW=2.73ms,App=0.00ms,GD=0.00ms,CPU&GPU=0.34ms,LCnt=4,GPU%=0.20,CPU%=0.08(W0.14),DSF=1.00
03-24 08:43:38.789  1393  6196 I VrApi   : OVR::Stats thread stopped
03-24 08:43:38.789  1393  6196 I InputDeviceManager: ovrInputDeviceManager::~ovrInputDeviceManager
03-24 08:43:38.789  1393  6196 I HandDataQuerier: OSSDKTRACKING shutting down HandsTracker
03-24 08:43:38.789  1393  6196 I HandDataQuerier: OSSDKTRACKING shutting down HandsTracker
03-24 08:43:38.789  1393  6196 I InputDevice_TrackedRemote: OSSDKTRACKING shutting down Haptics
03-24 08:43:38.790  1393  6196 I InputDevice_TrackedRemote: OSSDKTRACKING shutting down Haptics
03-24 08:43:38.790  1393  6196 D OsSdk   : TrackingServiceConnection dtor
--------- beginning of tracking
03-24 08:43:38.790   819  6422 I TrackingService: Unregistering client by ITrackingService.unregisterClient
03-24 08:43:38.790   819  6422 I TrackingService: TrackingServiceHost Unregistering client: com.android.systemui#1393
03-24 08:43:38.790   819  6422 I TrackingService: TrackingServiceHost unregistered last secure client
03-24 08:43:38.790  1393  6196 D OsSdk   : TrackingServiceConnection unregistered
03-24 08:43:38.802  1393  6197 I ClientInputThread_Internal: InputThreadRun ShutdownRequest received
03-24 08:43:38.803  1393  6196 D InputHooksJava: Disabling Java Input Hooks
03-24 08:43:38.803  1947  1963 D VrRuntimeService: enableRendering: 1393:android.uid.systemui:10056: null enable: false
03-24 08:43:38.803  1947  1963 I ClientMgr: ClientMgr::EnableRendering 1393:android.uid.systemui:10056 : type 0 comp-id 6: disable
03-24 08:43:38.803  1947  1963 I VrRuntimeServer: DisableCompositorClient: 6
03-24 08:43:38.803  1947  1963 I TimeWarpClientMgr: Disable client 6
03-24 08:43:38.803  1947  1963 I TimeWarpClientMgr: DisableClient: frame flush required: 1
03-24 08:43:38.812  1947  1963 I UnifiedTelemetryWrapper: Stopped UT session render:com.android.systemui
03-24 08:43:38.812  1947  2278 I ClientMgr: Non-overlay clients rendering status has changed: prev=5, curr=6, enabled=0
03-24 08:43:38.812  1393  6237 I FenceChecker: FenceChecker::MainLoop - ended
03-24 08:43:38.812  1393  6196 I VrApi   : ---------- vrapi_LeaveVrMode [end] ----------
03-24 08:43:38.812  1947  6195 I VrRuntimeService: DestroySwapChain: swapchain=127
03-24 08:43:38.812  1947  6195 I VrRuntimeServer: DestroyTextureSwapChain: result destroyswapchain 1
03-24 08:43:38.812  1947  6195 I VrRuntimeService: DestroySwapChain: swapchain=131
03-24 08:43:38.812  1947  6195 I VrRuntimeServer: DestroyTextureSwapChain: result destroyswapchain 1
03-24 08:43:38.813  1947  6195 I VrRuntimeService: DestroySwapChain: swapchain=132
03-24 08:43:38.813  1947  6195 I VrRuntimeServer: DestroyTextureSwapChain: 0x7d1be04000: 2D_EXTERNAL destroy deferred
03-24 08:43:38.813  1947  6195 I VrRuntimeService: DestroySwapChain: swapchain=128
03-24 08:43:38.813  1947  6195 I VrRuntimeServer: DestroyTextureSwapChain: result destroyswapchain 1
03-24 08:43:38.813  1947  6195 I VrRuntimeService: DestroySwapChain: swapchain=129
03-24 08:43:38.813  1947  6195 I VrRuntimeServer: DestroyTextureSwapChain: result destroyswapchain 1
03-24 08:43:38.815  1947  6195 I VrRuntimeService: DestroySwapChain: swapchain=130
03-24 08:43:38.815  1947  6195 I VrRuntimeServer: DestroyTextureSwapChain: result destroyswapchain 1
03-24 08:43:38.816  1085  1706 W InputReader: Device has associated, but no associated display id.
03-24 08:43:38.816  1085  1706 I chatty  : uid=1000(system) Binder:1085_9 identical 1 line
03-24 08:43:38.817  1085  1706 W InputReader: Device has associated, but no associated display id.
03-24 08:43:38.817  2545  2545 W ActivityThread: handleWindowVisibility: no activity for token android.os.BinderProxy@8421264
03-24 08:43:38.818  1085  1706 W InputReader: Device has associated, but no associated display id.
03-24 08:43:38.821   723  1208 D AF::TrackHandle: OpPlayAudio: track:56 uid:10014 pkg:com.oculus.shellenv usage:1 muted
03-24 08:43:38.822   684  3328 D audio_hw_primary: start_output_stream: enter: stream(0xf48d1800)usecase(0: deep-buffer-playback) devices(0x2) is_haptic_usecase(0)
03-24 08:43:38.822   684  3328 D audio_hw_primary: select_devices for use case (deep-buffer-playback)
03-24 08:43:38.822   706   706 I android.hardware.power@1.3-service-libperfmgr: Ignoring hint 9
03-24 08:43:38.822   684  3328 I msm8974_platform: platform_check_and_set_codec_backend_cfg:becf: afe: bitwidth 16, samplerate 48000 channels 2, backend_idx 0 usecase = 0 device (speaker)
03-24 08:43:38.822   684  3328 D msm8974_platform: platform_split_snd_device: snd_device(2) num devices(1) new_snd_devices(0)
03-24 08:43:38.822   684  3328 I msm8974_platform: platform_check_and_set_codec_backend_cfg: new_snd_devices[0] is 2
03-24 08:43:38.822   684  3328 I msm8974_platform: platform_check_codec_backend_cfg:becf: afe: bitwidth 16, samplerate 48000 channels 2, backend_idx 0 usecase = 0 device (speaker)
03-24 08:43:38.822   684  3328 D msm8974_platform: platform_check_codec_backend_cfg:napb: (0) - (low-latency-playback)id (1) sr 48000 bw (16) ch (2) device speaker
03-24 08:43:38.823   723   990 D AF::TrackHandle: OpPlayAudio: track:58 uid:10020 pkg:com.oculus.vrshell usage:1 not muted
03-24 08:43:38.823   684  3328 D audio_hw_extn: audio_extn_enable_hifi_filter: mixer_value set 0
03-24 08:43:38.823   684  3328 D msm8974_platform: platform_check_codec_backend_cfg:becf: updated afe: bitwidth 16, samplerate 48000 channels 2,backend_idx 0 usecase = 0 device (speaker)
03-24 08:43:38.823   684  3328 D msm8974_platform: platform_check_codec_backend_cfg:becf: afe: playback on codec device not supporting native playback set default Sample Rate(48k)
03-24 08:43:38.823   684  3328 I msm8974_platform: platform_check_codec_backend_cfg:becf: afe: Codec selected backend: 0 updated bit width: 16 and sample rate: 48000
03-24 08:43:38.823   684  3328 D audio_hw_primary: check_usecases_codec_backend:becf: force routing 0
03-24 08:43:38.823   684  3328 D audio_hw_primary: check_usecases_codec_backend:becf: (75) check_usecases curr device: speaker, usecase device:speaker backends match 1
03-24 08:43:38.823   684  3328 E msm8974_platform: platform_check_backends_match: Invalid snd_device = 
03-24 08:43:38.823   684  3328 D audio_hw_primary: check_usecases_codec_backend:becf: (75) check_usecases curr device: speaker, usecase device: backends match 0
03-24 08:43:38.823   684  3328 D audio_hw_primary: check_usecases_codec_backend:becf: check_usecases num.of Usecases to switch 0
03-24 08:43:38.823   684  3328 D hardware_info: hw_info_append_hw_type : device_name = speaker
03-24 08:43:38.823   684  3328 D msm8974_platform: platform_split_snd_device: snd_device(2) num devices(0) new_snd_devices(0)
03-24 08:43:38.823   684  3328 I audio_hw_utils: audio_extn_utils_update_stream_output_app_type_cfg Allowing 24 and above bits playback on speaker ONLY at default sampling rate
03-24 08:43:38.823   684  3328 D audio_hw_utils: audio_extn_utils_send_app_type_cfg: usecase->out_snd_device speaker
03-24 08:43:38.823   684  3328 D msm8974_platform: platform_split_snd_device: snd_device(2) num devices(0) new_snd_devices(0)
03-24 08:43:38.824   684  3328 D audio_hw_utils: audio_extn_btsco_get_sample_rate:Not a BT SCO device, need not update sampling rate
03-24 08:43:38.824   684  3328 I audio_hw_utils: send_app_type_cfg_for_device PLAYBACK app_type 69936, acdb_dev_id 15, sample_rate 48000, snd_device_be_idx 43
03-24 08:43:38.824   684  3328 D msm8974_platform: platform_split_snd_device: snd_device(2) num devices(1) new_snd_devices(0)
03-24 08:43:38.824   684  3328 D audio_hw_utils: audio_extn_btsco_get_sample_rate:Not a BT SCO device, need not update sampling rate
03-24 08:43:38.824   684  3328 D ACDB-LOADER: ACDB -> send_audio_cal, acdb_id = 15, path = 0, app id = 0x11130, sample rate = 48000, afe_sample_rate = 48000
03-24 08:43:38.824   684  3328 D ACDB-LOADER: ACDB -> send_asm_topology
03-24 08:43:38.824   684  3328 D ACDB-LOADER: ACDB -> ACDB_CMD_GET_AUDPROC_STREAM_TOPOLOGY_ID
03-24 08:43:38.824   684  3328 D ACDB-LOADER: ACDB -> send_adm_topology
03-24 08:43:38.824   684  3328 D ACDB-LOADER: ACDB -> ACDB_CMD_GET_AUDPROC_COMMON_TOPOLOGY_ID
03-24 08:43:38.824   684  3328 D ACDB-LOADER: ACDB -> send_audtable
03-24 08:43:38.824   684  3328 D ACDB-LOADER: ACDB -> ACDB_CMD_GET_AUDPROC_INSTANCE_COMMON_TABLE_SIZE
03-24 08:43:38.824   684  3328 D ACDB-LOADER: ACDB -> ACDB_CMD_GET_AUDPROC_INSTANCE_COMMON_TABLE
03-24 08:43:38.824   684  3328 D ACDB-LOADER: ACDB -> AUDIO_SET_AUDPROC_CAL cal_type[11] acdb_id[15] app_type[69936]
03-24 08:43:38.824   684  3328 D ACDB-LOADER: ACDB -> ACDB_CMD_GET_PERSISTENT_AUDPROC_INSTANCE_COMMON_TABLE_SIZE
03-24 08:43:38.824   684  3328 D         : ACDBFILE_MGR: Property for the pid 000133B7 not found
03-24 08:43:38.824   684  3328 D         : [Data Manager] -> Failed to fetch the property info for pid 000133B7 
03-24 08:43:38.824   684  3328 D         : ACDBFILE_MGR: Property for the pid 000133B7 not found
03-24 08:43:38.824   684  3328 D         : [Data Manager] -> Failed to fetch the property info for pid 000133B7 
03-24 08:43:38.824   684  3328 D         : ACDBFILE_MGR: Property for the pid 000133B7 not found
03-24 08:43:38.824   684  3328 D         : [Data Manager] -> Failed to fetch the property info for pid 000133B7 
03-24 08:43:38.824   684  3328 D         : [Data Manager]-> No data found
03-24 08:43:38.824   684  3328 D ACDB-LOADER: Error: ACDB_CMD_GET_PERSISTENT_AUDPROC_INSTANCE_COMMON_TABLE_SIZE returned -18
03-24 08:43:38.824   684  3328 D ACDB-LOADER: ACDB -> send_audproc_persist_table -18 
03-24 08:43:38.824   684  3328 D ACDB-LOADER: Error: Invalid Audproc persist size = -18
03-24 08:43:38.824   684  3328 D ACDB-LOADER: ACDB -> send_audvoltable
03-24 08:43:38.824   684  3328 D ACDB-LOADER: ACDB -> ACDB_CMD_GET_AUDPROC_INSTANCE_GAIN_DEP_STEP_TABLE_SIZE
03-24 08:43:38.824   684  3328 D ACDB-LOADER: ACDB -> ACDB_CMD_GET_AUDPROC_INSTANCE_GAIN_DEP_STEP_TABLE, vol index 10
03-24 08:43:38.824   684  3328 D ACDB-LOADER: ACDB -> AUDIO_SET_VOL_CAL cal type = 12
03-24 08:43:38.824   684  3328 D ACDB-LOADER: ACDB -> ACDB_CMD_GET_AUDPROC_INSTANCE_STREAM_TABLE_SIZE
03-24 08:43:38.824   684  3328 D ACDB-LOADER: ACDB -> send_audstrmtable
03-24 08:43:38.824   684  3328 D ACDB-LOADER: ACDB -> ACDB_CMD_GET_AUDPROC_INSTANCE_STREAM_TABLE
03-24 08:43:38.824   684  3328 D ACDB-LOADER: ACDB -> audstrm_cal->cal_type.cal_data.cal_size = 20
03-24 08:43:38.824   684  3328 D ACDB-LOADER: ACDB -> send_afe_topology
03-24 08:43:38.824   684  3328 D ACDB-LOADER: ACDB -> ACDB_CMD_GET_AFE_TOPOLOGY_ID
03-24 08:43:38.824   684  3328 D ACDB-LOADER: ACDB -> GET_AFE_TOPOLOGY_ID for adcd_id 15, Topology Id 112fc
03-24 08:43:38.824   684  3328 D ACDB-LOADER: ACDB -> send_afe_cal
03-24 08:43:38.824   684  3328 D ACDB-LOADER: ACDB -> ACDB_CMD_GET_AFE_INSTANCE_COMMON_TABLE_SIZE
03-24 08:43:38.824   684  3328 D         : Failed to fetch the lookup information of the device 0000000F 
03-24 08:43:38.824   684  3328 D ACDB-LOADER: Error: ACDB_CMD_GET_AFE_INSTANCE_COMMON_TABLE_SIZE Returned = -19
03-24 08:43:38.824   684  3328 D ACDB-LOADER: ACDB -> ACDB_CMD_GET_AFE_INSTANCE_COMMON_TABLE
03-24 08:43:38.824   684  3328 D         : Failed to fetch the lookup information of the device 0000000F 
03-24 08:43:38.824   684  3328 D ACDB-LOADER: Error: ACDB AFE returned = -19
03-24 08:43:38.824   684  3328 D ACDB-LOADER: ACDB -> AUDIO_SET_AFE_CAL cal_type[16] acdb_id[15]
03-24 08:43:38.824   684  3328 D ACDB-LOADER: ACDB -> send_hw_delay : acdb_id = 15 path = 0
03-24 08:43:38.824   684  3328 D ACDB-LOADER: ACDB -> ACDB_AVSYNC_INFO: ACDB_CMD_GET_DEVICE_PROPERTY
03-24 08:43:38.824   684  3328 D msm8974_platform: platform_split_snd_device: snd_device(2) num devices(0) new_snd_devices(0)
03-24 08:43:38.824   684  3328 I msm8974_platform: platform_get_custom_mtmx_params: no matching param with id 0 ip_ch 2 op_ch 2 uc_id 0 snd_dev 2
03-24 08:43:38.824   684  3328 D audio_hw_primary: enable_audio_route: apply mixer and update path: deep-buffer-playback
03-24 08:43:38.824   684  3328 D audio_route: Apply path: deep-buffer-playback
03-24 08:43:38.825   723   990 D AF::TrackHandle: OpPlayAudio: track:56 uid:10014 pkg:com.oculus.shellenv usage:1 muted
03-24 08:43:38.826   684  3328 D audio_hw_primary: select_devices: done
03-24 08:43:38.827   723  1208 D AF::TrackHandle: OpPlayAudio: track:58 uid:10020 pkg:com.oculus.vrshell usage:1 not muted
03-24 08:43:38.842  2545  2545 I VrApiLoader: VrApi Loader Version: 1.1.34.0-0-0 Apr 10 2020 14:33:54 
03-24 08:43:38.843   684  3328 D msm8974_platform: platform_set_channel_map mixer_ctl_name:Playback Channel Map0
03-24 08:43:38.843   684  3328 D msm8974_platform: platform_set_channel_map: set mapping(1 2 0 0 0 0 0 0) for channel:2
03-24 08:43:38.844  2545  2545 D ApplicationLoaders: Returning zygote-cached class loader: /system/framework/android.hidl.base-V1.0-java.jar
03-24 08:43:38.844  2545  2545 D ApplicationLoaders: Returning zygote-cached class loader: /system/framework/android.hidl.manager-V1.0-java.jar
03-24 08:43:38.844  2545  2545 D ApplicationLoaders: Returning zygote-cached class loader: /system/framework/android.hidl.base-V1.0-java.jar
03-24 08:43:38.844   706   706 I android.hardware.power@1.3-service-libperfmgr: Ignoring hint 9
03-24 08:43:38.844   684  3328 D audio_hw_primary: start_output_stream: exit
03-24 08:43:38.844  2545  2545 I ssioncontrolle: The ClassLoaderContext is a special shared library.
03-24 08:43:38.844   684  3328 D audio_hw_primary: out_write: retry previous failed cal level set
03-24 08:43:38.844   684  3328 D msm8974_platform: platform_split_snd_device: snd_device(2) num devices(1) new_snd_devices(0)
03-24 08:43:38.844   684  3328 D msm8974_platform: platform_split_snd_device: snd_device(2) num devices(1) new_snd_devices(0)
03-24 08:43:38.847  2545  2545 V VrDriver: Loading 64-bit VrDriver.
03-24 08:43:38.851  2545  2545 D vulkan  : searching for layers in '/system/lib64'
03-24 08:43:38.851  2545  2545 D vulkan  : searching for layers in '/system/product/lib64'
03-24 08:43:38.852  2545  2545 I VrApi_DriverLoader: nativeSetClassLoader:0x2696
03-24 08:43:38.852  2545  2545 I VrApi   : ----------- vrapi_Initialize [start] ----------
03-24 08:43:38.852  2545  2545 I AdrenoGLES-0: QUALCOMM build                   : 09c6a36, I5e696c022b
03-24 08:43:38.852  2545  2545 I AdrenoGLES-0: Build Date                       : 12/07/20
03-24 08:43:38.852  2545  2545 I AdrenoGLES-0: OpenGL ES Shader Compiler Version: EV031.35.01.02
03-24 08:43:38.852  2545  2545 I AdrenoGLES-0: Local Branch                     : 
03-24 08:43:38.852  2545  2545 I AdrenoGLES-0: Remote Branch                    : refs/tags/AU_LINUX_ANDROID_LA.UM.8.12.R1.10.00.00.561.144
03-24 08:43:38.852  2545  2545 I AdrenoGLES-0: Remote Branch                    : NONE
03-24 08:43:38.852  2545  2545 I AdrenoGLES-0: Reconstruct Branch               : NOTHING
03-24 08:43:38.852  2545  2545 I AdrenoGLES-0: Build Config                     : S P 8.0.12 AArch64
03-24 08:43:38.852  2545  2545 I AdrenoGLES-0: Driver Path                      : /vendor/lib64/egl/libGLESv2_adreno.so
03-24 08:43:38.854  2545  2545 I AdrenoGLES-0: PFP: 0x016dd093, ME: 0x00000000
03-24 08:43:38.860  2545  2545 I VrApi   : Client type: 0 flags: 0x0 placement: 0
03-24 08:43:38.865  2545  2545 D VrApi   : isActivityFocusAware context = com.oculus.os.DialogContext@c80dc94
03-24 08:43:38.865  2545  2545 D FocusAwarenessUtil: isActivityFocusAware
03-24 08:43:38.865  2545  2545 D FocusAwarenessUtil: isActivityFocusAware passesFocusAwarenessPushRolloutGk = true
03-24 08:43:38.865  2545  2545 D FocusAwarenessUtil: isSystemApp = true for com.android.permissioncontroller
03-24 08:43:38.865  2545  2545 D FocusAwarenessUtil: No Activity manifest entry for com.android.permissioncontroller
03-24 08:43:38.865  2545  2545 D FocusAwarenessUtil: No activity manifest entry, checking application manifest entry
03-24 08:43:38.865  2545  2545 D FocusAwarenessUtil: No Application manifest entry for com.android.permissioncontroller
03-24 08:43:38.866  2545  2545 D FocusAwarenessUtil: isSystemApp so returning manifest value for com.android.permissioncontroller as DISABLED
03-24 08:43:38.866  2545  2545 I VrApi   : isActivityFocusAware = 0
03-24 08:43:38.866  2545  2545 I RuntimeHelpers: OSSDKTRACKING querying use OSSDKTracking with default of '1'
03-24 08:43:38.866  2545  2545 I RuntimeHelpers: OSSDKTRACKING Setting ResultUseOSSDKTracking to 1
03-24 08:43:38.866  2545  2545 I RuntimeHelpers: OSSDKTRACKING querying use OSSDKTracking with default of '1'
03-24 08:43:38.866  2545  2545 I RuntimeHelpers: OSSDKTRACKING Setting ResultUseOSSDKTracking to 1
03-24 08:43:38.866  2545  2545 I VrRuntimeClient: VrRuntimeClient: Init
03-24 08:43:38.866  2545  2545 I RuntimeHelpers: OSSDKTRACKING querying use OSSDKTracking with default of '1'
03-24 08:43:38.866  2545  2545 I RuntimeHelpers: OSSDKTRACKING Setting ResultUseOSSDKTracking to 1
03-24 08:43:38.866  2545  2545 I VrRuntimeClient: OSSDKTRACKING calculating secure tracking
03-24 08:43:38.866  2545  2545 D VrRuntimeClient: getSecureTrackingRequest OSSDKTRACKING com.android.permissioncontroller
03-24 08:43:38.866  2545  2545 W VrRuntimeClient: OSSDKTRACKING No package metadata available for com.android.permissioncontroller
03-24 08:43:38.866  2545  2545 I VrRuntimeClient: OSSDKTRACKING secure tracking is 0
03-24 08:43:38.866  2545  2545 I DeviceProperties: ovrDeviceProperties::Initialize
03-24 08:43:38.867  2545  2545 I DeviceProperties: Device Model: 'hollywood'
03-24 08:43:38.867  2545  2545 I DeviceProperties: Device Region: 'US'
03-24 08:43:38.867  2545  2545 I DeviceProperties: GPU Type: 'ADRENO_650'
03-24 08:43:38.867  2545  2545 I DeviceProperties: Num Refresh Rates Supported 4
03-24 08:43:38.867  2545  2545 I DeviceProperties: Refresh Rate (0): 90.000000Hz
03-24 08:43:38.867  2545  2545 I DeviceProperties: Refresh Rate (1): 80.000000Hz
03-24 08:43:38.867  2545  2545 I DeviceProperties: Refresh Rate (2): 72.000000Hz
03-24 08:43:38.867  2545  2545 I DeviceProperties: Refresh Rate (3): 60.000000Hz
03-24 08:43:38.868  2545  2545 I DeviceProperties: DisplayParms.ScanoutDirection = 0
03-24 08:43:38.868  2545  2545 I DeviceProperties: DisplayParms.ShutterType = 1
03-24 08:43:38.868  2545  2545 I DeviceProperties: DisplayParms.timing = 0.700000 0.700000
03-24 08:43:38.868  2545  2545 I DeviceProperties: DisplayParms.prediction = (2.000000 2.000000) (2.000000 2.000000)
03-24 08:43:38.868  2545  2545 I DeviceProperties: getDisplayDimensions returned: 3664, 1920
03-24 08:43:38.868  2545  2545 I DeviceProperties: ovrDeviceProperties: OVR_DEVICE_CAPABILITY_POSITIONAL_TRACKING_BIT
03-24 08:43:38.868  2545  2545 I DeviceProperties: ovrDeviceProperties: OVR_DEVICE_CAPABILITY_PASSTHROUGH_CAMERA_BIT
03-24 08:43:38.868  2545  2545 I DeviceProperties: ovrDeviceProperties: OVR_DEVICE_CAPABILITY_DYNAMIC_DISPLAY_REFRESH_RATE_BIT
03-24 08:43:38.868  2545  2545 I DeviceProperties: ovrDeviceProperties: OVR_DEVICE_CAPABILITY_MEMORY_EXPORT_BIT
03-24 08:43:38.868  2545  2545 I DeviceProperties: ovrDeviceProperties: OVR_DEVICE_CAPABILITY_FIXED_FOVEATED_RENDERING_BIT
03-24 08:43:38.868  2545  2545 I DeviceProperties: ovrDeviceProperties: OVR_DEVICE_CAPABILITY_SUBSAMPLED_LAYOUT_BIT
03-24 08:43:38.868  2545  2545 I VrRuntimeClient: RuntimeService Enabled
03-24 08:43:38.868  2545  2545 I RuntimeHelpers: ShouldEnableOOPComposition: oopc_enabled_prop = -1
03-24 08:43:38.868  2545  2545 I RuntimeHelpers: IsOopCompositionEnabled: enabled
03-24 08:43:38.869  2545  2545 I VrRuntimeClient: DevicesSupported : 1 devices, quest
03-24 08:43:38.869  2545  2545 I VrRuntimeClient: IsFocusAware: 0
03-24 08:43:38.870  2190  2208 I LibraryProvider: running queryApp(com.android.permissioncontroller) for android.uid.system:1000
03-24 08:43:38.871  2190  2208 W LibraryProvider: Cannot find entitlement for com.android.permissioncontroller
03-24 08:43:38.871  1551  1572 W OVRLibrary: null cursor received for query content://com.oculus.ocms.library/apps/com.android.permissioncontroller
03-24 08:43:38.871  2545  2545 I VrRuntimeClient: spaceWarpGateKeeper 0
03-24 08:43:38.871  2545  2545 I AudioCapture: AudioCapture::Init
03-24 08:43:38.871  2545  2545 I AudioCapture: AudioCapture::Init -> Initializing audio capture using direct OS Callbacks
03-24 08:43:38.871  2545  2545 I AudioCapture: AudioCapture::Init COMPLETE
03-24 08:43:38.873  2545  2545 W Foveation: Forcing on dynamic foveation
03-24 08:43:38.874  2545  2545 D VrRuntimeClient: VrRuntimeClient: initialize. inContext: com.oculus.os.DialogContext@c80dc94
03-24 08:43:38.874  2545  2545 I ipcLoader: RuntimeIPC: Loader: IPC Service API Loader Version: 19 Feb 23 2021 10:21:32
03-24 08:43:38.874  1947  1947 D VrRuntimeService: onStartCommand
03-24 08:43:38.874  2545  2545 I ipcLoader: RuntimeIPC: Loader: Calling LibLoader::Initialize
03-24 08:43:38.874  2545  2545 I libloader: LibLoader::Initialize. Version: 1 Feb 23 2021 10:21:32, packageName: com.oculus.systemdriver
03-24 08:43:38.875  2545  2545 I libloader: LibLoader: selecting 64-bit ABI.
03-24 08:43:38.875  2545  2545 V LibLoaderImpl: Loading 64-bit LibLoaderImpl.
03-24 08:43:38.875  2545  2545 V LibLoaderImpl: internalGetAPIFunction: loadLibrary 'loaderimpl'
03-24 08:43:38.875  2545  2545 V LibLoaderImpl: Using System.loadLibrary
03-24 08:43:38.876  2545  2545 I libloaderimpl: nativeSetClassLoader:0x2786
03-24 08:43:38.876  2545  2545 V LibLoaderImpl: internalGetAPIFunction: calling nativeGetAPIFunction
03-24 08:43:38.876  2545  2545 I libloaderimpl: LibLoaderImpl nativeGetAPIFunction.
03-24 08:43:38.876  2545  2545 I libloaderimpl: LibLoaderHandle SUCCESS
03-24 08:43:38.876  2545  2545 I libloaderimpl: LibLoaderImpl GetAPIFunction. libName: libruntimeipcserviceclient.so, funcName: ipc_GetAPIFunction
03-24 08:43:38.877  2545  2545 I RuntimeIPCApi: ipc_Initialize
03-24 08:43:38.878  2545  2545 D RuntimeIPCServiceClient: initialize. inContext: com.oculus.os.DialogContext@c80dc94processName: com.android.permissioncontroller
03-24 08:43:38.879  1977  1977 D RuntimeIPCService: onStartCommand
03-24 08:43:38.879  2545  6746 I AsyncTaskMgr: MainLoop starting
03-24 08:43:38.879  2545  2545 I AsyncTaskMgr: Init SUCCESS
03-24 08:43:38.879  2545  2545 I ServerStateMgr: Init
03-24 08:43:38.879  2545  2545 I ServerStateMgr: Init
03-24 08:43:38.879  2545  2545 D RuntimeIPCServiceClient: connectToService
03-24 08:43:38.879  2545  2545 D RuntimeIPCServiceClient: creating new service
03-24 08:43:38.879  1977  1977 D RuntimeIPCService: onStartCommand
03-24 08:43:38.881  2545  6745 D RuntimeIPCServiceClient: Service connected: android.os.BinderProxy@460cc83
03-24 08:43:38.881  2545  2545 D RuntimeIPCServiceClient: Waiting on ipc connection...
03-24 08:43:38.882  1977  1993 D RuntimeIPCService: createClient: ProcessName: com.android.permissioncontroller
03-24 08:43:38.882  1977  1993 I RuntimeIPCService: CreateBinderConnection: 2545:com.android.permissioncontroller:com.android.permissioncontroller
03-24 08:43:38.882  1977  1993 I SharedMemoryServer: SharedMemoryServer::MapMemory: Allocated shared memory fd 139 (IPCRegisteredServer)
03-24 08:43:38.883  1977  1993 D RuntimeIPCService: createClient: 1662854587, android.os.BinderProxy@813aeee, com.android.permissioncontroller
03-24 08:43:38.883  2545  2545 D RuntimeIPCServiceClient: ipc connectionIsReady: true
03-24 08:43:38.883  2545  2545 D RuntimeIPCServiceClient: ipc context.bindService SUCCESS
03-24 08:43:38.883  2545  2545 D RuntimeIPCServiceClient: ensureServiceStarted: com.oculus.guardian, com.oculus.vrguardianservice.VrGuardianService
03-24 08:43:38.883  2545  2545 D RuntimeIPCServiceClient: ensureServiceStarted SUCCESS: com.oculus.guardian, com.oculus.vrguardianservice.VrGuardianService
03-24 08:43:38.883  2545  2545 D RuntimeIPCServiceClient: ensureServiceStarted: com.oculus.guardian, com.oculus.vrguardianservice.VrGuardianUserService
03-24 08:43:38.884  2349  2349 D VrGuardianService: onStartCommand
03-24 08:43:38.884  2545  2545 D RuntimeIPCServiceClient: ensureServiceStarted SUCCESS: com.oculus.guardian, com.oculus.vrguardianservice.VrGuardianUserService
03-24 08:43:38.884  2349  2349 D VrGuardianUserService: onStartCommandIntent { cmp=com.oculus.guardian/com.oculus.vrguardianservice.VrGuardianUserService }
03-24 08:43:38.884  2545  2545 D RuntimeIPCClientMgr: SyncClientWithService: Client: com.android.permissioncontroller:com.android.permissioncontroller, Server: com.oculus.guardian:com.oculus.vrguardianservice (guardianserver)
03-24 08:43:38.884  1977  1993 I SharedMemoryServer: SharedMemoryServer::MapMemory: Allocated shared memory fd 144 (IPCService_RPCPrivateReadWrite)
03-24 08:43:38.885  1977  1993 I RuntimeIPCService: ConnectToServer: 2545:com.android.permissioncontroller:com.android.permissioncontroller (com.oculus.guardian:com.oculus.vrguardianservice (guardianserver))
03-24 08:43:38.885  2545  2545 D RuntimeIPCClientMgr: InitServerStateForClient: SUCCESS. Client: com.android.permissioncontroller:com.android.permissioncontroller, Server: com.oculus.guardian:com.oculus.vrguardianservice (guardianserver)
03-24 08:43:38.885  2545  2545 I RuntimeIPCClientMgr: ConnectToServer: SUCCESS: Client: com.android.permissioncontroller:com.android.permissioncontroller, Server: com.oculus.guardian:com.oculus.vrguardianservice (guardianserver)
03-24 08:43:38.885  2545  2545 I VrGuardianClient: g_GuardianSDKClient connected.
03-24 08:43:38.885  2545  2545 I ipcLoader: RuntimeIPC: Loader: IPC Service API Loader Version: 19 Feb 23 2021 10:21:32
03-24 08:43:38.885  2545  2545 I ipcLoader: RuntimeIPC: Loader: Re-using vtable
03-24 08:43:38.885  2545  2545 I RuntimeIPCApi: ipc_Initialize
03-24 08:43:38.885  2545  2545 D RuntimeIPCServiceClient: ensureServiceStarted: com.oculus.systemdriver, com.oculus.vrruntimeservice.VrRuntimeService
03-24 08:43:38.886  2545  2545 D RuntimeIPCServiceClient: ensureServiceStarted SUCCESS: com.oculus.systemdriver, com.oculus.vrruntimeservice.VrRuntimeService
03-24 08:43:38.886  1947  1947 D VrRuntimeService: onStartCommand
03-24 08:43:38.886  2545  2545 D RuntimeIPCClientMgr: SyncClientWithService: Client: com.android.permissioncontroller:com.android.permissioncontroller, Server: com.oculus.systemdriver:com.oculus.vrruntimeservice (RuntimeServiceServer)
03-24 08:43:38.886  1977  1993 I SharedMemoryServer: SharedMemoryServer::MapMemory: Allocated shared memory fd 149 (IPCService_RPCPrivateReadWrite)
03-24 08:43:38.886  1977  1993 I RuntimeIPCService: ConnectToServer: 2545:com.android.permissioncontroller:com.android.permissioncontroller (com.oculus.systemdriver:com.oculus.vrruntimeservice (RuntimeServiceServer))
03-24 08:43:38.887  2545  2545 D RuntimeIPCClientMgr: InitServerStateForClient: SUCCESS. Client: com.android.permissioncontroller:com.android.permissioncontroller, Server: com.oculus.systemdriver:com.oculus.vrruntimeservice (RuntimeServiceServer)
03-24 08:43:38.887  2545  2545 I RuntimeIPCClientMgr: ConnectToServer: SUCCESS: Client: com.android.permissioncontroller:com.android.permissioncontroller, Server: com.oculus.systemdriver:com.oculus.vrruntimeservice (RuntimeServiceServer)
03-24 08:43:38.887  2545  2545 I VrRuntimeClient: g_RuntimeServiceSDKClient.InitClient SUCCESS. Version: 1.0, Custom: 1.0
03-24 08:43:38.887  2545  2545 D VrRuntimeClient: connectToService
03-24 08:43:38.887  2545  2545 D VrRuntimeClient: VrRuntimeClient: creating new service
03-24 08:43:38.888  1947  1947 D VrRuntimeService: onStartCommand
03-24 08:43:38.889  2545  6744 D VrRuntimeClient: VrRuntimeClient: Service connected.
03-24 08:43:38.889  2545  2545 D VrRuntimeClient: VrRuntimeClient: Waiting on connection...
03-24 08:43:38.889  1947  1963 I ClientMgr: ClientMgr::CreateClient: 2545:com.android.permissioncontroller
03-24 08:43:38.889  1947  1963 I ClientMgr: CliengMgr: Client session placement = 0
03-24 08:43:38.889  1947  1963 I TimeWarpClientMgr: Register client 7
03-24 08:43:38.889  1947  1963 I VrRuntimeServer: RegisterCompositorClient client(7)
03-24 08:43:38.889  1947  1963 I SharedMemoryServer: SharedMemoryServer::MapMemory: Allocated shared memory fd 75 (VrRuntimeService_PrivateReadWrite_com.android.permissioncontroller)
03-24 08:43:38.889  1947  1963 I ClientMgr: CreateClient: Sending PrimaryPackageChangeEvent outside of normal operation for OS dialog.
03-24 08:43:38.889  1947  1963 I ServiceInputManager: ServiceInputManager::SetPrimaryPackageName 'com.android.permissioncontroller' 'com.android.permissioncontroller'  updated AnytimeUI processname 0
03-24 08:43:38.889  1947  1963 I VrRuntimeService: RuntimeIPC: SendPrimaryPackageChangeEvent: PostClientEvent SUCCESS: android.uid.systemui:10056:com.android.systemui:1393, com.android.permissioncontroller, com.android.permissioncontroller
03-24 08:43:38.889  1947  1963 I VrRuntimeService: RuntimeIPC: SendPrimaryPackageChangeEvent: PostClientEvent SUCCESS: com.oculus.shellenv:com.oculus.shellenv:3168, com.android.permissioncontroller, com.android.permissioncontroller
03-24 08:43:38.889  1947  1963 I VrRuntimeService: RuntimeIPC: SendPrimaryPackageChangeEvent: PostClientEvent SUCCESS: com.oculus.vrshell:com.oculus.vrshell:EnvOverlay:3214, com.android.permissioncontroller, com.android.permissioncontroller
03-24 08:43:38.889  1947  1963 I VrRuntimeService: RuntimeIPC: SendPrimaryPackageChangeEvent: PostClientEvent SUCCESS: com.oculus.vrshell:com.oculus.vrshell:3080, com.android.permissioncontroller, com.android.permissioncontroller
03-24 08:43:38.889  1947  1963 I VrRuntimeService: RuntimeIPC: SendPrimaryPackageChangeEvent: PostClientEvent SUCCESS: com.oculus.guardian:com.oculus.vrguardianservice:2349, com.android.permissioncontroller, com.android.permissioncontroller
03-24 08:43:38.889  1947  1963 I VrRuntimeService: RuntimeIPC: SendPrimaryPackageChangeEvent: PostClientEvent SUCCESS: com.oculus.vrshell:com.oculus.vrshell:Overlay:2283, com.android.permissioncontroller, com.android.permissioncontroller
03-24 08:43:38.889  1947  1963 D VrRuntimeService: sendPrimaryPackageChangeBroadcast
03-24 08:43:38.890  2283  2283 D [OAO] ShellOverlayService: screenStateReceiver Received broadcast: com.oculus.vrshell.intent.action.PRIMARY_PACKAGE_CHANGED
03-24 08:43:38.890  2283  2283 I [OAO] ShellOverlayServiceJNI: NativeSendOverlayCommand
03-24 08:43:38.891  2283  2283 I [OAO] ShellOverlayServiceJNI: NativeWake
03-24 08:43:38.891  2283  2283 I [OAO] ShellOverlayMain: WakeVrThread
03-24 08:43:38.891  2283  2283 I [OAO] ShellOverlayMain: WakeVrThread - notifying vr thread
03-24 08:43:38.891  2283  2325 I [OAO] ShellOverlayApp: VrThread woke up
03-24 08:43:38.891  2283  2325 I [OAO] ShellOverlayApp: 0xc4d34c08 msg: overlayCommand:
03-24 08:43:38.891  2283  2325 I [OAO] ShellOverlayApp: command = primaryPackageChanged
03-24 08:43:38.891  2283  2325 I [OAO] ShellOverlayApp: Process_OverlayCommand command : primaryPackageChanged
03-24 08:43:38.891  2283  2325 I [OAO] ShellOverlayApp: UpdatePrimaryPackage
03-24 08:43:38.891  2283  2325 I [OAO] ShellOverlayApp: UpdatePrimaryPackage Requested for PackageName:com.android.permissioncontroller  IsFocusAware:0
03-24 08:43:38.891  2283  2325 I [OAO] ShellOverlayApp: UpdatePrimaryPackage Package change detected. Previous package:[android.uid.systemui:10056]
03-24 08:43:38.891  2283  2325 I [OAO] OverlayFlowController: OnPrimaryPackageChange primaryPackage:com.android.permissioncontroller immersiveAppChanged:1
03-24 08:43:38.891  2283  2325 I [OAO] OverlayFlowController: Non system primary client change: ready to sleep
03-24 08:43:38.891  2283  2325 I [OAO] OverlayFlowController: Reset resetReason : 3
03-24 08:43:38.891  2283  2325 I [OAO] OverlayOsDialogFlow: Deactivated - Returning from system application
03-24 08:43:38.891  2283  2325 I [OAO] DialogController: CloseDialogs() old: 0, pendingUri: systemux://dialog/none, pendingComponent: 
03-24 08:43:38.891  2283  2325 I [OAO] SystemTabletController: Reset, reason: 3, taskBarVisibility: 1
03-24 08:43:38.891  2283  2325 I [OAO] SystemDialogController: Reset
03-24 08:43:38.891  2283  2325 I [OAO] DialogControllerManager: Reset
03-24 08:43:38.891  2283  2325 I [OAO] ShellOverlayApp: ResolveInteractionState: change from Rendering to None
03-24 08:43:38.891  2283  2325 I [OAO] ShellOverlayApp: LeaveVrMode: Interaction state from Rendering to None
03-24 08:43:38.891  2283  2325 I [OAO] ShellOverlayApp: EmptyFrame: Pushing an empty frame
03-24 08:43:38.892  2283  2325 D [OAO] ShellApplication: setOverlayInputFocus: inputFocus=false shouldSupportIME=false
03-24 08:43:38.892  2283  2325 D [OAO] BaseOverlayService: setOverlayInputFocus : entrypoint - inputFocus=false shouldSupportIME=false
03-24 08:43:38.892  2283  2325 I VrApi   : ---------- vrapi_LeaveVrMode [start] ----------
03-24 08:43:38.892  2283  2283 D [OAO] BaseOverlayService: detachServiceWindowView
03-24 08:43:38.892  2283  2283 D [OAO] BaseOverlayService: setOverlayInputFocus : completed - inputFocus=false shouldSupportIME=false actionTaken:false
03-24 08:43:38.894  1947  1963 I UnifiedTelemetryWrapper: Started UT session lifetime:com.android.permissioncontroller
03-24 08:43:38.895  2283  2325 D VrApi   : targetSDKVersion 27
03-24 08:43:38.896  2283  2325 I VrRuntimeClient: DEVICE MODEL NUMBER = Quest 2
03-24 08:43:38.896  2283  2325 I VrRuntimeClient: DEVICE HARDWARE = hollywood
03-24 08:43:38.896  2283  2325 I VrRuntimeClient: DEVICE BUILD NAME = user-1462400.7360.0
03-24 08:43:38.896  2283  2325 I VrRuntimeClient: DEVICE BUILD TYPE = user
03-24 08:43:38.896  2283  2325 I VrRuntimeClient: DEVICE OS VERSION = 10
03-24 08:43:38.896  2283  2325 I VrRuntimeClient: VRRUNTIME VERSION = VRAPI_VERSION_BEGIN { 1.1.43.0-274987955-274987955 Feb 23 2021 19:56:04 Development } RELEASE
03-24 08:43:38.896  2283  2325 I VrRuntimeClient: API LOADER VERSION = 1.1.34.0
03-24 08:43:38.896  2283  2325 I VrRuntimeClient: VRDRIVER VERSION = 26.0.0.41.502
03-24 08:43:38.896  2283  2325 I VrRuntimeClient: APP NAME = Oculus App Runtime
03-24 08:43:38.896  2283  2325 I VrRuntimeClient: APP VERSION = 26.0.0.40.502 versionCode 274988282 internalVersionName 26.0.0.40.502.3d49ffb6cc0f 2021_02_23_19_55
03-24 08:43:38.896  2283  2325 I VrRuntimeClient: APP VR TYPE = vr_only
03-24 08:43:38.896  2283  2325 I VrRuntimeClient: APP MODE TYPE = VR
03-24 08:43:38.896  2283  2325 I VrRuntimeClient: APP PACKAGE NAME = com.oculus.vrshell
03-24 08:43:38.896  2283  2325 I VrRuntimeClient: APP ACTIVITY CLASS = com.oculus.os.WindowTokenContext
03-24 08:43:38.897  2283  2325 D BatteryReceiver: Unregistering battery receiver
03-24 08:43:38.897  2283  2325 I Sensor  : OSSDKTRACKING Shutdown tracking
03-24 08:43:38.902  2349  2492 I GuardianSystem: runtimeServiceSDKClient_.PackageChangeEvent: package=[com.android.permissioncontroller], process=[com.android.permissioncontroller]
03-24 08:43:38.902  2349  2492 I GuardianSystem: SetCurrentProcessName: com.android.permissioncontroller, previous ProcessName: com.android.systemui
03-24 08:43:38.902  2349  2492 I GuardianSystem: SetCurrentProcessName: Return package changed: com.android.permissioncontroller
03-24 08:43:38.903  2283  6371 D VrApi   : targetSDKVersion 27
03-24 08:43:38.910  2283  2325 I VrApi   : OVR::Stats thread stopped
03-24 08:43:38.910  2283  2325 I InputDeviceManager: ovrInputDeviceManager::~ovrInputDeviceManager
03-24 08:43:38.910  2283  2325 I HandDataQuerier: OSSDKTRACKING shutting down HandsTracker
03-24 08:43:38.910  2283  2325 I HandDataQuerier: OSSDKTRACKING shutting down HandsTracker
03-24 08:43:38.910  2283  2325 I InputDevice_TrackedRemote: OSSDKTRACKING shutting down Haptics
03-24 08:43:38.910  2283  2325 I InputDevice_TrackedRemote: OSSDKTRACKING shutting down Haptics
03-24 08:43:38.910  2283  2325 D OsSdk   : TrackingServiceConnection dtor
03-24 08:43:38.910   819  6422 I TrackingService: Unregistering client by ITrackingService.unregisterClient
03-24 08:43:38.910   819  6422 I TrackingService: TrackingServiceHost Unregistering client: com.oculus.vrshell#2283
03-24 08:43:38.911  2283  2325 D OsSdk   : TrackingServiceConnection unregistered
03-24 08:43:38.914  2283  6370 I ClientInputThread_Internal: InputThreadRun ShutdownRequest received
03-24 08:43:38.915  2283  2325 D InputHooksJava: Disabling Java Input Hooks
03-24 08:43:38.917  1947  1963 D VrRuntimeService: enableRendering: 2283:com.oculus.vrshell: null enable: false
03-24 08:43:38.917  1947  1963 I ClientMgr: ClientMgr::EnableRendering 2283:com.oculus.vrshell : type 1 comp-id 2: disable
03-24 08:43:38.917  1947  1963 I VrRuntimeServer: DisableCompositorClient: 2
03-24 08:43:38.917  1947  1963 I TimeWarpClientMgr: Disable client 2
03-24 08:43:38.917  1947  1963 I TimeWarpClientMgr: DisableClient: frame flush required: 1
03-24 08:43:38.918  6563  6577 W System  : A resource failed to call close. 
03-24 08:43:38.918  6563  6577 W System  : A resource failed to call close. 
03-24 08:43:38.918  6563  6577 W System  : A resource failed to call end. 
03-24 08:43:38.925  1947  1963 I UnifiedTelemetryWrapper: Stopped UT session render:com.oculus.vrshell:Overlay
03-24 08:43:38.925  2283  6375 I FenceChecker: FenceChecker::MainLoop - ended
03-24 08:43:38.925  2283  2325 I VrRuntimeClient: PhaseSync Instance deleted
03-24 08:43:38.926  2283  2325 I VrApi   : ---------- vrapi_LeaveVrMode [end] ----------
03-24 08:43:38.926  2283  2325 I [OAO] AudioMixer: Disabling AudioPlayer.
03-24 08:43:38.930  2283  6374 I [OAO] AudioMixer: Notifying VrThread to shutdown.
03-24 08:43:38.930  2283  2325 I [OAO] AudioMixer: Successful shutdown.
03-24 08:43:38.930  2283  2325 I [OAO] AudioEngine: virtual void AudioLibrary::AudioEngine::DisablePlayer()
03-24 08:43:38.930  2283  2325 I [OAO] AudioEngine: Setting ShuttingDown.
03-24 08:43:38.943   723  1074 D AudioFlinger: mixer(0x7bab26f400) throttle end: throttle time(43)
03-24 08:43:38.950  2283  6374 I [OAO] AudioMixer: Notifying VrThread to shutdown.
03-24 08:43:38.950  2283  6374 I [OAO] AudioEngine: Fading final buffer
03-24 08:43:38.970  2283  6374 I [OAO] AudioEngine: Notifying VrThread to shutdown.
03-24 08:43:38.970  2283  6374 D         : PlayerBase::stop() from IPlayer
03-24 08:43:38.970  2283  2325 I [OAO] AudioEngine: Stopping player
03-24 08:43:38.971  2283  6374 D AudioTrack: stop(14): called with 401280 frames delivered
03-24 08:43:38.971  2283  2325 D         : PlayerBase::stop() from IPlayer
03-24 08:43:38.973  1297  1297 V AvrcpMediaPlayerList: onPlaybackConfigChanged(): Configs list size=4
03-24 08:43:38.975  2283  2325 I [OAO] ShellOverlayApp: Start sleep timeout. Now:147.088631, Timeout:149.088631
03-24 08:43:38.975  2283  2325 I VrApi   : Received ovrRuntime event 5
03-24 08:43:38.975  2283  2325 I VrApi   : Received ovrRuntime event 3
03-24 08:43:38.977  1297  1297 V AvrcpMediaPlayerList: onPlaybackConfigChanged(): Configs list size=3
03-24 08:43:39.019   684   914 D msm8974_platform: platform_split_snd_device: snd_device(2) num devices(1) new_snd_devices(0)
03-24 08:43:39.019   684   914 D ACDB-LOADER: ACDB -> send_audvoltable
03-24 08:43:39.019   684   914 D ACDB-LOADER: ACDB -> ACDB_CMD_GET_AUDPROC_INSTANCE_GAIN_DEP_STEP_TABLE_SIZE
03-24 08:43:39.019   684   914 D ACDB-LOADER: ACDB -> ACDB_CMD_GET_AUDPROC_INSTANCE_GAIN_DEP_STEP_TABLE, vol index 1
03-24 08:43:39.019   684   914 D ACDB-LOADER: ACDB -> AUDIO_SET_VOL_CAL cal type = 40
03-24 08:43:39.020   684   914 D msm8974_platform: platform_split_snd_device: snd_device(2) num devices(1) new_snd_devices(0)
03-24 08:43:39.020   684   914 D ACDB-LOADER: ACDB -> send_audvoltable
03-24 08:43:39.020   684   914 D ACDB-LOADER: ACDB -> ACDB_CMD_GET_AUDPROC_INSTANCE_GAIN_DEP_STEP_TABLE_SIZE
03-24 08:43:39.020   684   914 D ACDB-LOADER: ACDB -> ACDB_CMD_GET_AUDPROC_INSTANCE_GAIN_DEP_STEP_TABLE, vol index 1
03-24 08:43:39.020   684   914 D ACDB-LOADER: ACDB -> AUDIO_SET_VOL_CAL cal type = 40
03-24 08:43:39.289  1947  2276 D RuntimeIPCServerMgr: RegisterClient: Client: com.android.permissioncontroller:com.android.permissioncontroller:2545, Server: com.oculus.systemdriver:com.oculus.vrruntimeservice (RuntimeServiceServer)
03-24 08:43:39.289  1947  6753 I JniUtils: Creating temporary JNIEnv. This is a heavy operation and should be infrequent. To optimize, use JNI AttachCurrentThread on calling thread
03-24 08:43:39.289  1947  6753 I chatty  : uid=10025(com.oculus.systemdriver) Thread-47 identical 2 lines
03-24 08:43:39.290  1947  6753 I JniUtils: Creating temporary JNIEnv. This is a heavy operation and should be infrequent. To optimize, use JNI AttachCurrentThread on calling thread
03-24 08:43:39.290  1947  6753 I VrRuntimeService: RuntimeIPC: IPC_SYSTEM_EVENT_CLIENT_CONNECTED: com.android.permissioncontroller:2545, Version: 1.0, Custom: 1.0
03-24 08:43:39.290  1947  6753 I VrRuntimeService: RuntimeServiceSDKServer::GetSharedMemoryFileDescriptor: 1662854587
03-24 08:43:39.290  1947  6753 I VrRuntimeService: GetSharedMemoryFileDescriptor: SharedMemoryType_PublicReadOnly: 33
03-24 08:43:39.290  1947  6753 I VrRuntimeService: RuntimeServiceSDKServer::GetSharedMemoryFileDescriptor: 1662854587
03-24 08:43:39.290  1947  6753 I VrRuntimeService: GetSharedMemoryFileDescriptor: SharedMemoryType_PrivateReadWrite: 75
03-24 08:43:39.291  2545  6744 I VrRuntimeClient: nativeRuntimeServiceConnected: publicReadOnlyFd=66, privateReadWriteFd=67
03-24 08:43:39.291  2545  2545 D VrRuntimeClient: VrRuntimeClient: connectionIsReady: true
03-24 08:43:39.291  2545  2545 D VrRuntimeClient: VrRuntimeClient: context.bindService SUCCESS
03-24 08:43:39.291  2545  2545 I VrApi   : vrapi_Initialize: Connected to VrRuntimeService after 0.403999s
03-24 08:43:39.291  2545  2545 D SystemActivitiesReceiver: Registering Oculus System Activity receiver
03-24 08:43:39.292  2545  2545 I Distortion: Initializing Mesh Decenter Correction
03-24 08:43:39.292  2545  2545 I Distortion: EYE_DECENTER ipdMin 58.1364 left H: -8.1595 v: 3.6616  right  H: -4.9562 v: 0.1797
03-24 08:43:39.293  2545  2545 I Distortion: EYE_DECENTER ipdMid 63.0543 left H: 0.7277 v: 2.5898  right  H: 1.0983 v: 2.3797
03-24 08:43:39.293  2545  2545 I Distortion: EYE_DECENTER ipdMax 67.9727 left H: 1.9973 v: 1.518  right  H: -0.1126 v: 2.3797
03-24 08:43:39.293  2545  2545 I Distortion: EYE_DECENTER PIXELS(4) left H: -0.7277 V: -2.5898  right H: -1.0983 V: -2.3797
03-24 08:43:39.293  2545  2545 I Distortion: EYE_DECENTER iad: 0.065, left H: -2.99923e-05 V: -8.50749e-05  right H: -2.99923e-05 V: -7.81732e-05
03-24 08:43:39.293  2545  2545 I Distortion: SetLensPositions - iad=0.065, left offset=0.000769582,-0.00133337, right offset=-0.000829566,-0.00132647
03-24 08:43:39.293  2545  2545 I Distortion: Initializing Mesh Decenter Correction
03-24 08:43:39.293  2545  2545 I Distortion: EYE_DECENTER ipdMin 58.1364 left H: -8.1595 v: 3.6616  right  H: -4.9562 v: 0.1797
03-24 08:43:39.293  2545  2545 I Distortion: EYE_DECENTER ipdMid 63.0543 left H: 0.7277 v: 2.5898  right  H: 1.0983 v: 2.3797
03-24 08:43:39.293  2545  2545 I Distortion: EYE_DECENTER ipdMax 67.9727 left H: 1.9973 v: 1.518  right  H: -0.1126 v: 2.3797
03-24 08:43:39.293  2545  2545 I Distortion: EYE_DECENTER PIXELS(4) left H: -0.7277 V: -2.5898  right H: -1.0983 V: -2.3797
03-24 08:43:39.293  2545  2545 I Distortion: EYE_DECENTER iad: 0.065, left H: -2.99923e-05 V: -8.50749e-05  right H: -2.99923e-05 V: -7.81732e-05
03-24 08:43:39.293  2545  2545 I Distortion: SetLensPositions - iad=0.065, left offset=0.000769582,-0.00133337, right offset=-0.000829566,-0.00132647
03-24 08:43:39.293  2545  2545 I Distortion: Created custom distortion mesh.
03-24 08:43:39.293  2545  2545 I Distortion: ovrDistortionMeshHeader::magic = 0x56347807
03-24 08:43:39.293  2545  2545 I Distortion: ovrDistortionMeshHeader::deviceModel = 0x200
03-24 08:43:39.293  2545  2545 I Distortion: ovrDistortionMeshHeader::headsetModel = 0x104
03-24 08:43:39.293  2545  2545 I Distortion: ovrDistortionMeshHeader::eyeBlocksWide = 32
03-24 08:43:39.293  2545  2545 I Distortion: ovrDistortionMeshHeader::eyeBlocksHigh = 32
03-24 08:43:39.293  2545  2545 I Distortion: ovrDistortionMeshHeader::lensSeparationMeters = 0.065000
03-24 08:43:39.293  2545  2545 I Distortion: ovrDistortionMeshHeader::horizontalOffsetMeters = -0.000030
03-24 08:43:39.293  2545  2545 I Distortion: ovrDistortionMeshHeader::displayWidthMeters = 0.120362
03-24 08:43:39.293  2545  2545 I Distortion: ovrDistortionMeshHeader::displayHeightMeters = 0.063072
03-24 08:43:39.293  2545  2545 I Distortion: ovrDistortionMeshHeader::displayWidthPixels = 3664
03-24 08:43:39.293  2545  2545 I Distortion: ovrDistortionMeshHeader::displayHeightPixels = 1920
03-24 08:43:39.293  2545  2545 I Distortion: ovrDistortionMeshHeader::eyeTextureWidthPixels = 1440
03-24 08:43:39.293  2545  2545 I Distortion: ovrDistortionMeshHeader::eyeTextureHeightPixels = 1584
03-24 08:43:39.293  2545  2545 I Distortion: ovrDistortionMeshHeader::leftEye = up 48.000000 / down 50.000000 / left 49.000000 / right 45.000000
03-24 08:43:39.293  2545  2545 I Distortion: ovrDistortionMeshHeader::rightEye = up 48.000000 / down 50.000000 / left 45.000000 / right 49.000000
03-24 08:43:39.296  2545  2545 I ClientInputInterface: SetChordedSystemButtonGKFlag 1
03-24 08:43:39.302  2349  2458 D RuntimeIPCServerMgr: RegisterClient: Client: com.android.permissioncontroller:com.android.permissioncontroller:2545, Server: com.oculus.guardian:com.oculus.vrguardianservice (guardianserver)
03-24 08:43:39.302  2545  2545 I ClientInputSettings: SYSTEMBUTTONSPACE GKS freeze '0'  freezeAPI '0'  eattrigger '0'
03-24 08:43:39.302  2545  2545 I ClientInputSettings: SYSTEMBUTTONSPACE 'com.android.permissioncontroller' Freeze input '0' eat trigger '0'  on home button down
03-24 08:43:39.302  2349  6754 I JniUtils: Creating temporary JNIEnv. This is a heavy operation and should be infrequent. To optimize, use JNI AttachCurrentThread on calling thread
03-24 08:43:39.303  2349  6754 I chatty  : uid=10068(com.oculus.guardian) Thread-32 identical 2 lines
03-24 08:43:39.303  2349  6754 I JniUtils: Creating temporary JNIEnv. This is a heavy operation and should be infrequent. To optimize, use JNI AttachCurrentThread on calling thread
03-24 08:43:39.304  2545  2545 I ClientInputSettings: HANDTRACKING: YES! You are on the Hand Tracking Frequency GK :D
03-24 08:43:39.304  2349  6754 W REFLECT : Broadcasting 1662854587, com.android.permissioncontroller, com.android.permissioncontroller:2545
03-24 08:43:39.304  2545  2545 I ClientInputInterface: HANDTRACKING sethandtrackingfrequency 0
03-24 08:43:39.306  2545  2545 I ClientInputInterface: HANDTRACKING handtrackingsmallfingeropeningpinchenabled 1
03-24 08:43:39.306  2545  2545 I ClientInputSettings: HANDTRACKING: YES! You are on the Hand Tracking Small Finger Opening Pinch GK :D
03-24 08:43:39.306  2545  2545 I ClientInputSettings: SetInhibitHandleHomeKey = true for com.android.permissioncontroller
03-24 08:43:39.306  2545  2545 I ClientInputInterface: SetInhibitHandleHomeKey 1
03-24 08:43:39.306  2545  2545 I InputHooks: InitializeInputHooks
03-24 08:43:39.306  2545  2545 I InputHooks: InitializeInputHooks create
03-24 08:43:39.306  2545  2545 D VrRuntimeClient: getClient6dofEntitlementMode for com.android.permissioncontroller
03-24 08:43:39.308  2190  2208 W PublicLibraryProvider: Cannot find entitlement for com.android.permissioncontroller
03-24 08:43:39.309  2545  2545 I TREX    : Initializing TREX for client ed81dad0d7823498...
