02-18 12:07:30.844  1923  1962 D VrRuntimeService: IVrRuntimeClient.Stub().getSharedMemoryPrivateReadWriteFileDescriptor()
02-18 12:07:30.844  1923  1962 I VrRuntimeService: SharedMemoryDebug: nativeGetSharedMemoryPrivateReadWriteFd: 71
02-18 12:07:30.844  1923  1962 D VrRuntimeService: getSharedMemoryPrivateReadWriteFileDescriptor fd (VrRuntimeService) 71
02-18 12:07:30.844  1292  5783 I VrRuntimeClient: nativeRuntimeServiceConnected: publicReadOnlyFd=69, privateReadWriteFd=70
02-18 12:07:30.844  1292  1292 D VrRuntimeClient: VrRuntimeClient: connectionIsReady: true
02-18 12:07:30.844  1292  1292 D VrRuntimeClient: VrRuntimeClient: context.bindService SUCCESS
02-18 12:07:30.844  1292  1292 I VrApi   : vrapi_Initialize: Connected to VrRuntimeService after 0.011550s
02-18 12:07:30.845  1292  1292 D SystemActivitiesReceiver: Registering Oculus System Activity receiver
02-18 12:07:30.845  1292  1292 I Distortion: Initializing Mesh Decenter Correction
02-18 12:07:30.846  1292  1292 I Distortion: EYE_DECENTER ipdMin 58.1364 left H: -8.1595 v: 3.6616  right  H: -4.9562 v: 0.1797
02-18 12:07:30.846  1292  1292 I Distortion: EYE_DECENTER ipdMid 63.0543 left H: 0.7277 v: 2.5898  right  H: 1.0983 v: 2.3797
02-18 12:07:30.846  1292  1292 I Distortion: EYE_DECENTER ipdMax 67.9727 left H: 1.9973 v: 1.518  right  H: -0.1126 v: 2.3797
02-18 12:07:30.846  1292  1292 I Distortion: EYE_DECENTER PIXELS(4) left H: -0.7277 V: -2.5898  right H: -1.0983 V: -2.3797
02-18 12:07:30.846  1292  1292 I Distortion: EYE_DECENTER iad: 0.065, left H: -2.99923e-05 V: -8.50749e-05  right H: -2.99923e-05 V: -7.81732e-05
02-18 12:07:30.846  1292  1292 I Distortion: SetLensPositions - iad=0.065, left offset=0.000769582,-0.00133337, right offset=-0.000829566,-0.00132647
02-18 12:07:30.846  1292  1292 I Distortion: Initializing Mesh Decenter Correction
02-18 12:07:30.846  1292  1292 I Distortion: EYE_DECENTER ipdMin 58.1364 left H: -8.1595 v: 3.6616  right  H: -4.9562 v: 0.1797
02-18 12:07:30.846  1292  1292 I Distortion: EYE_DECENTER ipdMid 63.0543 left H: 0.7277 v: 2.5898  right  H: 1.0983 v: 2.3797
02-18 12:07:30.846  1292  1292 I Distortion: EYE_DECENTER ipdMax 67.9727 left H: 1.9973 v: 1.518  right  H: -0.1126 v: 2.3797
02-18 12:07:30.846  1292  1292 I Distortion: EYE_DECENTER PIXELS(4) left H: -0.7277 V: -2.5898  right H: -1.0983 V: -2.3797
02-18 12:07:30.846  1292  1292 I Distortion: EYE_DECENTER iad: 0.065, left H: -2.99923e-05 V: -8.50749e-05  right H: -2.99923e-05 V: -7.81732e-05
02-18 12:07:30.846  1292  1292 I Distortion: SetLensPositions - iad=0.065, left offset=0.000769582,-0.00133337, right offset=-0.000829566,-0.00132647
02-18 12:07:30.846  1292  1292 I Distortion: Created custom distortion mesh.
02-18 12:07:30.846  1292  1292 I Distortion: ovrDistortionMeshHeader::magic = 0x56347807
02-18 12:07:30.846  1292  1292 I Distortion: ovrDistortionMeshHeader::deviceModel = 0x200
02-18 12:07:30.846  1292  1292 I Distortion: ovrDistortionMeshHeader::headsetModel = 0x104
02-18 12:07:30.846  1292  1292 I Distortion: ovrDistortionMeshHeader::eyeBlocksWide = 32
02-18 12:07:30.846  1292  1292 I Distortion: ovrDistortionMeshHeader::eyeBlocksHigh = 32
02-18 12:07:30.846  1292  1292 I Distortion: ovrDistortionMeshHeader::lensSeparationMeters = 0.065000
02-18 12:07:30.846  1292  1292 I Distortion: ovrDistortionMeshHeader::horizontalOffsetMeters = -0.000030
02-18 12:07:30.846  1292  1292 I Distortion: ovrDistortionMeshHeader::displayWidthMeters = 0.120362
02-18 12:07:30.846  1292  1292 I Distortion: ovrDistortionMeshHeader::displayHeightMeters = 0.063072
02-18 12:07:30.846  1292  1292 I Distortion: ovrDistortionMeshHeader::displayWidthPixels = 3664
02-18 12:07:30.846  1292  1292 I Distortion: ovrDistortionMeshHeader::displayHeightPixels = 1920
02-18 12:07:30.846  1292  1292 I Distortion: ovrDistortionMeshHeader::eyeTextureWidthPixels = 1440
02-18 12:07:30.846  1292  1292 I Distortion: ovrDistortionMeshHeader::eyeTextureHeightPixels = 1584
02-18 12:07:30.846  1292  1292 I Distortion: ovrDistortionMeshHeader::leftEye = up 48.000000 / down 50.000000 / left 49.000000 / right 45.000000
02-18 12:07:30.846  1292  1292 I Distortion: ovrDistortionMeshHeader::rightEye = up 48.000000 / down 50.000000 / left 45.000000 / right 49.000000
02-18 12:07:30.846  1292  1292 I RemoteTracking: Successfully created ConnectedRemoteFactory!
02-18 12:07:30.847  1292  1292 I TrackingServiceClient: initialize
02-18 12:07:30.847  1292  1292 I LatencySequenceLogger: LatencySequenceLogger with name handPoseLatency0 already exists
02-18 12:07:30.847  1292  1292 I LatencySequenceLogger: LatencySequenceLogger with name pointerPoseLatency0 already exists
02-18 12:07:30.847  1292  1292 I LatencySequenceLogger: LatencySequenceLogger with name handPoseLatency1 already exists
02-18 12:07:30.847  1292  1292 I LatencySequenceLogger: LatencySequenceLogger with name pointerPoseLatency1 already exists
02-18 12:07:30.847  1292  1292 I LatencySequenceLogger: LatencySequenceLogger with name gfrLatency already exists
02-18 12:07:30.847  1292  1292 I LatencySequenceLogger: LatencySequenceLogger with name trackedRemoteLatency0 already exists
02-18 12:07:30.847  1292  1292 I LatencySequenceLogger: LatencySequenceLogger with name trackedRemoteLatency1 already exists
02-18 12:07:30.850  1292  1292 I ClientInputInterface: SetChordedSystemButtonGKFlag 1
02-18 12:07:30.856  1292  1292 I ClientInputSettings: SYSTEMBUTTONSPACE GKS freeze '0'  freezeAPI '0'  eattrigger '0'
02-18 12:07:30.856  1292  1292 I ClientInputSettings: SYSTEMBUTTONSPACE 'com.android.systemui' Freeze input '0' eat trigger '0'  on home button down
02-18 12:07:30.859  1292  1292 I ClientInputSettings: HANDTRACKING: YES! You are on the Hand Tracking Frequency GK :D
02-18 12:07:30.859  1292  1292 I ClientInputInterface: HANDTRACKING sethandtrackingfrequency 0
02-18 12:07:30.862  1292  1292 I VrRuntimeClient: HANDTRACKING handtrackingsmallfingeropeningpinchenabled 1
02-18 12:07:30.862  1292  1292 I ClientInputSettings: HANDTRACKING: YES! You are on the Hand Tracking Small Finger Opening Pinch GK :D
02-18 12:07:30.862  1292  1292 I InputHooks: InitializeInputHooks
02-18 12:07:30.862  1292  1292 I InputHooks: InitializeInputHooks create
02-18 12:07:30.862  1292  1292 D VrRuntimeClient: getClient6dofEntitlementMode for com.android.systemui
02-18 12:07:30.865  2178  2195 W PublicLibraryProvider: Cannot find entitlement for com.android.systemui
02-18 12:07:30.867  1292  1292 I TREX    : Initializing TREX for client 82febcf5757755ee...
02-18 12:07:30.867  1292  1292 I TREX    : deviceType_ = 2
02-18 12:07:30.867  1292  1292 I TREX    : Initializing system...
02-18 12:07:30.867  1292  1292 I TREX    : Plugin 'com.oculus.superres:libsuperres_plugin.so': No GK killswitch check!
02-18 12:07:30.867  1292  1292 I TREX    : Loading plugin com.oculus.superres:libsuperres_plugin.so
02-18 12:07:30.867  1292  1292 E TREX    : Package 'com.oculus.superres' was not found!
02-18 12:07:30.867  1292  1292 E TREX    : Package com.oculus.superres has an invalid signature!
02-18 12:07:30.867  1292  1292 E TREX    : Skipping load of package com.oculus.superres due to an invalid signature!
02-18 12:07:30.867  1292  1292 I TREX    : Plugin 'com.oculus.superres:libsuperres_plugin.so' not loaded.
02-18 12:07:30.867  1292  1292 I VrApi   : ----------- vrapi_Initialize [end] ----------
02-18 12:07:30.885  1923  1923 D VrRuntimeService: onFocusedWindowChanged: focusedWindowToken=android.os.BinderProxy@f3857d1, focusedWindowUid=10056, focusedWindowPid=1292
02-18 12:07:30.885  1923  1923 W ClientMgr: ClientMgr::SetFocusedClient: No focused client
02-18 12:07:30.885  1923  1923 I ClientMgr: Releasing clocks.
02-18 12:07:30.887  1292  5792 I VrApi   : ---------- vrapi_EnterVrMode [start] ----------
02-18 12:07:30.887  1292  5792 I VrRuntimeClient: Tracing is disabled
02-18 12:07:30.887  1292  5792 I VrRuntimeClient: SysProp debug mode is disabled on Client side
02-18 12:07:30.887  1292  5792 D VrApi   : targetSDKVersion 29
02-18 12:07:30.888  1006  1124 V DisplayPowerController: Brightness [255] reason changing to: 'override', previous reason: 'manual'.
02-18 12:07:30.888  1292  5792 I VrRuntimeClient: DEVICE MODEL NUMBER = Quest 2
02-18 12:07:30.888  1292  5792 I VrRuntimeClient: DEVICE HARDWARE = hollywood
02-18 12:07:30.888  1292  5792 I VrRuntimeClient: DEVICE BUILD NAME = user-1396980.8370.0
02-18 12:07:30.888  1292  5792 I VrRuntimeClient: DEVICE BUILD TYPE = user
02-18 12:07:30.888  1292  5792 I VrRuntimeClient: DEVICE OS VERSION = 10
02-18 12:07:30.888  1292  5792 I VrRuntimeClient: VRRUNTIME VERSION = VRAPI_VERSION_BEGIN { 1.1.42.0-270435163-270435163 Jan 28 2021 12:41:13 Development } RELEASE
02-18 12:07:30.888  1292  5792 I VrRuntimeClient: API LOADER VERSION = 1.1.34.0
02-18 12:07:30.888  1292  5792 I VrRuntimeClient: VRDRIVER VERSION = 25.0.0.72.658
02-18 12:07:30.888  1292  5792 I VrRuntimeClient: APP NAME = System UI
02-18 12:07:30.888  1292  5792 I VrRuntimeClient: APP VERSION = 10 versionCode 29 internalVersionName <none>
02-18 12:07:30.888  1292  5792 I VrRuntimeClient: APP VR TYPE = <none>
02-18 12:07:30.888  1292  5792 I VrRuntimeClient: APP MODE TYPE = <none>
02-18 12:07:30.888  1292  5792 I VrRuntimeClient: APP PACKAGE NAME = com.android.systemui
02-18 12:07:30.888  1292  5792 I VrRuntimeClient: APP ACTIVITY CLASS = com.oculus.os.DialogContext
02-18 12:07:30.888  1292  5792 D BatteryReceiver: Registering battery receiver
02-18 12:07:30.889  1923  2279 I PerformanceManager: SetClockLevels: Force releasing clocks
02-18 12:07:30.889  1923  2279 I PerformanceManager: SetClockLevels: Apply pending clock request change: 2,3 -> -1,-1
02-18 12:07:30.889  1923  2027 I Clocks  : ReleaseClocks - start
02-18 12:07:30.889   708   783 D android.hardware.power@1.3-service-libperfmgr: Unset hint for clock domain: 0
02-18 12:07:30.889  1923  2027 I Clocks  : ReleaseClocks - end (0.5 ms)
02-18 12:07:30.889   708   780 W libperfmgr: Failed to write to node: /sys/class/devfreq/soc:qcom,cpu-cpu-llcc-bw/max_freq with value: 2288, fd: 10
02-18 12:07:30.889   708   780 W libperfmgr: Failed to write to node: /sys/class/devfreq/soc:qcom,cpu-llcc-ddr-bw/max_freq with value: 762, fd: 11
02-18 12:07:30.889   708   783 D android.hardware.power@1.3-service-libperfmgr: Unset hint for clock domain: 1
02-18 12:07:30.889   708   780 W libperfmgr: Failed to write to node: /sys/class/devfreq/soc:qcom,cpu-cpu-llcc-bw/max_freq with value: 2288, fd: 11
02-18 12:07:30.889   708   780 W libperfmgr: Failed to write to node: /sys/class/devfreq/soc:qcom,cpu-llcc-ddr-bw/max_freq with value: 762, fd: 9
02-18 12:07:30.890  1292  5792 D HeadsetReceiver: getCurrentHeadsetState: false
02-18 12:07:30.890  1292  5792 I DeviceStatus: nativeHeadsetEvent(0)
02-18 12:07:30.890  1292  5792 I LatencySequenceLogger: handPoseLatency0 - Logger reset. Session ID: 6789351251241722222
02-18 12:07:30.890  1292  5792 I LatencySequenceLogger: pointerPoseLatency0 - Logger reset. Session ID: -1704436378671779524
02-18 12:07:30.890  1292  5792 I LatencySequenceLogger: handPoseLatency1 - Logger reset. Session ID: -6193730358060798995
02-18 12:07:30.890  1292  5792 I LatencySequenceLogger: pointerPoseLatency1 - Logger reset. Session ID: -2499692043898268187
02-18 12:07:30.890  1292  5792 I LatencySequenceLogger: gfrLatency - Logger reset. Session ID: -3867971037658789352
02-18 12:07:30.890  1292  5792 I LatencySequenceLogger: trackedRemoteLatency0 - Logger reset. Session ID: 669185237933486427
02-18 12:07:30.890  1292  5792 I LatencySequenceLogger: trackedRemoteLatency1 - Logger reset. Session ID: -2890111244226511320
02-18 12:07:30.891  1292  5792 I ClientInputInterface: DEADRECKONING SetControllerTrackingExtendedDeadreckoning 0
02-18 12:07:30.891  1292  5792 D InputHooksJava: Enabling Java Input Hooks
02-18 12:07:30.891  1292  5792 I InputDeviceManager: ovrInputDeviceManager::Initialize
02-18 12:07:30.891  1292  5792 I InputDeviceManager: HANDTRACKING packagename is com.android.systemui
02-18 12:07:30.892  2178  2195 W LibraryProvider: Cannot find entitlement for com.YourCompany.KilncroftLane
02-18 12:07:30.892  2097  2097 W OVRLibrary: null cursor received for query content://com.oculus.ocms.library/apps/com.YourCompany.KilncroftLane
02-18 12:07:30.893  1292  5792 I InputDeviceManager: HANDTRACKING: Manifest Permission request for com.android.systemui
02-18 12:07:30.894  1292  5792 I InputDeviceManager: HANDTRACKING:  'com.android.systemui' Is hands or controller.
02-18 12:07:30.894  1292  5792 I InputDeviceManager: HANDTRACKING: feature flag set to 2
02-18 12:07:30.894  1292  5792 I ClientInputInterface: HANDTRACKING sethandmanifest 2
02-18 12:07:30.894  1292  5792 D TrackingServiceConnectionNative: onClientConnect
02-18 12:07:30.894  1292  5792 D BinderConnection: Connecting to TrackingService
02-18 12:07:30.894  1292  5792 D TrackingServiceConnectionNative: onConnected
02-18 12:07:30.894   800   879 I TrackingService: TrackingService::getSharedMemoryFileDescriptor
02-18 12:07:30.895  1292  5792 I TrackingServiceClient: OVR::TrackingService::ClientSetInterface
02-18 12:07:30.895  1292  5792 I TrackingServiceClient: TrackingService client: roFd(74)
02-18 12:07:30.895  1292  5792 I TrackingServiceClient: TrackingService client: connected to interface version 14.
02-18 12:07:30.895  1292  5792 I TrackingServiceClient: TrackingService client: last prediction time is 0.005142 seconds old
02-18 12:07:30.895  1292  5792 I TrackingServiceClient: TrackingService client: provided by pid=800
02-18 12:07:30.895   800   879 I TrackingService: TrackingService::registerClient
02-18 12:07:30.895   800   879 I TrackingService: Registering client with TrackingServiceHost (com.android.systemui#1292)
02-18 12:07:30.895   800   879 I TrackingService: Notifying client com.android.systemui#1292 of new remote d1a68fb151f50abc
02-18 12:07:30.896   800   879 I TrackingService: Notifying client com.android.systemui#1292 of new remote b298f93898a8d8b4
02-18 12:07:30.897   708   783 I android.hardware.power@1.3-service-libperfmgr: Ignoring hint 2
02-18 12:07:30.897   800   879 I TrackingService: TrackingServiceHost GetSharedMemoryFileDescriptor for client com.android.systemui#1292
02-18 12:07:30.897   800   879 I TrackingService: TrackingServiceHost registered first secure client
02-18 12:07:30.897   800   879 I TrackingService: TrackingServiceHost knows of 1 secure clients
02-18 12:07:30.897  1292  5792 I TrackingServiceClient: ClientConnectComplete
02-18 12:07:30.897  1292  5792 I Distortion: Initializing Mesh Decenter Correction
02-18 12:07:30.897  2178  2195 W LibraryProvider: Cannot find entitlement for com.YourCompany.KilncroftLane
02-18 12:07:30.898  2097  2097 W OVRLibrary: null cursor received for query content://com.oculus.ocms.library/apps/com.YourCompany.KilncroftLane
02-18 12:07:30.898  2097  2097 E PlatformPluginManager: onAppStart called before init
02-18 12:07:30.898  2097  2097 E OVRMediaServiceManager: LivestreamingManager Not initialized
02-18 12:07:30.898  1292  5792 I Distortion: EYE_DECENTER ipdMin 58.1364 left H: -8.1595 v: 3.6616  right  H: -4.9562 v: 0.1797
02-18 12:07:30.898  1292  5792 I Distortion: EYE_DECENTER ipdMid 63.0543 left H: 0.7277 v: 2.5898  right  H: 1.0983 v: 2.3797
02-18 12:07:30.898  1292  5792 I Distortion: EYE_DECENTER ipdMax 67.9727 left H: 1.9973 v: 1.518  right  H: -0.1126 v: 2.3797
02-18 12:07:30.898  1292  5792 I Distortion: EYE_DECENTER PIXELS(4) left H: -0.7277 V: -2.5898  right H: -1.0983 V: -2.3797
02-18 12:07:30.898  1292  5792 I Distortion: EYE_DECENTER iad: 0.065, left H: -2.99923e-05 V: -8.50749e-05  right H: -2.99923e-05 V: -7.81732e-05
02-18 12:07:30.898  1292  5792 I Distortion: SetLensPositions - iad=0.065, left offset=0.000769582,-0.00133337, right offset=-0.000829566,-0.00132647
02-18 12:07:30.898  1292  5792 I Distortion: Initializing Mesh Decenter Correction
02-18 12:07:30.898  1292  5792 I Distortion: EYE_DECENTER ipdMin 58.1364 left H: -8.1595 v: 3.6616  right  H: -4.9562 v: 0.1797
02-18 12:07:30.898  1292  5792 I Distortion: EYE_DECENTER ipdMid 63.0543 left H: 0.7277 v: 2.5898  right  H: 1.0983 v: 2.3797
02-18 12:07:30.898  1292  5792 I Distortion: EYE_DECENTER ipdMax 67.9727 left H: 1.9973 v: 1.518  right  H: -0.1126 v: 2.3797
02-18 12:07:30.898  1292  5792 I Distortion: EYE_DECENTER PIXELS(4) left H: -0.7277 V: -2.5898  right H: -1.0983 V: -2.3797
02-18 12:07:30.898  1292  5792 I Distortion: EYE_DECENTER iad: 0.065, left H: -2.99923e-05 V: -8.50749e-05  right H: -2.99923e-05 V: -7.81732e-05
02-18 12:07:30.898  1292  5792 I Distortion: SetLensPositions - iad=0.065, left offset=0.000769582,-0.00133337, right offset=-0.000829566,-0.00132647
02-18 12:07:30.898  1292  5792 I Distortion: Created custom distortion mesh.
02-18 12:07:30.898  1292  5792 I Distortion: ovrDistortionMeshHeader::magic = 0x56347807
02-18 12:07:30.898  1292  5792 I Distortion: ovrDistortionMeshHeader::deviceModel = 0x200
02-18 12:07:30.898  1292  5792 I Distortion: ovrDistortionMeshHeader::headsetModel = 0x104
02-18 12:07:30.898  1292  5792 I Distortion: ovrDistortionMeshHeader::eyeBlocksWide = 32
02-18 12:07:30.898  1292  5792 I Distortion: ovrDistortionMeshHeader::eyeBlocksHigh = 32
02-18 12:07:30.898  1292  5792 I Distortion: ovrDistortionMeshHeader::lensSeparationMeters = 0.065000
02-18 12:07:30.898  1292  5792 I Distortion: ovrDistortionMeshHeader::horizontalOffsetMeters = -0.000030
02-18 12:07:30.898  1292  5792 I Distortion: ovrDistortionMeshHeader::displayWidthMeters = 0.120362
02-18 12:07:30.898  1292  5792 I Distortion: ovrDistortionMeshHeader::displayHeightMeters = 0.063072
02-18 12:07:30.898  1292  5792 I Distortion: ovrDistortionMeshHeader::displayWidthPixels = 3664
02-18 12:07:30.898  1292  5792 I Distortion: ovrDistortionMeshHeader::displayHeightPixels = 1920
02-18 12:07:30.898  1292  5792 I Distortion: ovrDistortionMeshHeader::eyeTextureWidthPixels = 1440
02-18 12:07:30.898  1292  5792 I Distortion: ovrDistortionMeshHeader::eyeTextureHeightPixels = 1584
02-18 12:07:30.898  1292  5792 I Distortion: ovrDistortionMeshHeader::leftEye = up 48.000000 / down 50.000000 / left 49.000000 / right 45.000000
02-18 12:07:30.898  1292  5792 I Distortion: ovrDistortionMeshHeader::rightEye = up 48.000000 / down 50.000000 / left 45.000000 / right 49.000000
02-18 12:07:30.898  1292  5792 I VrApi   : ovrModeParms::VRAPI_MODE_FLAG_RESET_WINDOW_FULLSCREEN = 1
02-18 12:07:30.898  1292  5792 I VrApi   : ovrModeParms::VRAPI_MODE_FLAG_NATIVE_WINDOW = 1
02-18 12:07:30.898  1292  5792 I VrApi   : ovrModeParms::VRAPI_MODE_FLAG_FRONT_BUFFER_SRGB = 0
02-18 12:07:30.898  1292  5792 I VrApi   : ovrModeParms::VRAPI_MODE_FLAG_CREATE_CONTEXT_NO_ERROR = 0
02-18 12:07:30.898  1292  5792 I VrApi   : ovrModeParms::VRAPI_MODE_FLAG_PHASE_SYNC = 0
02-18 12:07:30.898  1292  5792 I VrApi   : ovrModeParms::VRAPI_MODE_FLAG_APP_SPACE_WARP = 0
02-18 12:07:30.898  1292  5792 I VrRuntimeClient: SetPhaseSyncMode 0
02-18 12:07:30.898  1292  5792 I VrApi   : PhaseSync disabled
02-18 12:07:30.898  1292  5792 I VrApi   : HMD sensor attached.
02-18 12:07:30.899  1292  5792 D VrRuntimeClient: pokeGuardianUserServiceForThisClient: com.android.systemui:10056
02-18 12:07:30.899  2326  2326 D VrGuardianUserService: onStartCommandIntent { act=FOREGROUND_CLIENT cmp=com.oculus.guardian/com.oculus.vrguardianservice.VrGuardianUserService (has extras) }
02-18 12:07:30.900  1006  1112 I ActivityTaskManager: Displayed com.android.systemui/com.oculus.os.vrsystemui.vrmtp.MtpAlertActivity: +592ms
02-18 12:07:30.900  1292  5792 D VrRuntimeClient: VrRuntimeClient: enableRendering: dialog client
02-18 12:07:30.900  1292  5792 D VrRuntimeClient: VrRuntimeClient: enableRendering: Using clientWindow=android.os.BinderProxy@b19f78e
02-18 12:07:30.900  1923  1962 I ClientMgr: ClientMgr::SetFocusedClient: 1292:android.uid.systemui:10056 type 0
02-18 12:07:30.900  1923  1962 D VrRuntimeService: enableRendering: 1292:android.uid.systemui:10056: android.os.BinderProxy@f3857d1 enable: true
02-18 12:07:30.900  1923  1962 I ClientMgr: ClientMgr::EnableRendering 1292:android.uid.systemui:10056 : type 0 comp-id 9: enable
02-18 12:07:30.900  1923  1962 I TimeWarp: CheckDebuggerConnected: debugger 0
02-18 12:07:30.900  1923  1962 I VrRuntimeServer: SysProp debug mode is disabled on Server side
02-18 12:07:30.904  1923  1962 I UnifiedTelemetryWrapper: Started UT session render:com.android.systemui
02-18 12:07:30.904  1923  2279 I ClientMgr: Non-overlay clients rendering status has changed: prev=5, curr=6, enabled=2
02-18 12:07:30.904  1292  5792 I ScreenCaptureHelper: Advertising com.android.systemui as streamable
02-18 12:07:30.905  1292  5792 I VrApi   : OVR::Stats thread started
02-18 12:07:30.905  1292  5792 I InputDeviceManager: HANDTRACKING Pose filter profile changed to: 0
02-18 12:07:30.905  1292  5792 I InputDeviceManager: HANDTRACKING Pose filter profile changed to: 0
02-18 12:07:30.905  1292  5792 I XrRuntimeSystem_Client: BeginSession
02-18 12:07:30.905  1292  5792 I VrApi   : ---------- vrapi_EnterVrMode [end] ----------
02-18 12:07:30.905  1292  5792 I ClientInputSettings: SetInhibitHandleHomeKey = true for com.android.systemui
02-18 12:07:30.905  1292  5792 I ClientInputInterface: SetInhibitHandleHomeKey 1
02-18 12:07:30.905  1923  2279 D VrRuntimeService: getForegroundClientId: foreground package com.android.systemui uid 10056
02-18 12:07:30.905  1923  2279 D VrRuntimeService: getForegroundClientId: found client: android.uid.systemui:10056 id: 9 uid: 10056
02-18 12:07:30.905  1923  2279 I ClientMgr: GetForegroundClientId: 9
02-18 12:07:30.905  1923  2279 I ClientMgr: Primary client determined to be foreground client: android.uid.systemui:10056.
02-18 12:07:30.905  1923  2279 I ClientMgr: Setting Primary Client to 9
02-18 12:07:30.905  1923  2279 I ClientMgr: Primary Client ID changed
02-18 12:07:30.905  1923  5788 I VrRuntimeService: CreateSwapChain: 69374654
02-18 12:07:30.905  1923  5788 I VrRuntimeService: CreateSwapChain: api:gles 0 0x8c43 16 16 1 1 1 0 14
02-18 12:07:30.905  1923  5788 I VrRuntimeServer: CreateTextureSwapChain: result importswapchaingles 1
02-18 12:07:30.906   708   783 D android.hardware.power@1.3-service-libperfmgr: LAUNCH OFF
02-18 12:07:30.906  1923  2279 W ClientMgr: ClientMgr::GetClientPermissionFlagsById: Client missing proper permissions: android.uid.systemui:10056, 2
02-18 12:07:30.906  1923  2279 I ClientMgr: ClientMgr::SetPrimaryCompositorClient: android.uid.systemui:10056
02-18 12:07:30.906  1923  2279 I TimeWarp: Enable client 9
02-18 12:07:30.906  1923  2279 I VrRuntimeServer: EnableCompositorClient client(9): layer placement(0) flags(1) sm(0x7ecc224010)
02-18 12:07:30.906  1923  2279 I ServiceInputManager: ServiceInputManager::SetPrimaryPackageName 'android.uid.systemui:10056' 'android.uid.systemui:10056'  updated AnytimeUI processname 1
02-18 12:07:30.906  1923  2279 D VrRuntimeService: sendPrimaryPackageChangeBroadcast
02-18 12:07:30.907  1923  2279 I AADT    : SetAADTLutDataX: 0
02-18 12:07:30.907  1923  2279 I AADT    : SetAADTLutDataY: 0
02-18 12:07:30.907  1923  2279 I ServiceInputManager: DEADRECKONING deadReckoning mode on ClientMgr from server is 0
02-18 12:07:30.907  1923  2279 I ServiceInputManager: HAPTICS: Informing non focused app that remote is connected.
02-18 12:07:30.907  1923  2279 I PerformanceManager: SetClockLevels: Apply pending clock request change: -1,-1 -> 0,0
02-18 12:07:30.907  1923  2027 I Clocks  : LockClocks( cpu=0, gpu=0 ) - start
02-18 12:07:30.907  1292  5794 D VrApi   : targetSDKVersion 29
02-18 12:07:30.907  2282  2282 D [OAO] ShellOverlayService: screenStateReceiver Received broadcast: com.oculus.vrshell.intent.action.PRIMARY_PACKAGE_CHANGED
02-18 12:07:30.908  1923  2027 I Clocks  : CPU levels [0, 4]
02-18 12:07:30.908  1923  2027 I Clocks  : GPU levels [0, 5]
02-18 12:07:30.908  2282  2282 I [OAO] ShellOverlayServiceJNI: NativeSendOverlayCommand
02-18 12:07:30.908  2282  2282 I [OAO] ShellOverlayServiceJNI: NativeWake
02-18 12:07:30.908  2282  2282 I [OAO] ShellOverlayMain: WakeVrThread
02-18 12:07:30.908  2282  2282 I [OAO] ShellOverlayMain: WakeVrThread - notifying vr thread
02-18 12:07:30.908  2282  2425 I [OAO] ShellOverlayApp: 0xbf871bf0 msg: overlayCommand:
02-18 12:07:30.908  2282  2425 I [OAO] ShellOverlayApp: command = primaryPackageChanged
02-18 12:07:30.908  2282  2425 I [OAO] ShellOverlayApp: Process_OverlayCommand command : primaryPackageChanged
02-18 12:07:30.908  2282  2425 I [OAO] ShellOverlayApp: UpdatePrimaryPackage
02-18 12:07:30.908  2282  2425 I [OAO] ShellOverlayApp: UpdatePrimaryPackage Requested for PackageName:android.uid.systemui:10056  IsFocusAware:0
02-18 12:07:30.908  2282  2425 I [OAO] ShellOverlayApp: UpdatePrimaryPackage Ignored as no change for packageName:[android.uid.systemui:10056]
02-18 12:07:30.908   708   783 D android.hardware.power@1.3-service-libperfmgr: set performance level 0, domain 0
02-18 12:07:30.909  1292  5794 I JniUtils: ovr_GetCurrentPackageSignature 
02-18 12:07:30.909  2178  2195 W LibraryProvider: Cannot find entitlement for com.android.systemui
02-18 12:07:30.909  1923  2074 I TimeWarp: LatchWarpClients: Multiple Primary Clients detected. Skipping frames for 8
02-18 12:07:30.909  1923  2074 I AADT    : SetAADTLutDataX. Thread. SizeX: 0
02-18 12:07:30.909  2097  2097 W OVRLibrary: null cursor received for query content://com.oculus.ocms.library/apps/com.android.systemui
02-18 12:07:30.909  1923  2074 I AADT    : SetAADTLutDataY. Thread. SizeY: 0
02-18 12:07:30.909  2097  2097 E PlatformPluginManager: onAppStart called before init
02-18 12:07:30.910  2097  2097 E OVRMediaServiceManager: LivestreamingManager Not initialized
02-18 12:07:30.910   708   708 D android.hardware.power@1.3-service-libperfmgr: set performance level 0, domain 1
02-18 12:07:30.910  1923  2027 I Clocks  : LockClocks( cpu=0, gpu=0 ) - end (2.8 ms)
02-18 12:07:30.910  4577  4765 I InputDevice_TrackedRemote: REMOTE: Hand=0 IndexAnalog=0.00 GripAnalog=0.00 Buttons=0x00000000
02-18 12:07:30.910  4577  4765 I InputDevice_TrackedRemote: REMOTE: Hand=0 IndexAnalog=0.00 GripAnalog=0.00 Buttons=0x00000000
02-18 12:07:30.912  1292  5794 I Metrics : device name = Oculus Quest 2
02-18 12:07:30.914  2326  2538 I GuardianSystem: runtimeServiceSDKClient_.ForceShowGuardianEvent
02-18 12:07:30.914  2326  2538 I GuardianSystem: ForceShowGuardian: false, 0.00
02-18 12:07:30.918  1923  2074 I TimeWarp: WarpToScreen: Skipping frames for 8
02-18 12:07:30.919  1292  5793 I InputDevice_TrackedRemote: REMOTE: Hand=1 IndexAnalog=0.00 GripAnalog=0.00 Buttons=0x00000000
02-18 12:07:30.919  1292  5793 I InputDevice_TrackedRemote: REMOTE: Hand=2 IndexAnalog=0.00 GripAnalog=0.00 Buttons=0x00000000
02-18 12:07:30.919  1624  2827 I InputDevice_TrackedRemote: REMOTE: Hand=0 IndexAnalog=0.00 GripAnalog=0.00 Buttons=0x00000000
02-18 12:07:30.919  1624  2827 I InputDevice_TrackedRemote: REMOTE: Hand=0 IndexAnalog=0.00 GripAnalog=0.00 Buttons=0x00000000
02-18 12:07:30.929  1923  5788 I VrRuntimeService: CreateSwapChain: 69374654
02-18 12:07:30.929  1923  5788 I VrRuntimeService: CreateSwapChain: api:gles 3 0x8058 1000 1000 1 1 1 0 14
02-18 12:07:30.930  1923  5788 I VrRuntimeServer: CreateTextureSwapChain: result importswapchaingles 1
02-18 12:07:30.932  1923  2074 I TimeWarp: WarpToScreen: Skipping frames for 8
02-18 12:07:30.937   704   704 D liblights: set_speaker_light_locked mode=0, colorRGB=00FF4600, onMS=0, offMS=0, rc=0
02-18 12:07:30.943  4577  4577 D UE4     : [GameActivity] Battery: status = 2, rawlevel = 20, scale = 100
02-18 12:07:30.943  4577  4577 D UE4     : nativeBatteryEvent(stat = 2, lvl = 20  temp = 36.00 C)
02-18 12:07:30.944  1923  5788 I VrRuntimeService: CreateSwapChain: 69374654
02-18 12:07:30.944  1923  5788 I VrRuntimeService: CreateSwapChain: api:gles 0 0x8c43 1440 1584 1 3 1 0 14
02-18 12:07:30.946  1923  2074 I TimeWarp: WarpToScreen: Skipping frames for 8
02-18 12:07:30.947  1923  5788 I VrRuntimeServer: CreateTextureSwapChain: result importswapchaingles 1
02-18 12:07:30.947  1378  5798 I OSUpdateService: Intent with action system_battery_changed
02-18 12:07:30.955  1923  5788 I VrRuntimeService: CreateSwapChain: 69374654
02-18 12:07:30.955  1923  5788 I VrRuntimeService: CreateSwapChain: api:gles 0 0x8c43 1440 1584 1 3 1 0 14
02-18 12:07:30.957  1923  5788 I VrRuntimeServer: CreateTextureSwapChain: result importswapchaingles 1
02-18 12:07:30.960  1923  2074 I TimeWarp: WarpToScreen: Skipping frames for 8
02-18 12:07:30.974  1923  2074 I TimeWarp: WarpToScreen: Skipping frames for 8
02-18 12:07:30.987  1292  5792 D VrRuntimeClient: loadDriverResource - resourceName: 'hand_left' 
02-18 12:07:30.988  1923  2074 I TimeWarp: WarpToScreen: Skipping frames for 8
02-18 12:07:30.991  1292  5792 I VrApi_Input: vrapi_GetMeshForHand_Internal: mesh->Header.Version = df000001 mesh->NumVertices = 1360 mesh->NumIndices = 6942
02-18 12:07:30.995  1292  5792 D VrRuntimeClient: loadDriverResource - resourceName: 'hand_right' 
02-18 12:07:30.999  1292  5792 I VrApi_Input: vrapi_GetMeshForHand_Internal: mesh->Header.Version = df000001 mesh->NumVertices = 1360 mesh->NumIndices = 6942
02-18 12:07:31.002  1923  2074 I TimeWarp: WarpToScreen: Skipping frames for 8
02-18 12:07:31.006  1923  5788 I VrRuntimeService: CreateSwapChain: 69374654
02-18 12:07:31.006  1923  5788 I VrRuntimeService: CreateSwapChain: api:gles 0 0x8c43 64 64 1 3 1 0 14
02-18 12:07:31.007  1923  5788 I VrRuntimeServer: CreateTextureSwapChain: result importswapchaingles 1
