03-24 10:27:20.469  3067  3067 D [SUI] BarView: Initializing store navigation button
03-24 10:27:20.469  3067  3067 D UnifiedTelemetryLogger: Already initialized.
03-24 10:27:20.470  3067  3067 D UnifiedTelemetryLogger: Already initialized.
03-24 10:27:20.470  3067  3067 D [SUI] BarView: Initialized store navigation button
03-24 10:27:20.471  3067  3067 I AndroidPanelApp: measureLayerView adjusting initial height from 1250 to 1250 due to resize behavior.
03-24 10:27:20.471  3067  3067 I AndroidPanelApp: measureLayerView with initial width 845, initial height 1250, resize behavior WRAP_CONTENT_HEIGHT.
03-24 10:27:20.503  3067  3067 I AndroidPanelApp: Measured width 845 and height 180.
03-24 10:27:20.504  3067  3067 I AndroidPanelLayer: Setting size of layer "#main" to have width 845 and height 180
03-24 10:27:20.504  3067  3067 I AndroidPanelLayer: Destroying presentation for layer "#main".
03-24 10:27:20.504  1084  3150 I DisplayManagerService: Display device removed: DisplayDeviceInfo{"com.oculus.android_panel_app.AndroidPanelLayer-#main": uniqueId="virtual:com.oculus.systemux,10026,com.oculus.android_panel_app.AndroidPanelLayer-#main,0", 845 x 1250, modeId 5, defaultModeId 5, supportedModes [{id=5, width=845, height=1250, fps=60.0}], colorMode 0, supportedColorModes [0], HdrCapabilities null, density 200, 200.0 x 200.0 dpi, appVsyncOff 0, presDeadline 16666666, touch NONE, rotation 0, type VIRTUAL, state OFF, owner com.oculus.systemux (uid 10026), FLAG_PRIVATE, FLAG_NEVER_BLANK, FLAG_OWN_CONTENT_ONLY}
03-24 10:27:20.505  3067  3067 I AndroidPanelLayer: Creating presentation for layer "#main" with width 845 and height 180
03-24 10:27:20.505  1084  1462 I DisplayManagerService: Display device added: DisplayDeviceInfo{"com.oculus.android_panel_app.AndroidPanelLayer-#main": uniqueId="virtual:com.oculus.systemux,10026,com.oculus.android_panel_app.AndroidPanelLayer-#main,0", 845 x 180, modeId 6, defaultModeId 6, supportedModes [{id=6, width=845, height=180, fps=60.0}], colorMode 0, supportedColorModes [0], HdrCapabilities null, density 200, 200.0 x 200.0 dpi, appVsyncOff 0, presDeadline 16666666, touch NONE, rotation 0, type VIRTUAL, state OFF, owner com.oculus.systemux (uid 10026), FLAG_PRIVATE, FLAG_NEVER_BLANK, FLAG_OWN_CONTENT_ONLY}
03-24 10:27:20.511  3067  3067 I AndroidPanelApp: layerTransform: Showing panel layer "#main" in VrShell with width 845, height 180, position( 0.000000 , 0.000000 ), rotation (0.000000 , 0.000000 , 0.000000 )  hit-testable true, shape 1, and system-positioned true. Density: 4680.000000. Supersampled: false 
03-24 10:27:20.512  3067  3067 I AndroidPanelApp: ensurePanelLayer(layer: tablet, width: 768, height: 340, resize: NONE, view creator: tablet)
03-24 10:27:20.512  3067  3067 I AndroidPanelApp: ensurePanelLayer(layer: tablet, width: 768, height: 340, resize behavior: NONE)
03-24 10:27:20.512  3067  3067 I AndroidPanelLayer: Setting spec for layer "tablet"
03-24 10:27:20.512  3067  3067 I AndroidPanelLayer: Setting size of layer "tablet" to have width 960 and height 425
03-24 10:27:20.512  3067  3067 I AndroidPanelLayer: Destroying presentation for layer "tablet".
03-24 10:27:20.512  3067  3067 I AndroidPanelLayer: Creating presentation for layer "tablet" with width 960 and height 425
03-24 10:27:20.513  1084  3150 I DisplayManagerService: Display device added: DisplayDeviceInfo{"com.oculus.android_panel_app.AndroidPanelLayer-tablet": uniqueId="virtual:com.oculus.systemux,10026,com.oculus.android_panel_app.AndroidPanelLayer-tablet,0", 960 x 425, modeId 7, defaultModeId 7, supportedModes [{id=7, width=960, height=425, fps=60.0}], colorMode 0, supportedColorModes [0], HdrCapabilities null, density 200, 200.0 x 200.0 dpi, appVsyncOff 0, presDeadline 16666666, touch NONE, rotation 0, type VIRTUAL, state OFF, owner com.oculus.systemux (uid 10026), FLAG_PRIVATE, FLAG_NEVER_BLANK, FLAG_OWN_CONTENT_ONLY}
03-24 10:27:20.515  3067  3067 D [SUI] HostView: Constructing HostView
03-24 10:27:20.516  3067  3067 D [SUI] HostView: Initializing HostView
03-24 10:27:20.517  3067  3067 D [SUI] EmptyView: Constructing EmptyView
03-24 10:27:20.518  3067  3067 D [SUI] EmptyView: Initializing EmptyView
03-24 10:27:20.518  3067  3067 D [SUI] EmptyView: Showing EmptyView
03-24 10:27:20.518  3067  3067 I AndroidPanelApp: measureLayerView with initial width 960, initial height 425, resize behavior NONE.
03-24 10:27:20.518  3067  3067 I AndroidPanelApp: Measured width 960 and height 425.
03-24 10:27:20.518  3067  3067 I AndroidPanelLayer: Setting size of layer "tablet" to have width 960 and height 425
03-24 10:27:20.520  3067  3067 I AndroidPanelApp: layerTransform: Showing panel layer "tablet" in VrShell with width 960, height 425, position( 0.000000 , 0.000000 ), rotation (0.000000 , 0.000000 , 0.000000 )  hit-testable true, shape 1, and system-positioned true. Density: 4680.000000. Supersampled: false 
03-24 10:27:20.520  3067  3067 I AndroidPanelApp: ensurePanelLayer(layer: tabletNav, width: 216, height: 340, resize: NONE, view creator: tabletNav)
03-24 10:27:20.520  3067  3067 I AndroidPanelApp: ensurePanelLayer(layer: tabletNav, width: 216, height: 340, resize behavior: NONE)
03-24 10:27:20.520  3067  3067 I AndroidPanelLayer: Setting spec for layer "tabletNav"
03-24 10:27:20.520  3067  3067 I AndroidPanelLayer: Setting size of layer "tabletNav" to have width 270 and height 425
03-24 10:27:20.521  3067  3067 I AndroidPanelLayer: Destroying presentation for layer "tabletNav".
03-24 10:27:20.521  3067  3067 I AndroidPanelLayer: Creating presentation for layer "tabletNav" with width 270 and height 425
03-24 10:27:20.521  1084  1462 I DisplayManagerService: Display device added: DisplayDeviceInfo{"com.oculus.android_panel_app.AndroidPanelLayer-tabletNav": uniqueId="virtual:com.oculus.systemux,10026,com.oculus.android_panel_app.AndroidPanelLayer-tabletNav,0", 270 x 425, modeId 8, defaultModeId 8, supportedModes [{id=8, width=270, height=425, fps=60.0}], colorMode 0, supportedColorModes [0], HdrCapabilities null, density 200, 200.0 x 200.0 dpi, appVsyncOff 0, presDeadline 16666666, touch NONE, rotation 0, type VIRTUAL, state OFF, owner com.oculus.systemux (uid 10026), FLAG_PRIVATE, FLAG_NEVER_BLANK, FLAG_OWN_CONTENT_ONLY}
03-24 10:27:20.524  1084  1112 W InputReader: Device has associated, but no associated display id.
03-24 10:27:20.524  3067  3067 D [SUI] NavHostView: Constructing NavHostView
03-24 10:27:20.524  3067  3067 D [SUI] NavHostView: Initializing NavHostView
03-24 10:27:20.527  3067  3067 D [SUI] AnytimeUIPanelAppBase: Acquiring viewModel SettingsViewModel refCount: 2
03-24 10:27:20.527  3067  3067 D [SUI] AnytimeUIPanelAppBase: Releasing viewModel SettingsViewModel refCount: 1
03-24 10:27:20.532  3067  3067 D [SUI] AnytimeUIPanelAppBase: Acquiring viewModel SettingsViewModel refCount: 2
03-24 10:27:20.534   739   739 I hash_map_utils: key: 'snd_device_in' value: ''
03-24 10:27:20.534  3067  3067 I AndroidPanelApp: measureLayerView with initial width 270, initial height 425, resize behavior NONE.
03-24 10:27:20.534  3067  3067 I AndroidPanelApp: Measured width 270 and height 425.
03-24 10:27:20.534  3067  3067 I AndroidPanelLayer: Setting size of layer "tabletNav" to have width 270 and height 425
03-24 10:27:20.535   739   739 I hash_map_utils: key: 'snd_device_out' value: ''
03-24 10:27:20.536  3067  3067 I AndroidPanelApp: layerTransform: Showing panel layer "tabletNav" in VrShell with width 270, height 425, position( 0.000000 , 0.000000 ), rotation (0.000000 , 0.000000 , 0.000000 )  hit-testable true, shape 1, and system-positioned true. Density: 4680.000000. Supersampled: false 
03-24 10:27:20.536  3067  3067 I AndroidPanelApp: ensurePanelLayer(layer: tabletContent, width: 552, height: 340, resize: NONE, view creator: tabletContent)
03-24 10:27:20.536  3067  3067 I AndroidPanelApp: ensurePanelLayer(layer: tabletContent, width: 552, height: 340, resize behavior: NONE)
03-24 10:27:20.537  3067  3067 I AndroidPanelLayer: Setting spec for layer "tabletContent"
03-24 10:27:20.537  3067  3067 I AndroidPanelLayer: Setting size of layer "tabletContent" to have width 690 and height 425
03-24 10:27:20.537  3067  3067 I AndroidPanelLayer: Destroying presentation for layer "tabletContent".
03-24 10:27:20.537  3067  3067 I AndroidPanelLayer: Creating presentation for layer "tabletContent" with width 690 and height 425
03-24 10:27:20.537  1084  1462 I DisplayManagerService: Display device added: DisplayDeviceInfo{"com.oculus.android_panel_app.AndroidPanelLayer-tabletContent": uniqueId="virtual:com.oculus.systemux,10026,com.oculus.android_panel_app.AndroidPanelLayer-tabletContent,0", 690 x 425, modeId 9, defaultModeId 9, supportedModes [{id=9, width=690, height=425, fps=60.0}], colorMode 0, supportedColorModes [0], HdrCapabilities null, density 200, 200.0 x 200.0 dpi, appVsyncOff 0, presDeadline 16666666, touch NONE, rotation 0, type VIRTUAL, state OFF, owner com.oculus.systemux (uid 10026), FLAG_PRIVATE, FLAG_NEVER_BLANK, FLAG_OWN_CONTENT_ONLY}
03-24 10:27:20.538  1084  1112 W InputReader: Device has associated, but no associated display id.
03-24 10:27:20.540  3067  3067 D [SUI] ContentHostView: Constructing ContentHostView
03-24 10:27:20.540  3067  3067 D [SUI] ContentHostView: Initializing ContentHostView
03-24 10:27:20.541  3067  3067 D [SUI] EmptyContentView: Constructing EmptyContentView
03-24 10:27:20.542  3067  3067 D [SUI] EmptyContentView: Initializing EmptyContentView
03-24 10:27:20.542  3067  3067 D [SUI] EmptyContentView: Showing EmptyContentView
03-24 10:27:20.542  3067  3067 I AndroidPanelApp: measureLayerView with initial width 690, initial height 425, resize behavior NONE.
03-24 10:27:20.542  3067  3067 I AndroidPanelApp: Measured width 690 and height 425.
03-24 10:27:20.542  3067  3067 I AndroidPanelLayer: Setting size of layer "tabletContent" to have width 690 and height 425
03-24 10:27:20.544  3067  3067 I AndroidPanelApp: layerTransform: Showing panel layer "tabletContent" in VrShell with width 690, height 425, position( 0.000000 , 0.000000 ), rotation (0.000000 , 0.000000 , 0.000000 )  hit-testable true, shape 1, and system-positioned true. Density: 4680.000000. Supersampled: false 
03-24 10:27:20.544  3067  3067 I CppPanelService: BEGIN: nativeInitializePanelInstance - Configure and set up thread polling.
03-24 10:27:20.544  3067  3067 I CppPanelService: BEGIN: Call hosted app's Configure method.
03-24 10:27:20.544  3067  3067 I CppPanelService: END: Call hosted app's Configure method.
03-24 10:27:20.544  3067  3067 I CppPanelService: END: nativeInitializePanelInstance - Add fd 33 to looper with error code 1
03-24 10:27:20.544  3067  3067 D CppPanelService: END: Initializing panel application via MSG_CREATE_PANEL_APP.
03-24 10:27:20.544  3067  3067 D MobileConfigBaseClient: Connected to MobileConfigService
03-24 10:27:20.557  1084  1112 W InputReader: Device has associated, but no associated display id.
03-24 10:27:20.559  1084  1114 W InputReader: Device has associated, but no associated display id.
03-24 10:27:20.559  1084  1114 I ActivityTaskManager: Override config changes=20005df8 {0.0 ?mcc?mnc ?localeList ?layoutDir sw144dp w676dp h144dp 200dpi nrml long land ?uimode ?night -touch qwerty/v/v -nav/h winConfig={ mBounds=Rect(0, 0 - 845, 180) mAppBounds=Rect(0, 0 - 845, 180) mWindowingMode=fullscreen mDisplayWindowingMode=fullscreen mActivityType=undefined mAlwaysOnTop=undefined mRotation=ROTATION_0}} for displayId=2
03-24 10:27:20.561  1084  1114 E DisplayModeDirector: Asked about unknown display, returning empty allowed set! (id=3)
03-24 10:27:20.561  1084  1114 E DisplayModeDirector: Asked about unknown display, returning empty allowed set! (id=4)
03-24 10:27:20.561  1084  1114 E DisplayModeDirector: Asked about unknown display, returning empty allowed set! (id=5)
03-24 10:27:20.575  1084  1112 W InputReader: Device has associated, but no associated display id.
03-24 10:27:20.577  1084  1114 W InputReader: Device has associated, but no associated display id.
03-24 10:27:20.577  1084  1114 I ActivityTaskManager: Override config changes=20005df8 {0.0 ?mcc?mnc ?localeList ?layoutDir sw340dp w768dp h340dp 200dpi nrml long land ?uimode ?night -touch qwerty/v/v -nav/h winConfig={ mBounds=Rect(0, 0 - 960, 425) mAppBounds=Rect(0, 0 - 960, 425) mWindowingMode=fullscreen mDisplayWindowingMode=fullscreen mActivityType=undefined mAlwaysOnTop=undefined mRotation=ROTATION_0}} for displayId=3
03-24 10:27:20.583  1084  1114 I ActivityTaskManager: Override config changes=20005df8 {0.0 ?mcc?mnc ?localeList ?layoutDir sw216dp w216dp h340dp 200dpi smll port ?uimode ?night -touch qwerty/v/v -nav/h winConfig={ mBounds=Rect(0, 0 - 270, 425) mAppBounds=Rect(0, 0 - 270, 425) mWindowingMode=fullscreen mDisplayWindowingMode=fullscreen mActivityType=undefined mAlwaysOnTop=undefined mRotation=ROTATION_0}} for displayId=4
03-24 10:27:20.583  1084  1114 W InputReader: Device has associated, but no associated display id.
03-24 10:27:20.586  3067  3067 V InitializeAsyncTask: Initialization finished with [] notifs
03-24 10:27:20.586  3067  3067 V [SUI] AnytimeUIAndroidPanelAppV2: Setting notifs badge
03-24 10:27:20.586  1084  1114 E DisplayModeDirector: Asked about unknown display, returning empty allowed set! (id=5)
03-24 10:27:20.587  3067  3067 I [SUI] OVRAuthHelper: fetchAuthToken - completed, result: -1
03-24 10:27:20.587  3067  8512 I PersistedNotificationSourceHandler: Fetching persisted notifs
03-24 10:27:20.587  3067  8512 V PersistedNotificationSourceHandler: Starting retrieval of notifications in background
03-24 10:27:20.591  1084  1114 W InputReader: Device has associated, but no associated display id.
03-24 10:27:20.591  1084  1114 I ActivityTaskManager: Override config changes=20005df8 {0.0 ?mcc?mnc ?localeList ?layoutDir sw340dp w552dp h340dp 200dpi nrml land ?uimode ?night -touch qwerty/v/v -nav/h winConfig={ mBounds=Rect(0, 0 - 690, 425) mAppBounds=Rect(0, 0 - 690, 425) mWindowingMode=fullscreen mDisplayWindowingMode=fullscreen mActivityType=undefined mAlwaysOnTop=undefined mRotation=ROTATION_0}} for displayId=5
03-24 10:27:20.594  3067  8511 D [SUI] AnytimeUIPanelAppBase: Finished Initializing Oculus User Manager
03-24 10:27:20.594  3067  3067 D [SUI] AnytimeUIBroadcastReceiver: action: com.oculus.systemactivities.CAPTURE_STATE_UPDATE
03-24 10:27:20.594  3067  3067 I [SUI] AnytimeUIBroadcastReceiver: handleCaptureStateUpdate: captureToDisk false, captureEnabled false, instantReplay false, isCapturingAbuseReport false, abuseRecordingUUID null
03-24 10:27:20.595  3067  3067 I [SUI] TabletNavUtil: PreferencesListener::onChanged([multi_user_beta_enabled_key])
03-24 10:27:20.631  1532  8526 W ContextImpl: Calling a method in the system process without a qualified user: android.app.ContextImpl.sendBroadcast:1057 android.content.ContextWrapper.sendBroadcast:448 X.Je.A00:155 X.Je.handleMessage:80 android.os.Handler.dispatchMessage:107 
03-24 10:27:20.631  3067  3067 I NotificationManagerSourceHandler: Dataset has changed
