03-24 09:54:28.036  3074  3074 I DialogPanel: Handling custom dialog with host vrshell, package com.oculus.vrshell, service com.oculus.vrshell, and definition: {"type":"custom","dialogId":"GUARDIAN_MAP_FOUND","title":"Confirm Guardian","body":"Look around to check that this boundary is correctly positioned and clear of any obstructions, including anything you could hit with your arms outstretched.","primaryButton":{"action":"confirm","text":"Confirm"},"secondaryButton":{"action":"forceSetup","text":"Change"}}
03-24 09:54:28.036  3074  3074 I DialogUI: Creating Dialog
03-24 09:54:28.036  3074  3074 I DialogUI: Setting Dialog to render to #main
03-24 09:54:28.036  3074  3074 V RCTVR   : Create root with tag 1
03-24 09:54:28.037  3074  3074 I DialogUI: Updating config with title: Confirm Guardian
03-24 09:54:28.037  3074  3074 W RCTVR   : RCTNativePrimitiveNode: failed to apply attribute "color" for "RCTText"(2147483542), type doesn't match and no existing conversion.
03-24 09:54:28.038  3074  3074 W RCTVR   : RCTNativePrimitiveNode: failed to apply attribute "color" for "RCTText"(2147483538), type doesn't match and no existing conversion.
03-24 09:54:28.041  3255  3344 I [OAR] PanelRenderLayer: ResetSurface 640 x 938 - shape:2 stereo:0
03-24 09:54:28.041  3255  3344 I [OAR] PanelAppHost: Setting panel layer visibility of layer "videos" to invisible
03-24 09:54:28.041  3255  3344 I [OAR] PanelAppHost: Setting panel layer visibility of layer "#main" to visible
03-24 09:54:28.041  3255  3344 I [OAR] PanelAppHost: Setting panel layer visibility of layer "tablet" to visible
03-24 09:54:28.041  3255  3344 I [OAR] PanelAppHost: Setting panel layer visibility of layer "tabletNav" to visible
03-24 09:54:28.041  3255  3344 I [OAR] PanelAppHost: Setting panel layer visibility of layer "tabletContent" to visible
03-24 09:54:28.049  3074  3074 I AndroidPanelApp: measureLayerView adjusting initial height from 110 to 1250 due to resize behavior.
03-24 09:54:28.050  3074  3074 I AndroidPanelApp: measureLayerView with initial width 845, initial height 1250, resize behavior WRAP_CONTENT_HEIGHT.
03-24 09:54:28.050  3074  3074 I AndroidPanelApp: Measured width 845 and height 110.
03-24 09:54:28.055  1556 10256 W ContextImpl: Calling a method in the system process without a qualified user: android.app.ContextImpl.sendBroadcast:1057 android.content.ContextWrapper.sendBroadcast:448 X.Je.A00:155 X.Je.handleMessage:80 android.os.Handler.dispatchMessage:107 
03-24 09:54:28.061  2226  3302 I VrRuntimeService: CreateSwapChain: 2366578548
03-24 09:54:28.061  2226  3302 I VrRuntimeService: CreateSwapChain: api:vk 0 0x2b 525 90 10 3 1 4 15
03-24 09:54:28.061  2226  3302 W SwapChain: CreateTextureSwapChainFoveation: export failed
03-24 09:54:28.062  2226  3302 I VrRuntimeServer: CreateTextureSwapChain: result importswapchaingles 1
03-24 09:54:28.064  3217  3398 I SwapChain_Vulkan: Imported texture has requirements 8, ends up index 3
03-24 09:54:28.064  3217  3398 I chatty  : uid=10014(com.oculus.shellenv) Thread-29 identical 1 line
03-24 09:54:28.064  3217  3398 I SwapChain_Vulkan: Imported texture has requirements 8, ends up index 3
03-24 09:54:28.064  3217  3398 W VrRuntimeClient: CreateTextureSwapChain: Failed to import foveation swapchain
03-24 09:54:28.070  3217  3240 W VrRuntimeClient: GetSamplerStateFromClientTexture: not currently supported for Vulkan.
03-24 09:54:28.085  3074  3074 I nanovg  : Created new font page (index: 1, handle: 5) of size: 256x128
03-24 09:54:28.086  3074  3074 I ReactPlayerMini: SetSurfaceSizeForEGL 0, 640, 938
03-24 09:54:28.089  3074  3074 I nanovg_gl: Failed to find /nvgshr_shaderDiffuseRCAO.bin
03-24 09:54:28.089  3074  3074 V RCTVR   : Compiling shader: 'shaderDiffuseRCAO'
03-24 09:54:28.097  3255  3344 I [OAR] PanelAppAnalytics: First frame latency: 0.691 for id 8 com.oculus.systemux/com.oculus.panelapp.dialog.DialogPanelService
03-24 09:54:28.098  2226  3302 I VrRuntimeService: CreateSwapChain: 2366578548
03-24 09:54:28.098  2226  3302 I VrRuntimeService: CreateSwapChain: api:vk 0 0x2b 640 938 10 3 1 4 15
03-24 09:54:28.100  2226  3302 I VrRuntimeServer: CreateTextureSwapChain: result importswapchaingles 1
03-24 09:54:28.100  1081  1103 W WindowManager: Failed looking up window callers=com.android.server.wm.WindowManagerService.windowForClientLocked:5326 com.android.server.wm.WindowManagerService.removeWindow:1784 com.android.server.wm.Session.remove:176 
03-24 09:54:28.103  3074  3074 D [SUI] AnytimeUIBroadcastReceiver: action: com.oculus.systemactivities.CAPTURE_STATE_UPDATE
03-24 09:54:28.103  3074  3074 I [SUI] AnytimeUIBroadcastReceiver: handleCaptureStateUpdate: captureToDisk false, captureEnabled false, instantReplay false, isCapturingAbuseReport false, abuseRecordingUUID null
03-24 09:54:28.104  3074  3074 I AndroidPanelApp: Turning on layer visibility for layer #main.
03-24 09:54:28.105  3217  3398 I SwapChain_Vulkan: Imported texture has requirements 8, ends up index 3
03-24 09:54:28.105  3217  3398 I chatty  : uid=10014(com.oculus.shellenv) Thread-29 identical 1 line
03-24 09:54:28.105  3217  3398 I SwapChain_Vulkan: Imported texture has requirements 8, ends up index 3
03-24 09:54:28.105  3074  3074 D [SUI] SocialViewModel: updateFriendsListForObservers(): 
03-24 09:54:28.106  3074  3074 D [SUI] SocialViewModel: loadJoinableParties() - Fetched joinable parties, latency: 449ms count:0
03-24 09:54:28.106  3074  3074 D [SUI] SocialViewModel: setJoinableParties(), no change
03-24 09:54:28.107  3074  3074 I AndroidPanelApp: Turning on layer visibility for layer toast.
03-24 09:54:28.107  3074  3074 I AndroidPanelApp: measureLayerView adjusting initial height from 110 to 1250 due to resize behavior.
03-24 09:54:28.107  3074  3074 I AndroidPanelApp: measureLayerView with initial width 845, initial height 1250, resize behavior WRAP_CONTENT_HEIGHT.
03-24 09:54:28.108  3074  3074 I AndroidPanelApp: Measured width 845 and height 110.
03-24 09:54:28.113  3217  3240 W VrRuntimeClient: GetSamplerStateFromClientTexture: not currently supported for Vulkan.
03-24 09:54:28.118  3255  3344 I [OAR] PanelAppHost: Setting panel layer visibility of layer "#main" to visible
03-24 09:54:28.118  3255  3344 I [OAR] PanelAppHost: Setting panel layer visibility of layer "toast" to visible
03-24 09:54:28.130  3074  3074 D [SUI] SocialViewModel: loadSocialViewerInfo() - Fetched social viewer info, latency: 474ms
03-24 09:54:28.130  3074  3074 D [SUI] SocialViewModel: updateFriendsListForObservers(): 
03-24 09:54:28.130  3074  3074 D [SUI] SocialViewModel: updateSocialViewerForObservers(): 
03-24 09:54:28.130  3074  3074 D [SUI] SocialViewModel: updateObserversOnEnoughDataFetched(): 
03-24 09:54:28.161  3217 10274 D CCodec  : allocate(c2.android.vorbis.decoder)
03-24 09:54:28.161   816  5952 V C2Store : in init
03-24 09:54:28.161   816  5952 V C2Store : loading dll
03-24 09:54:28.164  3217 10274 I CCodec  : Created component [c2.android.vorbis.decoder]
03-24 09:54:28.165  3217 10274 D CCodecConfig: read media type: audio/vorbis
03-24 09:54:28.167  3217 10274 D ReflectedParamUpdater: extent() != 1 for single value type: algo.buffers.max-count.values
03-24 09:54:28.167  3217 10274 D ReflectedParamUpdater: extent() != 1 for single value type: output.subscribed-indices.values
03-24 09:54:28.168  3217 10274 D ReflectedParamUpdater: extent() != 1 for single value type: input.buffers.allocator-ids.values
03-24 09:54:28.168  3217 10274 D ReflectedParamUpdater: extent() != 1 for single value type: output.buffers.allocator-ids.values
03-24 09:54:28.168  3217 10274 D ReflectedParamUpdater: extent() != 1 for single value type: algo.buffers.allocator-ids.values
03-24 09:54:28.168  3217 10274 D ReflectedParamUpdater: extent() != 1 for single value type: output.buffers.pool-ids.values
03-24 09:54:28.168  3217 10274 D ReflectedParamUpdater: extent() != 1 for single value type: algo.buffers.pool-ids.values
03-24 09:54:28.169  3217 10274 I CCodecConfig: query failed after returning 7 values (BAD_INDEX)
03-24 09:54:28.169  3217 10274 D CCodecConfig: c2 config diff is Dict {
03-24 09:54:28.169  3217 10274 D CCodecConfig:   c2::u32 coded.bitrate.value = 64000
03-24 09:54:28.169  3217 10274 D CCodecConfig:   c2::u32 input.buffers.max-size.value = 32768
03-24 09:54:28.169  3217 10274 D CCodecConfig:   c2::u32 input.delay.value = 0
03-24 09:54:28.169  3217 10274 D CCodecConfig:   string input.media-type.value = "audio/vorbis"
03-24 09:54:28.169  3217 10274 D CCodecConfig:   string output.media-type.value = "audio/raw"
03-24 09:54:28.169  3217 10274 D CCodecConfig:   c2::u32 raw.channel-count.value = 1
03-24 09:54:28.169  3217 10274 D CCodecConfig:   c2::u32 raw.sample-rate.value = 48000
03-24 09:54:28.169  3217 10274 D CCodecConfig: }
03-24 09:54:28.170  3217 10274 D CCodecConfig: no c2 equivalents for durationUs
03-24 09:54:28.170  3217 10274 D CCodecConfig: no c2 equivalents for csd-1
03-24 09:54:28.170  3217 10274 D CCodecConfig: no c2 equivalents for track-id
03-24 09:54:28.170  3217 10274 D CCodecConfig: no c2 equivalents for channel-mask
03-24 09:54:28.170  3217 10274 D CCodecConfig: c2 config diff is   c2::u32 raw.channel-count.value = 2
03-24 09:54:28.171  3217 10274 W Codec2Client: query -- param skipped: index = 1107298332.
03-24 09:54:28.171  3217 10274 D CCodec  : setup formats input: AMessage(what = 0x00000000) = {
03-24 09:54:28.171  3217 10274 D CCodec  :   int32_t channel-count = 2
03-24 09:54:28.171  3217 10274 D CCodec  :   int32_t max-input-size = 32768
03-24 09:54:28.171  3217 10274 D CCodec  :   string mime = "audio/vorbis"
03-24 09:54:28.171  3217 10274 D CCodec  :   int32_t sample-rate = 48000
03-24 09:54:28.171  3217 10274 D CCodec  : } and output: AMessage(what = 0x00000000) = {
03-24 09:54:28.171  3217 10274 D CCodec  :   int32_t channel-count = 2
03-24 09:54:28.171  3217 10274 D CCodec  :   string mime = "audio/raw"
03-24 09:54:28.171  3217 10274 D CCodec  :   int32_t sample-rate = 48000
03-24 09:54:28.171  3217 10274 D CCodec  :   int32_t channel-mask = 3
03-24 09:54:28.171  3217 10274 D CCodec  : }
03-24 09:54:28.177  3217 10274 W Codec2Client: query -- param skipped: index = 1342179345.
03-24 09:54:28.178  3217 10274 W Codec2Client: query -- param skipped: index = 2415921170.
03-24 09:54:28.178  3217 10274 D CCodecBufferChannel: [c2.android.vorbis.decoder#447] Created input block pool with allocatorID 16 => poolID 24 - OK (0)
03-24 09:54:28.179  3217 10274 I CCodecBufferChannel: [c2.android.vorbis.decoder#447] Created output block pool with allocatorID 16 => poolID 34 - OK
03-24 09:54:28.179  3217 10274 D CCodecBufferChannel: [c2.android.vorbis.decoder#447] Configured output block pool ids 34 => OK
03-24 09:54:28.181   816 10275 D SimpleC2Component: Using output block pool with poolID 34 => got 34 - 0
03-24 09:54:28.216  3217  3240 I Clay    : EnvironmentAudioSystem: applying guardian-specific hack volume for 'gbackground1'
03-24 09:54:28.228  3074  3074 D [SUI] SocialViewModel: Fetched party: null 
03-24 09:54:28.228  3074  3074 D [SUI] SocialViewModel: setParty() - no change
03-24 09:54:28.319  1556 10273 W ContextImpl: Calling a method in the system process without a qualified user: android.app.ContextImpl.sendBroadcast:1057 android.content.ContextWrapper.sendBroadcast:448 X.Je.A00:155 X.Je.handleMessage:80 android.os.Handler.dispatchMessage:107 
03-24 09:54:28.444  3255 10201 I Telemetry: App memory usage: PSS=168MB DalvikPSS=5 MB
03-24 09:54:28.446  3217 10204 I Telemetry: App memory usage: PSS=143MB DalvikPSS=1 MB
03-24 09:54:28.448  3217 10204 I VrApi   : FPS=38/90,Prd=38ms,Tear=0,Early=29,Stale=4,VSnc=1,Lat=1,Fov=0,CPU4/GPU=2/3,1171/490MHz,OC=FF,TA=0/70/0,SP=N/F/N,Mem=2092MHz,Free=3829MB,PLS=0,Temp=40.0C/0.0C,TW=2.97ms,App=0.01ms,GD=0.72ms,CPU&GPU=2.53ms,LCnt=0,GPU%=0.33,CPU%=0.37(W0.41),DSF=1.00
03-24 09:54:28.484  3786  3786 E adbd    : failed to connect to socket 'tcp:6666': Connection refused
03-24 09:54:28.551   717   717 E WifiHAL : handleResponse: OTHER_RX_MULTICAST_CNT not found
03-24 09:54:28.556   717   717 E WifiHAL : wifi_get_ring_data: Error -5 happened. 
03-24 09:54:28.558  1081  3812 E WifiVendorHal: getRingBufferData(l.1675) failed {.code = ERROR_INVALID_ARGS, .description = }
03-24 09:54:28.574   673 10306 E ResolverController: No valid NAT64 prefix (100, <unspecified>/0)
03-24 09:54:28.578   673 10311 E ResolverController: No valid NAT64 prefix (100, <unspecified>/0)
03-24 09:54:28.583   673 10313 E ResolverController: No valid NAT64 prefix (100, <unspecified>/0)
03-24 09:54:28.586   673 10315 E ResolverController: No valid NAT64 prefix (100, <unspecified>/0)
03-24 09:54:28.589   673 10318 E ResolverController: No valid NAT64 prefix (100, <unspecified>/0)
03-24 09:54:28.598   673 10320 E ResolverController: No valid NAT64 prefix (100, <unspecified>/0)
03-24 09:54:28.601   673 10321 E ResolverController: No valid NAT64 prefix (100, <unspecified>/0)
03-24 09:54:28.600  1081  3812 D wifi-jni: no kernel logs
03-24 09:54:28.603   673 10323 E ResolverController: No valid NAT64 prefix (100, <unspecified>/0)
03-24 09:54:28.610   673 10327 E ResolverController: No valid NAT64 prefix (100, <unspecified>/0)
03-24 09:54:28.614   673 10330 E ResolverController: No valid NAT64 prefix (100, <unspecified>/0)
03-24 09:54:29.105   706   932 D msm8974_platform: platform_split_snd_device: snd_device(2) num devices(1) new_snd_devices(0)
03-24 09:54:29.105   706   932 D ACDB-LOADER: ACDB -> send_audvoltable
03-24 09:54:29.105   706   932 D ACDB-LOADER: ACDB -> ACDB_CMD_GET_AUDPROC_INSTANCE_GAIN_DEP_STEP_TABLE_SIZE
03-24 09:54:29.106   706   932 D ACDB-LOADER: ACDB -> ACDB_CMD_GET_AUDPROC_INSTANCE_GAIN_DEP_STEP_TABLE, vol index 11
03-24 09:54:29.106   706   932 D ACDB-LOADER: ACDB -> AUDIO_SET_VOL_CAL cal type = 40
03-24 09:54:29.106   706   932 D msm8974_platform: platform_split_snd_device: snd_device(2) num devices(1) new_snd_devices(0)
03-24 09:54:29.106   706   932 D ACDB-LOADER: ACDB -> send_audvoltable
03-24 09:54:29.107   706   932 D ACDB-LOADER: ACDB -> ACDB_CMD_GET_AUDPROC_INSTANCE_GAIN_DEP_STEP_TABLE_SIZE
03-24 09:54:29.107   706   932 D ACDB-LOADER: ACDB -> ACDB_CMD_GET_AUDPROC_INSTANCE_GAIN_DEP_STEP_TABLE, vol index 11
03-24 09:54:29.107   706   932 D ACDB-LOADER: ACDB -> AUDIO_SET_VOL_CAL cal type = 40
03-24 09:54:29.142   838  1820 I [CT]    : CONSTELLATION:IMU_STATUS: d1a68fb151f50abc: [FusionTracked=0.000, OutputTracked=0.000, OutputValid=0.000] [AccelSat=0.000, GyroSat=0.000] 
03-24 09:54:29.154   838  1820 I [CT]    : CONSTELLATION:IMU_STATUS: b298f93898a8d8b4: [FusionTracked=0.000, OutputTracked=0.000, OutputValid=0.000] [AccelSat=0.000, GyroSat=0.000] 
03-24 09:54:29.324  3217 10204 I VrApi   : FPS=88/90,Prd=31ms,Tear=0,Early=85,Stale=3,VSnc=1,Lat=1,Fov=0,CPU4/GPU=2/3,1171/490MHz,OC=FF,TA=0/70/0,SP=N/F/N,Mem=1353MHz,Free=3829MB,PLS=0,Temp=40.0C/0.0C,TW=3.02ms,App=0.01ms,GD=0.53ms,CPU&GPU=4.72ms,LCnt=3,GPU%=0.33,CPU%=0.28(W0.36),DSF=1.00
03-24 09:54:29.778  3786  3786 E adbd    : failed to connect to socket 'tcp:6666': Connection refused
03-24 09:54:29.932   727  1385 I hash_map_utils: key: 'snd_device_in' value: ''
03-24 09:54:29.934   727  1385 I hash_map_utils: key: 'snd_device_out' value: ''
