--------- beginning of system
02-15 11:18:24.402  1022  4018 I ActivityTaskManager: START u0 {flg=0x10000000 cmp=com.YourCompany.KilncroftLane/com.epicgames.ue4.GameActivity} from uid 2000
--------- beginning of main
02-15 11:18:24.411   680  4979 E ResolverController: No valid NAT64 prefix (100, <unspecified>/0)
02-15 11:18:24.414   680  4981 E ResolverController: No valid NAT64 prefix (100, <unspecified>/0)
02-15 11:18:24.417   680  4983 E ResolverController: No valid NAT64 prefix (100, <unspecified>/0)
02-15 11:18:24.420   680  4985 E ResolverController: No valid NAT64 prefix (100, <unspecified>/0)
02-15 11:18:24.422   724   724 E WifiHAL : handleResponse: OTHER_RX_MULTICAST_CNT not found
02-15 11:18:24.423   680  4987 E ResolverController: No valid NAT64 prefix (100, <unspecified>/0)
02-15 11:18:24.424   720   791 D android.hardware.power@1.3-service-libperfmgr: LAUNCH ON
02-15 11:18:24.425   680  4989 E ResolverController: No valid NAT64 prefix (100, <unspecified>/0)
02-15 11:18:24.427   724   724 E WifiHAL : wifi_get_ring_data: Error -5 happened. 
02-15 11:18:24.428   680  4991 E ResolverController: No valid NAT64 prefix (100, <unspecified>/0)
02-15 11:18:24.430   680  4993 E ResolverController: No valid NAT64 prefix (100, <unspecified>/0)
02-15 11:18:24.432  1022  1771 E WifiVendorHal: getRingBufferData(l.1675) failed {.code = ERROR_INVALID_ARGS, .description = }
02-15 11:18:24.433   680  4995 E ResolverController: No valid NAT64 prefix (100, <unspecified>/0)
02-15 11:18:24.435   680  4998 E ResolverController: No valid NAT64 prefix (100, <unspecified>/0)
02-15 11:18:24.438   680  5000 E ResolverController: No valid NAT64 prefix (100, <unspecified>/0)
02-15 11:18:24.438  3215  3256 I Clay    : [I]: EnvironmentStateSystem: Clearing IR due to pausing
02-15 11:18:24.438  3215  3256 I Clay    : [I]: Exiting VR mode
02-15 11:18:24.438  3215  3256 I VrApi   : ---------- vrapi_LeaveVrMode [start] ----------
02-15 11:18:24.438  3278  3278 D [SEO] ShellEnvOverlayService: Message Handler: onPause
02-15 11:18:24.441   680  5002 E ResolverController: No valid NAT64 prefix (100, <unspecified>/0)
02-15 11:18:24.442  3215  3256 D VrApi   : targetSDKVersion 25
02-15 11:18:24.444  3215  3256 I VrRuntimeClient: DEVICE MODEL NUMBER = Quest 2
02-15 11:18:24.444  3215  3256 I VrRuntimeClient: DEVICE HARDWARE = hollywood
02-15 11:18:24.444  3215  3256 I VrRuntimeClient: DEVICE BUILD NAME = user-1396980.8370.0
02-15 11:18:24.444  3215  3256 I VrRuntimeClient: DEVICE BUILD TYPE = user
02-15 11:18:24.444  3215  3256 I VrRuntimeClient: DEVICE OS VERSION = 10
02-15 11:18:24.444  3215  3256 I VrRuntimeClient: VRRUNTIME VERSION = VRAPI_VERSION_BEGIN { 1.1.42.0-270435163-270435163 Jan 28 2021 12:41:13 Development } RELEASE
02-15 11:18:24.444  3215  3256 I VrRuntimeClient: API LOADER VERSION = 1.1.34.0
02-15 11:18:24.444  3215  3256 I VrRuntimeClient: VRDRIVER VERSION = 25.0.0.72.658
02-15 11:18:24.444  3215  3256 I VrRuntimeClient: APP NAME = ShellEnv
02-15 11:18:24.444  3215  3256 I VrRuntimeClient: APP VERSION = 25.0.0.72.658 versionCode 270437171 internalVersionName 25.0.0.72.658.29e017684e5b 2021_01_28_12_53
02-15 11:18:24.444  3215  3256 I VrRuntimeClient: APP VR TYPE = vr_only
02-15 11:18:24.444  3215  3256 I VrRuntimeClient: APP MODE TYPE = <none>
02-15 11:18:24.444  3215  3256 I VrRuntimeClient: APP PACKAGE NAME = com.oculus.shellenv
02-15 11:18:24.444  3215  3256 I VrRuntimeClient: APP ACTIVITY CLASS = com.oculus.shellenv.ShellEnvActivity
02-15 11:18:24.444   680  5004 E ResolverController: No valid NAT64 prefix (100, <unspecified>/0)
02-15 11:18:24.444  3215  3256 D BatteryReceiver: Unregistering battery receiver
02-15 11:18:24.446   680  5006 E ResolverController: No valid NAT64 prefix (100, <unspecified>/0)
02-15 11:18:24.447  1022  4018 W InputReader: Device has associated, but no associated display id.
02-15 11:18:24.447  1022  4018 I chatty  : uid=1000(system) Binder:1022_E identical 1 line
02-15 11:18:24.448  1022  4018 W InputReader: Device has associated, but no associated display id.
02-15 11:18:24.448  2617  2617 W ActivityThread: handleWindowVisibility: no activity for token android.os.BinderProxy@5eee812
02-15 11:18:24.449  3215  3352 I VrApi   : FPS=79/90,Prd=32ms,Tear=0,Early=1,Stale=33,VSnc=1,Lat=1,Fov=0,CPU4/GPU=4/3,2419/490MHz,OC=FF,TA=0/70/0,SP=N/F/N,Mem=2092MHz,Free=3721MB,PLS=0,Temp=35.2C/0.0C,TW=4.39ms,App=8.60ms,GD=0.00ms,CPU&GPU=20.38ms,LCnt=4,GPU%=0.96,CPU%=0.50(W0.55),DSF=1.00
02-15 11:18:24.449  1022  4018 W InputReader: Device has associated, but no associated display id.
02-15 11:18:24.449   680  5008 E ResolverController: No valid NAT64 prefix (100, <unspecified>/0)
02-15 11:18:24.452   680  5010 E ResolverController: No valid NAT64 prefix (100, <unspecified>/0)
02-15 11:18:24.454   734  2375 D AF::TrackHandle: OpPlayAudio: track:58 uid:10026 pkg:com.oculus.systemux usage:10 not muted
02-15 11:18:24.454   680  5012 E ResolverController: No valid NAT64 prefix (100, <unspecified>/0)
02-15 11:18:24.455   734  1848 D AF::TrackHandle: OpPlayAudio: track:57 uid:10020 pkg:com.oculus.vrshell usage:1 not muted
02-15 11:18:24.456   734  1848 D AF::TrackHandle: OpPlayAudio: track:58 uid:10026 pkg:com.oculus.systemux usage:10 not muted
02-15 11:18:24.457   734  1009 D AF::TrackHandle: OpPlayAudio: track:56 uid:10014 pkg:com.oculus.shellenv usage:1 muted
02-15 11:18:24.457   680  5014 E ResolverController: No valid NAT64 prefix (100, <unspecified>/0)
02-15 11:18:24.459   734  2375 D AF::TrackHandle: OpPlayAudio: track:57 uid:10020 pkg:com.oculus.vrshell usage:1 not muted
02-15 11:18:24.459   734  1009 D AF::TrackHandle: OpPlayAudio: track:56 uid:10014 pkg:com.oculus.shellenv usage:1 muted
02-15 11:18:24.459   680  5016 E ResolverController: No valid NAT64 prefix (100, <unspecified>/0)
02-15 11:18:24.464   680  5018 E ResolverController: No valid NAT64 prefix (100, <unspecified>/0)
02-15 11:18:24.466  1022  1771 D wifi-jni: no kernel logs
02-15 11:18:24.467   680  5021 E ResolverController: No valid NAT64 prefix (100, <unspecified>/0)
02-15 11:18:24.470   680  5023 E ResolverController: No valid NAT64 prefix (100, <unspecified>/0)
02-15 11:18:24.474  3215  3256 I VrApi   : OVR::Stats thread stopped
02-15 11:18:24.474  3215  3256 I InputDeviceManager: ovrInputDeviceManager::~ovrInputDeviceManager
02-15 11:18:24.480   698   919 D msm8974_platform: platform_split_snd_device: snd_device(2) num devices(1) new_snd_devices(0)
02-15 11:18:24.480   698   919 D ACDB-LOADER: ACDB -> send_audvoltable
02-15 11:18:24.480   698   919 D ACDB-LOADER: ACDB -> ACDB_CMD_GET_AUDPROC_INSTANCE_GAIN_DEP_STEP_TABLE_SIZE
02-15 11:18:24.480   698   919 D ACDB-LOADER: ACDB -> ACDB_CMD_GET_AUDPROC_INSTANCE_GAIN_DEP_STEP_TABLE, vol index 11
02-15 11:18:24.480   698   919 D ACDB-LOADER: ACDB -> AUDIO_SET_VOL_CAL cal type = 40
02-15 11:18:24.481   698   919 D msm8974_platform: platform_split_snd_device: snd_device(2) num devices(1) new_snd_devices(0)
02-15 11:18:24.481   698   919 D ACDB-LOADER: ACDB -> send_audvoltable
02-15 11:18:24.481   698   919 D ACDB-LOADER: ACDB -> ACDB_CMD_GET_AUDPROC_INSTANCE_GAIN_DEP_STEP_TABLE_SIZE
02-15 11:18:24.481   698   919 D ACDB-LOADER: ACDB -> ACDB_CMD_GET_AUDPROC_INSTANCE_GAIN_DEP_STEP_TABLE, vol index 11
02-15 11:18:24.481  3215  3351 I ClientInputThread_Internal: InputThreadRun ShutdownRequest received
02-15 11:18:24.481   698   919 D ACDB-LOADER: ACDB -> AUDIO_SET_VOL_CAL cal type = 40
02-15 11:18:24.497  2617  2617 I VrApiLoader: VrApi Loader Version: 1.1.34.0-0-0 Apr 10 2020 14:33:54 
02-15 11:18:24.503  2617  2617 D ApplicationLoaders: Returning zygote-cached class loader: /system/framework/android.hidl.base-V1.0-java.jar
02-15 11:18:24.503  2617  2617 D ApplicationLoaders: Returning zygote-cached class loader: /system/framework/android.hidl.manager-V1.0-java.jar
02-15 11:18:24.503  2617  2617 D ApplicationLoaders: Returning zygote-cached class loader: /system/framework/android.hidl.base-V1.0-java.jar
02-15 11:18:24.504  2617  2617 I ssioncontrolle: The ClassLoaderContext is a special shared library.
02-15 11:18:24.507  2617  2617 V VrDriver: Loading 64-bit VrDriver.
02-15 11:18:24.509  2617  2617 I Distortion: SetLensPositions - iad=0.063, left offset=0.000250001,0, right offset=-0.000250001,0
02-15 11:18:24.509  2617  2617 I Distortion: SetLensPositions - iad=0.063, left offset=0.000250001,0, right offset=-0.000250001,0
02-15 11:18:24.513  2617  2617 I VrApi_DriverLoader: nativeSetClassLoader:0x2696
02-15 11:18:24.513  2617  2617 I VrApi   : ----------- vrapi_Initialize [start] ----------
02-15 11:18:24.513  2617  2617 I AdrenoGLES-0: QUALCOMM build                   : 09c6a36, I5e696c022b
02-15 11:18:24.513  2617  2617 I AdrenoGLES-0: Build Date                       : 12/07/20
02-15 11:18:24.513  2617  2617 I AdrenoGLES-0: OpenGL ES Shader Compiler Version: EV031.35.01.02
02-15 11:18:24.513  2617  2617 I AdrenoGLES-0: Local Branch                     : 
02-15 11:18:24.513  2617  2617 I AdrenoGLES-0: Remote Branch                    : refs/tags/AU_LINUX_ANDROID_LA.UM.8.12.R1.10.00.00.561.144
02-15 11:18:24.513  2617  2617 I AdrenoGLES-0: Remote Branch                    : NONE
02-15 11:18:24.513  2617  2617 I AdrenoGLES-0: Reconstruct Branch               : NOTHING
02-15 11:18:24.513  2617  2617 I AdrenoGLES-0: Build Config                     : S P 8.0.12 AArch64
02-15 11:18:24.513  2617  2617 I AdrenoGLES-0: Driver Path                      : /vendor/lib64/egl/libGLESv2_adreno.so
02-15 11:18:24.516  2617  2617 I AdrenoGLES-0: PFP: 0x016dd093, ME: 0x00000000
02-15 11:18:24.524  3215  3256 I InputHooks_Internal: Disabling Native Input Hooks
02-15 11:18:24.525  2617  2617 I VrApi   : Client type: 0 flags: 0x0 placement: 0
02-15 11:18:24.525  1936  1996 D VrRuntimeService: enableRendering: 3215:com.oculus.shellenv: null enable: false
02-15 11:18:24.525  1936  1996 I ClientMgr: ClientMgr::EnableRendering 3215:com.oculus.shellenv : type 0 comp-id 5: disable
02-15 11:18:24.525  1936  1996 I VrRuntimeServer: DisableCompositorClient: 5
02-15 11:18:24.525  1936  1996 I TimeWarp: Disable client 5
02-15 11:18:24.525  1936  1996 I TimeWarp: DisableClient: frame flush required: 1
02-15 11:18:24.532  2617  2617 D VrApi   : isActivityFocusAware context = com.oculus.os.DialogContext@ebd79c2
02-15 11:18:24.532  2617  2617 D FocusAwarenessUtil: isActivityFocusAware
02-15 11:18:24.532  2617  2617 D FocusAwarenessUtil: isActivityFocusAware passesFocusAwarenessPushRolloutGk = true
02-15 11:18:24.532  2617  2617 D FocusAwarenessUtil: isSystemApp = true for com.android.permissioncontroller
02-15 11:18:24.532  2617  2617 D FocusAwarenessUtil: No Activity manifest entry for com.android.permissioncontroller
02-15 11:18:24.532  2617  2617 D FocusAwarenessUtil: No activity manifest entry, checking application manifest entry
02-15 11:18:24.532  2617  2617 D FocusAwarenessUtil: No Application manifest entry for com.android.permissioncontroller
02-15 11:18:24.532  2617  2617 D FocusAwarenessUtil: isSystemApp so returning manifest value for com.android.permissioncontroller as DISABLED
02-15 11:18:24.532  2617  2617 I VrApi   : isActivityFocusAware = 0
02-15 11:18:24.532  2617  2617 I RuntimeHelpers: OSSDKTRACKING Setting ResultUseOSSDKTracking to 0
02-15 11:18:24.532  2617  2617 I RuntimeHelpers: OSSDKTRACKING Setting ResultUseOSSDKTracking to 0
02-15 11:18:24.532  2617  2617 I VrRuntimeClient: VrRuntimeClient: Init
02-15 11:18:24.533  2617  2617 I RuntimeHelpers: OSSDKTRACKING Setting ResultUseOSSDKTracking to 0
02-15 11:18:24.533  2617  2617 I DeviceProperties: ovrDeviceProperties::Initialize
02-15 11:18:24.533  2617  2617 I DeviceProperties: Device Model: 'hollywood'
02-15 11:18:24.533  2617  2617 I DeviceProperties: Device Region: 'US'
02-15 11:18:24.534  2617  2617 I DeviceProperties: GPU Type: 'ADRENO_650'
02-15 11:18:24.536  2617  2617 I DeviceProperties: Num Refresh Rates Supported 4
02-15 11:18:24.536  2617  2617 I DeviceProperties: Refresh Rate (0): 90.000000Hz
02-15 11:18:24.536  2617  2617 I DeviceProperties: Refresh Rate (1): 80.000000Hz
02-15 11:18:24.536  2617  2617 I DeviceProperties: Refresh Rate (2): 72.000000Hz
02-15 11:18:24.536  2617  2617 I DeviceProperties: Refresh Rate (3): 60.000000Hz
02-15 11:18:24.541  2617  2617 I DeviceProperties: DisplayParms.ScanoutDirection = 0
02-15 11:18:24.541  2617  2617 I DeviceProperties: DisplayParms.ShutterType = 1
02-15 11:18:24.541  2617  2617 I DeviceProperties: DisplayParms.timing = 0.700000 0.700000
02-15 11:18:24.541  2617  2617 I DeviceProperties: DisplayParms.prediction = (2.000000 2.000000) (2.000000 2.000000)
02-15 11:18:24.542  2617  2617 I DeviceProperties: getDisplayDimensions returned: 3664, 1920
02-15 11:18:24.542  2617  2617 I DeviceProperties: ovrDeviceProperties: OVR_DEVICE_CAPABILITY_POSITIONAL_TRACKING_BIT
02-15 11:18:24.542  2617  2617 I DeviceProperties: ovrDeviceProperties: OVR_DEVICE_CAPABILITY_PASSTHROUGH_CAMERA_BIT
02-15 11:18:24.542  2617  2617 I DeviceProperties: ovrDeviceProperties: OVR_DEVICE_CAPABILITY_DYNAMIC_DISPLAY_REFRESH_RATE_BIT
02-15 11:18:24.542  2617  2617 I DeviceProperties: ovrDeviceProperties: OVR_DEVICE_CAPABILITY_MEMORY_EXPORT_BIT
02-15 11:18:24.542  2617  2617 I DeviceProperties: ovrDeviceProperties: OVR_DEVICE_CAPABILITY_FIXED_FOVEATED_RENDERING_BIT
02-15 11:18:24.542  2617  2617 I DeviceProperties: ovrDeviceProperties: OVR_DEVICE_CAPABILITY_SUBSAMPLED_LAYOUT_BIT
02-15 11:18:24.542  2617  2617 I VrRuntimeClient: RuntimeService Enabled
02-15 11:18:24.542  2617  2617 I RuntimeHelpers: ShouldEnableOOPComposition: oopc_enabled_prop = -1
02-15 11:18:24.542  2617  2617 I RuntimeHelpers: IsOopCompositionEnabled: enabled
02-15 11:18:24.542  2617  2617 I VrRuntimeClient: DevicesSupported : 1 devices, quest
02-15 11:18:24.542  2617  2617 I VrRuntimeClient: IsFocusAware: 0
02-15 11:18:24.542  2193  2214 W LibraryProvider: Cannot find entitlement for com.android.permissioncontroller
02-15 11:18:24.543  1554  1621 W OVRLibrary: null cursor received for query content://com.oculus.ocms.library/apps/com.android.permissioncontroller
02-15 11:18:24.552  1936  1996 I UnifiedTelemetryWrapper: Stopped UT session render:com.oculus.shellenv
02-15 11:18:24.552  1936  2295 I ClientMgr: Non-overlay clients rendering status has changed: prev=3, curr=4, enabled=0
02-15 11:18:24.552  1936  2295 I TimeWarp: Enable client 0
02-15 11:18:24.552  1936  2295 I VrRuntimeServer: EnableCompositorClient client(0): layer placement(4294967291) flags(0) sm(0x71133dd220)
02-15 11:18:24.553  3215  3354 I FenceChecker: FenceChecker::MainLoop - ended
02-15 11:18:24.553  3215  3256 I TrackingServiceClient: OVR::TrackingService::ClientSetInterface
02-15 11:18:24.553  3215  3256 D TrackingServiceConnectionNative: onClientDisconnect
--------- beginning of tracking
02-15 11:18:24.553   802   802 I TrackingService: Unregistering client by ITrackingService.unregisterClient
02-15 11:18:24.553   802   802 I TrackingService: TrackingServiceHost Unregistering client: com.oculus.shellenv#3215
02-15 11:18:24.554  3215  3256 D BinderConnection: Disconnecting from TrackingService service
02-15 11:18:24.554  3215  3256 D TrackingServiceConnectionNative: onDisconnected
02-15 11:18:24.554  3215  3256 I TrackingServiceClient: OVR::TrackingService::ClientSetInterface
02-15 11:18:24.554  3215  3256 I VrApi   : ---------- vrapi_LeaveVrMode [end] ----------
02-15 11:18:24.554  3215  3256 I Clay    : [I]: OculusVRSystem:configureRendering: releasing primary render target
02-15 11:18:24.557  1936  3375 I VrRuntimeService: DestroySwapChain: swapchain=134
02-15 11:18:24.557  1936  3375 I VrRuntimeServer: DestroyTextureSwapChain: result destroyswapchain 1
02-15 11:18:24.557  3215  3256 I Clay    : [I]: BaseApp: Entering hibernation in 30 frames
02-15 11:18:24.558  3278  3384 I [OAR] ShellApp: 0xc1e52b88 msg: pause
02-15 11:18:24.558  3278  3384 I [OAR] ShellApp: ShellApp::LeaveVrMode()
02-15 11:18:24.559  3278  3384 W VrApi   : ovr_SubmitFrameInternal: FrameIndex discontinuity: Expected 2175, Received 2174
02-15 11:18:24.559  2617  2617 I VrRuntimeClient: spaceWarpGateKeeper 0
02-15 11:18:24.559  2617  2617 I AudioCapture: AudioCapture::Init
02-15 11:18:24.560  2617  2617 I AudioCapture: AudioCapture::Init -> Initializing audio capture using direct OS Callbacks
02-15 11:18:24.560  2617  2617 I AudioCapture: AudioCapture::Init COMPLETE
02-15 11:18:24.567  2617  2617 W Foveation: Forcing on dynamic foveation
02-15 11:18:24.567  2617  2617 D VrRuntimeClient: VrRuntimeClient: initialize. inContext: com.oculus.os.DialogContext@ebd79c2
02-15 11:18:24.568  1936  1936 D VrRuntimeService: onStartCommand
02-15 11:18:24.569  2617  2617 I ipcLoader: RuntimeIPC: Loader: IPC Service API Loader Version: 19 Jan 26 2021 10:14:37
02-15 11:18:24.569  2617  2617 I ipcLoader: RuntimeIPC: Loader: Calling LibLoader::Initialize
02-15 11:18:24.569  2617  2617 I libloader: LibLoader::Initialize. Version: 1 Jan 26 2021 10:14:37, packageName: com.oculus.systemdriver
02-15 11:18:24.569  2617  2617 I libloader: LibLoader: selecting 64-bit ABI.
02-15 11:18:24.569  2617  2617 V LibLoaderImpl: Loading 64-bit LibLoaderImpl.
02-15 11:18:24.569  2617  2617 V LibLoaderImpl: internalGetAPIFunction: loadLibrary 'loaderimpl'
02-15 11:18:24.569  2617  2617 V LibLoaderImpl: Using System.loadLibrary
02-15 11:18:24.569  3278  3384 I [OAR] VrShellDesktopBase: Backgrounding all active monitors on desktop
02-15 11:18:24.569  3278  3384 I [OAR] PanelAppHost: OnBackground
02-15 11:18:24.569  3278  3384 I [OAR] PanelAppHost: Panel app 3 (com.oculus.explore/com.oculus.explore.PanelService) changing state from foreground to background
02-15 11:18:24.570  3278  3384 D [SEO] ShellApplication: notify OS to set com.oculus.explore/com.oculus.explore.PanelService to BACKGROUND
02-15 11:18:24.570  2617  2617 I libloaderimpl: nativeSetClassLoader:0x2786
02-15 11:18:24.570  2617  2617 V LibLoaderImpl: internalGetAPIFunction: calling nativeGetAPIFunction
02-15 11:18:24.570  2617  2617 I libloaderimpl: LibLoaderImpl nativeGetAPIFunction.
02-15 11:18:24.570  2617  2617 I libloaderimpl: LibLoaderHandle SUCCESS
02-15 11:18:24.570  2617  2617 I libloaderimpl: LibLoaderImpl GetAPIFunction. libName: libruntimeipcserviceclient.so, funcName: ipc_GetAPIFunction
02-15 11:18:24.571  2617  2617 I RuntimeIPCApi: ipc_Initialize
02-15 11:18:24.571  3278  3384 I [OAR] PanelAppHost: com.oculus.explore/com.oculus.explore.PanelService:3 is now backgrounded due to: paused
02-15 11:18:24.571  4378  4416 I RCTVR   : AppState backgroundReason [paused]
02-15 11:18:24.571  4378  4416 I RCTVR_Shutdown: Initiated webserver shutdown
02-15 11:18:24.571  4378  4416 I RCTVR_Shutdown: Webby shutdown
02-15 11:18:24.572  3278  3384 I [OAR] ShellEnvSwapChainApi: Destroying SwapChain:0xbc373b00
02-15 11:18:24.572  2617  2617 D RuntimeIPCServiceClient: initialize. inContext: com.oculus.os.DialogContext@ebd79c2processName: com.android.permissioncontroller
02-15 11:18:24.573  3278  3384 I [OAR] ShellVideoPlayer: OnPanelBackground called with reason paused and for context without video
02-15 11:18:24.573  3278  3384 I [OAR] ShellVideoPlayer: StopVideo
02-15 11:18:24.574  3278  3384 I [OAR] SystemAssistant: OnModeChanged from FullShell to ImmersiveAppFocused
02-15 11:18:24.574  3278  3384 I [OAR] AudioMixer: Disabling AudioPlayer.
02-15 11:18:24.576  1962  1962 D RuntimeIPCService: onStartCommand
02-15 11:18:24.576  2617  5032 I AsyncTaskMgr: MainLoop starting
02-15 11:18:24.576  2617  2617 I AsyncTaskMgr: Init SUCCESS
02-15 11:18:24.576  2617  2617 I ServerStateMgr: Init
02-15 11:18:24.576  2617  2617 I ServerStateMgr: Init
02-15 11:18:24.576  2617  2617 I RuntimeIPCServiceMethods: EnsureServiceConnection
02-15 11:18:24.576  2617  2617 D RuntimeIPCServiceClient: connectToService
02-15 11:18:24.576  2617  2617 D RuntimeIPCServiceClient: creating new service
02-15 11:18:24.579  4378  4416 I RCTVR_Shutdown: AppState went background
02-15 11:18:24.579  4378  4416 I RCTVR_Shutdown: Headset status changed
02-15 11:18:24.587  1962  1962 D RuntimeIPCService: onStartCommand
02-15 11:18:24.590  2617  2617 D RuntimeIPCServiceClient: Waiting on ipc connection...
02-15 11:18:24.590  2617  5031 D RuntimeIPCServiceClient: Service connected: android.os.BinderProxy@c1fb609
02-15 11:18:24.590  1962  1995 D RuntimeIPCService: createClient: ProcessName: com.android.permissioncontroller
02-15 11:18:24.590  1962  1995 I RuntimeIPCService: nativeCreateClient
02-15 11:18:24.590  1962  1995 I RuntimeIPCService: CreateClient: 2617:com.android.permissioncontroller:com.android.permissioncontroller
02-15 11:18:24.590  1962  1995 I SharedMemoryServer: SharedMemoryServer::MapMemory: Allocated shared memory fd 154 (IPCRegisteredServer)
02-15 11:18:24.591  1962  1995 I RuntimeIPCService: RPCServiceClientHandler: Init SUCCESS: 2617:com.android.permissioncontroller:com.android.permissioncontroller
02-15 11:18:24.591  1962  1995 D RuntimeIPCService: createClient: -1726176869, android.os.BinderProxy@c6b6a63, com.android.permissioncontroller
02-15 11:18:24.591  2617  2617 D RuntimeIPCServiceClient: ipc connectionIsReady: true
02-15 11:18:24.591  2617  2617 D RuntimeIPCServiceClient: ipc context.bindService SUCCESS
02-15 11:18:24.591  2617  2617 I RuntimeIPCServiceClient: nativeConnected: 1
02-15 11:18:24.591  2617  2617 I RuntimeIPCServiceClient: nativeConnected complete: 1
02-15 11:18:24.591  2617  2617 I RuntimeIPCServiceMethods: EnsureServiceConnection success
02-15 11:18:24.591  2617  5034 I RuntimeIPCServiceClient: IPCMainLoopHandler: MainLoop Start
02-15 11:18:24.591  2617  2617 I RuntimeIPCServiceClient: IPCMainLoopHandler: Init SUCCESS
02-15 11:18:24.591  2617  2617 I RuntimeIPCApi: Overriding args (before): com.oculus.systemdriver, com.oculus.vrguardianservice.VrGuardianService
02-15 11:18:24.591  2617  2617 I RuntimeIPCApi: Overriding args (after): com.oculus.guardian, com.oculus.vrguardianservice.VrGuardianService
02-15 11:18:24.591  2617  2617 D RuntimeIPCServiceClient: ensureServiceStarted: com.oculus.guardian, com.oculus.vrguardianservice.VrGuardianService
02-15 11:18:24.592  2617  2617 D RuntimeIPCServiceClient: ensureServiceStarted SUCCESS: com.oculus.guardian, com.oculus.vrguardianservice.VrGuardianService
02-15 11:18:24.592  2617  2617 I RuntimeIPCApi: Overriding args (before): com.oculus.systemdriver, com.oculus.vrguardianservice.VrGuardianUserService
02-15 11:18:24.592  2617  2617 I RuntimeIPCApi: Overriding args (after): com.oculus.guardian, com.oculus.vrguardianservice.VrGuardianUserService
02-15 11:18:24.592  2617  2617 D RuntimeIPCServiceClient: ensureServiceStarted: com.oculus.guardian, com.oculus.vrguardianservice.VrGuardianUserService
02-15 11:18:24.592  2352  2352 D VrGuardianService: onStartCommand
02-15 11:18:24.592  2617  2617 D RuntimeIPCServiceClient: ensureServiceStarted SUCCESS: com.oculus.guardian, com.oculus.vrguardianservice.VrGuardianUserService
02-15 11:18:24.592  2617  2617 I RuntimeIPCApi: Overriding args (before): com.oculus.systemdriver, com.oculus.vrguardianservice, guardianserver
02-15 11:18:24.592  2617  2617 I RuntimeIPCApi: Overriding args (after): com.oculus.guardian, com.oculus.vrguardianservice, guardianserver
02-15 11:18:24.592  2352  2352 D VrGuardianUserService: onStartCommandIntent { cmp=com.oculus.guardian/com.oculus.vrguardianservice.VrGuardianUserService }
02-15 11:18:24.593  3278  3478 I [OAR] AudioMixer: Notifying VrThread to shutdown.
02-15 11:18:24.593  3278  3384 I [OAR] AudioMixer: Successful shutdown.
02-15 11:18:24.593  3278  3384 I [OAR] AudioEngine: virtual void AudioLibrary::AudioEngine::DisablePlayer()
02-15 11:18:24.593  3278  3384 I [OAR] AudioEngine: Setting ShuttingDown.
02-15 11:18:24.593  2617  2617 I RuntimeIPCClientMgr: SyncClientWithService: Client: com.android.permissioncontroller:com.android.permissioncontroller, Server: com.oculus.guardian:com.oculus.vrguardianservice (guardianserver)
02-15 11:18:24.593  1962  1995 I SharedMemoryServer: SharedMemoryServer::MapMemory: Allocated shared memory fd 159 (IPCService_RPCPrivateReadWrite)
02-15 11:18:24.593  1962  1995 I RuntimeIPCService: ConnectToServer: 2617:com.android.permissioncontroller:com.android.permissioncontroller (com.oculus.guardian:com.oculus.vrguardianservice (guardianserver))
02-15 11:18:24.593  2617  2617 I RuntimeIPCClientMgr: InitRPCToServer SUCCESS in 0.371979 ms
02-15 11:18:24.593  1962  1995 I RuntimeIPCService: GetServerRequestPipeAsClient: 2617:com.android.permissioncontroller:com.android.permissioncontroller (com.oculus.guardian:com.oculus.vrguardianservice (guardianserver))
02-15 11:18:24.593  1962  1995 I RuntimeIPCService: GetServerResponsePipeAsClient: 2617:com.android.permissioncontroller:com.android.permissioncontroller (com.oculus.guardian:com.oculus.vrguardianservice (guardianserver))
02-15 11:18:24.594  2617  2617 I RuntimeIPCClientMgr: InitRPCPipeToServer SUCCESS in 0.266615 ms
02-15 11:18:24.594  1962  1995 I RuntimeIPCService: GetServerStateFdAsClient: Client: com.android.permissioncontroller:com.android.permissioncontroller, Server: com.oculus.guardian:com.oculus.vrguardianservice (guardianserver)
02-15 11:18:24.594  2617  2617 I RuntimeIPCClientMgr: InitServerStateForClient SUCCESS in 0.117396 ms
02-15 11:18:24.594  2617  2617 I RuntimeIPCClientMgr: InitServerStateForClient: SUCCESS. Client: com.android.permissioncontroller:com.android.permissioncontroller, Server: com.oculus.guardian:com.oculus.vrguardianservice (guardianserver)
02-15 11:18:24.594  2617  2617 I RuntimeIPCClientMgr: SyncClientWithService: SUCCESS. Client: com.android.permissioncontroller:com.android.permissioncontroller, Server: com.oculus.guardian:com.oculus.vrguardianservice (guardianserver)
02-15 11:18:24.594  2617  2617 I RuntimeIPCClientMgr: ConnectToServer: SUCCESS: Client: com.android.permissioncontroller:com.android.permissioncontroller, Server: com.oculus.guardian:com.oculus.vrguardianservice (guardianserver)
02-15 11:18:24.594  2617  2617 I VrGuardianClient: g_GuardianSDKClient connected.
02-15 11:18:24.594  2617  2617 I ipcLoader: RuntimeIPC: Loader: IPC Service API Loader Version: 19 Jan 26 2021 10:14:37
02-15 11:18:24.594  2617  2617 I ipcLoader: RuntimeIPC: Loader: Re-using vtable
02-15 11:18:24.594  2617  2617 I RuntimeIPCApi: ipc_Initialize
02-15 11:18:24.594  2617  2617 I RuntimeIPCServiceClient: Init: Already initialized.
02-15 11:18:24.594  2617  2617 D RuntimeIPCServiceClient: ensureServiceStarted: com.oculus.systemdriver, com.oculus.vrruntimeservice.VrRuntimeService
02-15 11:18:24.595  2617  2617 D RuntimeIPCServiceClient: ensureServiceStarted SUCCESS: com.oculus.systemdriver, com.oculus.vrruntimeservice.VrRuntimeService
02-15 11:18:24.595  1936  1936 D VrRuntimeService: onStartCommand
02-15 11:18:24.595  2617  2617 I RuntimeIPCClientMgr: SyncClientWithService: Client: com.android.permissioncontroller:com.android.permissioncontroller, Server: com.oculus.systemdriver:com.oculus.vrruntimeservice (RuntimeServiceServer)
02-15 11:18:24.595  1962  1995 I SharedMemoryServer: SharedMemoryServer::MapMemory: Allocated shared memory fd 164 (IPCService_RPCPrivateReadWrite)
02-15 11:18:24.595  1962  1995 I RuntimeIPCService: ConnectToServer: 2617:com.android.permissioncontroller:com.android.permissioncontroller (com.oculus.systemdriver:com.oculus.vrruntimeservice (RuntimeServiceServer))
02-15 11:18:24.595  2617  2617 I RuntimeIPCClientMgr: InitRPCToServer SUCCESS in 0.265625 ms
02-15 11:18:24.596  1962  1995 I RuntimeIPCService: GetServerRequestPipeAsClient: 2617:com.android.permissioncontroller:com.android.permissioncontroller (com.oculus.systemdriver:com.oculus.vrruntimeservice (RuntimeServiceServer))
02-15 11:18:24.596  1962  1995 I RuntimeIPCService: GetServerResponsePipeAsClient: 2617:com.android.permissioncontroller:com.android.permissioncontroller (com.oculus.systemdriver:com.oculus.vrruntimeservice (RuntimeServiceServer))
02-15 11:18:24.596  2617  2617 I RuntimeIPCClientMgr: InitRPCPipeToServer SUCCESS in 0.259219 ms
02-15 11:18:24.596  1962  1995 I RuntimeIPCService: GetServerStateFdAsClient: Client: com.android.permissioncontroller:com.android.permissioncontroller, Server: com.oculus.systemdriver:com.oculus.vrruntimeservice (RuntimeServiceServer)
02-15 11:18:24.596  2617  2617 I RuntimeIPCClientMgr: InitServerStateForClient SUCCESS in 0.104062 ms
02-15 11:18:24.596  2617  2617 I RuntimeIPCClientMgr: InitServerStateForClient: SUCCESS. Client: com.android.permissioncontroller:com.android.permissioncontroller, Server: com.oculus.systemdriver:com.oculus.vrruntimeservice (RuntimeServiceServer)
02-15 11:18:24.596  2617  2617 I RuntimeIPCClientMgr: SyncClientWithService: SUCCESS. Client: com.android.permissioncontroller:com.android.permissioncontroller, Server: com.oculus.systemdriver:com.oculus.vrruntimeservice (RuntimeServiceServer)
02-15 11:18:24.596  2617  2617 I RuntimeIPCClientMgr: ConnectToServer: SUCCESS: Client: com.android.permissioncontroller:com.android.permissioncontroller, Server: com.oculus.systemdriver:com.oculus.vrruntimeservice (RuntimeServiceServer)
02-15 11:18:24.596  2617  2617 I VrRuntimeClient: g_RuntimeServiceSDKClient.InitClient SUCCESS. Version: 1.0, Custom: 1.0
02-15 11:18:24.596  2617  2617 D VrRuntimeClient: connectToService
02-15 11:18:24.596  2617  2617 D VrRuntimeClient: VrRuntimeClient: creating new service
02-15 11:18:24.598  1936  1936 D VrRuntimeService: onStartCommand
02-15 11:18:24.599  2617  5030 D VrRuntimeClient: VrRuntimeClient: Service connected.
02-15 11:18:24.599  2617  2617 D VrRuntimeClient: VrRuntimeClient: Waiting on connection...
02-15 11:18:24.599  1936  1996 I ClientMgr: ClientMgr::CreateClient: 2617:com.android.permissioncontroller
02-15 11:18:24.599  1936  1996 I ClientMgr: CliengMgr: Client session placement = 0
02-15 11:18:24.599  1936  1996 I TimeWarp: Register client 7
02-15 11:18:24.599  1936  1996 I VrRuntimeServer: RegisterCompositorClient client(7)
02-15 11:18:24.599  1936  1996 I SharedMemoryServer: SharedMemoryServer::MapMemory: Allocated shared memory fd 173 (VrRuntimeService_PrivateReadWrite_com.android.permissioncontroller)
02-15 11:18:24.599  1936  1996 I ClientMgr: CreateClient: Sending PrimaryPackageChangeEvent outside of normal operation for OS dialog.
02-15 11:18:24.599  1936  1996 I ServiceInputManager: ServiceInputManager::SetPrimaryPackageName 'com.android.permissioncontroller' 'com.android.permissioncontroller'  updated AnytimeUI processname 0
02-15 11:18:24.599  1936  1996 I VrRuntimeService: RuntimeIPC: SendPrimaryPackageChangeEvent: PostClientEvent SUCCESS: com.oculus.vrshell:com.oculus.vrshell:EnvOverlay:3278, com.android.permissioncontroller, com.android.permissioncontroller
02-15 11:18:24.599  1936  1996 I VrRuntimeService: RuntimeIPC: SendPrimaryPackageChangeEvent: PostClientEvent SUCCESS: com.oculus.vrshell:com.oculus.vrshell:3161, com.android.permissioncontroller, com.android.permissioncontroller
02-15 11:18:24.599  1936  1996 I VrRuntimeService: RuntimeIPC: SendPrimaryPackageChangeEvent: PostClientEvent SUCCESS: com.oculus.mrservice:com.oculus.mrservice:1696, com.android.permissioncontroller, com.android.permissioncontroller
02-15 11:18:24.599  1936  1996 I VrRuntimeService: RuntimeIPC: SendPrimaryPackageChangeEvent: PostClientEvent SUCCESS: com.oculus.guardian:com.oculus.vrguardianservice:2352, com.android.permissioncontroller, com.android.permissioncontroller
02-15 11:18:24.599  1936  1996 I VrRuntimeService: RuntimeIPC: SendPrimaryPackageChangeEvent: PostClientEvent SUCCESS: com.oculus.shellenv:com.oculus.shellenv:3215, com.android.permissioncontroller, com.android.permissioncontroller
02-15 11:18:24.599  1936  1996 I VrRuntimeService: RuntimeIPC: SendPrimaryPackageChangeEvent: PostClientEvent SUCCESS: android.uid.systemui:10056:com.android.systemui:1381, com.android.permissioncontroller, com.android.permissioncontroller
02-15 11:18:24.599  1936  1996 I VrRuntimeService: RuntimeIPC: SendPrimaryPackageChangeEvent: PostClientEvent SUCCESS: com.oculus.vrshell:com.oculus.vrshell:Overlay:2299, com.android.permissioncontroller, com.android.permissioncontroller
02-15 11:18:24.599  1936  1996 D VrRuntimeService: sendPrimaryPackageChangeBroadcast
02-15 11:18:24.601  2299  2299 D [OAO] ShellOverlayService: screenStateReceiver Received broadcast: com.oculus.vrshell.intent.action.PRIMARY_PACKAGE_CHANGED
02-15 11:18:24.601  2299  2299 I [OAO] ShellOverlayServiceJNI: NativeSendOverlayCommand
02-15 11:18:24.601  2299  2299 I [OAO] ShellOverlayServiceJNI: NativeWake
02-15 11:18:24.601  2299  2299 I [OAO] ShellOverlayMain: WakeVrThread
02-15 11:18:24.601  2299  2299 I [OAO] ShellOverlayMain: WakeVrThread - notifying vr thread
02-15 11:18:24.601  2299  2342 I [OAO] ShellOverlayApp: VrThread woke up
02-15 11:18:24.601  2299  2342 I [OAO] ShellOverlayApp: 0xc1c35bf0 msg: overlayCommand:
02-15 11:18:24.601  2299  2342 I [OAO] ShellOverlayApp: command = primaryPackageChanged
02-15 11:18:24.601  2299  2342 I [OAO] ShellOverlayApp: Process_OverlayCommand command : primaryPackageChanged
02-15 11:18:24.601  2299  2342 I [OAO] ShellOverlayApp: UpdatePrimaryPackage
02-15 11:18:24.602  2299  2342 I [OAO] ShellOverlayApp: UpdatePrimaryPackage Requested for PackageName:com.android.permissioncontroller  IsFocusAware:0
02-15 11:18:24.602  2299  2342 I [OAO] ShellOverlayApp: UpdatePrimaryPackage Package change detected. Previous package:[com.oculus.shellenv]
02-15 11:18:24.602  2299  2342 I [OAO] OverlayFlowController: OnPrimaryPackageChange primaryPackage:com.android.permissioncontroller immersiveAppChanged:1
02-15 11:18:24.602  2299  2342 I [OAO] OverlayFlowController: Non system primary client change: ready to sleep
02-15 11:18:24.602  2299  2342 I [OAO] OverlayFlowController: Reset resetReason : 3
02-15 11:18:24.602  2299  2342 I [OAO] DialogController: CloseDialogs() old: 0, pendingUri: systemux://dialog/none, pendingComponent: 
02-15 11:18:24.602  2299  2342 I [OAO] SystemTabletController: Reset, reason: 3, taskBarVisibility: 1
02-15 11:18:24.602  2299  2342 I [OAO] SystemDialogController: Reset
02-15 11:18:24.602  2299  2342 I [OAO] DialogControllerManager: Reset
02-15 11:18:24.602  2299  2342 I VrApi   : Unhandled ovrRuntime Event 13
02-15 11:18:24.602  2299  2342 I [OAO] ShellOverlayApp: Start sleep timeout. Now:44.833972, Timeout:46.833972
02-15 11:18:24.608  2352  2439 I GuardianSystem: runtimeServiceSDKClient_.PackageChangeEvent: com.android.permissioncontroller
02-15 11:18:24.609  2352  2439 I GuardianSystem: SetCurrentPackageName: com.android.permissioncontroller, previous PackageName: com.oculus.shellenv
02-15 11:18:24.609  2352  2439 I GuardianSystem: SetCurrentPackageName: Return package changed: com.android.permissioncontroller
02-15 11:18:24.612  3278  3478 I [OAR] AudioMixer: Notifying VrThread to shutdown.
02-15 11:18:24.612  3278  3478 I [OAR] AudioEngine: Fading final buffer
02-15 11:18:24.615  1936  1996 I UnifiedTelemetryWrapper: Started UT session lifetime:com.android.permissioncontroller
02-15 11:18:24.616  1936  1996 D VrRuntimeService: IVrRuntimeClient.Stub().getSharedMemoryFileDescriptor()
02-15 11:18:24.616  1936  1996 I VrRuntimeService: SharedMemoryDebug: nativeGetSharedMemoryPublicReadOnlyFd: 33
02-15 11:18:24.616  1936  1996 D VrRuntimeService: getSharedMemoryFileDescriptor fd (VrRuntimeService) 33
02-15 11:18:24.616  1936  1996 D VrRuntimeService: IVrRuntimeClient.Stub().getSharedMemoryPrivateReadWriteFileDescriptor()
02-15 11:18:24.616  1936  1996 I VrRuntimeService: SharedMemoryDebug: nativeGetSharedMemoryPrivateReadWriteFd: 173
02-15 11:18:24.616  1936  1996 D VrRuntimeService: getSharedMemoryPrivateReadWriteFileDescriptor fd (VrRuntimeService) 173
02-15 11:18:24.616  2617  5030 I VrRuntimeClient: nativeRuntimeServiceConnected: publicReadOnlyFd=66, privateReadWriteFd=67
02-15 11:18:24.616  2617  2617 D VrRuntimeClient: VrRuntimeClient: connectionIsReady: true
02-15 11:18:24.616  2617  2617 D VrRuntimeClient: VrRuntimeClient: context.bindService SUCCESS
02-15 11:18:24.616  2617  2617 I VrApi   : vrapi_Initialize: Connected to VrRuntimeService after 0.020096s
02-15 11:18:24.616  2617  2617 D SystemActivitiesReceiver: Registering Oculus System Activity receiver
02-15 11:18:24.621  2617  2617 I Distortion: Initializing Mesh Decenter Correction
02-15 11:18:24.622  2617  2617 I Distortion: EYE_DECENTER ipdMin 58.1364 left H: -8.1595 v: 3.6616  right  H: -4.9562 v: 0.1797
02-15 11:18:24.622  2617  2617 I Distortion: EYE_DECENTER ipdMid 63.0543 left H: 0.7277 v: 2.5898  right  H: 1.0983 v: 2.3797
02-15 11:18:24.622  2617  2617 I Distortion: EYE_DECENTER ipdMax 67.9727 left H: 1.9973 v: 1.518  right  H: -0.1126 v: 2.3797
02-15 11:18:24.622  2617  2617 I Distortion: EYE_DECENTER PIXELS(4) left H: -0.7277 V: -2.5898  right H: -1.0983 V: -2.3797
02-15 11:18:24.622  2617  2617 I Distortion: EYE_DECENTER iad: 0.065, left H: -2.99923e-05 V: -8.50749e-05  right H: -2.99923e-05 V: -7.81732e-05
02-15 11:18:24.622  2617  2617 I Distortion: SetLensPositions - iad=0.065, left offset=0.000769582,-0.00133337, right offset=-0.000829566,-0.00132647
02-15 11:18:24.622  2617  2617 I Distortion: Initializing Mesh Decenter Correction
02-15 11:18:24.622  2617  2617 I Distortion: EYE_DECENTER ipdMin 58.1364 left H: -8.1595 v: 3.6616  right  H: -4.9562 v: 0.1797
02-15 11:18:24.622  2617  2617 I Distortion: EYE_DECENTER ipdMid 63.0543 left H: 0.7277 v: 2.5898  right  H: 1.0983 v: 2.3797
02-15 11:18:24.622  2617  2617 I Distortion: EYE_DECENTER ipdMax 67.9727 left H: 1.9973 v: 1.518  right  H: -0.1126 v: 2.3797
02-15 11:18:24.622  2617  2617 I Distortion: EYE_DECENTER PIXELS(4) left H: -0.7277 V: -2.5898  right H: -1.0983 V: -2.3797
02-15 11:18:24.623  2617  2617 I Distortion: EYE_DECENTER iad: 0.065, left H: -2.99923e-05 V: -8.50749e-05  right H: -2.99923e-05 V: -7.81732e-05
02-15 11:18:24.623  2617  2617 I Distortion: SetLensPositions - iad=0.065, left offset=0.000769582,-0.00133337, right offset=-0.000829566,-0.00132647
02-15 11:18:24.623  2617  2617 I Distortion: Created custom distortion mesh.
02-15 11:18:24.623  2617  2617 I Distortion: ovrDistortionMeshHeader::magic = 0x56347807
02-15 11:18:24.623  2617  2617 I Distortion: ovrDistortionMeshHeader::deviceModel = 0x200
02-15 11:18:24.623  2617  2617 I Distortion: ovrDistortionMeshHeader::headsetModel = 0x104
02-15 11:18:24.623  2617  2617 I Distortion: ovrDistortionMeshHeader::eyeBlocksWide = 32
02-15 11:18:24.623  2617  2617 I Distortion: ovrDistortionMeshHeader::eyeBlocksHigh = 32
02-15 11:18:24.623  2617  2617 I Distortion: ovrDistortionMeshHeader::lensSeparationMeters = 0.065000
02-15 11:18:24.623  2617  2617 I Distortion: ovrDistortionMeshHeader::horizontalOffsetMeters = -0.000030
02-15 11:18:24.623  2617  2617 I Distortion: ovrDistortionMeshHeader::displayWidthMeters = 0.120362
02-15 11:18:24.623  2617  2617 I Distortion: ovrDistortionMeshHeader::displayHeightMeters = 0.063072
02-15 11:18:24.623  2617  2617 I Distortion: ovrDistortionMeshHeader::displayWidthPixels = 3664
02-15 11:18:24.623  2617  2617 I Distortion: ovrDistortionMeshHeader::displayHeightPixels = 1920
02-15 11:18:24.623  2617  2617 I Distortion: ovrDistortionMeshHeader::eyeTextureWidthPixels = 1440
02-15 11:18:24.623  2617  2617 I Distortion: ovrDistortionMeshHeader::eyeTextureHeightPixels = 1584
02-15 11:18:24.623  2617  2617 I Distortion: ovrDistortionMeshHeader::leftEye = up 48.000000 / down 50.000000 / left 49.000000 / right 45.000000
02-15 11:18:24.623  2617  2617 I Distortion: ovrDistortionMeshHeader::rightEye = up 48.000000 / down 50.000000 / left 45.000000 / right 49.000000
02-15 11:18:24.623  2617  2617 I RemoteTracking: Successfully created ConnectedRemoteFactory!
02-15 11:18:24.623  2617  2617 I TrackingServiceClient: initialize
02-15 11:18:24.625  2617  2617 W TrackingServiceClient2: No package metadata available for com.android.permissioncontroller
02-15 11:18:24.631  2617  2617 I ClientInputInterface: SetChordedSystemButtonGKFlag 1
02-15 11:18:24.633  3278  3478 I [OAR] AudioEngine: Notifying VrThread to shutdown.
02-15 11:18:24.633  3278  3478 D         : PlayerBase::stop() from IPlayer
02-15 11:18:24.633  3278  3478 D AudioTrack: stop(13): called with 1341120 frames delivered
02-15 11:18:24.633  3278  3384 I [OAR] AudioEngine: Stopping player
02-15 11:18:24.633  3278  3384 D         : PlayerBase::stop() from IPlayer
02-15 11:18:24.634  1306  1306 V AvrcpMediaPlayerList: onPlaybackConfigChanged(): Configs list size=4
02-15 11:18:24.635  3278  3384 D [SEO] ShellApplication: abandonAudioFocus
02-15 11:18:24.636  1022  1771 I MediaFocusControl: abandonAudioFocus() from uid/pid 10020/3278 clientId=android.media.AudioManager@8d7937ecom.oculus.vrshell.ShellAudioFocusHandler@42e60df
02-15 11:18:24.638  1306  1306 V AvrcpMediaPlayerList: onPlaybackConfigChanged(): Configs list size=3
02-15 11:18:24.653  2617  2617 I ClientInputSettings: SYSTEMBUTTONSPACE GKS freeze '0'  freezeAPI '0'  eattrigger '0'
02-15 11:18:24.653  2617  2617 I ClientInputSettings: SYSTEMBUTTONSPACE 'com.android.permissioncontroller' Freeze input '0' eat trigger '0'  on home button down
02-15 11:18:24.662  2617  2617 I ClientInputSettings: HANDTRACKING: YES! You are on the Hand Tracking Frequency GK :D
02-15 11:18:24.663  2617  2617 I ClientInputInterface: HANDTRACKING sethandtrackingfrequency 0
02-15 11:18:24.664  1936  2293 I RuntimeIPCServerMgr: RegisterClient: Client: com.android.permissioncontroller:com.android.permissioncontroller:2617, Server: com.oculus.systemdriver:com.oculus.vrruntimeservice (RuntimeServiceServer)
02-15 11:18:24.664  1936  5035 I RuntimeIPCServerMgr: RPCClientHandler::MainLoop: Starting: Client: com.android.permissioncontroller:com.android.permissioncontroller:2617, Server: com.oculus.systemdriver:com.oculus.vrruntimeservice (RuntimeServiceServer)
02-15 11:18:24.664  1936  5035 I JniUtils: Creating temporary JNIEnv. This is a heavy operation and should be infrequent. To optimize, use JNI AttachCurrentThread on calling thread
02-15 11:18:24.665  1962  1995 I RuntimeIPCService: GetServerRequestPipeAsServer: 2617:com.android.permissioncontroller:com.android.permissioncontroller (com.oculus.systemdriver:com.oculus.vrruntimeservice (RuntimeServiceServer))
02-15 11:18:24.665  1936  5035 I JniUtils: Creating temporary JNIEnv. This is a heavy operation and should be infrequent. To optimize, use JNI AttachCurrentThread on calling thread
02-15 11:18:24.665  1962  1995 I RuntimeIPCService: GetServerRequestPipeAsServer: 2617:com.android.permissioncontroller:com.android.permissioncontroller (com.oculus.systemdriver:com.oculus.vrruntimeservice (RuntimeServiceServer))
02-15 11:18:24.665  1936  5035 I JniUtils: Creating temporary JNIEnv. This is a heavy operation and should be infrequent. To optimize, use JNI AttachCurrentThread on calling thread
02-15 11:18:24.665  1962  1995 I RuntimeIPCService: GetServerResponsePipeAsServer: 2617:com.android.permissioncontroller:com.android.permissioncontroller (com.oculus.systemdriver:com.oculus.vrruntimeservice (RuntimeServiceServer))
02-15 11:18:24.665  1936  5035 I JniUtils: Creating temporary JNIEnv. This is a heavy operation and should be infrequent. To optimize, use JNI AttachCurrentThread on calling thread
02-15 11:18:24.665  1962  1995 I RuntimeIPCService: GetServerFdAsServer: 2617:com.android.permissioncontroller:com.android.permissioncontroller (com.oculus.systemdriver:com.oculus.vrruntimeservice (RuntimeServiceServer))
02-15 11:18:24.665  1936  2293 I RuntimeIPCServerMgr: RPCClientHandler::Init SUCCESS: Client: com.android.permissioncontroller:com.android.permissioncontroller:2617, Server: com.oculus.systemdriver:com.oculus.vrruntimeservice (RuntimeServiceServer)
02-15 11:18:24.665  1936  5035 I VrRuntimeService: RuntimeIPC: IPC_SYSTEM_EVENT_CLIENT_CONNECTED: com.android.permissioncontroller:2617, Version: 1.0, Custom: 1.0
02-15 11:18:24.671  2617  2617 I VrRuntimeClient: HANDTRACKING handtrackingsmallfingeropeningpinchenabled 0
02-15 11:18:24.671  2617  2617 I ClientInputSettings: HANDTRACKING: Not on the Hand Tracking Small Finger Opening Pinch GK.
02-15 11:18:24.671  2617  2617 I ClientInputSettings: SetInhibitHandleHomeKey = true for com.android.permissioncontroller
02-15 11:18:24.671  2617  2617 I ClientInputInterface: SetInhibitHandleHomeKey 1
02-15 11:18:24.671  2617  2617 I InputHooks: InitializeInputHooks
02-15 11:18:24.671  2617  2617 I InputHooks: InitializeInputHooks create
02-15 11:18:24.671  2617  2617 D VrRuntimeClient: getClient6dofEntitlementMode for com.android.permissioncontroller
02-15 11:18:24.674  2193  2214 W PublicLibraryProvider: Cannot find entitlement for com.android.permissioncontroller
02-15 11:18:24.676  2617  2617 I TREX    : Initializing TREX for client ed81dad0d7823498...
02-15 11:18:24.676  2617  2617 I TREX    : deviceType_ = 2
02-15 11:18:24.676  2617  2617 I TREX    : Initializing system...
02-15 11:18:24.676  2617  2617 I TREX    : Plugin 'com.oculus.superres:libsuperres_plugin.so': No GK killswitch check!
02-15 11:18:24.676  2617  2617 I TREX    : Loading plugin com.oculus.superres:libsuperres_plugin.so
02-15 11:18:24.676  2617  2617 E TREX    : Package 'com.oculus.superres' was not found!
02-15 11:18:24.676  2617  2617 E TREX    : Package com.oculus.superres has an invalid signature!
02-15 11:18:24.676  2617  2617 E TREX    : Skipping load of package com.oculus.superres due to an invalid signature!
02-15 11:18:24.676  2617  2617 I TREX    : Plugin 'com.oculus.superres:libsuperres_plugin.so' not loaded.
02-15 11:18:24.676  2617  2617 I VrApi   : ----------- vrapi_Initialize [end] ----------
02-15 11:18:24.693  3278  3384 W [OAR] AudioMixer: StopWavFile: Couldn't find attached sound for clientId controllerp0xb285b000
02-15 11:18:24.693  3278  3384 W [OAR] AudioMixer: StopWavFile: Couldn't find attached sound for clientId controllerp0xb26fd000
02-15 11:18:24.694  3278  3384 D [SEO] ShellApplication: setOverlayInputFocus: inputFocus=false shouldSupportIME=false
02-15 11:18:24.695  3278  3384 D [SEO] BaseOverlayService: setOverlayInputFocus : entrypoint - inputFocus=false shouldSupportIME=false
02-15 11:18:24.695  3278  3384 I VrApi   : ---------- vrapi_LeaveVrMode [start] ----------
02-15 11:18:24.696  3278  3278 D [SEO] BaseOverlayService: detachServiceWindowView
02-15 11:18:24.697   698   920 D msm8974_platform: platform_split_snd_device: snd_device(2) num devices(1) new_snd_devices(0)
02-15 11:18:24.697   698   920 D ACDB-LOADER: ACDB -> send_audvoltable
02-15 11:18:24.697   698   920 D ACDB-LOADER: ACDB -> ACDB_CMD_GET_AUDPROC_INSTANCE_GAIN_DEP_STEP_TABLE_SIZE
02-15 11:18:24.697   698   920 D ACDB-LOADER: ACDB -> ACDB_CMD_GET_AUDPROC_INSTANCE_GAIN_DEP_STEP_TABLE, vol index 1
02-15 11:18:24.697   698   920 D ACDB-LOADER: ACDB -> AUDIO_SET_VOL_CAL cal type = 40
02-15 11:18:24.697   698   920 D msm8974_platform: platform_split_snd_device: snd_device(2) num devices(1) new_snd_devices(0)
02-15 11:18:24.697   698   920 D ACDB-LOADER: ACDB -> send_audvoltable
02-15 11:18:24.697   698   920 D ACDB-LOADER: ACDB -> ACDB_CMD_GET_AUDPROC_INSTANCE_GAIN_DEP_STEP_TABLE_SIZE
02-15 11:18:24.697   698   920 D ACDB-LOADER: ACDB -> ACDB_CMD_GET_AUDPROC_INSTANCE_GAIN_DEP_STEP_TABLE, vol index 1
02-15 11:18:24.697   698   920 D ACDB-LOADER: ACDB -> AUDIO_SET_VOL_CAL cal type = 40
02-15 11:18:24.701  3278  3384 D VrApi   : targetSDKVersion 27
02-15 11:18:24.710  3278  3384 I VrRuntimeClient: DEVICE MODEL NUMBER = Quest 2
02-15 11:18:24.711  3278  3384 I VrRuntimeClient: DEVICE HARDWARE = hollywood
02-15 11:18:24.711  3278  3384 I VrRuntimeClient: DEVICE BUILD NAME = user-1396980.8370.0
02-15 11:18:24.711  3278  3384 I VrRuntimeClient: DEVICE BUILD TYPE = user
02-15 11:18:24.711  3278  3384 I VrRuntimeClient: DEVICE OS VERSION = 10
02-15 11:18:24.711  3278  3384 I VrRuntimeClient: VRRUNTIME VERSION = VRAPI_VERSION_BEGIN { 1.1.42.0-270435163-270435163 Jan 28 2021 12:41:12 Development } RELEASE
02-15 11:18:24.711  3278  3384 I VrRuntimeClient: API LOADER VERSION = 1.1.34.0
02-15 11:18:24.711  3278  3384 I VrRuntimeClient: VRDRIVER VERSION = 25.0.0.72.658
02-15 11:18:24.711  3278  3384 I VrRuntimeClient: APP NAME = Oculus App Runtime
02-15 11:18:24.711  3278  3384 I VrRuntimeClient: APP VERSION = 25.0.0.72.658 versionCode 270434738 internalVersionName 25.0.0.72.658.29e017684e5b 2021_01_28_12_31
02-15 11:18:24.711  3278  3384 I VrRuntimeClient: APP VR TYPE = vr_only
02-15 11:18:24.711  3278  3384 I VrRuntimeClient: APP MODE TYPE = VR
02-15 11:18:24.711  3278  3384 I VrRuntimeClient: APP PACKAGE NAME = com.oculus.vrshell
02-15 11:18:24.711  3278  3384 I VrRuntimeClient: APP ACTIVITY CLASS = com.oculus.os.WindowTokenContext
02-15 11:18:24.711  1022  1022 W TelecomManager: Telecom Service not found.
02-15 11:18:24.716  1596  1596 D OculusNotificationListenerService: Notification removed: 0|android|0|com.android.server.wm.AlertWindowNotification - com.oculus.vrshell|1000
02-15 11:18:24.717  2299  2299 I [OAO] VrNotificationListenerService: onNotificationRemoved(): key = 0|android|0|com.android.server.wm.AlertWindowNotification - com.oculus.vrshell|1000, type = third_party
02-15 11:18:24.717  2299  2299 I [OAO] VrNotificationListenerService: onNotificationRemoved(): user|package|tag|id = UserHandle{0}|android|com.android.server.wm.AlertWindowNotification - com.oculus.vrshell|0
02-15 11:18:24.723  3278  3384 D BatteryReceiver: Unregistering battery receiver
02-15 11:18:24.733  3278  3278 D [SEO] BaseOverlayService: setOverlayInputFocus : completed - inputFocus=false shouldSupportIME=false actionTaken:true
02-15 11:18:24.750  2299  2299 D VrNotificationAnalytics: logNotificationRemoved(third_party)
02-15 11:18:24.754  1936  1936 D VrRuntimeService: onFocusedWindowChanged: focusedWindowToken=android.os.BinderProxy@7c074ea, focusedWindowUid=10011, focusedWindowPid=2617
02-15 11:18:24.754  1936  1936 W ClientMgr: ClientMgr::SetFocusedClient: No focused client
02-15 11:18:24.754  1936  1936 I ClientMgr: Releasing clocks.
