--------- beginning of system
02-18 12:06:57.240  1006  1401 I ActivityTaskManager: START u0 {flg=0x10000000 cmp=com.YourCompany.KilncroftLane/com.epicgames.ue4.GameActivity} from uid 2000
--------- beginning of main
02-18 12:06:57.247   708   783 D android.hardware.power@1.3-service-libperfmgr: LAUNCH ON
02-18 12:06:57.252  3270  3316 I Clay    : [I]: EnvironmentStateSystem: Clearing IR due to pausing
02-18 12:06:57.252  3270  3316 I Clay    : [I]: Exiting VR mode
02-18 12:06:57.252  3270  3316 I VrApi   : ---------- vrapi_LeaveVrMode [start] ----------
02-18 12:06:57.252  3333  3333 D [SEO] ShellEnvOverlayService: Message Handler: onPause
02-18 12:06:57.253  3270  3316 D VrApi   : targetSDKVersion 25
02-18 12:06:57.257  3270  3316 I VrRuntimeClient: DEVICE MODEL NUMBER = Quest 2
02-18 12:06:57.257  3270  3316 I VrRuntimeClient: DEVICE HARDWARE = hollywood
02-18 12:06:57.257  3270  3316 I VrRuntimeClient: DEVICE BUILD NAME = user-1396980.8370.0
02-18 12:06:57.257  3270  3316 I VrRuntimeClient: DEVICE BUILD TYPE = user
02-18 12:06:57.257  3270  3316 I VrRuntimeClient: DEVICE OS VERSION = 10
02-18 12:06:57.257  3270  3316 I VrRuntimeClient: VRRUNTIME VERSION = VRAPI_VERSION_BEGIN { 1.1.42.0-270435163-270435163 Jan 28 2021 12:41:13 Development } RELEASE
02-18 12:06:57.257  3270  3316 I VrRuntimeClient: API LOADER VERSION = 1.1.34.0
02-18 12:06:57.257  3270  3316 I VrRuntimeClient: VRDRIVER VERSION = 25.0.0.72.658
02-18 12:06:57.257  3270  3316 I VrRuntimeClient: APP NAME = ShellEnv
02-18 12:06:57.257  3270  3316 I VrRuntimeClient: APP VERSION = 25.0.0.72.658 versionCode 270437171 internalVersionName 25.0.0.72.658.29e017684e5b 2021_01_28_12_53
02-18 12:06:57.257  3270  3316 I VrRuntimeClient: APP VR TYPE = vr_only
02-18 12:06:57.257  3270  3316 I VrRuntimeClient: APP MODE TYPE = <none>
02-18 12:06:57.257  3270  3316 I VrRuntimeClient: APP PACKAGE NAME = com.oculus.shellenv
02-18 12:06:57.257  3270  3316 I VrRuntimeClient: APP ACTIVITY CLASS = com.oculus.shellenv.ShellEnvActivity
02-18 12:06:57.259  3270  3316 D BatteryReceiver: Unregistering battery receiver
02-18 12:06:57.262   733   733 D AF::TrackHandle: OpPlayAudio: track:57 uid:10020 pkg:com.oculus.vrshell usage:1 not muted
02-18 12:06:57.262   733  1001 D AF::TrackHandle: OpPlayAudio: track:56 uid:10014 pkg:com.oculus.shellenv usage:1 muted
02-18 12:06:57.264  3270  3411 I VrApi   : FPS=73/72,Prd=0ms,Tear=0,Early=73,Stale=0,VSnc=1,Lat=1,Fov=0,CPU4/GPU=2/3,2419/490MHz,OC=FF,TA=0/F/0,SP=N/F/N,Mem=2092MHz,Free=4067MB,PLS=0,Temp=35.5C/0.0C,TW=0.99ms,App=0.01ms,GD=0.00ms,CPU&GPU=1.29ms,LCnt=0,GPU%=0.09,CPU%=0.18(W0.25),DSF=1.00
02-18 12:06:57.267  3270  3316 I VrApi   : OVR::Stats thread stopped
02-18 12:06:57.267  3270  3316 I InputDeviceManager: ovrInputDeviceManager::~ovrInputDeviceManager
02-18 12:06:57.272   680   680 D Zygote  : Forked child process 4577
02-18 12:06:57.274  1006  1114 I ActivityManager: Start proc 4577:com.YourCompany.KilncroftLane/u0a106 for activity {com.YourCompany.KilncroftLane/com.epicgames.ue4.GameActivity}
02-18 12:06:57.275   733  1002 D AF::TrackHandle: OpPlayAudio: track:57 uid:10020 pkg:com.oculus.vrshell usage:1 not muted
02-18 12:06:57.275   733  3544 D AF::TrackHandle: OpPlayAudio: track:56 uid:10014 pkg:com.oculus.shellenv usage:1 muted
02-18 12:06:57.277  2178  2178 D UnifiedTelemetryLogger: Already initialized.
02-18 12:06:57.278   695   695 D msm8974_platform: platform_split_snd_device: snd_device(2) num devices(1) new_snd_devices(0)
02-18 12:06:57.278   695   695 D ACDB-LOADER: ACDB -> send_audvoltable
02-18 12:06:57.278   695   695 D ACDB-LOADER: ACDB -> ACDB_CMD_GET_AUDPROC_INSTANCE_GAIN_DEP_STEP_TABLE_SIZE
02-18 12:06:57.278   695   695 D ACDB-LOADER: ACDB -> ACDB_CMD_GET_AUDPROC_INSTANCE_GAIN_DEP_STEP_TABLE, vol index 11
02-18 12:06:57.278   695   695 D ACDB-LOADER: ACDB -> AUDIO_SET_VOL_CAL cal type = 40
02-18 12:06:57.279   695   695 D msm8974_platform: platform_split_snd_device: snd_device(2) num devices(1) new_snd_devices(0)
02-18 12:06:57.279   695   695 D ACDB-LOADER: ACDB -> send_audvoltable
02-18 12:06:57.279   695   695 D ACDB-LOADER: ACDB -> ACDB_CMD_GET_AUDPROC_INSTANCE_GAIN_DEP_STEP_TABLE_SIZE
02-18 12:06:57.279   695   695 D ACDB-LOADER: ACDB -> ACDB_CMD_GET_AUDPROC_INSTANCE_GAIN_DEP_STEP_TABLE, vol index 11
02-18 12:06:57.279   695   695 D ACDB-LOADER: ACDB -> AUDIO_SET_VOL_CAL cal type = 40
02-18 12:06:57.280  3270  3408 I ClientInputThread_Internal: InputThreadRun ShutdownRequest received
02-18 12:06:57.280  3270  3316 I InputHooks_Internal: Disabling Native Input Hooks
02-18 12:06:57.281  1923  1962 D VrRuntimeService: enableRendering: 3270:com.oculus.shellenv: null enable: false
02-18 12:06:57.281  1923  1962 I ClientMgr: ClientMgr::EnableRendering 3270:com.oculus.shellenv : type 0 comp-id 5: disable
02-18 12:06:57.281  1923  1962 I VrRuntimeServer: DisableCompositorClient: 5
02-18 12:06:57.281  1923  1962 I TimeWarp: Disable client 5
02-18 12:06:57.281  1923  1962 I TimeWarp: DisableClient: frame flush required: 1
02-18 12:06:57.282  4577  4577 I chatty  : uid=10106(com.YourCompany.KilncroftLane) MainThread-UE4 expire 67 lines
02-18 12:06:57.300  1923  1962 I UnifiedTelemetryWrapper: Stopped UT session render:com.oculus.shellenv
02-18 12:06:57.300  1923  2279 I ClientMgr: Non-overlay clients rendering status has changed: prev=3, curr=4, enabled=0
02-18 12:06:57.300  3270  3413 I FenceChecker: FenceChecker::MainLoop - ended
02-18 12:06:57.300  3270  3316 I TrackingServiceClient: OVR::TrackingService::ClientSetInterface
02-18 12:06:57.301  3270  3316 D TrackingServiceConnectionNative: onClientDisconnect
--------- beginning of tracking
02-18 12:06:57.301   800   800 I TrackingService: Unregistering client by ITrackingService.unregisterClient
02-18 12:06:57.301   800   800 I TrackingService: TrackingServiceHost Unregistering client: com.oculus.shellenv#3270
02-18 12:06:57.301  3270  3316 D BinderConnection: Disconnecting from TrackingService service
02-18 12:06:57.301  3270  3316 D TrackingServiceConnectionNative: onDisconnected
02-18 12:06:57.301  3270  3316 I TrackingServiceClient: OVR::TrackingService::ClientSetInterface
02-18 12:06:57.301  3270  3316 I VrApi   : ---------- vrapi_LeaveVrMode [end] ----------
02-18 12:06:57.302  3270  3316 I Clay    : [I]: BaseApp: Entering hibernation in 30 frames
02-18 12:06:57.302  3333  3438 I [OAR] ShellApp: 0xbfb2db88 msg: pause
02-18 12:06:57.302  3333  3438 I [OAR] ShellApp: ShellApp::LeaveVrMode()
02-18 12:06:57.302  3333  3438 W VrApi   : ovr_SubmitFrameInternal: FrameIndex discontinuity: Expected 2321, Received 2320
02-18 12:06:57.321  3333  3438 I [OAR] GuardianController: passthroughMode != desiredPassthroughMode: 0, 2
02-18 12:06:57.321  2326  3528 I VrGuardianService: GuardianSDKServer::SetGuardianRenderMode
02-18 12:06:57.321  3333  3438 I [OAR] SystemAssistant: OnModeChanged from FullShell to ImmersiveAppFocused
02-18 12:06:57.322  3333  3438 I [OAR] AudioMixer: Disabling AudioPlayer.
02-18 12:06:57.328  1006  1434 W InputReader: Device has associated, but no associated display id.
02-18 12:06:57.331   733  1002 D AF::TrackHandle: OpPlayAudio: track:57 uid:10020 pkg:com.oculus.vrshell usage:1 not muted
02-18 12:06:57.332   733  3544 D AF::TrackHandle: OpPlayAudio: track:56 uid:10014 pkg:com.oculus.shellenv usage:1 muted
02-18 12:06:57.338  3333  3552 I [OAR] AudioMixer: Notifying VrThread to shutdown.
02-18 12:06:57.338  3333  3438 I [OAR] AudioMixer: Successful shutdown.
02-18 12:06:57.338  3333  3438 I [OAR] AudioEngine: virtual void AudioLibrary::AudioEngine::DisablePlayer()
02-18 12:06:57.338  3333  3438 I [OAR] AudioEngine: Setting ShuttingDown.
02-18 12:06:57.358  3333  3552 I [OAR] AudioMixer: Notifying VrThread to shutdown.
02-18 12:06:57.358  3333  3552 I [OAR] AudioEngine: Fading final buffer
02-18 12:06:57.367  4577  4600 I chatty  : uid=10106(com.YourCompany.KilncroftLane) ConnectivityThr expire 4 lines
02-18 12:06:57.371  4577  4601 I chatty  : uid=10106(com.YourCompany.KilncroftLane) MainThread-UE4 expire 6 lines
02-18 12:06:57.378  3333  3552 I [OAR] AudioEngine: Notifying VrThread to shutdown.
02-18 12:06:57.378  3333  3552 D         : PlayerBase::stop() from IPlayer
02-18 12:06:57.378  3333  3552 D AudioTrack: stop(13): called with 1551360 frames delivered
02-18 12:06:57.378  3333  3438 I [OAR] AudioEngine: Stopping player
02-18 12:06:57.378  3333  3438 D         : PlayerBase::stop() from IPlayer
02-18 12:06:57.379  3333  3438 D [SEO] ShellApplication: abandonAudioFocus
02-18 12:06:57.379  1268  1268 V AvrcpMediaPlayerList: onPlaybackConfigChanged(): Configs list size=3
02-18 12:06:57.380  1006  1022 I MediaFocusControl: abandonAudioFocus() from uid/pid 10020/3333 clientId=android.media.AudioManager@95f624fcom.oculus.vrshell.ShellAudioFocusHandler@5ab1ddc
02-18 12:06:57.380  1268  1268 V AvrcpMediaPlayerList: onPlaybackConfigChanged(): Configs list size=2
02-18 12:06:57.386  3333  3438 D [SEO] ShellApplication: setOverlayInputFocus: inputFocus=false shouldSupportIME=false
02-18 12:06:57.386  3333  3438 D [SEO] BaseOverlayService: setOverlayInputFocus : entrypoint - inputFocus=false shouldSupportIME=false
02-18 12:06:57.386  3333  3438 I VrApi   : ---------- vrapi_LeaveVrMode [start] ----------
02-18 12:06:57.387  3333  3333 D [SEO] BaseOverlayService: detachServiceWindowView
02-18 12:06:57.389  3333  3438 D VrApi   : targetSDKVersion 27
02-18 12:06:57.390  1500  4583 W ContextImpl: Calling a method in the system process without a qualified user: android.app.ContextImpl.sendBroadcast:1057 android.content.ContextWrapper.sendBroadcast:448 X.Je.A00:155 X.Je.handleMessage:80 android.os.Handler.dispatchMessage:107 
02-18 12:06:57.392  1006  1006 W TelecomManager: Telecom Service not found.
02-18 12:06:57.393  3333  3438 I VrRuntimeClient: DEVICE MODEL NUMBER = Quest 2
02-18 12:06:57.393  3333  3438 I VrRuntimeClient: DEVICE HARDWARE = hollywood
02-18 12:06:57.393  3333  3438 I VrRuntimeClient: DEVICE BUILD NAME = user-1396980.8370.0
02-18 12:06:57.393  3333  3438 I VrRuntimeClient: DEVICE BUILD TYPE = user
02-18 12:06:57.393  3333  3438 I VrRuntimeClient: DEVICE OS VERSION = 10
02-18 12:06:57.393  3333  3438 I VrRuntimeClient: VRRUNTIME VERSION = VRAPI_VERSION_BEGIN { 1.1.42.0-270435163-270435163 Jan 28 2021 12:41:12 Development } RELEASE
02-18 12:06:57.393  3333  3438 I VrRuntimeClient: API LOADER VERSION = 1.1.34.0
02-18 12:06:57.393  3333  3438 I VrRuntimeClient: VRDRIVER VERSION = 25.0.0.72.658
02-18 12:06:57.393  3333  3438 I VrRuntimeClient: APP NAME = Oculus App Runtime
02-18 12:06:57.393  3333  3438 I VrRuntimeClient: APP VERSION = 25.0.0.72.658 versionCode 270434738 internalVersionName 25.0.0.72.658.29e017684e5b 2021_01_28_12_31
02-18 12:06:57.393  3333  3438 I VrRuntimeClient: APP VR TYPE = vr_only
02-18 12:06:57.393  3333  3438 I VrRuntimeClient: APP MODE TYPE = VR
02-18 12:06:57.393  3333  3438 I VrRuntimeClient: APP PACKAGE NAME = com.oculus.vrshell
02-18 12:06:57.393  3333  3438 I VrRuntimeClient: APP ACTIVITY CLASS = com.oculus.os.WindowTokenContext
02-18 12:06:57.400  3333  3438 D BatteryReceiver: Unregistering battery receiver
02-18 12:06:57.402  1534  1534 D OculusNotificationListenerService: Notification removed: 0|android|0|com.android.server.wm.AlertWindowNotification - com.oculus.vrshell|1000
02-18 12:06:57.403  2282  2282 I [OAO] VrNotificationListenerService: onNotificationRemoved(): key = 0|android|0|com.android.server.wm.AlertWindowNotification - com.oculus.vrshell|1000, type = third_party
02-18 12:06:57.404  2282  2282 I [OAO] VrNotificationListenerService: onNotificationRemoved(): user|package|tag|id = UserHandle{0}|android|com.android.server.wm.AlertWindowNotification - com.oculus.vrshell|0
02-18 12:06:57.404  3333  3333 D [SEO] BaseOverlayService: setOverlayInputFocus : completed - inputFocus=false shouldSupportIME=false actionTaken:true
02-18 12:06:57.408  3110  3110 D [SUI] NotificationBroadcastReceiver: action: com.oculus.intent.action.NOTIF_CHANGE
02-18 12:06:57.410  3333  3438 I VrApi   : OVR::Stats thread stopped
02-18 12:06:57.410  3333  3438 I InputDeviceManager: ovrInputDeviceManager::~ovrInputDeviceManager
02-18 12:06:57.414  2282  2282 D VrNotificationAnalytics: logNotificationRemoved(third_party)
02-18 12:06:57.415  2282  2282 D DeviceHelper: isScreenOn = true
02-18 12:06:57.415  2282  2282 D [OAO] ShellOverlayBroadcastReceiver: onReceive with ShellOverlayService native pointer 3936463352, action com.oculus.vrshell.intent.action.DISMISS_NOTIFICATION
02-18 12:06:57.416  2282  2282 D [OAO] RssdkHelper: getCurrentPackageInfo
02-18 12:06:57.416  2282  2282 I [OAO] RssdkHelperJNI: Java_com_oculus_common_navigation_RssdkHelper_nativeGetCurrentPackageInfo
02-18 12:06:57.416  2282  2282 I [OAO] RssdkHelperJNI: NativeGetCurrentPackageInfo - str combined: 'com.oculus.shellenv false'
02-18 12:06:57.416  2282  2282 D [OAO] PrimaryPackage: Shell or ShellEnv foreground
02-18 12:06:57.417  3333  3545 I ClientInputThread_Internal: InputThreadRun ShutdownRequest received
02-18 12:06:57.417  3200  3200 D [OAR] RssdkHelper: getCurrentPackageInfo
02-18 12:06:57.417  3200  3200 I [OAR] RssdkHelperJNI: Java_com_oculus_common_navigation_RssdkHelper_nativeGetCurrentPackageInfo
02-18 12:06:57.417  3333  3438 D InputHooksJava: Disabling Java Input Hooks
02-18 12:06:57.417  3200  3200 I [OAR] RssdkHelperJNI: NativeGetCurrentPackageInfo - str combined: 'com.oculus.shellenv false'
02-18 12:06:57.417  3200  3200 D [OAR] ShellControlProtectedReceiver: onReceive with MainActivity native pointer 0, action com.oculus.vrshell.intent.action.DISMISS_NOTIFICATION
02-18 12:06:57.417  1923  1962 D VrRuntimeService: enableRendering: 3333:com.oculus.vrshell: null enable: false
02-18 12:06:57.417  1923  1962 I ClientMgr: ClientMgr::EnableRendering 3333:com.oculus.vrshell : type 1 comp-id 6: disable
02-18 12:06:57.417  1923  1962 I VrRuntimeServer: DisableCompositorClient: 6
02-18 12:06:57.417  1923  1962 I TimeWarp: Disable client 6
02-18 12:06:57.417  1923  1962 I TimeWarp: DisableClient: frame flush required: 1
02-18 12:06:57.417  3200  3200 D DeviceHelper: isScreenOn = true
02-18 12:06:57.417  3200  3200 D [OAR] PrimaryPackage: ShellEnv is in the foreground
02-18 12:06:57.420  3333  3333 D [SEO] ShellEnvOverlayService: onStartCommand() with action com.oculus.vrshell.SHELL_ENV_BROADCAST_INTENT
02-18 12:06:57.420  3333  3333 D [SEO] RssdkHelper: Init
02-18 12:06:57.420  3333  3333 I [OAR] RssdkHelperJNI: NativeRssdkInit
02-18 12:06:57.420  3333  3333 I [OAR] RssdkHelperJNI: NativeRssdkInit attempt: 1
02-18 12:06:57.420  3333  3333 I ipcLoader: RuntimeIPC: Loader: IPC Service API Loader Version: 19 Dec  8 2020 02:47:16
02-18 12:06:57.420  3333  3333 I ipcLoader: RuntimeIPC: Loader: Re-using vtable
02-18 12:06:57.420  3333  3333 I RuntimeIPCApi: ipc_Initialize
02-18 12:06:57.420  3333  3333 I RuntimeIPCServiceClient: Init: Already initialized.
02-18 12:06:57.420  3333  3333 W RuntimeIPCServiceClient: compareContext FAILED: com.oculus.os.WindowTokenContext, com.oculus.vrshell.ShellApplication
02-18 12:06:57.420  3333  3333 W RuntimeIPCServiceMethods: Init: Context object doesn't match.
02-18 12:06:57.420  3333  3333 D RuntimeIPCServiceClient: ensureServiceStarted: com.oculus.systemdriver, com.oculus.vrruntimeservice.VrRuntimeService
02-18 12:06:57.422  3333  3333 D RuntimeIPCServiceClient: ensureServiceStarted SUCCESS: com.oculus.systemdriver, com.oculus.vrruntimeservice.VrRuntimeService
02-18 12:06:57.422  1923  1923 D VrRuntimeService: onStartCommand
02-18 12:06:57.423  3333  3333 I RuntimeIPCClientMgr: SyncClientWithService: Client: com.oculus.vrshell:com.oculus.vrshell:EnvOverlay, Server: com.oculus.systemdriver:com.oculus.vrruntimeservice (RuntimeServiceServer)
02-18 12:06:57.423  1951  3522 I RuntimeIPCService: ConnectToServer: 3333:com.oculus.vrshell:com.oculus.vrshell:EnvOverlay (com.oculus.systemdriver:com.oculus.vrruntimeservice (RuntimeServiceServer))
02-18 12:06:57.423  3333  3333 I RuntimeIPCClientMgr: InitRPCToServer SUCCESS in 0.153334 ms
02-18 12:06:57.423  1951  3522 I RuntimeIPCService: GetServerRequestPipeAsClient: 3333:com.oculus.vrshell:com.oculus.vrshell:EnvOverlay (com.oculus.systemdriver:com.oculus.vrruntimeservice (RuntimeServiceServer))
02-18 12:06:57.423  1951  3522 I RuntimeIPCService: GetServerResponsePipeAsClient: 3333:com.oculus.vrshell:com.oculus.vrshell:EnvOverlay (com.oculus.systemdriver:com.oculus.vrruntimeservice (RuntimeServiceServer))
02-18 12:06:57.424  3333  3333 I RuntimeIPCClientMgr: InitRPCPipeToServer SUCCESS in 0.316458 ms
02-18 12:06:57.424  1951  3522 I RuntimeIPCService: GetServerStateFdAsClient: Client: com.oculus.vrshell:com.oculus.vrshell:EnvOverlay, Server: com.oculus.systemdriver:com.oculus.vrruntimeservice (RuntimeServiceServer)
02-18 12:06:57.424  3333  3333 I RuntimeIPCClientMgr: InitServerStateForClient SUCCESS in 0.132969 ms
02-18 12:06:57.424  3333  3333 I RuntimeIPCClientMgr: InitServerStateForClient: SUCCESS. Client: com.oculus.vrshell:com.oculus.vrshell:EnvOverlay, Server: com.oculus.systemdriver:com.oculus.vrruntimeservice (RuntimeServiceServer)
02-18 12:06:57.424  3333  3333 I RuntimeIPCClientMgr: SyncClientWithService: SUCCESS. Client: com.oculus.vrshell:com.oculus.vrshell:EnvOverlay, Server: com.oculus.systemdriver:com.oculus.vrruntimeservice (RuntimeServiceServer)
02-18 12:06:57.424  3333  3333 I RuntimeIPCClientMgr: ConnectToServer: SUCCESS: Client: com.oculus.vrshell:com.oculus.vrshell:EnvOverlay, Server: com.oculus.systemdriver:com.oculus.vrruntimeservice (RuntimeServiceServer)
02-18 12:06:57.424  3333  3333 I [OAR] RssdkHelperJNI: NativeRssdkInit InitClient attempt SUCCESS
02-18 12:06:57.424  3333  3333 I [OAR] RssdkHelperJNI: NativeRssdkInit InitClient SUCCESS
02-18 12:06:57.424  2282  2282 I [OAO] ShellOverlayService: onStartCommand(): Intent { act=com.oculus.vrshell.intent.action.DISMISS_NOTIFICATION flg=0x10 pkg=com.oculus.vrshell cmp=com.oculus.vrshell/.ShellOverlayService (has extras) }
02-18 12:06:57.425  2282  2282 I [OAO] ShellOverlayServiceJNI: NativeWake
02-18 12:06:57.425  2282  2282 I [OAO] ShellOverlayMain: WakeVrThread
02-18 12:06:57.425  2282  2282 I [OAO] ShellOverlayMain: WakeVrThread - notifying vr thread
02-18 12:06:57.425  2282  2425 I [OAO] ShellOverlayApp: VrThread woke up
02-18 12:06:57.425  2282  2425 I [OAO] ShellOverlayApp: 0xbf871bf0 msg: broadcastIntent:
02-18 12:06:57.425  2282  2425 I [OAO] ShellOverlayApp: intent_action = com.oculus.vrshell.intent.action.DISMISS_NOTIFICATION
02-18 12:06:57.425  2282  2425 I [OAO] ShellOverlayApp: status_bar_notification = 0|android|0|com.android.server.wm.AlertWindowNotification - com.oculus.vrshell|1000
02-18 12:06:57.425  2282  2425 I [OAO] ShellOverlayApp: shellenv.original_action = com.oculus.vrshell.intent.action.DISMISS_NOTIFICATION
02-18 12:06:57.425  2282  2425 I [OAO] ShellOverlayApp: ProcessMessage_Broadcast: com.oculus.vrshell.intent.action.DISMISS_NOTIFICATION
02-18 12:06:57.425  2282  2425 I [OAO] ShellOverlayApp: Start sleep timeout. Now:48.956360, Timeout:50.956360
02-18 12:06:57.426  1923  1962 I UnifiedTelemetryWrapper: Stopped UT session render:com.oculus.vrshell:EnvOverlay
02-18 12:06:57.427  3333  3560 I FenceChecker: FenceChecker::MainLoop - ended
02-18 12:06:57.427  3333  3438 I TrackingServiceClient: OVR::TrackingService::ClientSetInterface
02-18 12:06:57.427  3333  3438 D TrackingServiceConnectionNative: onClientDisconnect
02-18 12:06:57.427   800   800 I TrackingService: Unregistering client by ITrackingService.unregisterClient
02-18 12:06:57.427   800   800 I TrackingService: TrackingServiceHost Unregistering client: com.oculus.vrshell#3333
02-18 12:06:57.427  3333  3438 D BinderConnection: Disconnecting from TrackingService service
02-18 12:06:57.427  3333  3438 D TrackingServiceConnectionNative: onDisconnected
02-18 12:06:57.427  3333  3438 I TrackingServiceClient: OVR::TrackingService::ClientSetInterface
02-18 12:06:57.427  3333  3438 I VrApi   : ---------- vrapi_LeaveVrMode [end] ----------
02-18 12:06:57.427  3333  3438 I [OAR] ShellFrameAnalytics: ShellFrame frameFunction: 17484us/124821us, trace: 0us/0us, process commands: 0us/0us, system update: 0us/0us, render 0us/0us, post render 0us/0us
02-18 12:06:57.427  3333  3438 I [OAR] ShellFrameAnalytics: Shell Heartbeat focusedPanelTimeSpent: {"0":32320} visibleTimeSpent: {} inputTimeSpent: {"gaze":32320} mouseClickCount: 0 mouseMoveTimeSpent: 0 mouseScrollTimeSpent: 0 physicalKeyboardConnectedTimeSpent: 0 physicalKeyboardTrackedTimeSpent: 0
02-18 12:06:57.427  3333  3438 I [OAR] DialogController: CloseDialogs() old: 0, pendingUri: systemux://dialog/none, pendingComponent: 
02-18 12:06:57.427  3333  3438 I [OAR] DialogController: ResetDialog old: 0, activeUri systemux://dialog/none, activeReturnComponent 
02-18 12:06:57.427  3333  3438 I [OAR] SystemTabletController: Reset, reason: 4, taskBarVisibility: 1
02-18 12:06:57.427  3333  3438 I [OAR] SystemDialogController: Reset
02-18 12:06:57.427  3333  3438 I [OAR] DialogControllerManager: Reset
02-18 12:06:57.440   695   911 D msm8974_platform: platform_split_snd_device: snd_device(2) num devices(1) new_snd_devices(0)
02-18 12:06:57.440   695   911 D ACDB-LOADER: ACDB -> send_audvoltable
02-18 12:06:57.440   695   911 D ACDB-LOADER: ACDB -> ACDB_CMD_GET_AUDPROC_INSTANCE_GAIN_DEP_STEP_TABLE_SIZE
02-18 12:06:57.440   695   911 D ACDB-LOADER: ACDB -> ACDB_CMD_GET_AUDPROC_INSTANCE_GAIN_DEP_STEP_TABLE, vol index 1
02-18 12:06:57.440   695   911 D ACDB-LOADER: ACDB -> AUDIO_SET_VOL_CAL cal type = 40
02-18 12:06:57.441   695   911 D msm8974_platform: platform_split_snd_device: snd_device(2) num devices(1) new_snd_devices(0)
02-18 12:06:57.441   695   911 D ACDB-LOADER: ACDB -> send_audvoltable
02-18 12:06:57.441   695   911 D ACDB-LOADER: ACDB -> ACDB_CMD_GET_AUDPROC_INSTANCE_GAIN_DEP_STEP_TABLE_SIZE
02-18 12:06:57.441   695   911 D ACDB-LOADER: ACDB -> ACDB_CMD_GET_AUDPROC_INSTANCE_GAIN_DEP_STEP_TABLE, vol index 1
02-18 12:06:57.441   695   911 D ACDB-LOADER: ACDB -> AUDIO_SET_VOL_CAL cal type = 40
02-18 12:06:57.792   677  4619 E ResolverController: No valid NAT64 prefix (100, <unspecified>/0)
02-18 12:06:57.794   677  4621 E ResolverController: No valid NAT64 prefix (100, <unspecified>/0)
02-18 12:06:57.797   677  4623 E ResolverController: No valid NAT64 prefix (100, <unspecified>/0)
02-18 12:06:57.799   677  4625 E ResolverController: No valid NAT64 prefix (100, <unspecified>/0)
02-18 12:06:57.799   677  4626 E ResolverController: No valid NAT64 prefix (100, <unspecified>/0)
02-18 12:06:57.802   677  4627 E ResolverController: No valid NAT64 prefix (100, <unspecified>/0)
02-18 12:06:57.805   677  4629 E ResolverController: No valid NAT64 prefix (100, <unspecified>/0)
02-18 12:06:57.807   677  4631 E ResolverController: No valid NAT64 prefix (100, <unspecified>/0)
02-18 12:06:57.810   677  4633 E ResolverController: No valid NAT64 prefix (100, <unspecified>/0)
02-18 12:06:57.812   677  4635 E ResolverController: No valid NAT64 prefix (100, <unspecified>/0)
02-18 12:06:57.814   677  4637 E ResolverController: No valid NAT64 prefix (100, <unspecified>/0)
02-18 12:06:57.816   677  4639 E ResolverController: No valid NAT64 prefix (100, <unspecified>/0)
02-18 12:06:57.818   677  4641 E ResolverController: No valid NAT64 prefix (100, <unspecified>/0)
02-18 12:06:57.820   677  4643 E ResolverController: No valid NAT64 prefix (100, <unspecified>/0)
02-18 12:06:57.820   677  4644 E ResolverController: No valid NAT64 prefix (100, <unspecified>/0)
02-18 12:06:58.102   834   834 E adbd    : failed to connect to socket 'tcp:6666': Connection refused
02-18 12:06:58.125  4577  4648 I chatty  : uid=10106(com.YourCompany.KilncroftLane) Thread-2 expire 161 lines
02-18 12:06:58.125  4577  4649 I chatty  : uid=10106(com.YourCompany.KilncroftLane) Thread-3 expire 12 lines
02-18 12:06:58.207  1923  1923 D VrRuntimeService: onFocusedWindowChanged: focusedWindowToken=android.os.BinderProxy@439adba, focusedWindowUid=10106, focusedWindowPid=4577
02-18 12:06:58.207  1923  1923 W ClientMgr: ClientMgr::SetFocusedClient: No focused client
02-18 12:06:58.207  1923  1923 I ClientMgr: Releasing clocks.
02-18 12:06:58.207  4577  4602 I chatty  : uid=10106(com.YourCompany.KilncroftLane) RenderThread expire 4 lines
02-18 12:06:58.208  1923  2279 I PerformanceManager: SetClockLevels: Force releasing clocks
02-18 12:06:58.208  1923  2279 I PerformanceManager: SetClockLevels: Apply pending clock request change: 2,3 -> -1,-1
02-18 12:06:58.208  1923  2027 I Clocks  : ReleaseClocks - start
02-18 12:06:58.208  1923  2027 I Clocks  : ReleaseClocks - end (0.4 ms)
02-18 12:06:58.208   708   780 W libperfmgr: Failed to write to node: /sys/class/devfreq/soc:qcom,cpu-cpu-llcc-bw/max_freq with value: 2288, fd: 11
02-18 12:06:58.208   708   780 W libperfmgr: Failed to write to node: /sys/class/devfreq/soc:qcom,cpu-llcc-ddr-bw/max_freq with value: 762, fd: 9
02-18 12:06:58.208   708   783 D android.hardware.power@1.3-service-libperfmgr: Unset hint for clock domain: 0
02-18 12:06:58.208   708   780 W libperfmgr: Failed to write to node: /sys/class/devfreq/soc:qcom,cpu-cpu-llcc-bw/max_freq with value: 2288, fd: 9
02-18 12:06:58.208   708   780 W libperfmgr: Failed to write to node: /sys/class/devfreq/soc:qcom,cpu-llcc-ddr-bw/max_freq with value: 762, fd: 10
02-18 12:06:58.208   708   783 D android.hardware.power@1.3-service-libperfmgr: Unset hint for clock domain: 1
02-18 12:06:58.212   736   894 W ServiceManager: Permission failure: android.permission.ACCESS_SURFACE_FLINGER from uid=10106 pid=4577
02-18 12:06:58.213   736   894 D PermissionCache: checking android.permission.ACCESS_SURFACE_FLINGER for uid=10106 => denied (3789 us)
02-18 12:06:58.214  2178  2206 W LibraryProvider: Cannot find entitlement for com.oculus.shellenv
02-18 12:06:58.214  2097  2097 W OVRLibrary: null cursor received for query content://com.oculus.ocms.library/apps/com.oculus.shellenv
02-18 12:06:58.214  2097  2097 E PlatformPluginManager: onAppStart called before init
02-18 12:06:58.214  2097  2097 E OVRMediaServiceManager: LivestreamingManager Not initialized
02-18 12:06:58.220  4577  4650 I chatty  : uid=10106(com.YourCompany.KilncroftLane) MemoryUsageThre expire 1 line
02-18 12:06:58.221  1006  1112 I ActivityTaskManager: Displayed com.YourCompany.KilncroftLane/com.epicgames.ue4.GameActivity: +977ms
02-18 12:06:58.221  1923  2279 I PerformanceManager: SetClockLevels: Apply pending clock request change: -1,-1 -> 2,3
02-18 12:06:58.222  1923  2027 I Clocks  : LockClocks( cpu=2, gpu=3 ) - start
02-18 12:06:58.222  1923  2027 I Clocks  : CPU levels [0, 4]
02-18 12:06:58.222  1923  2027 I Clocks  : GPU levels [0, 5]
02-18 12:06:58.223   708   783 D android.hardware.power@1.3-service-libperfmgr: set performance level 2, domain 0
02-18 12:06:58.223  1923  2027 I Clocks  : LockClocks( cpu=2, gpu=3 ) - end (1.3 ms)
02-18 12:06:58.223   708   783 D android.hardware.power@1.3-service-libperfmgr: set performance level 3, domain 1
02-18 12:06:58.230   708   783 I android.hardware.power@1.3-service-libperfmgr: Ignoring hint 2
02-18 12:06:58.232   708   783 D android.hardware.power@1.3-service-libperfmgr: LAUNCH OFF
02-18 12:06:58.607  3270  3316 I Clay    : [I]: BaseApp: Entering hibernation now
02-18 12:06:58.608  3270  3316 I Clay    : [I]: Saving Vulkan Pipeline Cache data to /data/user/0/com.oculus.shellenv/cache/shellenv/assets/cache/vulkan_pipeline.cache
02-18 12:06:58.608  3270  3316 I Clay    : [I]: SoundSystem: setPaused(true), m_paused=false
02-18 12:06:58.630   733  3544 I hash_map_utils: key: 'snd_device_in' value: ''
02-18 12:06:58.631   733  3544 I hash_map_utils: key: 'snd_device_out' value: ''
02-18 12:06:58.818  2178  2206 W LibraryProvider: Cannot find entitlement for com.YourCompany.KilncroftLane
02-18 12:06:58.818  1500  1547 W OVRLibrary: null cursor received for query content://com.oculus.ocms.library/apps/com.YourCompany.KilncroftLane
02-18 12:06:58.836  2178  2195 W PublicLibraryProvider: Cannot find entitlement for com.YourCompany.KilncroftLane
02-18 12:06:58.838   677  4693 E ResolverController: No valid NAT64 prefix (100, <unspecified>/0)
02-18 12:06:58.839   713   713 E WifiHAL : handleResponse: OTHER_RX_MULTICAST_CNT not found
02-18 12:06:58.840   677  4695 E ResolverController: No valid NAT64 prefix (100, <unspecified>/0)
02-18 12:06:58.843   677  4698 E ResolverController: No valid NAT64 prefix (100, <unspecified>/0)
02-18 12:06:58.845   713   713 E WifiHAL : wifi_get_ring_data: Error -5 happened. 
02-18 12:06:58.846   677  4700 E ResolverController: No valid NAT64 prefix (100, <unspecified>/0)
02-18 12:06:58.846  1006  2152 E WifiVendorHal: getRingBufferData(l.1675) failed {.code = ERROR_INVALID_ARGS, .description = }
02-18 12:06:58.846   677  4701 E ResolverController: No valid NAT64 prefix (100, <unspecified>/0)
02-18 12:06:58.848  4577  4648 I DeviceProperties: ovrDeviceProperties: OVR_DEVICE_CAPABILITY_MEMORY_EXPORT_BIT
02-18 12:06:58.848  4577  4648 I DeviceProperties: ovrDeviceProperties: OVR_DEVICE_CAPABILITY_FIXED_FOVEATED_RENDERING_BIT
02-18 12:06:58.848  4577  4648 I DeviceProperties: ovrDeviceProperties: OVR_DEVICE_CAPABILITY_SUBSAMPLED_LAYOUT_BIT
02-18 12:06:58.848  4577  4648 I VrRuntimeClient: RuntimeService Enabled
02-18 12:06:58.848  4577  4648 I RuntimeHelpers: ShouldEnableOOPComposition: oopc_enabled_prop = -1
02-18 12:06:58.848  4577  4648 I RuntimeHelpers: IsOopCompositionEnabled: enabled
02-18 12:06:58.849   677  4702 E ResolverController: No valid NAT64 prefix (100, <unspecified>/0)
02-18 12:06:58.849  4577  4648 I VrRuntimeClient: DevicesSupported : 1 devices, quest
02-18 12:06:58.849  4577  4648 I VrRuntimeClient: IsFocusAware: 1
02-18 12:06:58.851   677  4705 E ResolverController: No valid NAT64 prefix (100, <unspecified>/0)
02-18 12:06:58.854   677  4707 E ResolverController: No valid NAT64 prefix (100, <unspecified>/0)
02-18 12:06:58.854  4577  4648 I VrRuntimeClient: spaceWarpGateKeeper 0
02-18 12:06:58.854  4577  4648 I AudioCapture: AudioCapture::Init
02-18 12:06:58.854  4577  4648 I AudioCapture: AudioCapture::Init -> Initializing audio capture using direct OS Callbacks
02-18 12:06:58.854  4577  4648 I AudioCapture: AudioCapture::Init COMPLETE
02-18 12:06:58.857   677  4709 E ResolverController: No valid NAT64 prefix (100, <unspecified>/0)
02-18 12:06:58.859   677  4711 E ResolverController: No valid NAT64 prefix (100, <unspecified>/0)
02-18 12:06:58.859  4577  4648 W Foveation: Forcing on dynamic foveation
02-18 12:06:58.860  4577  4648 W y.KilncroftLan: Accessing hidden method Landroid/content/Context;->bindServiceAsUser(Landroid/content/Intent;Landroid/content/ServiceConnection;ILandroid/os/Handler;Landroid/os/UserHandle;)Z (greylist, reflection, allowed)
02-18 12:06:58.860  4577  4648 D VrRuntimeClient: VrRuntimeClient: initialize. inContext: com.epicgames.ue4.GameActivity@3a04ab
02-18 12:06:58.861  1923  1923 D VrRuntimeService: onStartCommand
02-18 12:06:58.861  4577  4648 I ipcLoader: RuntimeIPC: Loader: IPC Service API Loader Version: 19 Jan 26 2021 10:14:37
02-18 12:06:58.861  4577  4648 I ipcLoader: RuntimeIPC: Loader: Calling LibLoader::Initialize
02-18 12:06:58.861  4577  4648 I libloader: LibLoader::Initialize. Version: 1 Jan 26 2021 10:14:37, packageName: com.oculus.systemdriver
02-18 12:06:58.862   677  4713 E ResolverController: No valid NAT64 prefix (100, <unspecified>/0)
02-18 12:06:58.863  4577  4648 I libloader: LibLoader: selecting 32-bit ABI.
02-18 12:06:58.863  4577  4648 V LibLoaderImpl: Loading 32-bit LibLoaderImpl.
02-18 12:06:58.863  4577  4648 V LibLoaderImpl: internalGetAPIFunction: loadLibrary 'loaderimpl'
02-18 12:06:58.863  4577  4648 V LibLoaderImpl: Using System.loadLibrary
02-18 12:06:58.864  4577  4648 I libloaderimpl: nativeSetClassLoader:0x2926
02-18 12:06:58.864  4577  4648 V LibLoaderImpl: internalGetAPIFunction: calling nativeGetAPIFunction
02-18 12:06:58.864  4577  4648 I libloaderimpl: LibLoaderImpl nativeGetAPIFunction.
02-18 12:06:58.865  4577  4648 I libloaderimpl: LibLoaderHandle SUCCESS
02-18 12:06:58.865  4577  4648 I libloaderimpl: LibLoaderImpl GetAPIFunction. libName: libruntimeipcserviceclient.so, funcName: ipc_GetAPIFunction
02-18 12:06:58.865   677  4717 E ResolverController: No valid NAT64 prefix (100, <unspecified>/0)
02-18 12:06:58.866  4577  4648 I RuntimeIPCApi: ipc_Initialize
02-18 12:06:58.868   677  4719 E ResolverController: No valid NAT64 prefix (100, <unspecified>/0)
02-18 12:06:58.869  4577  4648 D RuntimeIPCServiceClient: initialize. inContext: com.epicgames.ue4.GameActivity@3a04abprocessName: com.YourCompany.KilncroftLane
02-18 12:06:58.870  1951  1951 D RuntimeIPCService: onStartCommand
02-18 12:06:58.870  4577  4721 I AsyncTaskMgr: MainLoop starting
02-18 12:06:58.870  4577  4648 I AsyncTaskMgr: Init SUCCESS
02-18 12:06:58.870  4577  4648 I ServerStateMgr: Init
02-18 12:06:58.870  4577  4648 I ServerStateMgr: Init
02-18 12:06:58.870  4577  4648 I RuntimeIPCServiceMethods: EnsureServiceConnection
02-18 12:06:58.870  4577  4648 D RuntimeIPCServiceClient: connectToService
02-18 12:06:58.870  4577  4648 D RuntimeIPCServiceClient: creating new service
02-18 12:06:58.871  1951  1951 D RuntimeIPCService: onStartCommand
02-18 12:06:58.871  1006  2152 D wifi-jni: no kernel logs
02-18 12:06:58.872  4577  4648 D RuntimeIPCServiceClient: Waiting on ipc connection...
02-18 12:06:58.872  4577  4720 D RuntimeIPCServiceClient: Service connected: android.os.BinderProxy@9b82f76
02-18 12:06:58.873  1951  3522 D RuntimeIPCService: createClient: ProcessName: com.YourCompany.KilncroftLane
02-18 12:06:58.873  1951  3522 I RuntimeIPCService: nativeCreateClient
02-18 12:06:58.873  1951  3522 I RuntimeIPCService: CreateClient: 4577:com.YourCompany.KilncroftLane:com.YourCompany.KilncroftLane
02-18 12:06:58.873  1951  3522 I SharedMemoryServer: SharedMemoryServer::MapMemory: Allocated shared memory fd 154 (IPCRegisteredServer)
02-18 12:06:58.874  1951  3522 I RuntimeIPCService: RPCServiceClientHandler: Init SUCCESS: 4577:com.YourCompany.KilncroftLane:com.YourCompany.KilncroftLane
02-18 12:06:58.874  1951  3522 D RuntimeIPCService: createClient: -242503094, android.os.BinderProxy@3dd7513, com.YourCompany.KilncroftLane
02-18 12:06:58.874  4577  4648 D RuntimeIPCServiceClient: ipc connectionIsReady: true
02-18 12:06:58.874  4577  4648 D RuntimeIPCServiceClient: ipc context.bindService SUCCESS
02-18 12:06:58.875  4577  4648 I RuntimeIPCServiceClient: nativeConnected: 1
02-18 12:06:58.875  4577  4648 I RuntimeIPCServiceClient: nativeConnected complete: 1
02-18 12:06:58.875  4577  4648 I RuntimeIPCServiceMethods: EnsureServiceConnection success
02-18 12:06:58.875  4577  4725 I RuntimeIPCServiceClient: IPCMainLoopHandler: MainLoop Start
02-18 12:06:58.875   677  4723 E ResolverController: No valid NAT64 prefix (100, <unspecified>/0)
02-18 12:06:58.875  4577  4648 I RuntimeIPCServiceClient: IPCMainLoopHandler: Init SUCCESS
02-18 12:06:58.875  4577  4648 I RuntimeIPCApi: Overriding args (before): com.oculus.systemdriver, com.oculus.vrguardianservice.VrGuardianService
02-18 12:06:58.875  4577  4648 I RuntimeIPCApi: Overriding args (after): com.oculus.guardian, com.oculus.vrguardianservice.VrGuardianService
02-18 12:06:58.875  4577  4648 D RuntimeIPCServiceClient: ensureServiceStarted: com.oculus.guardian, com.oculus.vrguardianservice.VrGuardianService
02-18 12:06:58.875   677  4726 E ResolverController: No valid NAT64 prefix (100, <unspecified>/0)
02-18 12:06:58.876  2326  2326 D VrGuardianService: onStartCommand
02-18 12:06:58.876  4577  4648 D RuntimeIPCServiceClient: ensureServiceStarted SUCCESS: com.oculus.guardian, com.oculus.vrguardianservice.VrGuardianService
02-18 12:06:58.876  4577  4648 I RuntimeIPCApi: Overriding args (before): com.oculus.systemdriver, com.oculus.vrguardianservice.VrGuardianUserService
02-18 12:06:58.876  4577  4648 I RuntimeIPCApi: Overriding args (after): com.oculus.guardian, com.oculus.vrguardianservice.VrGuardianUserService
02-18 12:06:58.876  4577  4648 D RuntimeIPCServiceClient: ensureServiceStarted: com.oculus.guardian, com.oculus.vrguardianservice.VrGuardianUserService
02-18 12:06:58.876  4577  4648 D RuntimeIPCServiceClient: ensureServiceStarted SUCCESS: com.oculus.guardian, com.oculus.vrguardianservice.VrGuardianUserService
02-18 12:06:58.877  4577  4648 I RuntimeIPCApi: Overriding args (before): com.oculus.systemdriver, com.oculus.vrguardianservice, guardianserver
02-18 12:06:58.877  4577  4648 I RuntimeIPCApi: Overriding args (after): com.oculus.guardian, com.oculus.vrguardianservice, guardianserver
02-18 12:06:58.877  2326  2326 D VrGuardianUserService: onStartCommandIntent { cmp=com.oculus.guardian/com.oculus.vrguardianservice.VrGuardianUserService }
02-18 12:06:58.878  4577  4648 I RuntimeIPCClientMgr: SyncClientWithService: Client: com.YourCompany.KilncroftLane:com.YourCompany.KilncroftLane, Server: com.oculus.guardian:com.oculus.vrguardianservice (guardianserver)
02-18 12:06:58.878  1951  3522 I SharedMemoryServer: SharedMemoryServer::MapMemory: Allocated shared memory fd 159 (IPCService_RPCPrivateReadWrite)
02-18 12:06:58.879  1951  3522 I RuntimeIPCService: ConnectToServer: 4577:com.YourCompany.KilncroftLane:com.YourCompany.KilncroftLane (com.oculus.guardian:com.oculus.vrguardianservice (guardianserver))
02-18 12:06:58.879  4577  4648 I RuntimeIPCClientMgr: InitRPCToServer SUCCESS in 0.663594 ms
02-18 12:06:58.879  1951  3522 I RuntimeIPCService: GetServerRequestPipeAsClient: 4577:com.YourCompany.KilncroftLane:com.YourCompany.KilncroftLane (com.oculus.guardian:com.oculus.vrguardianservice (guardianserver))
02-18 12:06:58.880  1951  3522 I RuntimeIPCService: GetServerResponsePipeAsClient: 4577:com.YourCompany.KilncroftLane:com.YourCompany.KilncroftLane (com.oculus.guardian:com.oculus.vrguardianservice (guardianserver))
02-18 12:06:58.880  4577  4648 I RuntimeIPCClientMgr: InitRPCPipeToServer SUCCESS in 0.660833 ms
02-18 12:06:58.880  1951  3522 I RuntimeIPCService: GetServerStateFdAsClient: Client: com.YourCompany.KilncroftLane:com.YourCompany.KilncroftLane, Server: com.oculus.guardian:com.oculus.vrguardianservice (guardianserver)
02-18 12:06:58.880  4577  4648 I RuntimeIPCClientMgr: InitServerStateForClient SUCCESS in 0.318125 ms
02-18 12:06:58.880  4577  4648 I RuntimeIPCClientMgr: InitServerStateForClient: SUCCESS. Client: com.YourCompany.KilncroftLane:com.YourCompany.KilncroftLane, Server: com.oculus.guardian:com.oculus.vrguardianservice (guardianserver)
02-18 12:06:58.880  4577  4648 I RuntimeIPCClientMgr: SyncClientWithService: SUCCESS. Client: com.YourCompany.KilncroftLane:com.YourCompany.KilncroftLane, Server: com.oculus.guardian:com.oculus.vrguardianservice (guardianserver)
02-18 12:06:58.880  4577  4648 I RuntimeIPCClientMgr: ConnectToServer: SUCCESS: Client: com.YourCompany.KilncroftLane:com.YourCompany.KilncroftLane, Server: com.oculus.guardian:com.oculus.vrguardianservice (guardianserver)
02-18 12:06:58.880  4577  4648 I VrGuardianClient: g_GuardianSDKClient connected.
02-18 12:06:58.880  4577  4648 I ipcLoader: RuntimeIPC: Loader: IPC Service API Loader Version: 19 Jan 26 2021 10:14:37
02-18 12:06:58.880  4577  4648 I ipcLoader: RuntimeIPC: Loader: Re-using vtable
02-18 12:06:58.880  4577  4648 I RuntimeIPCApi: ipc_Initialize
02-18 12:06:58.880  4577  4648 I RuntimeIPCServiceClient: Init: Already initialized.
02-18 12:06:58.880  4577  4648 D RuntimeIPCServiceClient: ensureServiceStarted: com.oculus.systemdriver, com.oculus.vrruntimeservice.VrRuntimeService
02-18 12:06:58.881  1923  1923 D VrRuntimeService: onStartCommand
02-18 12:06:58.881  4577  4648 D RuntimeIPCServiceClient: ensureServiceStarted SUCCESS: com.oculus.systemdriver, com.oculus.vrruntimeservice.VrRuntimeService
02-18 12:06:58.882  4577  4648 I RuntimeIPCClientMgr: SyncClientWithService: Client: com.YourCompany.KilncroftLane:com.YourCompany.KilncroftLane, Server: com.oculus.systemdriver:com.oculus.vrruntimeservice (RuntimeServiceServer)
02-18 12:06:58.882  1951  3522 I SharedMemoryServer: SharedMemoryServer::MapMemory: Allocated shared memory fd 164 (IPCService_RPCPrivateReadWrite)
02-18 12:06:58.883  1951  3522 I RuntimeIPCService: ConnectToServer: 4577:com.YourCompany.KilncroftLane:com.YourCompany.KilncroftLane (com.oculus.systemdriver:com.oculus.vrruntimeservice (RuntimeServiceServer))
02-18 12:06:58.883  4577  4648 I RuntimeIPCClientMgr: InitRPCToServer SUCCESS in 0.547604 ms
02-18 12:06:58.883  1951  3522 I RuntimeIPCService: GetServerRequestPipeAsClient: 4577:com.YourCompany.KilncroftLane:com.YourCompany.KilncroftLane (com.oculus.systemdriver:com.oculus.vrruntimeservice (RuntimeServiceServer))
02-18 12:06:58.883  1951  3522 I RuntimeIPCService: GetServerResponsePipeAsClient: 4577:com.YourCompany.KilncroftLane:com.YourCompany.KilncroftLane (com.oculus.systemdriver:com.oculus.vrruntimeservice (RuntimeServiceServer))
02-18 12:06:58.884  4577  4648 I RuntimeIPCClientMgr: InitRPCPipeToServer SUCCESS in 0.612291 ms
02-18 12:06:58.884  1951  3522 I RuntimeIPCService: GetServerStateFdAsClient: Client: com.YourCompany.KilncroftLane:com.YourCompany.KilncroftLane, Server: com.oculus.systemdriver:com.oculus.vrruntimeservice (RuntimeServiceServer)
02-18 12:06:58.884  4577  4648 I RuntimeIPCClientMgr: InitServerStateForClient SUCCESS in 0.294480 ms
02-18 12:06:58.884  4577  4648 I RuntimeIPCClientMgr: InitServerStateForClient: SUCCESS. Client: com.YourCompany.KilncroftLane:com.YourCompany.KilncroftLane, Server: com.oculus.systemdriver:com.oculus.vrruntimeservice (RuntimeServiceServer)
02-18 12:06:58.884  4577  4648 I RuntimeIPCClientMgr: SyncClientWithService: SUCCESS. Client: com.YourCompany.KilncroftLane:com.YourCompany.KilncroftLane, Server: com.oculus.systemdriver:com.oculus.vrruntimeservice (RuntimeServiceServer)
02-18 12:06:58.884  4577  4648 I RuntimeIPCClientMgr: ConnectToServer: SUCCESS: Client: com.YourCompany.KilncroftLane:com.YourCompany.KilncroftLane, Server: com.oculus.systemdriver:com.oculus.vrruntimeservice (RuntimeServiceServer)
02-18 12:06:58.884  4577  4648 I VrRuntimeClient: g_RuntimeServiceSDKClient.InitClient SUCCESS. Version: 1.0, Custom: 1.0
02-18 12:06:58.884  4577  4648 D VrRuntimeClient: connectToService
02-18 12:06:58.884  4577  4648 D VrRuntimeClient: VrRuntimeClient: creating new service
02-18 12:06:58.885  1923  1923 D VrRuntimeService: onStartCommand
02-18 12:06:58.886  4577  4648 D VrRuntimeClient: VrRuntimeClient: Waiting on connection...
02-18 12:06:58.886  4577  4714 D VrRuntimeClient: VrRuntimeClient: Service connected.
02-18 12:06:58.887  1923  1962 I ClientMgr: ClientMgr::CreateClient: 4577:com.YourCompany.KilncroftLane
02-18 12:06:58.887  1923  1962 I ClientMgr: CliengMgr: Client session placement = 0
02-18 12:06:58.887  1923  1962 I TimeWarp: Register client 7
02-18 12:06:58.887  1923  1962 I VrRuntimeServer: RegisterCompositorClient client(7)
02-18 12:06:58.887  1923  1962 I SharedMemoryServer: SharedMemoryServer::MapMemory: Allocated shared memory fd 161 (VrRuntimeService_PrivateReadWrite_com.YourCompany.KilncroftLane)
02-18 12:06:58.888  1923  1962 I ClientMgr: CreateClient: Sending PrimaryPackageChangeEvent outside of normal operation for Guardian.
02-18 12:06:58.888  1923  1962 I VrRuntimeService: RuntimeIPC: SendPrimaryPackageChangeEvent: PostClientEvent SUCCESS: com.oculus.guardian:com.oculus.vrguardianservice:2326, com.YourCompany.KilncroftLane, com.YourCompany.KilncroftLane
02-18 12:06:58.891  1923  1962 I UnifiedTelemetryWrapper: Started UT session lifetime:com.YourCompany.KilncroftLane
02-18 12:06:58.892  1923  1962 D VrRuntimeService: IVrRuntimeClient.Stub().getSharedMemoryFileDescriptor()
02-18 12:06:58.892  1923  1962 I VrRuntimeService: SharedMemoryDebug: nativeGetSharedMemoryPublicReadOnlyFd: 33
02-18 12:06:58.892  1923  1962 D VrRuntimeService: getSharedMemoryFileDescriptor fd (VrRuntimeService) 33
02-18 12:06:58.892  1923  1962 D VrRuntimeService: IVrRuntimeClient.Stub().getSharedMemoryPrivateReadWriteFileDescriptor()
02-18 12:06:58.892  1923  1962 I VrRuntimeService: SharedMemoryDebug: nativeGetSharedMemoryPrivateReadWriteFd: 161
02-18 12:06:58.892  1923  1962 D VrRuntimeService: getSharedMemoryPrivateReadWriteFileDescriptor fd (VrRuntimeService) 161
02-18 12:06:58.893  4577  4714 I VrRuntimeClient: nativeRuntimeServiceConnected: publicReadOnlyFd=89, privateReadWriteFd=90
02-18 12:06:58.893  4577  4648 D VrRuntimeClient: VrRuntimeClient: connectionIsReady: true
02-18 12:06:58.893  4577  4648 D VrRuntimeClient: VrRuntimeClient: context.bindService SUCCESS
02-18 12:06:58.893  4577  4648 I VrApi   : vrapi_Initialize: Connected to VrRuntimeService after 0.008917s
02-18 12:06:58.893  4577  4648 D SystemActivitiesReceiver: Registering Oculus System Activity receiver
02-18 12:06:58.895  4577  4648 I Distortion: Initializing Mesh Decenter Correction
02-18 12:06:58.896  4577  4648 I Distortion: EYE_DECENTER ipdMin 58.1364 left H: -8.1595 v: 3.6616  right  H: -4.9562 v: 0.1797
02-18 12:06:58.896  4577  4648 I Distortion: EYE_DECENTER ipdMid 63.0543 left H: 0.7277 v: 2.5898  right  H: 1.0983 v: 2.3797
02-18 12:06:58.896  4577  4648 I Distortion: EYE_DECENTER ipdMax 67.9727 left H: 1.9973 v: 1.518  right  H: -0.1126 v: 2.3797
02-18 12:06:58.896  4577  4648 I Distortion: EYE_DECENTER PIXELS(4) left H: -0.7277 V: -2.5898  right H: -1.0983 V: -2.3797
02-18 12:06:58.896  4577  4648 I Distortion: EYE_DECENTER iad: 0.065, left H: -2.99923e-05 V: -8.50749e-05  right H: -2.99923e-05 V: -7.81732e-05
02-18 12:06:58.896  4577  4648 I Distortion: SetLensPositions - iad=0.065, left offset=0.000769582,-0.00133337, right offset=-0.000829566,-0.00132647
02-18 12:06:58.896  4577  4648 I Distortion: Initializing Mesh Decenter Correction
02-18 12:06:58.897  4577  4648 I Distortion: EYE_DECENTER ipdMin 58.1364 left H: -8.1595 v: 3.6616  right  H: -4.9562 v: 0.1797
02-18 12:06:58.897  4577  4648 I Distortion: EYE_DECENTER ipdMid 63.0543 left H: 0.7277 v: 2.5898  right  H: 1.0983 v: 2.3797
02-18 12:06:58.897  4577  4648 I Distortion: EYE_DECENTER ipdMax 67.9727 left H: 1.9973 v: 1.518  right  H: -0.1126 v: 2.3797
02-18 12:06:58.897  4577  4648 I Distortion: EYE_DECENTER PIXELS(4) left H: -0.7277 V: -2.5898  right H: -1.0983 V: -2.3797
02-18 12:06:58.897  4577  4648 I Distortion: EYE_DECENTER iad: 0.065, left H: -2.99923e-05 V: -8.50749e-05  right H: -2.99923e-05 V: -7.81732e-05
02-18 12:06:58.897  4577  4648 I Distortion: SetLensPositions - iad=0.065, left offset=0.000769582,-0.00133337, right offset=-0.000829566,-0.00132647
02-18 12:06:58.898  4577  4648 I Distortion: Created custom distortion mesh.
02-18 12:06:58.898  4577  4648 I Distortion: ovrDistortionMeshHeader::magic = 0x56347807
02-18 12:06:58.898  4577  4648 I Distortion: ovrDistortionMeshHeader::deviceModel = 0x200
02-18 12:06:58.898  4577  4648 I Distortion: ovrDistortionMeshHeader::headsetModel = 0x104
02-18 12:06:58.898  4577  4648 I Distortion: ovrDistortionMeshHeader::eyeBlocksWide = 32
02-18 12:06:58.898  4577  4648 I Distortion: ovrDistortionMeshHeader::eyeBlocksHigh = 32
02-18 12:06:58.898  4577  4648 I Distortion: ovrDistortionMeshHeader::lensSeparationMeters = 0.065000
02-18 12:06:58.898  4577  4648 I Distortion: ovrDistortionMeshHeader::horizontalOffsetMeters = -0.000030
02-18 12:06:58.898  4577  4648 I Distortion: ovrDistortionMeshHeader::displayWidthMeters = 0.120362
02-18 12:06:58.898  4577  4648 I Distortion: ovrDistortionMeshHeader::displayHeightMeters = 0.063072
02-18 12:06:58.898  4577  4648 I Distortion: ovrDistortionMeshHeader::displayWidthPixels = 3664
02-18 12:06:58.898  4577  4648 I Distortion: ovrDistortionMeshHeader::displayHeightPixels = 1920
02-18 12:06:58.898  4577  4648 I Distortion: ovrDistortionMeshHeader::eyeTextureWidthPixels = 1440
02-18 12:06:58.898  4577  4648 I Distortion: ovrDistortionMeshHeader::eyeTextureHeightPixels = 1584
02-18 12:06:58.898  4577  4648 I Distortion: ovrDistortionMeshHeader::leftEye = up 48.000000 / down 50.000000 / left 49.000000 / right 45.000000
02-18 12:06:58.898  4577  4648 I Distortion: ovrDistortionMeshHeader::rightEye = up 48.000000 / down 50.000000 / left 45.000000 / right 49.000000
02-18 12:06:58.898  4577  4648 I RemoteTracking: Successfully created ConnectedRemoteFactory!
02-18 12:06:58.898  4577  4648 I TrackingServiceClient: initialize
02-18 12:06:58.900  2326  2538 I GuardianSystem: runtimeServiceSDKClient_.PackageChangeEvent: com.YourCompany.KilncroftLane
02-18 12:06:58.900  2326  2538 I GuardianSystem: SetCurrentPackageName: com.YourCompany.KilncroftLane, previous PackageName: com.oculus.shellenv
02-18 12:06:58.900  2326  2538 I GuardianSystem: SetCurrentPackageName: Return package changed: com.YourCompany.KilncroftLane
02-18 12:06:58.903  4577  4648 I ClientInputInterface: SetChordedSystemButtonGKFlag 1
02-18 12:06:58.911  4577  4648 I ClientInputSettings: SYSTEMBUTTONSPACE GKS freeze '0'  freezeAPI '0'  eattrigger '0'
02-18 12:06:58.911  4577  4648 I ClientInputSettings: SYSTEMBUTTONSPACE 'com.YourCompany.KilncroftLane' Freeze input '0' eat trigger '0'  on home button down
02-18 12:06:58.914  4577  4648 I ClientInputSettings: HANDTRACKING: YES! You are on the Hand Tracking Frequency GK :D
02-18 12:06:58.915  4577  4648 I ClientInputInterface: HANDTRACKING sethandtrackingfrequency 0
02-18 12:06:58.917  4577  4648 I VrRuntimeClient: HANDTRACKING handtrackingsmallfingeropeningpinchenabled 1
02-18 12:06:58.917  4577  4648 I ClientInputSettings: HANDTRACKING: YES! You are on the Hand Tracking Small Finger Opening Pinch GK :D
02-18 12:06:58.917  4577  4648 I InputHooks: InitializeInputHooks
02-18 12:06:58.917  4577  4648 I InputHooks: InitializeInputHooks create
02-18 12:06:58.917  4577  4648 D VrRuntimeClient: getClient6dofEntitlementMode for com.YourCompany.KilncroftLane
02-18 12:06:58.919  2178  2195 W PublicLibraryProvider: Cannot find entitlement for com.YourCompany.KilncroftLane
02-18 12:06:58.921  4577  4648 I TREX    : Initializing TREX for client 1a4c9ad04fa57bdc...
