02-15 11:18:25.968  2617  5038 I VrApi   : FPS=1/72,Prd=0ms,Tear=0,Early=0,Stale=3,VSnc=0,Lat=0,Fov=0D,CPU4/GPU=2/3,1171/490MHz,OC=FF,TA=0/0/0,SP=N/N/N,Mem=1353MHz,Free=3705MB,PLS=0,Temp=35.2C/0.0C,TW=2.62ms,App=0.67ms,GD=0.00ms,CPU&GPU=0.00ms,LCnt=3,GPU%=0.25,CPU%=0.08(W0.10),DSF=1.00
02-15 11:18:26.093   734  2375 I hash_map_utils: key: 'snd_device_in' value: ''
02-15 11:18:26.095   734  2375 I hash_map_utils: key: 'snd_device_out' value: ''
02-15 11:18:26.324  2617  2617 V ReviewPermissionsFragment: Permission grant via permission review changeId=-1903672074234659801 uid=10093 packageName=com.YourCompany.KilncroftLane permission=android.permission.READ_EXTERNAL_STORAGE granted=true
02-15 11:18:26.324  2617  2617 V ReviewPermissionsFragment: Permission grant via permission review changeId=-1903672074234659801 uid=10093 packageName=com.YourCompany.KilncroftLane permission=android.permission.WRITE_EXTERNAL_STORAGE granted=true
02-15 11:18:26.324  2617  2617 V ReviewPermissionsFragment: Permission grant via permission review changeId=-1903672074234659801 uid=10093 packageName=com.YourCompany.KilncroftLane permission=android.permission.ACCESS_MEDIA_LOCATION granted=true
02-15 11:18:26.329   698   920 I audio_hw_primary: getting vr mode to 0
02-15 11:18:26.330   734  1008 I hash_map_utils: key: 'vr_audio_mode_on' value: ''
02-15 11:18:26.331   734  1008 I AudioPolicyManagerCustom: VR mode is 0, switch to primary output if request is for fast|raw
02-15 11:18:26.332  2617  2617 E ReviewPermissionsFragment: Cannot unmark com.android.vending.CHECK_LICENSE requested by com.YourCompany.KilncroftLane as review required
02-15 11:18:26.332  2617  2617 E ReviewPermissionsFragment: java.lang.IllegalArgumentException: Unknown permission: com.android.vending.CHECK_LICENSE
02-15 11:18:26.332  2617  2617 E ReviewPermissionsFragment: 	at android.os.Parcel.createException(Parcel.java:2075)
02-15 11:18:26.332  2617  2617 E ReviewPermissionsFragment: 	at android.os.Parcel.readException(Parcel.java:2039)
02-15 11:18:26.332  2617  2617 E ReviewPermissionsFragment: 	at android.os.Parcel.readException(Parcel.java:1987)
02-15 11:18:26.332  2617  2617 E ReviewPermissionsFragment: 	at android.content.pm.IPackageManager$Stub$Proxy.updatePermissionFlags(IPackageManager.java:5605)
02-15 11:18:26.332  2617  2617 E ReviewPermissionsFragment: 	at android.app.ApplicationPackageManager.updatePermissionFlags(ApplicationPackageManager.java:713)
02-15 11:18:26.332  2617  2617 E ReviewPermissionsFragment: 	at com.android.packageinstaller.permission.ui.handheld.ReviewPermissionsFragment.confirmPermissionsReview(ReviewPermissionsFragment.java:239)
02-15 11:18:26.332  2617  2617 E ReviewPermissionsFragment: 	at com.android.packageinstaller.permission.ui.handheld.ReviewPermissionsFragment.onClick(ReviewPermissionsFragment.java:154)
02-15 11:18:26.332  2617  2617 E ReviewPermissionsFragment: 	at android.view.View.performClick(View.java:7259)
02-15 11:18:26.332  2617  2617 E ReviewPermissionsFragment: 	at android.view.View.performClickInternal(View.java:7236)
02-15 11:18:26.332  2617  2617 E ReviewPermissionsFragment: 	at android.view.View.access$3600(View.java:801)
02-15 11:18:26.332  2617  2617 E ReviewPermissionsFragment: 	at android.view.View$PerformClick.run(View.java:27892)
02-15 11:18:26.332  2617  2617 E ReviewPermissionsFragment: 	at android.os.Handler.handleCallback(Handler.java:883)
02-15 11:18:26.332  2617  2617 E ReviewPermissionsFragment: 	at android.os.Handler.dispatchMessage(Handler.java:100)
02-15 11:18:26.332  2617  2617 E ReviewPermissionsFragment: 	at android.os.Looper.loop(Looper.java:214)
02-15 11:18:26.332  2617  2617 E ReviewPermissionsFragment: 	at android.app.ActivityThread.main(ActivityThread.java:7387)
02-15 11:18:26.332  2617  2617 E ReviewPermissionsFragment: 	at java.lang.reflect.Method.invoke(Native Method)
02-15 11:18:26.332  2617  2617 E ReviewPermissionsFragment: 	at com.android.internal.os.RuntimeInit$MethodAndArgsCaller.run(RuntimeInit.java:492)
02-15 11:18:26.332  2617  2617 E ReviewPermissionsFragment: 	at com.android.internal.os.ZygoteInit.main(ZygoteInit.java:930)
02-15 11:18:26.332  2617  2617 E ReviewPermissionsFragment: Caused by: android.os.RemoteException: Remote stack trace:
02-15 11:18:26.332  2617  2617 E ReviewPermissionsFragment: 	at com.android.server.pm.permission.PermissionManagerService.updatePermissionFlags(PermissionManagerService.java:2937)
02-15 11:18:26.332  2617  2617 E ReviewPermissionsFragment: 	at com.android.server.pm.permission.PermissionManagerService.access$2000(PermissionManagerService.java:122)
02-15 11:18:26.332  2617  2617 E ReviewPermissionsFragment: 	at com.android.server.pm.permission.PermissionManagerService$PermissionManagerServiceInternalImpl.updatePermissionFlags(PermissionManagerService.java:3249)
02-15 11:18:26.332  2617  2617 E ReviewPermissionsFragment: 	at com.android.server.pm.PackageManagerService.updatePermissionFlags(PackageManagerService.java:5903)
02-15 11:18:26.332  2617  2617 E ReviewPermissionsFragment: 	at android.content.pm.IPackageManager$Stub.onTransact(IPackageManager.java:2377)
02-15 11:18:26.332  2617  2617 E ReviewPermissionsFragment: 
02-15 11:18:26.333   734  1008 D AudioFlinger: GK:EnableAudioWakeLockRemoval = 1
02-15 11:18:26.333  2617  2617 E ReviewPermissionsFragment: Cannot unmark com.android.vending.BILLING requested by com.YourCompany.KilncroftLane as review required
02-15 11:18:26.333  2617  2617 E ReviewPermissionsFragment: java.lang.IllegalArgumentException: Unknown permission: com.android.vending.BILLING
02-15 11:18:26.333  2617  2617 E ReviewPermissionsFragment: 	at android.os.Parcel.createException(Parcel.java:2075)
02-15 11:18:26.333  2617  2617 E ReviewPermissionsFragment: 	at android.os.Parcel.readException(Parcel.java:2039)
02-15 11:18:26.333  2617  2617 E ReviewPermissionsFragment: 	at android.os.Parcel.readException(Parcel.java:1987)
02-15 11:18:26.333  2617  2617 E ReviewPermissionsFragment: 	at android.content.pm.IPackageManager$Stub$Proxy.updatePermissionFlags(IPackageManager.java:5605)
02-15 11:18:26.333  2617  2617 E ReviewPermissionsFragment: 	at android.app.ApplicationPackageManager.updatePermissionFlags(ApplicationPackageManager.java:713)
02-15 11:18:26.333  2617  2617 E ReviewPermissionsFragment: 	at com.android.packageinstaller.permission.ui.handheld.ReviewPermissionsFragment.confirmPermissionsReview(ReviewPermissionsFragment.java:239)
02-15 11:18:26.333  2617  2617 E ReviewPermissionsFragment: 	at com.android.packageinstaller.permission.ui.handheld.ReviewPermissionsFragment.onClick(ReviewPermissionsFragment.java:154)
02-15 11:18:26.333  2617  2617 E ReviewPermissionsFragment: 	at android.view.View.performClick(View.java:7259)
02-15 11:18:26.333  2617  2617 E ReviewPermissionsFragment: 	at android.view.View.performClickInternal(View.java:7236)
02-15 11:18:26.333  2617  2617 E ReviewPermissionsFragment: 	at android.view.View.access$3600(View.java:801)
02-15 11:18:26.333  2617  2617 E ReviewPermissionsFragment: 	at android.view.View$PerformClick.run(View.java:27892)
02-15 11:18:26.333  2617  2617 E ReviewPermissionsFragment: 	at android.os.Handler.handleCallback(Handler.java:883)
02-15 11:18:26.333  2617  2617 E ReviewPermissionsFragment: 	at android.os.Handler.dispatchMessage(Handler.java:100)
02-15 11:18:26.333  2617  2617 E ReviewPermissionsFragment: 	at android.os.Looper.loop(Looper.java:214)
02-15 11:18:26.333  2617  2617 E ReviewPermissionsFragment: 	at android.app.ActivityThread.main(ActivityThread.java:7387)
02-15 11:18:26.333  2617  2617 E ReviewPermissionsFragment: 	at java.lang.reflect.Method.invoke(Native Method)
02-15 11:18:26.333  2617  2617 E ReviewPermissionsFragment: 	at com.android.internal.os.RuntimeInit$MethodAndArgsCaller.run(RuntimeInit.java:492)
02-15 11:18:26.333  2617  2617 E ReviewPermissionsFragment: 	at com.android.internal.os.ZygoteInit.main(ZygoteInit.java:930)
02-15 11:18:26.334   734  1008 D AF::TrackHandle: OpPlayAudio: track:59 uid:1000 pkg:com.android.networkstack.inprocess usage:13 not muted
02-15 11:18:26.337  1022  1264 W AudioTrack: createTrack_l(538976288): AUDIO_OUTPUT_FLAG_FAST denied by server; frameCount 0 -> 4146
02-15 11:18:26.338  1022  3284 I ActivityTaskManager: START u0 {flg=0x10000000 cmp=com.YourCompany.KilncroftLane/com.epicgames.ue4.GameActivity} from uid 2000
02-15 11:18:26.344   720   791 D android.hardware.power@1.3-service-libperfmgr: LAUNCH ON
02-15 11:18:26.360  2617  5036 W VrApi   : ovr_SubmitFrameInternal: FrameIndex discontinuity: Expected 104, Received 103
02-15 11:18:26.373  2617  5036 I VrApi   : ---------- vrapi_LeaveVrMode [start] ----------
02-15 11:18:26.374  2617  5036 D VrApi   : targetSDKVersion 29
02-15 11:18:26.378  2617  5036 I VrRuntimeClient: DEVICE MODEL NUMBER = Quest 2
02-15 11:18:26.378  2617  5036 I VrRuntimeClient: DEVICE HARDWARE = hollywood
02-15 11:18:26.378  2617  5036 I VrRuntimeClient: DEVICE BUILD NAME = user-1396980.8370.0
02-15 11:18:26.378  2617  5036 I VrRuntimeClient: DEVICE BUILD TYPE = user
02-15 11:18:26.378  2617  5036 I VrRuntimeClient: DEVICE OS VERSION = 10
02-15 11:18:26.378  2617  5036 I VrRuntimeClient: VRRUNTIME VERSION = VRAPI_VERSION_BEGIN { 1.1.42.0-270435163-270435163 Jan 28 2021 12:41:13 Development } RELEASE
02-15 11:18:26.378  2617  5036 I VrRuntimeClient: API LOADER VERSION = 1.1.34.0
02-15 11:18:26.378  2617  5036 I VrRuntimeClient: VRDRIVER VERSION = 25.0.0.72.658
02-15 11:18:26.378  2617  5036 I VrRuntimeClient: APP NAME = Permission controller
02-15 11:18:26.378  2617  5036 I VrRuntimeClient: APP VERSION = 29 system image versionCode 299900000 internalVersionName <none>
02-15 11:18:26.378  2617  5036 I VrRuntimeClient: APP VR TYPE = <none>
02-15 11:18:26.378  2617  5036 I VrRuntimeClient: APP MODE TYPE = <none>
02-15 11:18:26.378  2617  5036 I VrRuntimeClient: APP PACKAGE NAME = com.android.permissioncontroller
02-15 11:18:26.378  2617  5036 I VrRuntimeClient: APP ACTIVITY CLASS = com.oculus.os.DialogContext
02-15 11:18:26.378  1936  2081 I TimeWarp: SetClientSurfaceSecureFlag: secure=0
02-15 11:18:26.379  2617  5036 D BatteryReceiver: Unregistering battery receiver
02-15 11:18:26.380  2617  5038 I VrApi   : FPS=1/72,Prd=0ms,Tear=0,Early=0,Stale=3,VSnc=0,Lat=0,Fov=0D,CPU4/GPU=2/3,2419/490MHz,OC=FF,TA=0/0/0,SP=N/N/N,Mem=2092MHz,Free=3706MB,PLS=0,Temp=35.2C/0.0C,TW=2.62ms,App=0.67ms,GD=0.00ms,CPU&GPU=0.00ms,LCnt=3,GPU%=0.25,CPU%=0.08(W0.10),DSF=1.00
02-15 11:18:26.380  2617  5036 I VrApi   : OVR::Stats thread stopped
02-15 11:18:26.380  2617  5036 I InputDeviceManager: ovrInputDeviceManager::~ovrInputDeviceManager
02-15 11:18:26.384  2617  5037 I ClientInputThread_Internal: InputThreadRun ShutdownRequest received
02-15 11:18:26.385  2617  5036 D InputHooksJava: Disabling Java Input Hooks
02-15 11:18:26.385  1936  1996 D VrRuntimeService: enableRendering: 2617:com.android.permissioncontroller: null enable: false
02-15 11:18:26.385  1936  1996 I ClientMgr: ClientMgr::EnableRendering 2617:com.android.permissioncontroller : type 0 comp-id 7: disable
02-15 11:18:26.385  1936  1996 I VrRuntimeServer: DisableCompositorClient: 7
02-15 11:18:26.385  1936  1996 I TimeWarp: Disable client 7
02-15 11:18:26.385  1936  1996 I TimeWarp: DisableClient: frame flush required: 1
02-15 11:18:26.394  1936  1996 I UnifiedTelemetryWrapper: Stopped UT session render:com.android.permissioncontroller
02-15 11:18:26.394  1936  2295 I ClientMgr: Non-overlay clients rendering status has changed: prev=5, curr=6, enabled=0
02-15 11:18:26.395  1936  2295 I TimeWarp: Enable client 0
02-15 11:18:26.395  1936  2295 I VrRuntimeServer: EnableCompositorClient client(0): layer placement(4294967291) flags(0) sm(0x71133dd220)
02-15 11:18:26.395  2617  5046 I FenceChecker: FenceChecker::MainLoop - ended
02-15 11:18:26.395  2617  5036 I TrackingServiceClient: OVR::TrackingService::ClientSetInterface
02-15 11:18:26.395  2617  5036 D TrackingServiceConnectionNative: onClientDisconnect
02-15 11:18:26.395   802   802 I TrackingService: Unregistering client by ITrackingService.unregisterClient
02-15 11:18:26.395   802   802 I TrackingService: TrackingServiceHost Unregistering client: com.android.permissioncontroller#2617
02-15 11:18:26.395  2617  5036 D BinderConnection: Disconnecting from TrackingService service
02-15 11:18:26.395  2617  5036 D TrackingServiceConnectionNative: onDisconnected
02-15 11:18:26.395  2617  5036 I TrackingServiceClient: OVR::TrackingService::ClientSetInterface
02-15 11:18:26.395  2617  5036 I VrApi   : ---------- vrapi_LeaveVrMode [end] ----------
02-15 11:18:26.395  1936  5035 I VrRuntimeService: DestroySwapChain: swapchain=135
02-15 11:18:26.395  1936  5035 I VrRuntimeServer: DestroyTextureSwapChain: result destroyswapchain 1
02-15 11:18:26.396  1936  5035 I VrRuntimeService: DestroySwapChain: swapchain=140
02-15 11:18:26.396  1936  5035 I VrRuntimeServer: DestroyTextureSwapChain: 0x70fcc27000: 2D_EXTERNAL destroy deferred
02-15 11:18:26.396  1936  5035 I VrRuntimeService: DestroySwapChain: swapchain=136
02-15 11:18:26.396  1936  5035 I VrRuntimeServer: DestroyTextureSwapChain: result destroyswapchain 1
02-15 11:18:26.396  1936  5035 I VrRuntimeService: DestroySwapChain: swapchain=137
02-15 11:18:26.397  1936  5035 I VrRuntimeServer: DestroyTextureSwapChain: result destroyswapchain 1
02-15 11:18:26.399  1936  5035 I VrRuntimeService: DestroySwapChain: swapchain=138
02-15 11:18:26.400  1936  5035 I VrRuntimeServer: DestroyTextureSwapChain: result destroyswapchain 1
02-15 11:18:26.400  2617  5036 E libEGL  : call to OpenGL ES API with no current context (logged once per thread)
02-15 11:18:26.400  2617  5036 I JniUtils: Creating temporary JNIEnv. This is a heavy operation and should be infrequent. To optimize, use JNI AttachCurrentThread on calling thread
02-15 11:18:26.400  2617  5036 W SwapChain_GLES: DestroyImportedTextureResourcesGLES: must be called with the same EGLContext current (0x71fc6f9480) when ImportTextureSwapChain was called
02-15 11:18:26.400  1936  5035 I VrRuntimeService: DestroySwapChain: swapchain=139
02-15 11:18:26.400  1936  5035 I VrRuntimeServer: DestroyTextureSwapChain: result destroyswapchain 1
02-15 11:18:26.403  1022  3284 W InputReader: Device has associated, but no associated display id.
02-15 11:18:26.409   734  1848 D AF::TrackHandle: OpPlayAudio: track:58 uid:10026 pkg:com.oculus.systemux usage:10 not muted
02-15 11:18:26.409   734  1008 D AF::TrackHandle: OpPlayAudio: track:56 uid:10014 pkg:com.oculus.shellenv usage:1 muted
02-15 11:18:26.412   734  1009 D AF::TrackHandle: OpPlayAudio: track:59 uid:1000 pkg:com.android.networkstack.inprocess usage:13 not muted
02-15 11:18:26.425   682   682 D Zygote  : Forked child process 5057
02-15 11:18:26.429   734  1008 D AF::TrackHandle: OpPlayAudio: track:58 uid:10026 pkg:com.oculus.systemux usage:10 not muted
02-15 11:18:26.429   734  1009 D AF::TrackHandle: OpPlayAudio: track:59 uid:1000 pkg:com.android.networkstack.inprocess usage:13 not muted
02-15 11:18:26.429   734  2375 D AF::TrackHandle: OpPlayAudio: track:56 uid:10014 pkg:com.oculus.shellenv usage:1 muted
02-15 11:18:26.429  1022  1120 I ActivityManager: Start proc 5057:com.YourCompany.KilncroftLane/u0a93 for activity {com.YourCompany.KilncroftLane/com.epicgames.ue4.GameActivity}
02-15 11:18:26.433  2193  2193 D UnifiedTelemetryLogger: Already initialized.
02-15 11:18:26.423  5057  5057 W main    : type=1400 audit(0.0:55): avc: granted { read } for name="u:object_r:net_dns_prop:s0" dev="tmpfs" ino=15823 scontext=u:r:untrusted_app_25:s0:c512,c768 tcontext=u:object_r:net_dns_prop:s0 tclass=file
02-15 11:18:26.440  5057  5057 I y.KilncroftLan: Late-enabling -Xcheck:jni
02-15 11:18:26.489  5057  5057 E y.KilncroftLan: Unknown bits set in runtime_flags: 0x8000
02-15 11:18:26.520  1022  1503 W InputReader: Device has associated, but no associated display id.
02-15 11:18:26.527   734  2375 D AF::TrackHandle: OpPlayAudio: track:56 uid:10014 pkg:com.oculus.shellenv usage:1 muted
02-15 11:18:26.528   734  1008 D AF::TrackHandle: OpPlayAudio: track:58 uid:10026 pkg:com.oculus.systemux usage:10 not muted
02-15 11:18:26.529   734  1009 D AF::TrackHandle: OpPlayAudio: track:59 uid:1000 pkg:com.android.networkstack.inprocess usage:13 not muted
02-15 11:18:26.539   680   908 I netd    : firewallSetUidRule(2, 10093, 1) <0.01ms>
02-15 11:18:26.544  5057  5057 I y.KilncroftLan: The ClassLoaderContext is a special shared library.
02-15 11:18:26.604  2299  2342 I [OAO] ShellOverlayApp: Sleep timeout exceeded. Timeout:46.833972, Now:46.836029. Sleeping... 
02-15 11:18:26.604  2299  2342 I [OAO] ShellOverlayApp: WaitForWake: VrThread entering waiting state
02-15 11:18:26.636  5057  5081 V UE4     : [NetworkChangedManager] Network Available: 100
02-15 11:18:26.636  5057  5081 V UE4     : [NetworkChangedManager] No network state set yet, setting naive network state checking connection fully.
02-15 11:18:26.636  5057  5081 V UE4     : [NetworkChangedManager] Network connectivity changed. New connectivity state: CONNECTION_AVAILABLE
02-15 11:18:26.637  5057  5081 V UE4     : [NetworkChangedManager] Network Capabilities changed, has Internet: true
02-15 11:18:26.640  5057  5084 D NetworkSecurityConfig: No Network Security Config specified, using platform default
02-15 11:18:26.663  2133  2133 I PlatformPlugin: [PlatformPluginManager] Stopping party chat
02-15 11:18:26.663  2133  2133 I OVRPlatform: [PartyChatInterchangeable] Stop PartyChat.
02-15 11:18:26.664  5057  5084 V UE4     : [NetworkChangedManager] Unable to connect to: https://example.com/
02-15 11:18:26.664  5057  5084 V UE4     : [NetworkChangedManager] Network connectivity changed. New connectivity state: NO_CONNECTION
02-15 11:18:26.664  5057  5084 V UE4     : [NetworkChangedManager] No listeners so not retrying. When a listener is added the connection will be checked.
02-15 11:18:26.664  5057  5084 V UE4     : [NetworkChangedManager] No listeners so not retrying. When a listener is added the connection will be checked.
02-15 11:18:26.664  5057  5084 V UE4     : [NetworkChangedManager] Full network check complete. State: NO_CONNECTION
02-15 11:18:26.672  5057  5057 D UE4     : Used memory before allocating anything was 99.14MB
02-15 11:18:26.762  5057  5057 D UE4     : In the JNI_OnLoad function
02-15 11:18:26.763  5057  5057 D UE4     : [JNI] - Failed to determine if app purchasing is enabled!
02-15 11:18:26.764  5057  5057 D UE4     : Path found as '/storage/emulated/0'
02-15 11:18:26.765  5057  5057 D UE4     : Font Path found as '/system/fonts/'
02-15 11:18:26.765  5057  5057 D UE4     : In the JNI_OnLoad function 5
02-15 11:18:26.766  5057  5057 W linker  : Warning: "/data/app/com.YourCompany.KilncroftLane-_LbIOtDVXZGDuoBCzUbAvA==/lib/arm/libOVRPlugin.so" has no DT_SONAME (will use libOVRPlugin.so instead) and will not work when the app moves to API level 23 or later (https://android.googlesource.com/platform/bionic/+/master/missing-soname-enforced-for-api-level-23) (allowing for now because this app's target API level is still 21)
02-15 11:18:26.767  5057  5057 D OVRPlugin: JNI_OnLoad
02-15 11:18:26.787  5057  5107 D UE4     : Entering native app glue main function
02-15 11:18:26.787  5057  5107 D UE4     : Created event thread
02-15 11:18:26.787  5057  5107 D UE4     : Entered AndroidMain()
02-15 11:18:26.787  5057  5108 D UE4     : Entering event processing thread engine entry point
02-15 11:18:26.787  5057  5108 D UE4     : Prepared looper for event thread
02-15 11:18:26.787  5057  5108 D UE4     : Passed callback initialization
02-15 11:18:26.787  5057  5108 D UE4     : Passed sensor initialization
02-15 11:18:26.787  5057  5107 D UE4     : Controller interface supported
02-15 11:18:26.793  5057  5057 D UE4     : [GameActivity] Vulkan version: 1.1.0
02-15 11:18:26.794  5057  5057 D UE4     : [GameActivity] Vulkan level: 1
02-15 11:18:26.795  5057  5057 D UE4     : [GameActivity] Found DepthBufferPreference = 0
02-15 11:18:26.795  5057  5057 D UE4     : [GameActivity] Found bPackageDataInsideApk = 0
02-15 11:18:26.795  5057  5057 D UE4     : [GameActivity] Found ProjectName = KilncroftLane
02-15 11:18:26.795  5057  5057 D UE4     : [GameActivity] Found AppType = 
02-15 11:18:26.795  5057  5057 D UE4     : [GameActivity] Found bHasOBBFiles = 0
02-15 11:18:26.795  5057  5057 D UE4     : [GameActivity] Found bVerifyOBBOnStartUp = false
02-15 11:18:26.795  5057  5057 D UE4     : [GameActivity] UI hiding set to true
02-15 11:18:26.795  5057  5057 D UE4     : [GameActivity] Display cutout set to false
02-15 11:18:26.795  5057  5057 D UE4     : [GameActivity] BuildConfiguration set to Development
02-15 11:18:26.795  5057  5057 D UE4     : [GameActivity] UseExternalFilesDir set to false
02-15 11:18:26.795  5057  5057 D UE4     : [GameActivity] PublicLogFiles set to false
02-15 11:18:26.795  5057  5057 D UE4     : [GameActivity] AllowIMU set to true
02-15 11:18:26.795  5057  5057 D UE4     : [GameActivity] SupportsVulkan set to false
02-15 11:18:26.795  5057  5057 D UE4     : [GameActivity] Found Oculus Mobile mode = vr_only
02-15 11:18:26.796  5057  5057 D UE4     : [GameActivity] Using commandline from: /storage/emulated/0/UE4Game/KilncroftLane/UE4CommandLine.txt
02-15 11:18:26.796  5057  5057 D UE4     : [GameActivity] Parsing commandline: ../../../KilncroftLane/KilncroftLane.uproject  /Game/Maps/QuestQSMap -Messaging -SessionId=DEFA2333462A0BA1292A8F90AEBAC818 -SessionOwner="Nadia" -SessionName="Launch On Device" -iterative
02-15 11:18:26.797  5057  5057 I AdrenoGLES-0: QUALCOMM build                   : 09c6a36, I5e696c022b
02-15 11:18:26.797  5057  5057 I AdrenoGLES-0: Build Date                       : 12/07/20
02-15 11:18:26.797  5057  5057 I AdrenoGLES-0: OpenGL ES Shader Compiler Version: EV031.35.01.02
02-15 11:18:26.797  5057  5057 I AdrenoGLES-0: Local Branch                     : 
02-15 11:18:26.797  5057  5057 I AdrenoGLES-0: Remote Branch                    : refs/tags/AU_LINUX_ANDROID_LA.UM.8.12.R1.10.00.00.561.144
02-15 11:18:26.797  5057  5057 I AdrenoGLES-0: Remote Branch                    : NONE
02-15 11:18:26.797  5057  5057 I AdrenoGLES-0: Reconstruct Branch               : NOTHING
02-15 11:18:26.797  5057  5057 I AdrenoGLES-0: Build Config                     : S P 8.0.12 AArch32
02-15 11:18:26.797  5057  5057 I AdrenoGLES-0: Driver Path                      : /vendor/lib/egl/libGLESv2_adreno.so
02-15 11:18:26.801  5057  5057 I AdrenoGLES-0: PFP: 0x016dd093, ME: 0x00000000
02-15 11:18:26.811  5057  5057 D UE4     : [GameActivity] Hardware: Qualcomm Technologies, Inc KONA
02-15 11:18:26.811  5057  5057 D UE4     : [GameActivity] ro.hardware: hollywood
02-15 11:18:26.812  5057  5057 D UE4     : [GameActivity] Memory: 5839 MB
02-15 11:18:26.814  5057  5057 D UE4     : [GameActivity] UseAffinity: false
02-15 11:18:26.814  5057  5057 D UE4     : [GameActivity] BigCoreMask: 0xffff
02-15 11:18:26.814  5057  5057 D UE4     : [GameActivity] LittleCoreMask: 0x0
02-15 11:18:26.814  5057  5057 D UE4     : [GameActivity] APK path: /data/app/com.YourCompany.KilncroftLane-_LbIOtDVXZGDuoBCzUbAvA==/base.apk
02-15 11:18:26.815  5057  5057 D UE4     : [GameActivity] OBB in APK: false
02-15 11:18:26.815  5057  5057 D UE4     : InternalFilePath found as '/data/user/0/com.YourCompany.KilncroftLane/files'
02-15 11:18:26.815  5057  5057 D UE4     : ExternalFilePath found as '/storage/emulated/0/Android/data/com.YourCompany.KilncroftLane/files'
02-15 11:18:26.816  5057  5057 D UE4     : App is running in Landscape
02-15 11:18:26.816  5057  5057 D UE4     : [GameActivity] Android version is 10
02-15 11:18:26.816  5057  5057 D UE4     : [GameActivity] Android manufacturer is Oculus
02-15 11:18:26.816  5057  5057 D UE4     : [GameActivity] Android model is Quest
02-15 11:18:26.816  5057  5057 D UE4     : [GameActivity] Android build number is user-1396980.8370.0
02-15 11:18:26.816  5057  5057 D UE4     : [GameActivity] OS language is set to en_GB
02-15 11:18:26.816  5057  5057 D UE4     : [GameActivity] Debugger attached is false
02-15 11:18:26.857  1936  2295 I PerformanceManager: SetClockLevels: Apply pending clock request change: 2,3 -> 2,2
02-15 11:18:26.858  1936  2034 I Clocks  : ReleaseClocks - start
02-15 11:18:26.858  3215  3256 I Clay    : [I]: BaseApp: Entering hibernation now
02-15 11:18:26.858   720   789 W libperfmgr: Failed to write to node: /sys/class/devfreq/soc:qcom,cpu-cpu-llcc-bw/max_freq with value: 2288, fd: 10
02-15 11:18:26.858   720   789 W libperfmgr: Failed to write to node: /sys/class/devfreq/soc:qcom,cpu-llcc-ddr-bw/max_freq with value: 762, fd: 11
02-15 11:18:26.858  1936  2034 I Clocks  : ReleaseClocks - end (0.7 ms)
02-15 11:18:26.858  1936  2034 I Clocks  : LockClocks( cpu=2, gpu=2 ) - start
02-15 11:18:26.858   720   791 D android.hardware.power@1.3-service-libperfmgr: Unset hint for clock domain: 0
02-15 11:18:26.858   720   789 W libperfmgr: Failed to write to node: /sys/class/devfreq/soc:qcom,cpu-cpu-llcc-bw/max_freq with value: 2288, fd: 11
02-15 11:18:26.858   720   789 W libperfmgr: Failed to write to node: /sys/class/devfreq/soc:qcom,cpu-llcc-ddr-bw/max_freq with value: 762, fd: 9
02-15 11:18:26.858   720   791 D android.hardware.power@1.3-service-libperfmgr: Unset hint for clock domain: 1
02-15 11:18:26.859  3215  3256 I Clay    : [I]: Saving Vulkan Pipeline Cache data to /data/user/0/com.oculus.shellenv/cache/shellenv/assets/cache/vulkan_pipeline.cache
02-15 11:18:26.859  1936  2034 I Clocks  : CPU levels [0, 4]
02-15 11:18:26.859  1936  2034 I Clocks  : GPU levels [0, 5]
02-15 11:18:26.859   720   720 D android.hardware.power@1.3-service-libperfmgr: set performance level 2, domain 0
02-15 11:18:26.859   720   720 D android.hardware.power@1.3-service-libperfmgr: set performance level 2, domain 1
02-15 11:18:26.859  3215  3256 I Clay    : [I]: SoundSystem: setPaused(true), m_paused=false
02-15 11:18:26.859  1936  2034 I Clocks  : LockClocks( cpu=2, gpu=2 ) - end (1.0 ms)
02-15 11:18:26.862  5057  5057 W PopupManager: You have not specified a View to use as content view for popups. Falling back to the Activity content view. Note that this may not work as expected in multi-screen environments
02-15 11:18:26.864  5057  5057 D UE4     : [GameActivity] googleClient is valid
02-15 11:18:26.864  5057  5057 D UE4     : [GameActivity] ==============> GameActive.onCreate complete!
02-15 11:18:26.866  5057  5057 D UE4     : [GameActivity] Creating console command broadcast listener
02-15 11:18:26.866  5057  5108 D UE4     : LogAndroidEvents::EnqueueAppEvent : 9, [width=-1, height=-1], tid = 5108, APP_EVENT_STATE_ON_START
02-15 11:18:26.867  5057  5057 D UE4     : [GameActivity] ==================================> Inside onStart function in GameActivity
02-15 11:18:26.867  5057  5057 V UE4     : [GameApp] App in foreground
02-15 11:18:26.869  5057  5108 D UE4     : Case APP_CMD_RESUME
02-15 11:18:26.869  5057  5108 D UE4     : LogAndroidEvents::EnqueueAppEvent : 7, [width=-1, height=-1], tid = 5108, APP_EVENT_STATE_ON_RESUME
02-15 11:18:26.869  5057  5057 D UE4     : [GameActivity] === Restoring Transparent Bars ===
02-15 11:18:26.869  5057  5057 D UE4     : [GameActivity] ==============> [JAVA] AndroidThunkJava_KeepScreenOn(false) - Enabled screen saver
02-15 11:18:26.870  5057  5057 D UE4     : [GameActivity] Registering sensor listeners
02-15 11:18:26.870  5057  5057 D UE4     : App is running in Landscape
02-15 11:18:26.870  5057  5057 D UE4     : [GameActivity] === Restoring Transparent Bars ===
02-15 11:18:26.870  5057  5057 D UE4     : [GameActivity] ==============> Resuming main init
02-15 11:18:26.878  5057  5107 D UE4     : APK Commandline: ../../../KilncroftLane/KilncroftLane.uproject  /Game/QuestQSMap -Messaging -SessionId=0FB99C324DA47F5EE49E62AFBE349F15 -SessionOwner="Nadia" -SessionName="Launch On Device" -iterative
02-15 11:18:26.879  5057  5107 D UE4     : Override Commandline: ../../../KilncroftLane/KilncroftLane.uproject  /Game/Maps/QuestQSMap -Messaging -SessionId=DEFA2333462A0BA1292A8F90AEBAC818 -SessionOwner="Nadia" -SessionName="Launch On Device" -iterative
02-15 11:18:26.879  5057  5107 D UE4     : Final commandline: ../../../KilncroftLane/KilncroftLane.uproject  /Game/Maps/QuestQSMap -Messaging -SessionId=DEFA2333462A0BA1292A8F90AEBAC818 -SessionOwner="Nadia" -SessionName="Launch On Device" -iterative
02-15 11:18:26.879  5057  5107 D UE4     : Created sync event
02-15 11:18:26.880  5057  5057 D UE4     : [GameActivity] ==============> GameActive.onResume complete!
02-15 11:18:26.902  1936  1936 D VrRuntimeService: onFocusedWindowChanged: focusedWindowToken=android.os.BinderProxy@510d1af, focusedWindowUid=10093, focusedWindowPid=5057
02-15 11:18:26.902  1936  1936 W ClientMgr: ClientMgr::SetFocusedClient: No focused client
02-15 11:18:26.902  1936  1936 I ClientMgr: Releasing clocks.
02-15 11:18:26.903  5057  5082 I AdrenoGLES-0: QUALCOMM build                   : 09c6a36, I5e696c022b
02-15 11:18:26.903  5057  5082 I AdrenoGLES-0: Build Date                       : 12/07/20
02-15 11:18:26.903  5057  5082 I AdrenoGLES-0: OpenGL ES Shader Compiler Version: EV031.35.01.02
02-15 11:18:26.903  5057  5082 I AdrenoGLES-0: Local Branch                     : 
02-15 11:18:26.903  5057  5082 I AdrenoGLES-0: Remote Branch                    : refs/tags/AU_LINUX_ANDROID_LA.UM.8.12.R1.10.00.00.561.144
02-15 11:18:26.903  5057  5082 I AdrenoGLES-0: Remote Branch                    : NONE
02-15 11:18:26.903  5057  5082 I AdrenoGLES-0: Reconstruct Branch               : NOTHING
02-15 11:18:26.903  5057  5082 I AdrenoGLES-0: Build Config                     : S P 8.0.12 AArch32
02-15 11:18:26.903  5057  5082 I AdrenoGLES-0: Driver Path                      : /vendor/lib/egl/libGLESv2_adreno.so
02-15 11:18:26.906   737   875 W ServiceManager: Permission failure: android.permission.ACCESS_SURFACE_FLINGER from uid=10093 pid=5057
02-15 11:18:26.906   737   875 D PermissionCache: checking android.permission.ACCESS_SURFACE_FLINGER for uid=10093 => denied (212 us)
02-15 11:18:26.909  5057  5082 I AdrenoGLES-0: PFP: 0x016dd093, ME: 0x00000000
02-15 11:18:26.910  5057  5108 D UE4     : Case APP_CMD_INIT_WINDOW
02-15 11:18:26.911  5057  5108 D UE4     : LogAndroidEvents::EnqueueAppEvent : 0, [width=3664, height=1920], tid = 5108, APP_EVENT_STATE_WINDOW_CREATED
02-15 11:18:26.913  1936  2295 I ServiceInputManager: HAPTICS: No longer forcing reporting of remotes connected for non focused apps
02-15 11:18:26.913  1936  2295 I PerformanceManager: SetClockLevels: Force releasing clocks
02-15 11:18:26.913  1936  2295 I PerformanceManager: SetClockLevels: Apply pending clock request change: 2,2 -> -1,-1
02-15 11:18:26.913  1936  2034 I Clocks  : ReleaseClocks - start
02-15 11:18:26.913  1022  1086 W InputReader: Device has associated, but no associated display id.
02-15 11:18:26.914   720   791 D android.hardware.power@1.3-service-libperfmgr: Unset hint for clock domain: 0
02-15 11:18:26.914   720   789 W libperfmgr: Failed to write to node: /sys/class/devfreq/soc:qcom,cpu-cpu-llcc-bw/max_freq with value: 2288, fd: 9
02-15 11:18:26.914   720   789 W libperfmgr: Failed to write to node: /sys/class/devfreq/soc:qcom,cpu-llcc-ddr-bw/max_freq with value: 762, fd: 10
02-15 11:18:26.914   720   789 W libperfmgr: Failed to write to node: /sys/class/devfreq/soc:qcom,cpu-cpu-llcc-bw/max_freq with value: 2288, fd: 10
02-15 11:18:26.914   720   789 W libperfmgr: Failed to write to node: /sys/class/devfreq/soc:qcom,cpu-llcc-ddr-bw/max_freq with value: 762, fd: 11
02-15 11:18:26.914   720   720 D android.hardware.power@1.3-service-libperfmgr: Unset hint for clock domain: 1
02-15 11:18:26.914  1936  2034 I Clocks  : ReleaseClocks - end (0.8 ms)
02-15 11:18:26.915  2193  2214 W LibraryProvider: Cannot find entitlement for com.android.permissioncontroller
02-15 11:18:26.915  2133  2133 W OVRLibrary: null cursor received for query content://com.oculus.ocms.library/apps/com.android.permissioncontroller
02-15 11:18:26.915  5057  5109 D UE4     : [GameActivity] Used memory: 118265
02-15 11:18:26.917  5057  5108 D UE4     : LogAndroidEvents::EnqueueAppEvent : 11, [width=-1, height=-1], tid = 5108, APP_EVENT_STATE_WINDOW_GAINED_FOCUS
02-15 11:18:26.917  5057  5108 D UE4     : LogAndroidEvents::EnqueueAppEvent : 14, [width=-1, height=-1], tid = 5108, APP_EVENT_STATE_APP_ACTIVATED
02-15 11:18:26.917  5057  5108 D UE4     : LogAndroidEvents::EnqueueAppEvent : 15, [width=-1, height=-1], tid = 5108, APP_EVENT_RUN_CALLBACK
02-15 11:18:26.921  1022  1118 I ActivityTaskManager: Displayed com.YourCompany.KilncroftLane/com.epicgames.ue4.GameActivity: +577ms
02-15 11:18:26.922   720   791 I android.hardware.power@1.3-service-libperfmgr: Ignoring hint 2
02-15 11:18:26.922  2193  2214 W LibraryProvider: Cannot find entitlement for com.android.permissioncontroller
02-15 11:18:26.923  2133  2133 W OVRLibrary: null cursor received for query content://com.oculus.ocms.library/apps/com.android.permissioncontroller
02-15 11:18:26.923  2133  2133 I PlatformPlugin: [PlatformPluginManager] SetSystemVoipPassthrough 0
02-15 11:18:26.923  2133  2133 I OVRPlatform: [PartyChatWebRTC] PartyChatSetPassthrough 0
02-15 11:18:26.924  2133  3941 I OVRPlatform: [PartyChatWebRTC] Updating playback mode to 1
02-15 11:18:26.924  2133  2133 E OVRPlatform: [PartiesAPI] ovr_Party_PluginGetSharedMemHandle: This function is deprecated, do not use
02-15 11:18:26.925  2133  2133 E OVRMediaServiceManager: LivestreamingManager Not initialized
02-15 11:18:26.926   720   791 D android.hardware.power@1.3-service-libperfmgr: LAUNCH OFF
02-15 11:18:26.927  1936  2295 I PerformanceManager: SetClockLevels: Apply pending clock request change: -1,-1 -> 1,1
02-15 11:18:26.927  1936  2034 I Clocks  : LockClocks( cpu=1, gpu=1 ) - start
02-15 11:18:26.928  1936  2034 I Clocks  : CPU levels [0, 4]
02-15 11:18:26.928  1936  2034 I Clocks  : GPU levels [0, 5]
02-15 11:18:26.929   720   791 D android.hardware.power@1.3-service-libperfmgr: set performance level 1, domain 0
02-15 11:18:26.930  1936  2034 I Clocks  : LockClocks( cpu=1, gpu=1 ) - end (2.3 ms)
02-15 11:18:26.930   720   791 D android.hardware.power@1.3-service-libperfmgr: set performance level 1, domain 1
02-15 11:18:26.999  2133  2133 I PlatformPlugin: [PlatformPluginManager] Stopping party chat
02-15 11:18:26.999  2133  2133 I OVRPlatform: [PartyChatInterchangeable] Stop PartyChat.
02-15 11:18:27.052   802  1772 I [CT]    : CONSTELLATION:IMU_STATUS: b298f93898a8d8b4: [FusionTracked=1.000, OutputTracked=1.000, OutputValid=1.000] [AccelSat=0.000, GyroSat=0.000] 
02-15 11:18:27.056   802  1772 I [CT]    : CONSTELLATION:IMU_STATUS: d1a68fb151f50abc: [FusionTracked=1.000, OutputTracked=1.000, OutputValid=1.000] [AccelSat=0.000, GyroSat=0.000] 
02-15 11:18:27.101  5057  5107 D UE4     : EGL Extensions: 
02-15 11:18:27.101  5057  5107 D UE4     : EGL_KHR_get_all_proc_addresses EGL_ANDROID_presentation_time EGL_KHR_swap_buffers_with_damage EGL_ANDROID_get_native_client_buffer EGL_ANDROID_front_buffer_auto_refresh EGL_ANDROID_get_frame_timestamps EGL_EXT_surface_SMPTE2086_metadata EGL_EXT_surface_CTA861_3_metadata EGL_KHR_image EGL_KHR_image_base EGL_EXT_image_gl_colorspace EGL_KHR_lock_surface EGL_KHR_gl_colorspace EGL_KHR_gl_texture_2D_image EGL_KHR_gl_texture_3D_image EGL_KHR_gl_texture_cubemap_image EGL_KHR_gl_renderbuffer_image EGL_KHR_reusable_sync EGL_KHR_fence_sync EGL_KHR_create_context EGL_KHR_surfaceless_context EGL_EXT_create_context_robustness EGL_ANDROID_image_native_buffer EGL_KHR_wait_sync EGL_ANDROID_recordable EGL_KHR_partial_update EGL_EXT_pixel_format_float EGL_KHR_create_context_no_error EGL_KHR_mutable_render_buffer EGL_EXT_yuv_surface EGL_EXT_protected_content EGL_IMG_context_priority EGL_KHR_no_config_context 
02-15 11:18:27.104  5057  5107 D UE4     : FAndroidGPUInfo
02-15 11:18:27.104  5057  5107 D UE4     : AndroidEGL::InitSurface 0, 0
02-15 11:18:27.104  5057  5107 D UE4     : AndroidEGL::InitSurface, Using width: 3664, height 1920 
02-15 11:18:27.104  5057  5107 D UE4     : [GameActivity] [JAVA] - SetDesiredViewSize width=3664 and height=1920
02-15 11:18:27.104  5057  5107 D UE4     : AndroidEGL::InitSurface, wnd: 0xc3b00808, width: 3664, height 1920 
02-15 11:18:27.104  5057  5107 D UE4     : AndroidEGL::CreateEGLSurface(0), eglSurface = eglCreatePbufferSurface(), 8x8
02-15 11:18:27.104  5057  5107 D UE4     : AndroidEGL::CreateEGLSurface(0), auxSurface = eglCreatePbufferSurface(), 8x8
02-15 11:18:27.103  5057  5057 W Thread-2: type=1400 audit(0.0:56): avc: granted { read } for name="u:object_r:net_dns_prop:s0" dev="tmpfs" ino=15823 scontext=u:r:untrusted_app_25:s0:c512,c768 tcontext=u:object_r:net_dns_prop:s0 tclass=file
02-15 11:18:27.103  5057  5057 W Thread-2: type=1400 audit(0.0:57): avc: granted { read } for name="u:object_r:net_dns_prop:s0" dev="tmpfs" ino=15823 scontext=u:r:untrusted_app_25:s0:c512,c768 tcontext=u:object_r:net_dns_prop:s0 tclass=file
02-15 11:18:27.103  5057  5057 W Thread-2: type=1400 audit(0.0:58): avc: granted { read } for path="/dev/__properties__/u:object_r:net_dns_prop:s0" dev="tmpfs" ino=15823 scontext=u:r:untrusted_app_25:s0:c512,c768 tcontext=u:object_r:net_dns_prop:s0 tclass=file
02-15 11:18:27.103  5057  5057 W Thread-2: type=1400 audit(0.0:59): avc: granted { read } for path="/dev/__properties__/u:object_r:net_dns_prop:s0" dev="tmpfs" ino=15823 scontext=u:r:untrusted_app_25:s0:c512,c768 tcontext=u:object_r:net_dns_prop:s0 tclass=file
02-15 11:18:27.121  5057  5107 D vulkan  : searching for layers in '/data/app/com.YourCompany.KilncroftLane-_LbIOtDVXZGDuoBCzUbAvA==/lib/arm'
02-15 11:18:27.121  5057  5107 D vulkan  : searching for layers in '/data/app/com.YourCompany.KilncroftLane-_LbIOtDVXZGDuoBCzUbAvA==/base.apk!/lib/armeabi-v7a'
02-15 11:18:27.124  5057  5107 I AdrenoVK-0: ===== BEGIN DUMP OF OVERRIDDEN SETTINGS =====
02-15 11:18:27.124  5057  5107 I AdrenoVK-0: ===== END DUMP OF OVERRIDDEN SETTINGS =====
02-15 11:18:27.125  5057  5107 I AdrenoVK-0: QUALCOMM build          : 09c6a36, I5e696c022b
02-15 11:18:27.125  5057  5107 I AdrenoVK-0: Build Date              : 12/07/20
02-15 11:18:27.125  5057  5107 I AdrenoVK-0: Shader Compiler Version : EV031.35.01.02
02-15 11:18:27.125  5057  5107 I AdrenoVK-0: Local Branch            : 
02-15 11:18:27.125  5057  5107 I AdrenoVK-0: Remote Branch           : refs/tags/AU_LINUX_ANDROID_LA.UM.8.12.R1.10.00.00.561.144
02-15 11:18:27.125  5057  5107 I AdrenoVK-0: Remote Branch           : NONE
02-15 11:18:27.125  5057  5107 I AdrenoVK-0: Reconstruct Branch      : NOTHING
02-15 11:18:27.125  5057  5107 I AdrenoVK-0: Build Config            : S P 8.0.12 AArch32
02-15 11:18:27.125  5057  5107 I AdrenoVK-0: Driver Path             : /vendor/lib/hw/vulkan.kona.so
02-15 11:18:27.273  5057  5107 D UE4     : LogPluginManager: Mounting plugin Paper2D
02-15 11:18:27.325  5057  5107 D UE4     : LogPluginManager: Mounting plugin AISupport
02-15 11:18:27.328  5057  5107 D UE4     : LogPluginManager: Mounting plugin LightPropagationVolume
02-15 11:18:27.331  5057  5107 D UE4     : LogPluginManager: Mounting plugin AnimationSharing
02-15 11:18:27.334  5057  5107 D UE4     : LogPluginManager: Mounting plugin UObjectPlugin
02-15 11:18:27.337  5057  5107 D UE4     : LogPluginManager: Mounting plugin AssetManagerEditor
02-15 11:18:27.341  5057  5107 D UE4     : LogPluginManager: Mounting plugin EditorScriptingUtilities
02-15 11:18:27.349  5057  5107 D UE4     : LogPluginManager: Mounting plugin FacialAnimation
02-15 11:18:27.353  5057  5107 D UE4     : LogPluginManager: Mounting plugin GeometryMode
02-15 11:18:27.356  5057  5107 D UE4     : LogPluginManager: Mounting plugin DatasmithContent
02-15 11:18:27.359  5057  5107 D UE4     : LogPluginManager: Mounting plugin VariantManagerContent
02-15 11:18:27.365  5057  5107 D UE4     : LogPluginManager: Mounting plugin AlembicImporter
02-15 11:18:27.369  5057  5107 D UE4     : LogPluginManager: Mounting plugin AutomationUtils
02-15 11:18:27.372  5057  5107 D UE4     : LogPluginManager: Mounting plugin BackChannel
02-15 11:18:27.372   724   724 E WifiHAL : handleResponse: OTHER_RX_MULTICAST_CNT not found
02-15 11:18:27.375  5057  5107 D UE4     : LogPluginManager: Mounting plugin ChaosCloth
02-15 11:18:27.377   724   724 E WifiHAL : wifi_get_ring_data: Error -5 happened. 
02-15 11:18:27.378  1022  1470 E WifiVendorHal: getRingBufferData(l.1675) failed {.code = ERROR_INVALID_ARGS, .description = }
02-15 11:18:27.378  5057  5107 D UE4     : LogPluginManager: Mounting plugin ChaosClothEditor
02-15 11:18:27.381  5057  5107 D UE4     : LogPluginManager: Mounting plugin ChaosEditor
02-15 11:18:27.384  5057  5107 D UE4     : LogPluginManager: Mounting plugin ChaosNiagara
02-15 11:18:27.387  5057  5107 D UE4     : LogPluginManager: Mounting plugin ChaosSolverPlugin
02-15 11:18:27.390  5057  5107 D UE4     : LogPluginManager: Mounting plugin CharacterAI
02-15 11:18:27.393  5057  5107 D UE4     : LogPluginManager: Mounting plugin GeometryCache
02-15 11:18:27.396  5057  5107 D UE4     : LogPluginManager: Mounting plugin GeometryCollectionPlugin
02-15 11:18:27.397   680  5167 E ResolverController: No valid NAT64 prefix (100, <unspecified>/0)
02-15 11:18:27.399  5057  5107 D UE4     : LogPluginManager: Mounting plugin GeometryProcessing
02-15 11:18:27.400   680  5169 E ResolverController: No valid NAT64 prefix (100, <unspecified>/0)
02-15 11:18:27.402  5057  5107 D UE4     : LogPluginManager: Mounting plugin PlanarCut
02-15 11:18:27.403   680  5171 E ResolverController: No valid NAT64 prefix (100, <unspecified>/0)
02-15 11:18:27.405  5057  5107 D UE4     : LogPluginManager: Mounting plugin PlatformCrypto
02-15 11:18:27.406   680  5173 E ResolverController: No valid NAT64 prefix (100, <unspecified>/0)
02-15 11:18:27.407  5057  5107 D UE4     : LogPluginManager: Mounting plugin Niagara
02-15 11:18:27.409   680  5176 E ResolverController: No valid NAT64 prefix (100, <unspecified>/0)
02-15 11:18:27.415  1022  1470 D wifi-jni: no kernel logs
02-15 11:18:27.416   680  5178 E ResolverController: No valid NAT64 prefix (100, <unspecified>/0)
02-15 11:18:27.416  5057  5107 D UE4     : LogPluginManager: Mounting plugin AndroidMedia
02-15 11:18:27.418   680  5180 E ResolverController: No valid NAT64 prefix (100, <unspecified>/0)
02-15 11:18:27.418  5057  5107 D UE4     : LogPluginManager: Mounting plugin ImgMedia
02-15 11:18:27.421  5057  5107 D UE4     : LogPluginManager: Mounting plugin MediaCompositing
02-15 11:18:27.422   680  5182 E ResolverController: No valid NAT64 prefix (100, <unspecified>/0)
02-15 11:18:27.424  5057  5107 D UE4     : LogPluginManager: Mounting plugin MeshPainting
02-15 11:18:27.426   680  5184 E ResolverController: No valid NAT64 prefix (100, <unspecified>/0)
02-15 11:18:27.427  5057  5107 D UE4     : LogPluginManager: Mounting plugin TcpMessaging
02-15 11:18:27.430   680  5186 E ResolverController: No valid NAT64 prefix (100, <unspecified>/0)
02-15 11:18:27.430  5057  5107 D UE4     : LogPluginManager: Mounting plugin UdpMessaging
02-15 11:18:27.433   680  5188 E ResolverController: No valid NAT64 prefix (100, <unspecified>/0)
02-15 11:18:27.433  5057  5107 D UE4     : LogPluginManager: Mounting plugin ActorSequence
02-15 11:18:27.436  5057  5107 D UE4     : LogPluginManager: Mounting plugin LevelSequenceEditor
02-15 11:18:27.437   680  5190 E ResolverController: No valid NAT64 prefix (100, <unspecified>/0)
02-15 11:18:27.439  5057  5107 D UE4     : LogPluginManager: Mounting plugin MatineeToLevelSequence
02-15 11:18:27.440   680  5192 E ResolverController: No valid NAT64 prefix (100, <unspecified>/0)
02-15 11:18:27.442  5057  5107 D UE4     : LogPluginManager: Mounting plugin MovieRenderPipeline
02-15 11:18:27.444   680  5194 E ResolverController: No valid NAT64 prefix (100, <unspecified>/0)
02-15 11:18:27.445  5057  5107 D UE4     : LogPluginManager: Mounting plugin TemplateSequence
02-15 11:18:27.448  5057  5107 D UE4     : LogPluginManager: Mounting plugin NetcodeUnitTest
02-15 11:18:27.449   680  5196 E ResolverController: No valid NAT64 prefix (100, <unspecified>/0)
02-15 11:18:27.451  5057  5107 D UE4     : LogPluginManager: Mounting plugin OnlineSubsystemGooglePlay
02-15 11:18:27.454   680  5198 E ResolverController: No valid NAT64 prefix (100, <unspecified>/0)
02-15 11:18:27.454  5057  5107 D UE4     : LogPluginManager: Mounting plugin OnlineSubsystem
02-15 11:18:27.457  5057  5107 D UE4     : LogPluginManager: Mounting plugin OnlineSubsystemNull
02-15 11:18:27.457   680  5200 E ResolverController: No valid NAT64 prefix (100, <unspecified>/0)
02-15 11:18:27.460  5057  5107 D UE4     : LogPluginManager: Mounting plugin OnlineSubsystemUtils
02-15 11:18:27.460   680  5202 E ResolverController: No valid NAT64 prefix (100, <unspecified>/0)
02-15 11:18:27.463  5057  5107 D UE4     : LogPluginManager: Mounting plugin AndroidDeviceProfileSelector
02-15 11:18:27.464   680  5204 E ResolverController: No valid NAT64 prefix (100, <unspecified>/0)
02-15 11:18:27.466  5057  5107 D UE4     : LogPluginManager: Mounting plugin AndroidMoviePlayer
02-15 11:18:27.467   680  5206 E ResolverController: No valid NAT64 prefix (100, <unspecified>/0)
02-15 11:18:27.468  5057  5107 D UE4     : LogPluginManager: Mounting plugin AndroidPermission
02-15 11:18:27.470   680  5208 E ResolverController: No valid NAT64 prefix (100, <unspecified>/0)
02-15 11:18:27.471  5057  5107 D UE4     : LogPluginManager: Mounting plugin AppleImageUtils
02-15 11:18:27.474   680  5210 E ResolverController: No valid NAT64 prefix (100, <unspecified>/0)
02-15 11:18:27.474  5057  5107 D UE4     : LogPluginManager: Mounting plugin ArchVisCharacter
02-15 11:18:27.477  5057  5107 D UE4     : LogPluginManager: Mounting plugin AssetTags
02-15 11:18:27.480  5057  5107 D UE4     : LogPluginManager: Mounting plugin AudioCapture
02-15 11:18:27.483  5057  5107 D UE4     : LogPluginManager: Mounting plugin CableComponent
02-15 11:18:27.485  5057  5107 D UE4     : LogPluginManager: Mounting plugin CustomMeshComponent
02-15 11:18:27.488  5057  5107 D UE4     : LogPluginManager: Mounting plugin EditableMesh
02-15 11:18:27.491  5057  5107 D UE4     : LogPluginManager: Mounting plugin ExampleDeviceProfileSelector
02-15 11:18:27.494  5057  5107 D UE4     : LogPluginManager: Mounting plugin GoogleCloudMessaging
02-15 11:18:27.497  5057  5107 D UE4     : LogPluginManager: Mounting plugin GooglePAD
02-15 11:18:27.500  5057  5107 D UE4     : LogPluginManager: Mounting plugin LocationServicesBPLibrary
02-15 11:18:27.502  5057  5107 D UE4     : LogPluginManager: Mounting plugin MobilePatchingUtils
02-15 11:18:27.505  5057  5107 D UE4     : LogPluginManager: Mounting plugin OculusVR
02-15 11:18:27.512  5057  5107 D UE4     : LogPluginManager: Mounting plugin PhysXVehicles
02-15 11:18:27.519  5057  5107 D UE4     : LogPluginManager: Mounting plugin ProceduralMeshComponent
02-15 11:18:27.522  5057  5107 D UE4     : LogPluginManager: Mounting plugin RuntimePhysXCooking
02-15 11:18:27.525  1022  1156 V DisplayPowerController: Brightness [255] reason changing to: 'manual', previous reason: 'override'.
02-15 11:18:27.525  5057  5107 D UE4     : LogPluginManager: Mounting plugin SignificanceManager
02-15 11:18:27.528  5057  5107 D UE4     : LogPluginManager: Mounting plugin SoundFields
02-15 11:18:27.531  5057  5107 D UE4     : LogPluginManager: Mounting plugin Synthesis
02-15 11:18:27.537  5057  5107 D UE4     : LogPluginManager: Mounting plugin ScreenshotTools
02-15 11:18:27.558  2617  2617 I VrApi   : ------------ vrapi_Shutdown [start] -----------
02-15 11:18:27.558  2617  2617 I TREX    : Shutting down system...
02-15 11:18:27.558  2617  2617 I TREX    : Shutting down interface manager.
02-15 11:18:27.558  2617  2617 D SystemActivitiesReceiver: Unregistering Oculus System Activity receiver
02-15 11:18:27.559  2617  2617 I AudioCapture: AudioCapture::Shutdown
02-15 11:18:27.559  2617  2617 I AudioCapture: AudioCapture::StopAudioConsumerThread
02-15 11:18:27.559  2617  2617 I AudioCapture: AudioCapture::StopAudioConsumerThread COMPLETE
02-15 11:18:27.559  2617  2617 I AudioCapture: AudioCapture::Shutdown COMPLETE
02-15 11:18:27.559  2617  2617 D VrRuntimeClient: VrRuntimeClient: shutdown.
02-15 11:18:27.560  2617  2617 D VrRuntimeClient: VrRuntimeClient: Performing disconnect
02-15 11:18:27.560  1936  1996 D VrRuntimeService: VrRuntimeService: destroyClientInternal: com.android.permissioncontroller, pid: 2617, window: null
02-15 11:18:27.560  1936  1996 I ClientMgr: ClientMgr::DestroyClient: 2617:com.android.permissioncontroller
02-15 11:18:27.560  1936  1996 I ClientMgr: ClientMgr::DestroyClient: non-deferred ShutdownResources: 103 == 103 
02-15 11:18:27.560  1936  1996 I VrRuntimeServer: UnRegisterCompositorClient client(7)
02-15 11:18:27.563  2352  2439 I GuardianSystem: runtimeServiceSDKClient_.ActiveClientDestroyedEventData: com.android.permissioncontroller
02-15 11:18:27.563  2352  2439 I GuardianSystem: OnDestroyActiveClient: com.android.permissioncontroller
02-15 11:18:27.563  2352  2439 I GuardianSystem: OnDestroyActiveClient: Clearing return package because owning client was destroyed: com.android.permissioncontroller
02-15 11:18:27.563  2352  2439 I GuardianSystem: GuardianSystem::GuardianCmd 14
02-15 11:18:27.566  1936  1996 I UnifiedTelemetryWrapper: Stopped UT session lifetime:com.android.permissioncontroller
02-15 11:18:27.569  2617  2617 I VrRuntimeClient: nativeRuntimeServiceConnected: publicReadOnlyFd=-1, privateReadWriteFd=-1
02-15 11:18:27.571  2617  2617 I VrGuardianClient: Shutdown
02-15 11:18:27.571  2617  2617 I RuntimeIPCClientMgr: RPCClient: Shutdown: Client: com.android.permissioncontroller:com.android.permissioncontroller, Server: com.oculus.guardian:com.oculus.vrguardianservice (guardianserver)
