03-24 10:27:20.147  2275  2321 I [OAO] PanelAppHost: Passing env var _oc_gk:oculus_vrshell_draw_controllers_in_passthrough = false
03-24 10:27:20.147  2275  2321 I [OAO] PanelAppHost: Passing env var _oc_gk:oculus_is_trusted_user = false
03-24 10:27:20.147  2275  2321 I [OAO] PanelAppHost: Passing env var _oc_gk:oculus_vrshell_enable_social_platform_app_routing = true
03-24 10:27:20.147  2275  2321 I [OAO] PanelAppHost: Passing env var _oc_gk:oculus_panel_adaptability = false
03-24 10:27:20.147  2275  2321 I [OAO] PanelAppHost: Passing env var _oc_gk:oculus_mobile_auiv2_active_call_bar_buttons = false
03-24 10:27:20.147  2275  2321 I [OAO] PanelAppHost: Passing env var _oc_gk:oculus_vrshell_managed_launcher = false
03-24 10:27:20.147  2275  2321 I [OAO] PanelAppHost: Passing env var _oc_gk:oculus_quest_passthrough_background_quickboot = false
03-24 10:27:20.147  2275  2321 I [OAO] PanelAppHost: Passing env var _oc_gk:oculus_enable_non_generic_react_dialog_panel_apps = true
03-24 10:27:20.147  2275  2321 I [OAO] PanelAppHost: Passing env var _oc_gk:oc_vrshell_enable_social_platform_device_config = false
03-24 10:27:20.147  2275  2321 I [OAO] PanelAppHost: Passing env var _oc_gk:oculus_vrshell_env_stage_locked = false
03-24 10:27:20.147  2275  2321 I [OAO] PanelAppHost: Passing env var _oc_gk:oculus_aui2_fb_profile_presence = true
03-24 10:27:20.147  2275  2321 I [OAO] PanelAppHost: Passing env var _oc_gk:oc_shellenv_as_default = true
03-24 10:27:20.147  2275  2321 I [OAO] PanelAppHost: Passing env var _oc_gk:oc_enable_social_platform_parties = false
03-24 10:27:20.147  2275  2321 I [OAO] PanelAppHost: Passing env var _oc_gk:oculus_browser_raw_key_events = true
03-24 10:27:20.147  2275  2321 I [OAO] PanelAppHost: Passing env var _oc_gk:oculus_home_oculus_employees = false
03-24 10:27:20.147  2275  2321 I [OAO] PanelAppHost: Passing env var _oc_gk:oc_relogin = false
03-24 10:27:20.147  2275  2321 I [OAO] PanelAppHost: Passing env var _oc_gk:assistant_view_commands_on_oculus = false
03-24 10:27:20.147  2275  2321 I [OAO] PanelAppHost: Passing env var _oc_gk:oculus_video_enable_avr4vbr = false
03-24 10:27:20.147  2275  2321 I [OAO] PanelAppHost: Passing env var _oc_gk:oculus_uss_enable_recent_destinations = true
03-24 10:27:20.147  2275  2321 I [OAO] PanelAppHost: Passing env var _oc_gk:oculus_duc_library_ui_notice_mobile = true
03-24 10:27:20.147  2275  2321 I [OAO] PanelAppHost: Passing env var _oc_gk:oculus_vrshell_aui_standalone_apps_v2 = false
03-24 10:27:20.147  2275  2321 I [OAO] PanelAppHost: Passing env var _oc_gk:oc_enable_socialplatform_mediaupload_without_infra = false
03-24 10:27:20.147  2275  2321 I [OAO] PanelAppHost: Passing env var _oc_gk:oc_enable_social_platform_media_uploader = false
03-24 10:27:20.147  2275  2321 I [OAO] PanelAppHost: Passing env var _oc_gk:oculus_video_enable_smooth_track_selection = true
03-24 10:27:20.147  2275  2321 I [OAO] PanelAppHost: Passing env var _oc_shell_host = minimal_overlay
03-24 10:27:20.147  2275  2321 I [OAO] PanelAppHost: Passing env var _oc_shell_panel_id = 0
03-24 10:27:20.147  2275  2321 I [OAO] PanelAppHost: Calling sendPanelLaunchIntent for panel app com.oculus.systemux/com.oculus.panelapp.anytimeui.AnytimeUIAndroidPanelService
03-24 10:27:20.147  2275  2321 D [OAO] ShellApplication: sendApkPanelLaunchIntent: packageName=com.oculus.systemux, serviceClassName=com.oculus.panelapp.anytimeui.AnytimeUIAndroidPanelService
03-24 10:27:20.149  2275  2321 D [OAO] PanelServiceConnection: getSystemProcessUidForCurrentUser: 'android' systemUid = 1000
03-24 10:27:20.149  2275  2321 D [OAO] ShellApplication: bindService Intent { cmp=com.oculus.systemux/com.oculus.panelapp.anytimeui.AnytimeUIAndroidPanelService }
03-24 10:27:20.152  2275  2321 D [OAO] ShellApplication: notify OS to set com.oculus.systemux/com.oculus.panelapp.anytimeui.AnytimeUIAndroidPanelService to FOREGROUND
03-24 10:27:20.153  3067  3067 D CppPanelService: START load of libpanelappsdk.so
03-24 10:27:20.153  2275  2321 I [OAO] PanelAppHost: Setting panel layer visibility of layer "#main" to invisible
03-24 10:27:20.153  2275  2321 I [OAO] PanelAppHost: Setting panel layer visibility of layer "tablet" to invisible
03-24 10:27:20.153  2275  2321 I [OAO] PanelAppHost: Setting panel layer visibility of layer "tabletNav" to invisible
03-24 10:27:20.153  2275  2321 I [OAO] PanelAppHost: Setting panel layer visibility of layer "tabletContent" to invisible
03-24 10:27:20.153  2275  2321 I [OAO] PanelAppHost: For layer tablet applying new layerTransform:
03-24 10:27:20.153  2275  2321 I [OAO] PanelAppHost: [0.452169][0.000000][0.000000][0.000000]
03-24 10:27:20.153  2275  2321 I [OAO] PanelAppHost: [0.000000][0.200179][0.000000][0.200179]
03-24 10:27:20.153  2275  2321 I [OAO] PanelAppHost: [0.000000][0.000000][1.000000][0.000000]
03-24 10:27:20.153  2275  2321 I [OAO] PanelAppHost: [0.000000][0.000000][0.000000][1.000000]
03-24 10:27:20.153  2275  2321 I [OAO] PanelRenderLayer: Using layerTransform 2. layerWidth:0 , layerHeight:0
03-24 10:27:20.153  2275  2321 I [OAO] PanelAppHost: For layer tabletNav applying new layerTransform:
03-24 10:27:20.153  2275  2321 I [OAO] PanelAppHost: [0.127173][0.000000][0.000000][-0.324997]
03-24 10:27:20.153  2275  2321 I [OAO] PanelAppHost: [0.000000][0.200179][0.000000][0.200179]
03-24 10:27:20.153  2275  2321 I [OAO] PanelAppHost: [0.000000][0.000000][1.000000][0.000000]
03-24 10:27:20.153  2275  2321 I [OAO] PanelAppHost: [0.000000][0.000000][0.000000][1.000000]
03-24 10:27:20.153  2275  2321 I [OAO] PanelRenderLayer: Using layerTransform 2. layerWidth:0 , layerHeight:0
03-24 10:27:20.153  2275  2321 I [OAO] PanelAppHost: For layer tabletContent applying new layerTransform:
03-24 10:27:20.153  2275  2321 I [OAO] PanelAppHost: [0.324997][0.000000][0.000000][0.125995]
03-24 10:27:20.153  2275  2321 I [OAO] PanelAppHost: [0.000000][0.200179][0.000000][0.200179]
03-24 10:27:20.153  2275  2321 I [OAO] PanelAppHost: [0.000000][0.000000][1.000000][0.000100]
03-24 10:27:20.153  2275  2321 I [OAO] PanelAppHost: [0.000000][0.000000][0.000000][1.000000]
03-24 10:27:20.153  2275  2321 I [OAO] PanelRenderLayer: Using layerTransform 2. layerWidth:0 , layerHeight:0
03-24 10:27:20.154  2275  2321 I [OAO] FlowController: UpdateActiveFlow from (none) to OverlayNonModalFlow
03-24 10:27:20.154  2275  2321 I [OAO] OverlayNonModalFlow: Activated
03-24 10:27:20.154  2275  2321 I [OAO] ShellOverlayApp: ResolveInteractionState: change from None to Rendering
03-24 10:27:20.154  2275  2321 I [OAO] ShellOverlayApp: EnterVrMode
03-24 10:27:20.154  2275  2321 I [OAO] VrPlatformVrApi: VrPlatformVrApi::SessionBegin
03-24 10:27:20.154  2275  2321 I [OAO] VrPlatformVrApi: vrapi_EnterVrMode()
03-24 10:27:20.154  2275  2321 I VrApi   : ---------- vrapi_EnterVrMode [start] ----------
03-24 10:27:20.154  2275  2321 I VrRuntimeClient: Tracing is disabled
03-24 10:27:20.154  2275  2321 I VrRuntimeClient: SysProp debug mode is disabled on Client side
03-24 10:27:20.155  2275  2321 D VrApi   : targetSDKVersion 27
03-24 10:27:20.155   683  1356 I netd    : firewallSetUidRule(2, 10026, 1) <0.03ms>
03-24 10:27:20.156  2275  2321 I VrRuntimeClient: DEVICE MODEL NUMBER = Quest 2
03-24 10:27:20.157  2275  2321 I VrRuntimeClient: DEVICE HARDWARE = hollywood
03-24 10:27:20.157  2275  2321 I VrRuntimeClient: DEVICE BUILD NAME = user-1462400.7360.0
03-24 10:27:20.157  2275  2321 I VrRuntimeClient: DEVICE BUILD TYPE = user
03-24 10:27:20.157  2275  2321 I VrRuntimeClient: DEVICE OS VERSION = 10
03-24 10:27:20.157  2275  2321 I VrRuntimeClient: VRRUNTIME VERSION = VRAPI_VERSION_BEGIN { 1.1.43.0-274987955-274987955 Feb 23 2021 19:56:04 Development } RELEASE
03-24 10:27:20.157  2275  2321 I VrRuntimeClient: API LOADER VERSION = 1.1.34.0
03-24 10:27:20.157  2275  2321 I VrRuntimeClient: VRDRIVER VERSION = 26.0.0.41.502
03-24 10:27:20.157  2275  2321 I VrRuntimeClient: APP NAME = Oculus App Runtime
03-24 10:27:20.157  2275  2321 I VrRuntimeClient: APP VERSION = 26.0.0.40.502 versionCode 274988282 internalVersionName 26.0.0.40.502.3d49ffb6cc0f 2021_02_23_19_55
03-24 10:27:20.157  2275  2321 I VrRuntimeClient: APP VR TYPE = vr_only
03-24 10:27:20.157  2275  2321 I VrRuntimeClient: APP MODE TYPE = VR
03-24 10:27:20.157  2275  2321 I VrRuntimeClient: APP PACKAGE NAME = com.oculus.vrshell
03-24 10:27:20.157  2275  2321 I VrRuntimeClient: APP ACTIVITY CLASS = com.oculus.os.WindowTokenContext
03-24 10:27:20.157  2275  2321 I Sensor  : OSSDKTRACKING Initializing head tracking
03-24 10:27:20.157  2275  2321 D OsSdk   : TrackingServiceConnection ctor
03-24 10:27:20.157  2275  2321 I Sensor  : OSSDKTRACKING Head tracker != nullpointer 0xd25ce91c, 1
03-24 10:27:20.157  2275  2321 I Sensor  : OSSDKTRACKING Initializing controller tracking
03-24 10:27:20.157  2275  2321 I Sensor  : OSSDKTRACKING Controller tracker != nullpointer 0xb77042c0, 1
03-24 10:27:20.157  2275  2321 D BatteryReceiver: Registering battery receiver
03-24 10:27:20.159  2275  2321 D HeadsetReceiver: getCurrentHeadsetState: false
03-24 10:27:20.159  2275  2321 I DeviceStatus: nativeHeadsetEvent(0)
03-24 10:27:20.160  2275  2321 I LatencySequenceLogger: handPoseLatency0 - Logger reset. Session ID: 33666027214
03-24 10:27:20.160  2275  2321 I LatencySequenceLogger: pointerPoseLatency0 - Logger reset. Session ID: 103819408444
03-24 10:27:20.160  2275  2321 I LatencySequenceLogger: handPoseLatency1 - Logger reset. Session ID: 41622723845
03-24 10:27:20.160  2275  2321 I LatencySequenceLogger: pointerPoseLatency1 - Logger reset. Session ID: 126506082461
03-24 10:27:20.160  2275  2321 I LatencySequenceLogger: gfrLatency - Logger reset. Session ID: 119066605810
03-24 10:27:20.160  2275  2321 I LatencySequenceLogger: trackedRemoteLatency0 - Logger reset. Session ID: 39240950715
03-24 10:27:20.160  2275  2321 I LatencySequenceLogger: trackedRemoteLatency1 - Logger reset. Session ID: 107953157048
03-24 10:27:20.161  2275  2321 I ClientInputInterface: DEADRECKONING SetControllerTrackingExtendedDeadreckoning 0
03-24 10:27:20.161  2275  2321 D InputHooksJava: Enabling Java Input Hooks
03-24 10:27:20.162  2275  2321 W InputHooksJava: Unable to enable input hooks on a non-Activity Context
03-24 10:27:20.162  3067  3067 I CppPanelService: JNI_OnLoad()
03-24 10:27:20.162  3067  3067 D CppPanelService: END load of libpanelappsdk.so
03-24 10:27:20.162  3067  3067 D CppPanelService: PanelService()
03-24 10:27:20.168  2275  2321 I RuntimeHelpers: OSSDKTRACKING querying use OSSDKTracking with default of '1'
03-24 10:27:20.168  2275  2321 I RuntimeHelpers: OSSDKTRACKING Setting ResultUseOSSDKTracking to 1
03-24 10:27:20.168  2275  2321 I InputDevice_TrackedRemote: OSSDKTRACKING Initializing Haptics
03-24 10:27:20.168  2275  2321 I InputDevice_TrackedRemote: OSSDKTRACKING Haptics != nullpointer 0xb76fee00, 1
03-24 10:27:20.168  2275  2321 I InputDevice_TrackedRemote: OSSDKTRACKING Initializing Haptics
03-24 10:27:20.168  2275  2321 I InputDevice_TrackedRemote: OSSDKTRACKING Haptics != nullpointer 0xb7704340, 1
03-24 10:27:20.168  2275  2321 I InputDeviceManager: ovrInputDeviceManager::Initialize
03-24 10:27:20.168  2275  2321 I RuntimeHelpers: OSSDKTRACKING querying use OSSDKTracking with default of '1'
03-24 10:27:20.168  2275  2321 I RuntimeHelpers: OSSDKTRACKING Setting ResultUseOSSDKTracking to 1
03-24 10:27:20.168  2275  2321 I HandDataQuerier: OSSDKTRACKING Initializing HandsTracker
03-24 10:27:20.168  2275  2321 I HandDataQuerier: OSSDKTRACKING HandsTracker != nullpointer 0xb778e940, 1
03-24 10:27:20.168  2275  2321 I HandDataQuerier: OSSDKTRACKING Initializing HandsTracker
03-24 10:27:20.168  2275  2321 I HandDataQuerier: OSSDKTRACKING HandsTracker != nullpointer 0xb778e990, 1
03-24 10:27:20.168  2275  2321 I InputDeviceManager: HANDTRACKING packagename is com.oculus.vrshell
03-24 10:27:20.168  2275  8502 I RuntimeHelpers: OSSDKTRACKING querying use OSSDKTracking with default of '1'
03-24 10:27:20.168  2275  8502 I RuntimeHelpers: OSSDKTRACKING Setting ResultUseOSSDKTracking to 1
03-24 10:27:20.170  2275  2321 I InputDeviceManager: HANDTRACKING: Manifest Permission request for com.oculus.vrshell
03-24 10:27:20.170  2275  2321 I InputDeviceManager: HANDTRACKING:  'com.oculus.vrshell' Is hands or controller.
03-24 10:27:20.170  2275  2321 I InputDeviceManager: HANDTRACKING: feature flag set to 2
03-24 10:27:20.170  2275  2321 I ClientInputInterface: HANDTRACKING sethandmanifest 2
03-24 10:27:20.170  2275  8502 I InputDeviceManager: HANDTRACKING Pose filter profile changed to: 0
03-24 10:27:20.171   843   843 I TrackingService: TrackingService::getSharedMemoryFileDescriptor
03-24 10:27:20.171   843   843 I TrackingService: TrackingService::registerClient
03-24 10:27:20.171   843   843 I TrackingService: Registering client with TrackingServiceHost (com.oculus.vrshell#2275)
03-24 10:27:20.171   843   843 I TrackingService: TrackingServiceHost GetSharedMemoryFileDescriptor for client com.oculus.vrshell#2275
03-24 10:27:20.171   843   843 I TrackingService: TrackingServiceHost registered common client; there are 0 secure clients
03-24 10:27:20.170  2275  8502 I InputDeviceManager: HANDTRACKING Pose filter profile changed to: 0
03-24 10:27:20.172  2275  2321 D OsSdk   : TrackingServiceConnection registered
03-24 10:27:20.172  2275  2321 I Distortion: Initializing Mesh Decenter Correction
03-24 10:27:20.172  3067  3067 I CppPanelService: JNI_OnLoad()
03-24 10:27:20.173  2275  2321 I Distortion: EYE_DECENTER ipdMin 58.1364 left H: -8.1595 v: 3.6616  right  H: -4.9562 v: 0.1797
03-24 10:27:20.173  2275  2321 I Distortion: EYE_DECENTER ipdMid 63.0543 left H: 0.7277 v: 2.5898  right  H: 1.0983 v: 2.3797
03-24 10:27:20.173  2275  2321 I Distortion: EYE_DECENTER ipdMax 67.9727 left H: 1.9973 v: 1.518  right  H: -0.1126 v: 2.3797
03-24 10:27:20.173  2275  2321 I Distortion: EYE_DECENTER PIXELS(4) left H: -0.7277 V: -2.5898  right H: -1.0983 V: -2.3797
03-24 10:27:20.173  2275  2321 I Distortion: EYE_DECENTER iad: 0.065, left H: -2.99923e-05 V: -8.50749e-05  right H: -2.99923e-05 V: -7.81732e-05
03-24 10:27:20.173  2275  2321 I Distortion: SetLensPositions - iad=0.065, left offset=0.000769582,-0.00133337, right offset=-0.000829566,-0.00132647
03-24 10:27:20.173  2275  2321 I Distortion: Initializing Mesh Decenter Correction
03-24 10:27:20.174  2275  2321 I Distortion: EYE_DECENTER ipdMin 58.1364 left H: -8.1595 v: 3.6616  right  H: -4.9562 v: 0.1797
03-24 10:27:20.174  2275  2321 I Distortion: EYE_DECENTER ipdMid 63.0543 left H: 0.7277 v: 2.5898  right  H: 1.0983 v: 2.3797
03-24 10:27:20.175  2275  2321 I Distortion: EYE_DECENTER ipdMax 67.9727 left H: 1.9973 v: 1.518  right  H: -0.1126 v: 2.3797
03-24 10:27:20.175  2275  2321 I Distortion: EYE_DECENTER PIXELS(4) left H: -0.7277 V: -2.5898  right H: -1.0983 V: -2.3797
03-24 10:27:20.175  2275  2321 I Distortion: EYE_DECENTER iad: 0.065, left H: -2.99923e-05 V: -8.50749e-05  right H: -2.99923e-05 V: -7.81732e-05
03-24 10:27:20.175  2275  2321 I Distortion: SetLensPositions - iad=0.065, left offset=0.000769582,-0.00133337, right offset=-0.000829566,-0.00132647
03-24 10:27:20.175  2275  2321 I Distortion: Created custom distortion mesh.
03-24 10:27:20.175  2275  2321 I Distortion: ovrDistortionMeshHeader::magic = 0x56347807
03-24 10:27:20.175  2275  2321 I Distortion: ovrDistortionMeshHeader::deviceModel = 0x200
03-24 10:27:20.175  2275  2321 I Distortion: ovrDistortionMeshHeader::headsetModel = 0x104
03-24 10:27:20.175  2275  2321 I Distortion: ovrDistortionMeshHeader::eyeBlocksWide = 32
03-24 10:27:20.175  2275  2321 I Distortion: ovrDistortionMeshHeader::eyeBlocksHigh = 32
03-24 10:27:20.175  3067  3067 D CppPanelService: onBind()
03-24 10:27:20.175  2275  2321 I Distortion: ovrDistortionMeshHeader::lensSeparationMeters = 0.065000
03-24 10:27:20.175  2275  2321 I Distortion: ovrDistortionMeshHeader::horizontalOffsetMeters = -0.000030
03-24 10:27:20.175  2275  2321 I Distortion: ovrDistortionMeshHeader::displayWidthMeters = 0.120362
03-24 10:27:20.175  2275  2321 I Distortion: ovrDistortionMeshHeader::displayHeightMeters = 0.063072
03-24 10:27:20.175  2275  2321 I Distortion: ovrDistortionMeshHeader::displayWidthPixels = 3664
03-24 10:27:20.175  2275  2321 I Distortion: ovrDistortionMeshHeader::displayHeightPixels = 1920
03-24 10:27:20.175  2275  2321 I Distortion: ovrDistortionMeshHeader::eyeTextureWidthPixels = 1440
03-24 10:27:20.175  2275  2321 I Distortion: ovrDistortionMeshHeader::eyeTextureHeightPixels = 1584
03-24 10:27:20.175  2275  2321 I Distortion: ovrDistortionMeshHeader::leftEye = up 48.000000 / down 50.000000 / left 49.000000 / right 45.000000
03-24 10:27:20.175  2275  2321 I Distortion: ovrDistortionMeshHeader::rightEye = up 48.000000 / down 50.000000 / left 45.000000 / right 49.000000
03-24 10:27:20.175  2275  2321 I VrApi   : ovrModeParms::VRAPI_MODE_FLAG_RESET_WINDOW_FULLSCREEN = 1
03-24 10:27:20.175  2275  2321 I VrApi   : ovrModeParms::VRAPI_MODE_FLAG_NATIVE_WINDOW = 1
03-24 10:27:20.175  2275  2321 I VrApi   : ovrModeParms::VRAPI_MODE_FLAG_FRONT_BUFFER_SRGB = 1
03-24 10:27:20.175  2275  2321 I VrApi   : ovrModeParms::VRAPI_MODE_FLAG_CREATE_CONTEXT_NO_ERROR = 0
03-24 10:27:20.175  2275  2321 I VrApi   : ovrModeParms::VRAPI_MODE_FLAG_PHASE_SYNC = 1
03-24 10:27:20.175  2275  2321 I VrApi   : ovrModeParms::VRAPI_MODE_FLAG_APP_SPACE_WARP = 0
03-24 10:27:20.175  2275  2321 I VrRuntimeClient: SetPhaseSyncMode 1
03-24 10:27:20.175  2275  2321 I VrApi   : PhaseSync enabled
03-24 10:27:20.175  2275  2321 W VrApi   : Operating without a sensor.
03-24 10:27:20.175  2275  2321 I PhaseSync: PhaseSync::PhaseSync PaddingLowerLimit 0.350000 StandardDeviations 2.000000 PaddingUpperLimit 0.750000 on instance 0
03-24 10:27:20.175  2275  2321 I VrRuntimeClient: PhaseSync Instance created
03-24 10:27:20.175  2275  2321 D VrRuntimeClient: VrRuntimeClient: enableRendering: windowtoken client
03-24 10:27:20.176  2275  2275 D [OAO] PanelServiceConnection: onSeviceConnected - component name (ComponentInfo{com.oculus.systemux/com.oculus.panelapp.anytimeui.AnytimeUIAndroidPanelService}), panel app id (1)
03-24 10:27:20.176  2275  2275 D [OAO] ShellApplication: notify OS to set com.oculus.systemux/com.oculus.panelapp.anytimeui.AnytimeUIAndroidPanelService to FOREGROUND
03-24 10:27:20.177  2275  2321 E VrRuntimeClient: VrRuntimeClient: enableRendering: unable to get clientWindow token: java.lang.NullPointerException: Attempt to invoke virtual method 'android.view.IWindowId android.view.WindowId.getTarget()' on a null object reference
03-24 10:27:20.177  2275  2321 E VrRuntimeClient: VrRuntimeClient: enableRendering: null clientWindow
03-24 10:27:20.177  1897  1960 D VrRuntimeService: enableRendering: invalid clientWindow, testing uid/pid
03-24 10:27:20.178  1897  1960 D VrRuntimeService: enableRendering: 2275:com.oculus.vrshell: null enable: true
03-24 10:27:20.178  1897  1960 I ClientMgr: ClientMgr::EnableRendering 2275:com.oculus.vrshell : type 1 comp-id 3: enable
03-24 10:27:20.178  1897  1960 I TimeWarpClientMgr: Enable client 3
03-24 10:27:20.178  1897  1960 I VrRuntimeServer: EnableCompositorClient client(3): layer placement(2147483647) flags(0) sm(0x7f1115d010)
03-24 10:27:20.178  1897  1960 I TimeWarp: CheckDebuggerConnected: debugger 0
03-24 10:27:20.178  1897  1960 I VrRuntimeServer: SysProp debug mode is disabled on Server side
03-24 10:27:20.179  2275  2275 I [OAO] PanelServiceConnection: verifyFirstPartyUID(Debug Signatures=false, uid=10026) => apkSignatureResult=SigCertInfo(isTrusted=true, packageNames=[com.oculus.systemux], signature=308205cf308203b7a0030201020204097e91c1300d06092a864886f70d01010b0500308197310b3009060355040613025553311330110603550408130a43616c69666f726e6961311330110603550407130a4d656e6c6f205061726b31233021060355040a131a46616365626f6f6b20546563686e6f6c6f676965732c204c4c4331233021060355040b131a46616365626f6f6b20546563686e6f6c6f676965732c204c4c43311430120603550403130b4f63756c75732041707073301e170d3139303730343131333935315a170d3436313131393131333935315a308197310b3009060355040613025553311330110603550408130a43616c69666f726e6961311330110603550407130a4d656e6c6f205061726b31233021060355040a131a46616365626f6f6b20546563686e6f6c6f676965732c204c4c4331233021060355040b131a46616365626f6f6b20546563686e6f6c6f676965732c204c4c43311430120603550403130b4f63756c7573204170707330820222300d06092a864886f70d01010105000382020f003082020a0282020100b815642a5c201c8da044905dafbb06c05fddb75449cc75a716a0434da0493a52a4d60643532c237e76cb41d2c32a5e4474f12b37f632a809b5a5ceb8c6289ecf828e736b4ec452b1c2757bd0b5ed13eff5a7a47ab2ef6cdf60a8d749e9e8603f30d12b5db8f734c57578a2a4ce5ff5737c1f02c629d2dcb4f82726674663a699de94463ff370fa9eb48158831bf0b68bd6ec84293182d52e860bdd81bb9ce9cdd6a77fea0df25004da34d3cce7a31069646aa4628fba9ccb0952163793be9a4edf49a53f83179c2f44d8c87d6c129e8d590af0f3fced26201ee43b31fccd93b497cd198c5cd1f98d64c4f7ad79ca47278c02652d5dc072a99807e22f473f7bae4da2bafcae48cd49ad55a764b8d39f329f6175eac9074307deff48b1c4a6e19b748766617768c31a17feae8478eb7f9ebfb61af2b9f5a692b636342d7ebc53d7146626b51801b5a0a102e281475decdefb8683d0ca2843dc7aaeb6759bcab0dcba38db44f5d7f797a1c9c02dd159c0e3c72b14dc882d31c24ad8abee4ce0f7f0205e05efef551e2551a61e96636ed5dfd7435d3d24f5a130a12f10452cc954aa770d5d95e3e0cb9d7b05c5506a7947f8ff3437b3d82274fdaa156d85bfb7fbcb4fa5557080fedab86520b71d3d533e7bb3e7e3ebe9712b68e755d700b0afbf7595ffa80a6b3d90bfe599769138ee6515df415e32c0abed2b8e4aea1f47351f490203010001a321301f301d0603551d0e04160414a3c939e6b71c43bc9193f773c0351be1aff311f9300d06092a864886f70d01010b050003820201004e4c865231f2a3583c6af9488ecf9aa96b1ee84e2d7bfad00581537dc70c54ecfcf360e563d018efa4cdd77bf6fc4c9f1a20ebd4215cf1538686d4089bdcc8adb6ae4497ead14b0c18efd52ce93357019973e94e16b3326c60885b1bdc5f9cad1098f16732935876d8d19bda3ceeaaa69a83c4e2231710c6735f88abdfffe3dfa2be3f18f894923441b4e4a9c9664ed6294c16d7c073547063bfdbbefad184a001f1dce2feffdc96d10eb16a3bfbcd382cd297ca3b4edb7ebacd1a9931a1368a5157ceaebbca5b39bd5db5461a340db8ec076d38a94bcdd042bfb51388158ba97a49b631c1762fa746c7bb36eaf15cae23fa993cfb052e824f2ae173ea27b50a6cca91eb955f4faf131514757e5a3ecae9df6d23771279b7742f28fb9ce394eb9e03926f550716f1312355a5efdc479d8347b516cff55cb14307c81280142cacf2fd6562a2baacbfc97869272b1c51abf79121de8bab227e001313d4115eb9b33a332ebb34e290f14b5352ef1038f7a5f3740c9d1136b3526de4331deb4fa529c36a17c04c3e64d4f6ebda73d6e6e18281e3948fd11e685eab6611be1bc62839bce5962715e7f6537e6c083bcd3538d17407b26c850cd6b3f5e2149fdef027a6cfb7ed0f93c928aca14927b10c6a3f104ba1b10413af8b1868b84a004e5ddd065fff26a7bb3c818bb5a2d69aedf9441ef9033efae3ef52282a96f66d4b4ff3f2), time=0 ms
03-24 10:27:20.181  1897  1960 I UnifiedTelemetryWrapper: Started UT session render:com.oculus.vrshell:Overlay
03-24 10:27:20.182  1897  2332 I VrRuntimeService: GetSpecialSwapChain: 2462019601
03-24 10:27:20.182  2275  2321 I VrApi   : Creating Default swapchain
03-24 10:27:20.182  1897  2332 I VrRuntimeService: GetSpecialSwapChain: 2462019601
03-24 10:27:20.182  2275  2321 I VrApi   : Creating Loading Icon swapchain
03-24 10:27:20.182  2275  2321 I VrApi   : OVR::Stats thread started
03-24 10:27:20.182  2275  2321 I XrRuntimeSystem_Client: BeginSession
03-24 10:27:20.183  2275  2321 I VrApi   : ---------- vrapi_EnterVrMode [end] ----------
03-24 10:27:20.183  2275  2321 I [OAO] VrPlatformVrApi: Setting perf thread tids to main=2321, render=unset
03-24 10:27:20.183  2275  2321 I [OAO] VrPlatformVrApi: Setting clock levels to cpu=2, gpu=4
03-24 10:27:20.183  2275  2321 I ClientInputSettings: SetInhibitHandleHomeKey = true for com.oculus.vrshell
03-24 10:27:20.183  2275  2321 I ClientInputInterface: SetInhibitHandleHomeKey 1
03-24 10:27:20.183  2275  2321 I [OAO] Compositor: Initializing Compositor: 1024x1024
03-24 10:27:20.183  1897  2332 I VrRuntimeService: CreateSwapChain: 2462019601
03-24 10:27:20.183  1897  2332 I VrRuntimeService: CreateSwapChain: api:gles 2 0x8c43 1024 1024 1 3 2 0 14
03-24 10:27:20.183  3067  3085 I CppPanelService: verifyVrShellUID(Debug Signatures=false, uid=10020) => apkSignatureResult=SigCertInfo(isTrusted=true, packageNames=[com.oculus.vrshell], signature=3082038d30820275a00302010202041303858a300d06092a864886f70d01010b05003077310b3009060355040613025553310b3009060355040813024341311330110603550407130a4d656e6c6f205061726b31173015060355040a130e4f63756c75732056522c204c4c4331173015060355040b130e4f63756c75732056522c204c4c43311430120603550403130b4f63756c75732041707073301e170d3134313033303231343032315a170d3432303331373231343032315a3077310b3009060355040613025553310b3009060355040813024341311330110603550407130a4d656e6c6f205061726b31173015060355040a130e4f63756c75732056522c204c4c4331173015060355040b130e4f63756c75732056522c204c4c43311430120603550403130b4f63756c7573204170707330820122300d06092a864886f70d01010105000382010f003082010a0282010100a34c7fbd96dea95d811f21a0d760cabca85f2df5dbe19b62aca7a3e3e0b6e48f7e173345f2753c458d639cc2e222eeee4cfb5e89ac1c5060044414056709a43a7f1a6f1e4f2c3d708c48912634be08ad6da1fff92d9c0d4b85e4bc8a8b1c27de84c04eb1e6577c10693500af46beaf7bd2ce72a06a46f4e565859f242cecbef1a431ae8096db712cebe73840bacc64de6b99077ba1ca8c20e5d0b4870bd161f087abbf568dfef58e604068ca6f7cdea183c8681c306bc30cb223e7c5ce3a2fcf00d13e158475b3700ef62dcca46c57baecca4d91052e20b861a1a085d5fc8e99aed8c4a9cfd550d01e54ef5062133befcf7f9ea6a5a1d1575a72cd82279f34030203010001a321301f301d0603551d0e04160414ec7ccdaf8ccdc6dd1b87d4b561582ad8ec397b80300d06092a864886f70d01010b0500038201010014c557ecddc17ba8b979618036e7093b8e7307f624644532c31239f4dc83fd9424267ca7670fa9f78689cbc5bfd8a6312fdc214bd159d614a8753ceec0f2b2d9166217895b13c992e1d10ca625a3153dacfa51dbdb7fde139bd59510f5add29f88be3826b445ce7386dcf06577be72fbdf118fa81179091fad275981409e02d40422d8e86df5827a2c496a4b905b4825c3f1ba0af4cf509bf9b0d4d608cf0b4320ac60d1a8cbcc384de24f11a4c93c0fc5b887cbd6855871af1b1ef729c51a8a123efc6a627b6494e81a264587443b9156ad17772863c2f9685fae9c72a552b333f8ef2822bce5d4d178e45b3a8dd4e321924f6a5ba43f732971a9e74cbf0433), time=1 ms
03-24 10:27:20.183  3067  3067 D CppPanelService: BEGIN: Initializing panel application via MSG_CREATE_PANEL_APP.
03-24 10:27:20.184  1897  2271 I PerformanceManager: SetClockLevels: Apply pending clock request change: 2,2 -> 1,2
03-24 10:27:20.184  1897  1999 I Clocks  : ReleaseClocks - start
03-24 10:27:20.185   725   780 D android.hardware.power@1.3-service-libperfmgr: Unset hint for clock domain: 0
03-24 10:27:20.185  1897  1999 I Clocks  : ReleaseClocks - end (0.4 ms)
03-24 10:27:20.185  1897  1999 I Clocks  : LockClocks( cpu=1, gpu=2 ) - start
03-24 10:27:20.185  1897  2332 I VrRuntimeServer: CreateTextureSwapChain: result importswapchaingles 1
03-24 10:27:20.185  1897  1999 I Clocks  : CPU levels [0, 4]
03-24 10:27:20.185  1897  1999 I Clocks  : GPU levels [0, 5]
03-24 10:27:20.186  1897  1999 I Clocks  : LockClocks( cpu=1, gpu=2 ) - end (0.8 ms)
03-24 10:27:20.186   725   780 D android.hardware.power@1.3-service-libperfmgr: Unset hint for clock domain: 1
03-24 10:27:20.186   725   780 D android.hardware.power@1.3-service-libperfmgr: set performance level 1, domain 0
03-24 10:27:20.187  3067  3067 I AndroidPanelApp: Creating AndroidPanelApp
03-24 10:27:20.188   725   780 D android.hardware.power@1.3-service-libperfmgr: set performance level 2, domain 1
03-24 10:27:20.188  2275  8503 D VrApi   : targetSDKVersion 27
03-24 10:27:20.189  2275  8503 I JniUtils: ovr_GetCurrentPackageSignature 
03-24 10:27:20.189  2275  2321 I [OAO] Framebuffer: multisample mode = MSAA_RENDER_TO_TEXTURE
03-24 10:27:20.190  2275  2321 I [OAO] Framebuffer: multisamples: requested = 4 actual = 4
03-24 10:27:20.190  2275  8503 I Metrics : device name = Oculus Quest 2
03-24 10:27:20.193  3067  3067 I AndroidPanelApp: Created
03-24 10:27:20.194  2275  2321 I [OAO] Framebuffer: multisamples: requested = 4 actual = 4
03-24 10:27:20.194  2275  2321 I [OAO] Framebuffer: multisamples: requested = 4 actual = 4
03-24 10:27:20.194  2275  2321 I [OAO] AudioMixer: Enabling AudioPlayer.
03-24 10:27:20.194  2275  2321 I [OAO] AudioEngine: virtual void AudioLibrary::AudioEngine::EnablePlayer()
03-24 10:27:20.194  3067  3067 D UnifiedTelemetryLogger: UnifiedTelemetryLogger instance created
03-24 10:27:20.195  2275  2321 D         : PlayerBase::PlayerBase()
03-24 10:27:20.195  3067  3067 D UnifiedTelemetryLogger: binding with UnifiedTelemetryService
03-24 10:27:20.195  2275  2321 D         : TrackPlayerBase::TrackPlayerBase()
03-24 10:27:20.195  2275  2321 I libOpenSLES: Emulating old channel mask behavior (ignoring positional mask 0x3, using default mask 0x3 based on channel count of 2)
03-24 10:27:20.196   718   718 I audio_hw_primary: getting vr mode to 0
03-24 10:27:20.196   739   739 I hash_map_utils: key: 'vr_audio_mode_on' value: ''
03-24 10:27:20.197   739   739 I AudioPolicyManagerCustom: VR mode is 0, switch to primary output if request is for fast|raw
03-24 10:27:20.197   739   739 W AudioFlinger: createTrack_l(): mismatch between requested flags (00000104) and output flags (00000006)
03-24 10:27:20.197   739   739 D AudioFlinger: Client defaulted notificationFrames to 192 for frameCount 384
03-24 10:27:20.198   739   739 D AF::TrackHandle: OpPlayAudio: track:58 uid:10020 pkg:com.oculus.vrshell usage:1 not muted
03-24 10:27:20.199  2275  2321 I AudioTrack: createTrack_l(0): AUDIO_OUTPUT_FLAG_FAST successful; frameCount 0 -> 384
03-24 10:27:20.200  1298  1298 V AvrcpMediaPlayerList: onPlaybackConfigChanged(): Configs list size=3
03-24 10:27:20.202  3067  3067 V [SUI] DeviceConfigHelper: Creating a new instance of DeviceConfigClient
03-24 10:27:20.205  2275  2321 I [OAO] TaskBarSpacePanelController: EnterVrMode(offsetPitch 0.000000 radians, offsetYaw 0.000000 radians)
03-24 10:27:20.205  2275  2321 I [OAO] LocalSpace: EnterVrMode: Setting local pose state.
03-24 10:27:20.205  2275  2321 I [OAO] ShellOverlayApp: Start sleep timeout. Now:215.111109, Timeout:217.111109
03-24 10:27:20.205  2275  2321 I [OAO] ShellOverlayApp: EmptyFrame: Pushing an empty frame
03-24 10:27:20.205  2275  2321 I VrRuntimeClient: Client has lost focus.
03-24 10:27:20.205  2275  2321 I VrApi   : Received ovrRuntime event 2
03-24 10:27:20.205  2275  2321 I VrApi   : Received ovrRuntime event 4
03-24 10:27:20.205  2275  2321 I VrApi   : Received ovrRuntime event 5
03-24 10:27:20.205  2275  2321 W VrApi   : Time to first swap: 203.956 seconds
03-24 10:27:20.206  2275  8507 I FenceChecker: FenceChecker::MainLoop - started
03-24 10:27:20.217  3067  3067 D MobileConfigBaseClient: connect()
03-24 10:27:20.224   718   718 D msm8974_platform: platform_split_snd_device: snd_device(2) num devices(1) new_snd_devices(0)
03-24 10:27:20.224   718   718 D ACDB-LOADER: ACDB -> send_audvoltable
03-24 10:27:20.224   718   718 D ACDB-LOADER: ACDB -> ACDB_CMD_GET_AUDPROC_INSTANCE_GAIN_DEP_STEP_TABLE_SIZE
03-24 10:27:20.224   718   718 D ACDB-LOADER: ACDB -> ACDB_CMD_GET_AUDPROC_INSTANCE_GAIN_DEP_STEP_TABLE, vol index 9
03-24 10:27:20.224   718   718 D ACDB-LOADER: ACDB -> AUDIO_SET_VOL_CAL cal type = 40
03-24 10:27:20.225   718   718 D msm8974_platform: platform_split_snd_device: snd_device(2) num devices(1) new_snd_devices(0)
03-24 10:27:20.225   718   718 D ACDB-LOADER: ACDB -> send_audvoltable
03-24 10:27:20.225   718   718 D ACDB-LOADER: ACDB -> ACDB_CMD_GET_AUDPROC_INSTANCE_GAIN_DEP_STEP_TABLE_SIZE
03-24 10:27:20.225   718   718 D ACDB-LOADER: ACDB -> ACDB_CMD_GET_AUDPROC_INSTANCE_GAIN_DEP_STEP_TABLE, vol index 9
03-24 10:27:20.225   718   718 D ACDB-LOADER: ACDB -> AUDIO_SET_VOL_CAL cal type = 40
03-24 10:27:20.276  1426  8509 I OSUpdateService: Intent with action system_battery_changed
03-24 10:27:20.285  3067  3067 E [SUI] DeviceConfigHelper: Legacy GK 'oculus_vrshell_aui_standalone_apps_v2' is not in the DeviceConfig schema.
03-24 10:27:20.285  3067  3067 D [SUI] DeviceConfigHelper: Merged 'oculus_bugreporter_v2_enabled' from DeviceConfig schema.
03-24 10:27:20.285  3067  3067 D [SUI] DeviceConfigHelper: Merged 'oculus_vrshell_aui_standalone_apps' from DeviceConfig schema.
03-24 10:27:20.286  3067  3067 D [SUI] DeviceConfigHelper: Merged 'oculus_mobile_sysux_bug_reporter' from DeviceConfig schema.
03-24 10:27:20.286  3067  3067 E [SUI] DeviceConfigHelper: Summary of DeviceConfig check and merge. Successes: 81 - Failures: 1 - Merged: 3 - Overridden: 0
03-24 10:27:20.288  3067  3067 D [SUI] StoreOptionalityExperiment: Device Config accuracy logging
03-24 10:27:20.293  3067  8510 D MobileConfigBaseClient: getService()
03-24 10:27:20.293  3067  8510 D MobileConfigBaseClient: awaitService()
03-24 10:27:20.293  3067  3067 D [SUI] StoreOptionalityExperiment: Store Optionality params
03-24 10:27:20.293  3067  3067 D [SUI] StoreOptionalityExperiment: mSystemAppsAsTilesEnabled: false
03-24 10:27:20.293  3067  3067 D [SUI] StoreOptionalityExperiment: mLibraryHeaderColoredTilesEnabled: false
03-24 10:27:20.293  3067  3067 D [SUI] StoreOptionalityExperiment: mStorePresentInAppTilesEnabled: false
03-24 10:27:20.293  3067  3067 D [SUI] StoreOptionalityExperiment: mStorePinnedToBarPositionRightEnabled: false
03-24 10:27:20.293  3067  3067 D [SUI] StoreOptionalityExperiment: mStorePinnedToBarPositionLeftEnabled: true
03-24 10:27:20.293  3067  3067 D [SUI] StoreOptionalityExperiment: mBarButtonsWithLabelsEnabled: true
03-24 10:27:20.294  3067  3067 D [SUI] StoreOptionalityExperiment: mGetMoreAppsButtonEnabled: true
03-24 10:27:20.294  3067  3067 D [SUI] StoreOptionalityExperiment: mStoreAlwaysFirstAppTileEnabled: false
03-24 10:27:20.294  3067  3067 D [SUI] OnboardingTutorial: Initialize Onboarding Tutorial
03-24 10:27:20.296  2146  2170 I LibraryProvider: running queryApp(com.oculus.systemux) for android.uid.system:1000
03-24 10:27:20.296  3067  3067 D [SUI] OnboardingTutorial: Not a first time user; skipping the tutorial
03-24 10:27:20.297  3067  3067 I [SUI] AnytimeUIAndroidPanelAppV2: Creating AUI PanelApp, isInOverlay: true, instanceCount: 1
03-24 10:27:20.297  2146  2170 W LibraryProvider: Cannot find entitlement for com.oculus.systemux
03-24 10:27:20.297  1532  1572 W OVRLibrary: null cursor received for query content://com.oculus.ocms.library/apps/com.oculus.systemux
03-24 10:27:20.298  3067  3067 D [SUI] AnytimeUIAndroidPanelAppV2: ShellEnv is running
03-24 10:27:20.301  3067  3067 V [SUI] AnytimeUIAndroidPanelAppV2: Initializing local notifs only
03-24 10:27:20.302  3067  3067 V NotificationDatasetProxy: Initializing the source handlers
03-24 10:27:20.302  3067  3067 V NotificationDatasetProxy: Running the initial fetches
03-24 10:27:20.303  3067  8512 V NotificationManagerSourceHandler: Notifs retrieved from NotificationDataset []
03-24 10:27:20.303  3067  8512 V InitializeOneAsyncTask: Retrieving notif icons complete
03-24 10:27:20.304  3067  3067 V [SUI] AnytimeUIAndroidPanelAppV2: Wifi is connected
03-24 10:27:20.304  3067  3067 V [SUI] AnytimeUIAndroidPanelAppV2: Wifi connected but no token yet
03-24 10:27:20.304  3067  3067 I [SUI] OVRAuthHelper: fetchAuthToken - start
03-24 10:27:20.306  3067  3067 V [SUI] AnytimeUIAndroidPanelAppV2: Late initializing persisted notifs
03-24 10:27:20.337  3067  3067 D NetworkSecurityConfig: No Network Security Config specified, using platform default
03-24 10:27:20.345  3067  3067 I [SUI] HorizonContent: Social Platform version: 109.0.0.2.237
03-24 10:27:20.346  3067  3067 I [SUI] AnytimeUIAndroidPanelAppV2: Social Platform provider gk false Social Platform provider valid true
03-24 10:27:20.346  3067  3067 I [SUI] AnytimeUIAndroidPanelAppV2: Routing to horizon content provider
03-24 10:27:20.347  3067  3067 D [SUI] AnytimeUIBroadcastReceiver: requestCaptureState being sent
03-24 10:27:20.348  3067  3067 I AndroidPanelApp: Sending surface geometry border radius with type all and value 15 for layer tablet.
03-24 10:27:20.348  3067  3067 I AndroidPanelApp: Sending surface geometry border radius with type left and value 15 for layer tabletNav.
03-24 10:27:20.348  3067  3067 I AndroidPanelApp: Sending surface geometry border radius with type right and value 15 for layer tabletContent.
03-24 10:27:20.349  3067  3067 D [SUI] DestinationUIViewModel: Constructing ViewModel
03-24 10:27:20.349  3067  3067 D [SUI] AnytimeUIPanelAppBase: Acquiring viewModel DestinationUIViewModel refCount: 1
03-24 10:27:20.349  3067  3067 D [SUI] SharingViewModel: Constructing ViewModel
03-24 10:27:20.354  3067  3067 D [SUI] SharingViewModel: clearAbuseReportRecordingTimer
03-24 10:27:20.354  3067  3067 D [SUI] AnytimeUIPanelAppBase: Acquiring viewModel SharingViewModel refCount: 1
03-24 10:27:20.355  3067  3067 I AndroidPanelApp: ensurePanelLayer(layer: #main, width: 676, height: 88, resize: WRAP_CONTENT_HEIGHT, view creator: #main)
03-24 10:27:20.355  3067  3067 I AndroidPanelApp: ensurePanelLayer(layer: #main, width: 676, height: 88, resize behavior: WRAP_CONTENT_HEIGHT)
03-24 10:27:20.355  3067  3067 I AndroidPanelLayer: Setting spec for layer "#main"
03-24 10:27:20.355  3067  3067 I AndroidPanelLayer: Setting size of layer "#main" to have width 845 and height 1250
03-24 10:27:20.355  3067  3067 I AndroidPanelLayer: Destroying presentation for layer "#main".
03-24 10:27:20.355  3067  3067 I AndroidPanelLayer: Creating presentation for layer "#main" with width 845 and height 1250
03-24 10:27:20.358  1084  1489 I DisplayManagerService: Display device added: DisplayDeviceInfo{"com.oculus.android_panel_app.AndroidPanelLayer-#main": uniqueId="virtual:com.oculus.systemux,10026,com.oculus.android_panel_app.AndroidPanelLayer-#main,0", 845 x 1250, modeId 5, defaultModeId 5, supportedModes [{id=5, width=845, height=1250, fps=60.0}], colorMode 0, supportedColorModes [0], HdrCapabilities null, density 200, 200.0 x 200.0 dpi, appVsyncOff 0, presDeadline 16666666, touch NONE, rotation 0, type VIRTUAL, state OFF, owner com.oculus.systemux (uid 10026), FLAG_PRIVATE, FLAG_NEVER_BLANK, FLAG_OWN_CONTENT_ONLY}
03-24 10:27:20.369  1084  1112 W InputReader: Device has associated, but no associated display id.
03-24 10:27:20.377  1084  1114 W InputReader: Device has associated, but no associated display id.
03-24 10:27:20.377  1084  1114 I ActivityTaskManager: Override config changes=20005df8 {0.0 ?mcc?mnc ?localeList ?layoutDir sw676dp w676dp h1000dp 200dpi lrg port ?uimode ?night -touch qwerty/v/v -nav/h winConfig={ mBounds=Rect(0, 0 - 845, 1250) mAppBounds=Rect(0, 0 - 845, 1250) mWindowingMode=fullscreen mDisplayWindowingMode=fullscreen mActivityType=undefined mAlwaysOnTop=undefined mRotation=ROTATION_0}} for displayId=1
03-24 10:27:20.391  3067  8518 D CCodec  : allocate(c2.android.raw.decoder)
03-24 10:27:20.394  3067  8518 I Codec2Client: Available Codec2 services: "software"
03-24 10:27:20.394  3067  8518 I Codec2Client: Creating a Codec2 client to service "software"
03-24 10:27:20.395  3067  8518 I Codec2Client: Client to Codec2 service "software" created
03-24 10:27:20.395   823  1832 V C2Store : in init
03-24 10:27:20.395   823  1832 V C2Store : loading dll
03-24 10:27:20.399  3067  8518 I CCodec  : Created component [c2.android.raw.decoder]
03-24 10:27:20.399  3067  8518 D CCodecConfig: read media type: audio/raw
03-24 10:27:20.401  3067  8518 D ReflectedParamUpdater: extent() != 1 for single value type: algo.buffers.max-count.values
03-24 10:27:20.401  3067  8518 D ReflectedParamUpdater: extent() != 1 for single value type: output.subscribed-indices.values
03-24 10:27:20.402  3067  8518 D ReflectedParamUpdater: extent() != 1 for single value type: input.buffers.allocator-ids.values
03-24 10:27:20.402  3067  8518 D ReflectedParamUpdater: extent() != 1 for single value type: output.buffers.allocator-ids.values
03-24 10:27:20.402  3067  8518 D ReflectedParamUpdater: extent() != 1 for single value type: algo.buffers.allocator-ids.values
03-24 10:27:20.402  3067  8518 D ReflectedParamUpdater: extent() != 1 for single value type: output.buffers.pool-ids.values
03-24 10:27:20.402  3067  8518 D ReflectedParamUpdater: extent() != 1 for single value type: algo.buffers.pool-ids.values
03-24 10:27:20.404  3067  8518 I CCodecConfig: query failed after returning 8 values (BAD_INDEX)
03-24 10:27:20.404  3067  8518 D CCodecConfig: c2 config diff is Dict {
03-24 10:27:20.404  3067  8518 D CCodecConfig:   c2::u32 coded.bitrate.value = 64000
03-24 10:27:20.404  3067  8518 D CCodecConfig:   c2::u32 input.buffers.max-size.value = 65536
03-24 10:27:20.404  3067  8518 D CCodecConfig:   c2::u32 input.delay.value = 0
03-24 10:27:20.404  3067  8518 D CCodecConfig:   string input.media-type.value = "audio/raw"
03-24 10:27:20.404  3067  8518 D CCodecConfig:   string output.media-type.value = "audio/raw"
03-24 10:27:20.404  3067  8518 D CCodecConfig:   c2::u32 raw.channel-count.value = 2
03-24 10:27:20.404  3067  8518 D CCodecConfig:   c2::u32 raw.pcm-encoding.value = 0
03-24 10:27:20.404  3067  8518 D CCodecConfig:   c2::u32 raw.sample-rate.value = 44100
03-24 10:27:20.404  3067  8518 D CCodecConfig: }
03-24 10:27:20.405  3067  8518 D CCodecConfig: no c2 equivalents for durationUs
03-24 10:27:20.405  3067  8518 D CCodecConfig: no c2 equivalents for track-id
03-24 10:27:20.405  3067  8518 D CCodecConfig: no c2 equivalents for bits-per-sample
03-24 10:27:20.405  3067  8518 D CCodecConfig: no c2 equivalents for channel-mask
03-24 10:27:20.405  3067  8518 D CCodecConfig: c2 config diff is   c2::u32 raw.channel-count.value = 1
03-24 10:27:20.405  3067  8518 D CCodecConfig:   c2::u32 raw.sample-rate.value = 48000
03-24 10:27:20.406  3067  8518 W Codec2Client: query -- param skipped: index = 1107298332.
03-24 10:27:20.406  3067  8518 D CCodec  : setup formats input: AMessage(what = 0x00000000) = {
03-24 10:27:20.406  3067  8518 D CCodec  :   int32_t channel-count = 1
03-24 10:27:20.406  3067  8518 D CCodec  :   int32_t max-input-size = 65536
03-24 10:27:20.406  3067  8518 D CCodec  :   string mime = "audio/raw"
03-24 10:27:20.406  3067  8518 D CCodec  :   int32_t pcm-encoding = 2
03-24 10:27:20.406  3067  8518 D CCodec  :   int32_t sample-rate = 48000
03-24 10:27:20.406  3067  8518 D CCodec  : } and output: AMessage(what = 0x00000000) = {
03-24 10:27:20.406  3067  8518 D CCodec  :   int32_t channel-count = 1
03-24 10:27:20.406  3067  8518 D CCodec  :   string mime = "audio/raw"
03-24 10:27:20.406  3067  8518 D CCodec  :   int32_t pcm-encoding = 2
03-24 10:27:20.406  3067  8518 D CCodec  :   int32_t sample-rate = 48000
03-24 10:27:20.406  3067  8518 D CCodec  :   int32_t channel-mask = 0
03-24 10:27:20.406  3067  8518 D CCodec  : }
03-24 10:27:20.407  3067  8518 W Codec2Client: query -- param skipped: index = 1342179345.
03-24 10:27:20.407  3067  8518 W Codec2Client: query -- param skipped: index = 2415921170.
03-24 10:27:20.408  3067  8518 D CCodecBufferChannel: [c2.android.raw.decoder#102] Created input block pool with allocatorID 16 => poolID 17 - OK (0)
03-24 10:27:20.409  1084  1833 D BufferPoolAccessor: bufferpool2 0x7eb1648220 : 0(0 size) total buffers - 0(0 size) used buffers - 2/9 (recycle/alloc) - 7/18 (fetch/transfer)
03-24 10:27:20.409  1084  1833 D BufferPoolAccessor: Destruction - bufferpool2 0x7eb1648220 cached: 0/0M, 0/0% in use; allocs: 9, 22% recycled; transfers: 18, 61% unfetced
03-24 10:27:20.409  1084  2043 D BufferPoolAccessor: bufferpool2 0x7eb1648820 : 0(0 size) total buffers - 0(0 size) used buffers - 2/9 (recycle/alloc) - 7/34 (fetch/transfer)
03-24 10:27:20.409  1084  2043 D BufferPoolAccessor: Destruction - bufferpool2 0x7eb1648820 cached: 0/0M, 0/0% in use; allocs: 9, 22% recycled; transfers: 34, 79% unfetced
03-24 10:27:20.409  1084  1126 D BufferPoolAccessor: bufferpool2 0x7eb179ee20 : 0(0 size) total buffers - 0(0 size) used buffers - 2/9 (recycle/alloc) - 7/20 (fetch/transfer)
03-24 10:27:20.409  1084  1126 D BufferPoolAccessor: Destruction - bufferpool2 0x7eb179ee20 cached: 0/0M, 0/0% in use; allocs: 9, 22% recycled; transfers: 20, 65% unfetced
03-24 10:27:20.409  1084  1833 D BufferPoolAccessor: bufferpool2 0x7eb1648620 : 0(0 size) total buffers - 0(0 size) used buffers - 1/9 (recycle/alloc) - 8/20 (fetch/transfer)
03-24 10:27:20.409  1084  1833 D BufferPoolAccessor: Destruction - bufferpool2 0x7eb1648620 cached: 0/0M, 0/0% in use; allocs: 9, 11% recycled; transfers: 20, 60% unfetced
03-24 10:27:20.409  1084  2043 D BufferPoolAccessor: bufferpool2 0x7eb1656c20 : 0(0 size) total buffers - 0(0 size) used buffers - 2/9 (recycle/alloc) - 7/34 (fetch/transfer)
03-24 10:27:20.409  1084  2043 D BufferPoolAccessor: Destruction - bufferpool2 0x7eb1656c20 cached: 0/0M, 0/0% in use; allocs: 9, 22% recycled; transfers: 34, 79% unfetced
03-24 10:27:20.409  1084  1126 D BufferPoolAccessor: bufferpool2 0x7e6e850c20 : 0(0 size) total buffers - 0(0 size) used buffers - 2/9 (recycle/alloc) - 7/34 (fetch/transfer)
03-24 10:27:20.409  1084  1126 D BufferPoolAccessor: Destruction - bufferpool2 0x7e6e850c20 cached: 0/0M, 0/0% in use; allocs: 9, 22% recycled; transfers: 34, 79% unfetced
03-24 10:27:20.409  3067  8518 I CCodecBufferChannel: [c2.android.raw.decoder#102] Created output block pool with allocatorID 16 => poolID 23 - OK
03-24 10:27:20.410  3067  8518 D CCodecBufferChannel: [c2.android.raw.decoder#102] Configured output block pool ids 23 => OK
03-24 10:27:20.410  3067  8518 E ion     : ioctl c0044901 failed with code -1: Not a typewriter
03-24 10:27:20.412   823  8523 D SimpleC2Component: Using output block pool with poolID 23 => got 23 - 0
03-24 10:27:20.413   801  1842 D MediaBufferGroup: creating MemoryDealer
03-24 10:27:20.425   823  1832 D BufferPoolAccessor: Destruction - bufferpool2 0x30d8402230 cached: 0/0M, 0/0% in use; allocs: 0, 0% recycled; transfers: 0, 0% unfetced
03-24 10:27:20.425   823  1832 V C2Store : in ~ComponentModule
03-24 10:27:20.425   823  1832 V C2Store : unloading dll
03-24 10:27:20.437  3067  3067 D [SUI] BarView: Initializing BarView
03-24 10:27:20.438  3067  3067 D [SUI] StatusViewModel: Constructing ViewModel
03-24 10:27:20.440  3067  3067 I android_os_HwBinder: HwBinder: Starting thread pool for getting: vendor.oculus.hardware.battery@1.0::IBattery/default
03-24 10:27:20.443  3067  3067 D [SUI] AnytimeUIPanelAppBase: Acquiring viewModel StatusViewModel refCount: 1
03-24 10:27:20.451  3067  3067 D [SUI] BarViewModel: Constructing BarViewModel
03-24 10:27:20.451  3067  3067 D [SUI] AnytimeUIPanelAppBase: Acquiring viewModel BarViewModel refCount: 1
03-24 10:27:20.452  3067  3067 D [SUI] SettingsViewModel: Constructing ViewModel
03-24 10:27:20.454  3067  3067 D [SUI] AnytimeUIPanelAppBase: Acquiring viewModel SettingsViewModel refCount: 1
03-24 10:27:20.454  3067  3067 D [SUI] ProfileViewModel: Constructing ViewModel
03-24 10:27:20.455  3067  3067 D [SUI] AnytimeUIPanelAppBase: Acquiring viewModel ProfileViewModel refCount: 1
03-24 10:27:20.455  3067  3067 D [SUI] SocialViewModel: Constructing ViewModel
03-24 10:27:20.456  3067  3067 D [SUI] SocialViewModel: setTabletActive() - isActive: false
03-24 10:27:20.457  3067  3067 D [SUI] AnytimeUIPanelAppBase: Acquiring viewModel SocialViewModel refCount: 1
03-24 10:27:20.457  3067  3067 D [SUI] AnytimeUIPanelAppBase: Acquiring viewModel DestinationUIViewModel refCount: 2
03-24 10:27:20.457  3067  3067 D [SUI] BarView: Initializing active call bar
03-24 10:27:20.457  3067  3067 D [SUI] BarView: Using full active call bar
03-24 10:27:20.457  3067  3067 D [SUI] ActiveCallBarFull: Initializing bar lower section
03-24 10:27:20.464  3067  3067 D [SUI] AnytimeUIPanelAppBase: Acquiring viewModel SocialViewModel refCount: 2
03-24 10:27:20.464  3067  3067 D [SUI] ActiveCallBarFull: Initialized bar lower section
03-24 10:27:20.464  3067  3067 D [SUI] SocialViewModel: registerPartyObserver(): -$$Lambda$BarView$isTIPbwHLowTxynbd8imTb74SBo
03-24 10:27:20.464  3067  3067 D [SUI] BarView: Initialized active call bar
03-24 10:27:20.465  3067  3067 D [SUI] SocialViewModel: registerObserver(): 
03-24 10:27:20.465  3067  3067 D [SUI] BarView: Initializing debug bar
03-24 10:27:20.465  3067  3067 D [SUI] BarView: Initialized debug bar
03-24 10:27:20.465  3067  3067 D [SUI] BarView: Initializing profile navigation button
03-24 10:27:20.465  1532  8515 W ContextImpl: Calling a method in the system process without a qualified user: android.app.ContextImpl.sendBroadcast:1057 android.content.ContextWrapper.sendBroadcast:448 X.Je.A00:155 X.Je.handleMessage:80 android.os.Handler.dispatchMessage:107 
03-24 10:27:20.465  3067  3067 D [SUI] BarView: Initialized profile navigation button
03-24 10:27:20.465  3067  3067 D [SUI] BarView: Initializing apps navigation button
03-24 10:27:20.467  3067  3067 D UnifiedTelemetryLogger: Already initialized.
03-24 10:27:20.468  3067  3067 D [SUI] BarView: Initialized apps navigation button
03-24 10:27:20.468  3067  3067 D [SUI] BarView: Initializing messenger navigation button
03-24 10:27:20.468  3067  3067 D UnifiedTelemetryLogger: Already initialized.
03-24 10:27:20.468  3067  3067 D [SUI] BarView: Initialized messenger navigation button
03-24 10:27:20.468  3067  3067 D [SUI] BarView: Initializing notifications navigation button
03-24 10:27:20.468  3067  3067 D UnifiedTelemetryLogger: Already initialized.
03-24 10:27:20.468  3067  3067 D [SUI] BarView: Initialized notifications navigation button
03-24 10:27:20.468  3067  3067 D [SUI] BarView: Initializing sharing navigation button
03-24 10:27:20.468  3067  3067 D UnifiedTelemetryLogger: Already initialized.
03-24 10:27:20.469  3067  3067 D [SUI] BarView: Initialized sharing navigation button
03-24 10:27:20.469  3067  3067 D [SUI] BarView: Initializing settings navigation button
03-24 10:27:20.469  3067  3067 D UnifiedTelemetryLogger: Already initialized.
03-24 10:27:20.469  3067  3067 D [SUI] BarView: Initialized settings navigation button
03-24 10:27:20.469  3067  3067 D [SUI] BarView: Initializing destination ui navigation button
03-24 10:27:20.469  3067  3067 D [SUI] BarView: Initialized destination ui navigation button
03-24 10:27:20.469  3067  3067 D [SUI] BarView: Initializing social navigation button
03-24 10:27:20.469  3067  3067 D [SUI] BarView: Initialized social navigation button
