03-24 08:43:39.309  2545  2545 I TREX    : deviceType_ = 2
03-24 08:43:39.309  2545  2545 I TREX    : Initializing system...
03-24 08:43:39.309  2545  2545 I TREX    : Plugin 'com.oculus.superres:libsuperres_plugin.so': No GK killswitch check!
03-24 08:43:39.309  2545  2545 I TREX    : Loading plugin com.oculus.superres:libsuperres_plugin.so
03-24 08:43:39.310  2545  2545 E TREX    : Package 'com.oculus.superres' was not found!
03-24 08:43:39.310  2545  2545 E TREX    : Package com.oculus.superres has an invalid signature!
03-24 08:43:39.310  2545  2545 E TREX    : Skipping load of package com.oculus.superres due to an invalid signature!
03-24 08:43:39.310  2545  2545 I TREX    : Plugin 'com.oculus.superres:libsuperres_plugin.so' not loaded.
03-24 08:43:39.310  2545  2545 I VrApi   : ----------- vrapi_Initialize [end] ----------
03-24 08:43:39.344  1947  1947 D VrRuntimeService: onFocusedWindowChanged: focusedWindowToken=android.os.BinderProxy@6b34976, focusedWindowUid=10011, focusedWindowPid=2545
03-24 08:43:39.344  1947  1947 W ClientMgr: ClientMgr::SetFocusedClient: No focused client
03-24 08:43:39.344  1947  1947 I ClientMgr: Releasing clocks.
03-24 08:43:39.346  1947  2278 I PerformanceManager: SetClockLevels: Force releasing clocks
03-24 08:43:39.346  1947  2278 I PerformanceManager: SetClockLevels: Apply pending clock request change: 1,1 -> -1,-1
03-24 08:43:39.346  1947  2022 I Clocks  : ReleaseClocks - start
03-24 08:43:39.347   706   706 D android.hardware.power@1.3-service-libperfmgr: Unset hint for clock domain: 0
03-24 08:43:39.347  1947  2022 I Clocks  : ReleaseClocks - end (0.6 ms)
03-24 08:43:39.347   706   776 W libperfmgr: Failed to write to node: /sys/class/devfreq/soc:qcom,cpu-cpu-llcc-bw/max_freq with value: 2288, fd: 11
03-24 08:43:39.347   706   776 W libperfmgr: Failed to write to node: /sys/class/devfreq/soc:qcom,cpu-llcc-ddr-bw/max_freq with value: 762, fd: 9
03-24 08:43:39.347   706   776 W libperfmgr: Failed to write to node: /sys/class/devfreq/soc:qcom,cpu-cpu-llcc-bw/max_freq with value: 2288, fd: 9
03-24 08:43:39.347   706   776 W libperfmgr: Failed to write to node: /sys/class/devfreq/soc:qcom,cpu-llcc-ddr-bw/max_freq with value: 762, fd: 10
03-24 08:43:39.347   706   706 D android.hardware.power@1.3-service-libperfmgr: Unset hint for clock domain: 1
03-24 08:43:39.348  2190  2208 I LibraryProvider: running queryApp(com.android.systemui) for com.oculus.uid:10031
03-24 08:43:39.348  2190  2208 W LibraryProvider: Cannot find entitlement for com.android.systemui
03-24 08:43:39.348  2085  2085 W OVRLibrary: null cursor received for query content://com.oculus.ocms.library/apps/com.android.systemui
03-24 08:43:39.348  2085  2085 E PlatformPluginManager: onAppStart called before init
03-24 08:43:39.348  2085  2085 E OVRMediaServiceManager: LivestreamingManager Not initialized
03-24 08:43:39.360  1947  2278 I PerformanceManager: SetClockLevels: Apply pending clock request change: -1,-1 -> 1,1
03-24 08:43:39.360  1947  2022 I Clocks  : LockClocks( cpu=1, gpu=1 ) - start
03-24 08:43:39.360  1947  2022 I Clocks  : CPU levels [0, 4]
03-24 08:43:39.360  1947  2022 I Clocks  : GPU levels [0, 5]
03-24 08:43:39.361   706   706 D android.hardware.power@1.3-service-libperfmgr: set performance level 1, domain 0
03-24 08:43:39.361  1947  2022 I Clocks  : LockClocks( cpu=1, gpu=1 ) - end (0.7 ms)
03-24 08:43:39.361   706   706 D android.hardware.power@1.3-service-libperfmgr: set performance level 1, domain 1
03-24 08:43:39.364  2545  6756 I VrApi   : ---------- vrapi_EnterVrMode [start] ----------
03-24 08:43:39.364  2545  6756 I VrRuntimeClient: Tracing is disabled
03-24 08:43:39.364  2545  6756 I VrRuntimeClient: SysProp debug mode is disabled on Client side
03-24 08:43:39.364  1085  1113 W InputReader: Device has associated, but no associated display id.
03-24 08:43:39.364  2545  6756 D VrApi   : targetSDKVersion 29
03-24 08:43:39.365  2545  6756 I VrRuntimeClient: DEVICE MODEL NUMBER = Quest 2
03-24 08:43:39.365  2545  6756 I VrRuntimeClient: DEVICE HARDWARE = hollywood
03-24 08:43:39.365  2545  6756 I VrRuntimeClient: DEVICE BUILD NAME = user-1462400.7360.0
03-24 08:43:39.365  2545  6756 I VrRuntimeClient: DEVICE BUILD TYPE = user
03-24 08:43:39.365  2545  6756 I VrRuntimeClient: DEVICE OS VERSION = 10
03-24 08:43:39.365  2545  6756 I VrRuntimeClient: VRRUNTIME VERSION = VRAPI_VERSION_BEGIN { 1.1.43.0-274987955-274987955 Feb 23 2021 19:56:04 Development } RELEASE
03-24 08:43:39.365  2545  6756 I VrRuntimeClient: API LOADER VERSION = 1.1.34.0
03-24 08:43:39.365  2545  6756 I VrRuntimeClient: VRDRIVER VERSION = 26.0.0.41.502
03-24 08:43:39.365  2545  6756 I VrRuntimeClient: APP NAME = Permission controller
03-24 08:43:39.365  2545  6756 I VrRuntimeClient: APP VERSION = 29 system image versionCode 299900000 internalVersionName <none>
03-24 08:43:39.365  2545  6756 I VrRuntimeClient: APP VR TYPE = <none>
03-24 08:43:39.365  2545  6756 I VrRuntimeClient: APP MODE TYPE = <none>
03-24 08:43:39.365  2545  6756 I VrRuntimeClient: APP PACKAGE NAME = com.android.permissioncontroller
03-24 08:43:39.365  2545  6756 I VrRuntimeClient: APP ACTIVITY CLASS = com.oculus.os.DialogContext
03-24 08:43:39.365  2545  6756 I Sensor  : OSSDKTRACKING Initializing head tracking
03-24 08:43:39.366  2545  6756 D OsSdk   : TrackingServiceConnection ctor
03-24 08:43:39.366  2545  6756 I Sensor  : OSSDKTRACKING Head tracker != nullpointer 0x7e1ef72ef8, 1
03-24 08:43:39.366  2545  6756 I Sensor  : OSSDKTRACKING Initializing controller tracking
03-24 08:43:39.366  2545  6756 I Sensor  : OSSDKTRACKING Controller tracker != nullpointer 0x7e1ef72fc0, 1
03-24 08:43:39.366  2545  6756 D BatteryReceiver: Registering battery receiver
03-24 08:43:39.368   706   706 I android.hardware.power@1.3-service-libperfmgr: Ignoring hint 2
03-24 08:43:39.368   706   706 I android.hardware.power@1.3-service-libperfmgr: Ignoring hint 2
03-24 08:43:39.369  2545  6756 D HeadsetReceiver: getCurrentHeadsetState: false
03-24 08:43:39.369  2545  6756 I DeviceStatus: nativeHeadsetEvent(0)
03-24 08:43:39.370  2545  6756 I LatencySequenceLogger: handPoseLatency0 - Logger reset. Session ID: 5834929463951614318
03-24 08:43:39.370  2545  6756 I LatencySequenceLogger: pointerPoseLatency0 - Logger reset. Session ID: 3054518595270038596
03-24 08:43:39.370  2545  6756 I LatencySequenceLogger: handPoseLatency1 - Logger reset. Session ID: -7404080639700310915
03-24 08:43:39.370  2545  6756 I LatencySequenceLogger: pointerPoseLatency1 - Logger reset. Session ID: 8428748914906620893
03-24 08:43:39.370  2545  6756 I LatencySequenceLogger: gfrLatency - Logger reset. Session ID: -1983203471697076690
03-24 08:43:39.370  2545  6756 I LatencySequenceLogger: trackedRemoteLatency0 - Logger reset. Session ID: 8639703424317084615
03-24 08:43:39.370  2545  6756 I LatencySequenceLogger: trackedRemoteLatency1 - Logger reset. Session ID: -2280623478955310490
03-24 08:43:39.371  2545  6756 I ClientInputInterface: DEADRECKONING SetControllerTrackingExtendedDeadreckoning 0
03-24 08:43:39.371  2545  6756 D InputHooksJava: Enabling Java Input Hooks
03-24 08:43:39.372  1085  1117 I ActivityTaskManager: Displayed com.android.permissioncontroller/com.android.packageinstaller.permission.ui.ReviewPermissionsActivity: +621ms
03-24 08:43:39.373  2545  6756 I RuntimeHelpers: OSSDKTRACKING querying use OSSDKTracking with default of '1'
03-24 08:43:39.373  2545  6756 I RuntimeHelpers: OSSDKTRACKING Setting ResultUseOSSDKTracking to 1
03-24 08:43:39.373  2545  6756 I InputDevice_TrackedRemote: OSSDKTRACKING Initializing Haptics
03-24 08:43:39.373  2545  6756 I InputDevice_TrackedRemote: OSSDKTRACKING Haptics != nullpointer 0x7e1ef72f80, 1
03-24 08:43:39.373  2545  6756 I InputDevice_TrackedRemote: OSSDKTRACKING Initializing Haptics
03-24 08:43:39.373  2545  6756 I InputDevice_TrackedRemote: OSSDKTRACKING Haptics != nullpointer 0x7d881ba200, 1
03-24 08:43:39.373  2545  6756 I InputDeviceManager: ovrInputDeviceManager::Initialize
03-24 08:43:39.373  2545  6756 I RuntimeHelpers: OSSDKTRACKING querying use OSSDKTracking with default of '1'
03-24 08:43:39.373  2545  6756 I RuntimeHelpers: OSSDKTRACKING Setting ResultUseOSSDKTracking to 1
03-24 08:43:39.373  2545  6757 I RuntimeHelpers: OSSDKTRACKING querying use OSSDKTracking with default of '1'
03-24 08:43:39.373  2545  6756 I HandDataQuerier: OSSDKTRACKING Initializing HandsTracker
03-24 08:43:39.373  2545  6757 I RuntimeHelpers: OSSDKTRACKING Setting ResultUseOSSDKTracking to 1
03-24 08:43:39.373  2545  6756 I HandDataQuerier: OSSDKTRACKING HandsTracker != nullpointer 0x7d880b4060, 1
03-24 08:43:39.373  2545  6756 I HandDataQuerier: OSSDKTRACKING Initializing HandsTracker
03-24 08:43:39.373  2545  6756 I HandDataQuerier: OSSDKTRACKING HandsTracker != nullpointer 0x7d880f29c0, 1
03-24 08:43:39.373  2545  6756 I InputDeviceManager: HANDTRACKING packagename is com.android.permissioncontroller
03-24 08:43:39.374  2545  6756 I InputDeviceManager: HANDTRACKING: Manifest Permission request for com.android.permissioncontroller
03-24 08:43:39.375  2545  6756 I InputDeviceManager: HANDTRACKING:  'com.android.permissioncontroller' Is hands or controller.
03-24 08:43:39.375  2545  6756 I InputDeviceManager: HANDTRACKING: feature flag set to 2
03-24 08:43:39.375  2545  6756 I ClientInputInterface: HANDTRACKING sethandmanifest 2
03-24 08:43:39.375  2545  6757 I InputDeviceManager: HANDTRACKING Pose filter profile changed to: 0
03-24 08:43:39.375   819  6422 I TrackingService: TrackingService::getSharedMemoryFileDescriptor
03-24 08:43:39.375   819   883 I TrackingService: TrackingService::registerClient
03-24 08:43:39.375   819   883 I TrackingService: Registering client with TrackingServiceHost (com.android.permissioncontroller#2545)
03-24 08:43:39.375   819   883 I TrackingService: TrackingServiceHost GetSharedMemoryFileDescriptor for client com.android.permissioncontroller#2545
03-24 08:43:39.375   819   883 I TrackingService: TrackingServiceHost registered common client; there are 0 secure clients
03-24 08:43:39.375  2545  6757 I InputDeviceManager: HANDTRACKING Pose filter profile changed to: 0
03-24 08:43:39.375  2545  6756 D OsSdk   : TrackingServiceConnection registered
03-24 08:43:39.375  2545  6756 I Distortion: Initializing Mesh Decenter Correction
03-24 08:43:39.376  2545  6756 I Distortion: EYE_DECENTER ipdMin 58.1364 left H: -8.1595 v: 3.6616  right  H: -4.9562 v: 0.1797
03-24 08:43:39.376  2545  6756 I Distortion: EYE_DECENTER ipdMid 63.0543 left H: 0.7277 v: 2.5898  right  H: 1.0983 v: 2.3797
03-24 08:43:39.376  2545  6756 I Distortion: EYE_DECENTER ipdMax 67.9727 left H: 1.9973 v: 1.518  right  H: -0.1126 v: 2.3797
03-24 08:43:39.376  2545  6756 I Distortion: EYE_DECENTER PIXELS(4) left H: -0.7277 V: -2.5898  right H: -1.0983 V: -2.3797
03-24 08:43:39.376  2545  6756 I Distortion: EYE_DECENTER iad: 0.065, left H: -2.99923e-05 V: -8.50749e-05  right H: -2.99923e-05 V: -7.81732e-05
03-24 08:43:39.376  2545  6756 I Distortion: SetLensPositions - iad=0.065, left offset=0.000769582,-0.00133337, right offset=-0.000829566,-0.00132647
03-24 08:43:39.376  2545  6756 I Distortion: Initializing Mesh Decenter Correction
03-24 08:43:39.377  2545  6756 I Distortion: EYE_DECENTER ipdMin 58.1364 left H: -8.1595 v: 3.6616  right  H: -4.9562 v: 0.1797
03-24 08:43:39.377  2545  6756 I Distortion: EYE_DECENTER ipdMid 63.0543 left H: 0.7277 v: 2.5898  right  H: 1.0983 v: 2.3797
03-24 08:43:39.377  2545  6756 I Distortion: EYE_DECENTER ipdMax 67.9727 left H: 1.9973 v: 1.518  right  H: -0.1126 v: 2.3797
03-24 08:43:39.377  2545  6756 I Distortion: EYE_DECENTER PIXELS(4) left H: -0.7277 V: -2.5898  right H: -1.0983 V: -2.3797
03-24 08:43:39.377  2545  6756 I Distortion: EYE_DECENTER iad: 0.065, left H: -2.99923e-05 V: -8.50749e-05  right H: -2.99923e-05 V: -7.81732e-05
03-24 08:43:39.377  2545  6756 I Distortion: SetLensPositions - iad=0.065, left offset=0.000769582,-0.00133337, right offset=-0.000829566,-0.00132647
03-24 08:43:39.377  2545  6756 I Distortion: Created custom distortion mesh.
03-24 08:43:39.377  2545  6756 I Distortion: ovrDistortionMeshHeader::magic = 0x56347807
03-24 08:43:39.377  2545  6756 I Distortion: ovrDistortionMeshHeader::deviceModel = 0x200
03-24 08:43:39.377  2545  6756 I Distortion: ovrDistortionMeshHeader::headsetModel = 0x104
03-24 08:43:39.377  2545  6756 I Distortion: ovrDistortionMeshHeader::eyeBlocksWide = 32
03-24 08:43:39.377  2545  6756 I Distortion: ovrDistortionMeshHeader::eyeBlocksHigh = 32
03-24 08:43:39.377  2545  6756 I Distortion: ovrDistortionMeshHeader::lensSeparationMeters = 0.065000
03-24 08:43:39.377  2545  6756 I Distortion: ovrDistortionMeshHeader::horizontalOffsetMeters = -0.000030
03-24 08:43:39.377  2545  6756 I Distortion: ovrDistortionMeshHeader::displayWidthMeters = 0.120362
03-24 08:43:39.377  2545  6756 I Distortion: ovrDistortionMeshHeader::displayHeightMeters = 0.063072
03-24 08:43:39.377  2545  6756 I Distortion: ovrDistortionMeshHeader::displayWidthPixels = 3664
03-24 08:43:39.377  2545  6756 I Distortion: ovrDistortionMeshHeader::displayHeightPixels = 1920
03-24 08:43:39.377  2545  6756 I Distortion: ovrDistortionMeshHeader::eyeTextureWidthPixels = 1440
03-24 08:43:39.377  2545  6756 I Distortion: ovrDistortionMeshHeader::eyeTextureHeightPixels = 1584
03-24 08:43:39.377  2545  6756 I Distortion: ovrDistortionMeshHeader::leftEye = up 48.000000 / down 50.000000 / left 49.000000 / right 45.000000
03-24 08:43:39.377  2545  6756 I Distortion: ovrDistortionMeshHeader::rightEye = up 48.000000 / down 50.000000 / left 45.000000 / right 49.000000
03-24 08:43:39.377  2545  6756 I VrApi   : ovrModeParms::VRAPI_MODE_FLAG_RESET_WINDOW_FULLSCREEN = 1
03-24 08:43:39.377  2545  6756 I VrApi   : ovrModeParms::VRAPI_MODE_FLAG_NATIVE_WINDOW = 1
03-24 08:43:39.377  2545  6756 I VrApi   : ovrModeParms::VRAPI_MODE_FLAG_FRONT_BUFFER_SRGB = 0
03-24 08:43:39.377  2545  6756 I VrApi   : ovrModeParms::VRAPI_MODE_FLAG_CREATE_CONTEXT_NO_ERROR = 0
03-24 08:43:39.377  2545  6756 I VrApi   : ovrModeParms::VRAPI_MODE_FLAG_PHASE_SYNC = 0
03-24 08:43:39.377  2545  6756 I VrApi   : ovrModeParms::VRAPI_MODE_FLAG_APP_SPACE_WARP = 0
03-24 08:43:39.377  2545  6756 I VrRuntimeClient: SetPhaseSyncMode 0
03-24 08:43:39.377  2545  6756 I VrApi   : PhaseSync disabled
03-24 08:43:39.377  2545  6756 W VrApi   : Operating without a sensor.
03-24 08:43:39.377  2545  6756 I GL_Utils: egl = 1.5
03-24 08:43:39.377  2545  6756 I GL_Utils: es3 = TRUE
03-24 08:43:39.377  2545  6756 I GL_Utils: Found: GL_OES_vertex_array_object
03-24 08:43:39.377  2545  6756 I GL_Utils: Found: GL_QCOM_tiled_rendering
03-24 08:43:39.377  2545  6756 I GL_Utils: Found: GL_EXT_sRGB_write_control
03-24 08:43:39.377  2545  6756 I GL_Utils: Found: GL_EXT_disjoint_timer_query
03-24 08:43:39.377  2545  6756 I GL_Utils: Found: GL_EXT_memory_object
03-24 08:43:39.377  2545  6756 I GL_Utils: Found: GL_EXT_memory_object_fd
03-24 08:43:39.377  2545  6756 I GL_Utils: Found: GL_QCOM_texture_foveated
03-24 08:43:39.377  2545  6756 I GL_Utils: Found: GL_KHR_debug
03-24 08:43:39.377  2545  6756 I GL_Utils: Found: GL_EXT_texture_border_clamp
03-24 08:43:39.377  2545  6756 I GL_Utils: Found: GL_EXT_texture_filter_anisotropic
03-24 08:43:39.377  2545  6756 I GL_Utils: Found: GL_OES_texture_view
03-24 08:43:39.377  2545  6756 I GL_Utils: Found: GL_EXT_texture_format_sRGB_override
03-24 08:43:39.377  2545  6756 D VrRuntimeClient: pokeGuardianUserServiceForThisClient: com.android.permissioncontroller:10011
03-24 08:43:39.378  2545  6756 D VrRuntimeClient: VrRuntimeClient: enableRendering: dialog client
03-24 08:43:39.378  2349  2349 D VrGuardianUserService: onStartCommandIntent { act=FOREGROUND_CLIENT cmp=com.oculus.guardian/com.oculus.vrguardianservice.VrGuardianUserService (has extras) }
03-24 08:43:39.379  2545  6756 D VrRuntimeClient: VrRuntimeClient: enableRendering: Using clientWindow=android.os.BinderProxy@ddfd287
03-24 08:43:39.379  1947  1963 I ClientMgr: ClientMgr::SetFocusedClient: 2545:com.android.permissioncontroller type 0
03-24 08:43:39.379  1947  1963 I VrRuntimeService: RuntimeIPC: SendFocusChangeEventToAllClients: PostClientEvent SUCCESS: android.uid.systemui:10056:com.android.systemui:1393, com.android.permissioncontroller, com.android.permissioncontroller
03-24 08:43:39.379  1947  1963 I VrRuntimeService: RuntimeIPC: SendFocusChangeEventToAllClients: PostClientEvent SUCCESS: com.oculus.shellenv:com.oculus.shellenv:3168, com.android.permissioncontroller, com.android.permissioncontroller
03-24 08:43:39.379  1947  1963 I VrRuntimeService: RuntimeIPC: SendFocusChangeEventToAllClients: PostClientEvent SUCCESS: com.android.permissioncontroller:com.android.permissioncontroller:2545, com.android.permissioncontroller, com.android.permissioncontroller
03-24 08:43:39.379  1947  1963 I VrRuntimeService: RuntimeIPC: SendFocusChangeEventToAllClients: PostClientEvent SUCCESS: com.oculus.vrshell:com.oculus.vrshell:EnvOverlay:3214, com.android.permissioncontroller, com.android.permissioncontroller
03-24 08:43:39.379  1947  1963 I VrRuntimeService: RuntimeIPC: SendFocusChangeEventToAllClients: PostClientEvent SUCCESS: com.oculus.vrshell:com.oculus.vrshell:3080, com.android.permissioncontroller, com.android.permissioncontroller
03-24 08:43:39.379  1947  1963 I VrRuntimeService: RuntimeIPC: SendFocusChangeEventToAllClients: PostClientEvent SUCCESS: com.oculus.guardian:com.oculus.vrguardianservice:2349, com.android.permissioncontroller, com.android.permissioncontroller
03-24 08:43:39.379  1947  1963 I VrRuntimeService: RuntimeIPC: SendFocusChangeEventToAllClients: PostClientEvent SUCCESS: com.oculus.vrshell:com.oculus.vrshell:Overlay:2283, com.android.permissioncontroller, com.android.permissioncontroller
03-24 08:43:39.379  1947  1963 D VrRuntimeService: enableRendering: 2545:com.android.permissioncontroller: android.os.BinderProxy@6b34976 enable: true
03-24 08:43:39.379  1947  1963 I ClientMgr: ClientMgr::EnableRendering 2545:com.android.permissioncontroller : type 0 comp-id 7: enable
03-24 08:43:39.379  1947  1963 I TimeWarp: CheckDebuggerConnected: debugger 0
03-24 08:43:39.379  1947  1963 I VrRuntimeServer: SysProp debug mode is disabled on Server side
03-24 08:43:39.382  1947  1963 I UnifiedTelemetryWrapper: Started UT session render:com.android.permissioncontroller
03-24 08:43:39.383  2545  6756 I ScreenCaptureHelper: Advertising com.android.permissioncontroller as streamable
03-24 08:43:39.383  1947  6753 I VrRuntimeService: GetSpecialSwapChain: 1662854587
03-24 08:43:39.383  2545  6756 I VrApi   : Creating Default swapchain
03-24 08:43:39.383  1947  6753 I VrRuntimeService: GetSpecialSwapChain: 1662854587
03-24 08:43:39.383  2545  6756 I VrApi   : Creating Loading Icon swapchain
03-24 08:43:39.384  2545  6756 I VrApi   : OVR::Stats thread started
03-24 08:43:39.384  2545  6756 I XrRuntimeSystem_Client: BeginSession
03-24 08:43:39.384  2545  6756 I VrApi   : ---------- vrapi_EnterVrMode [end] ----------
03-24 08:43:39.384  2545  6756 I ClientInputSettings: SetInhibitHandleHomeKey = true for com.android.permissioncontroller
03-24 08:43:39.384  2545  6756 I ClientInputInterface: SetInhibitHandleHomeKey 1
03-24 08:43:39.384  1947  6753 I VrRuntimeService: CreateSwapChain: 1662854587
03-24 08:43:39.384  1947  6753 I VrRuntimeService: CreateSwapChain: api:gles 0 0x8c43 16 16 1 1 1 0 14
03-24 08:43:39.384  1947  6753 I VrRuntimeServer: CreateTextureSwapChain: result importswapchaingles 1
03-24 08:43:39.385  2545  6758 D VrApi   : VrApi::isWifiConnected exception: Make sure android.permission.ACCESS_NETWORK_STATE is set in the manifest.
03-24 08:43:39.386  2545  6758 D VrApi   : targetSDKVersion 29
03-24 08:43:39.387  2545  6758 I JniUtils: ovr_GetCurrentPackageSignature 
03-24 08:43:39.387  2545  6758 I Metrics : device name = Oculus Quest 2
03-24 08:43:39.388  1947  2278 I ClientMgr: Non-overlay clients rendering status has changed: prev=6, curr=7, enabled=1
03-24 08:43:39.388  1947  2278 I ClientMgr: Primary Client is not valid.
03-24 08:43:39.388  1947  2278 I ClientMgr: Primary client determined to be the current enabled client 7
03-24 08:43:39.388  1947  2278 I ClientMgr: Setting Primary Client to 7
03-24 08:43:39.388  1947  2278 I ClientMgr: Primary Client ID changed
03-24 08:43:39.389  1947  2278 W ClientMgr: ClientMgr::GetClientPermissionFlagsById: Client missing proper permissions: com.android.permissioncontroller, 2
03-24 08:43:39.389  1947  2278 I ClientMgr: ClientMgr::SetPrimaryCompositorClient: 2545:com.android.permissioncontroller
03-24 08:43:39.389  1947  2278 I TimeWarpClientMgr: Enable client 7
03-24 08:43:39.389  1947  2278 I VrRuntimeServer: EnableCompositorClient client(7): layer placement(0) flags(1) sm(0x7d910b4010)
03-24 08:43:39.389  1947  2278 I ServiceInputManager: ServiceInputManager::SetPrimaryPackageName 'com.android.permissioncontroller' 'com.android.permissioncontroller'  updated AnytimeUI processname 0
03-24 08:43:39.389  1947  2278 D VrRuntimeService: sendPrimaryPackageChangeBroadcast
03-24 08:43:39.389  2190  2208 I LibraryProvider: running queryApp(com.android.permissioncontroller) for com.oculus.uid:10031
03-24 08:43:39.389  2190  2208 W LibraryProvider: Cannot find entitlement for com.android.permissioncontroller
03-24 08:43:39.391  2085  2085 W OVRLibrary: null cursor received for query content://com.oculus.ocms.library/apps/com.android.permissioncontroller
03-24 08:43:39.391  1947  2278 I AADT    : SetAADTLutDataX: 0
03-24 08:43:39.391  1947  2278 I AADT    : SetAADTLutDataY: 0
03-24 08:43:39.391  1947  2278 I ServiceInputManager: DEADRECKONING deadReckoning mode on ClientMgr from server is 0
03-24 08:43:39.392  2283  2283 D [OAO] ShellOverlayService: screenStateReceiver Received broadcast: com.oculus.vrshell.intent.action.PRIMARY_PACKAGE_CHANGED
03-24 08:43:39.392  2283  2283 I [OAO] ShellOverlayServiceJNI: NativeSendOverlayCommand
03-24 08:43:39.392  2283  2283 I [OAO] ShellOverlayServiceJNI: NativeWake
03-24 08:43:39.392  2283  2283 I [OAO] ShellOverlayMain: WakeVrThread
03-24 08:43:39.392  2283  2283 I [OAO] ShellOverlayMain: WakeVrThread - notifying vr thread
03-24 08:43:39.394  1947  6753 I VrRuntimeService: CreateSwapChain: 1662854587
03-24 08:43:39.394  1947  6753 I VrRuntimeService: CreateSwapChain: api:gles 3 0x8058 1000 1000 1 1 1 0 14
03-24 08:43:39.394   824  1815 E VrApiService: Error set scheduler for process 1947 thread 6237 to 2 : No such process (3)
03-24 08:43:39.395  1947  6753 I VrRuntimeServer: CreateTextureSwapChain: result importswapchaingles 1
03-24 08:43:39.395  1947  2055 I TimeWarp: SetSchedFifo( tid=6237, pol=2, pri=0 ) succeeded
03-24 08:43:39.395  1947  2055 I AADT    : SetAADTLutDataX. Thread. SizeX: 0
03-24 08:43:39.395  1947  2055 I AADT    : SetAADTLutDataY. Thread. SizeY: 0
03-24 08:43:39.397   706   706 D android.hardware.power@1.3-service-libperfmgr: LAUNCH OFF
03-24 08:43:39.400  2190  2208 I LibraryProvider: running queryApp(com.android.permissioncontroller) for com.oculus.uid:10031
03-24 08:43:39.400  2190  2208 W LibraryProvider: Cannot find entitlement for com.android.permissioncontroller
03-24 08:43:39.400  2085  2085 W OVRLibrary: null cursor received for query content://com.oculus.ocms.library/apps/com.android.permissioncontroller
03-24 08:43:39.400  2085  2085 E PlatformPluginManager: onAppStart called before init
03-24 08:43:39.400  2085  2085 E OVRMediaServiceManager: LivestreamingManager Not initialized
03-24 08:43:39.404  1947  6753 I VrRuntimeService: CreateSwapChain: 1662854587
03-24 08:43:39.404  1947  6753 I VrRuntimeService: CreateSwapChain: api:gles 0 0x8c43 1440 1584 1 3 1 0 14
03-24 08:43:39.405  1947  6753 I VrRuntimeServer: CreateTextureSwapChain: result importswapchaingles 1
03-24 08:43:39.410  1947  6753 I VrRuntimeService: CreateSwapChain: 1662854587
03-24 08:43:39.410  1947  6753 I VrRuntimeService: CreateSwapChain: api:gles 0 0x8c43 1440 1584 1 3 1 0 14
03-24 08:43:39.411  1947  6753 I VrRuntimeServer: CreateTextureSwapChain: result importswapchaingles 1
03-24 08:43:39.419  2349  2492 I GuardianSystem: runtimeServiceSDKClient_.ForceShowGuardianEvent
03-24 08:43:39.419  2349  2492 I GuardianSystem: ForceShowGuardian: false, 0.00
03-24 08:43:39.436  2545  6756 D VrRuntimeClient: loadDriverResource - resourceName: 'hand_left' 
03-24 08:43:39.440  2545  6756 I VrApi_Input: vrapi_GetMeshForHand_Internal: mesh->Header.Version = df000001 mesh->NumVertices = 1360 mesh->NumIndices = 6942
03-24 08:43:39.442  2283  2325 I [OAO] ShellOverlayApp: 0xc4d34c08 msg: overlayCommand:
03-24 08:43:39.442  2283  2325 I [OAO] ShellOverlayApp: command = primaryPackageChanged
03-24 08:43:39.442  2283  2325 I [OAO] ShellOverlayApp: Process_OverlayCommand command : primaryPackageChanged
03-24 08:43:39.442  2283  2325 I [OAO] ShellOverlayApp: UpdatePrimaryPackage
03-24 08:43:39.442  2283  2325 I [OAO] ShellOverlayApp: UpdatePrimaryPackage Requested for PackageName:com.android.permissioncontroller  IsFocusAware:0
03-24 08:43:39.442  2283  2325 I [OAO] ShellOverlayApp: UpdatePrimaryPackage Ignored as no change for packageName:[com.android.permissioncontroller]
03-24 08:43:39.443  2545  6756 D VrRuntimeClient: loadDriverResource - resourceName: 'hand_right' 
03-24 08:43:39.445  2545  6756 I VrApi_Input: vrapi_GetMeshForHand_Internal: mesh->Header.Version = df000001 mesh->NumVertices = 1360 mesh->NumIndices = 6942
03-24 08:43:39.451  1947  6753 I VrRuntimeService: CreateSwapChain: 1662854587
03-24 08:43:39.451  1947  6753 I VrRuntimeService: CreateSwapChain: api:gles 0 0x8c43 64 64 1 3 1 0 14
03-24 08:43:39.452  1947  6753 I VrRuntimeServer: CreateTextureSwapChain: result importswapchaingles 1
03-24 08:43:39.461  1947  6753 I VrRuntimeService: CreateAndroidSurfaceSwapChain: 1662854587
03-24 08:43:39.461  1947  6753 I VrRuntimeService: CreateAndroidSurfaceSwapChain: 65536 1 32856 933 366 1 1 1 0 0
03-24 08:43:39.462  1947  6753 I VrRuntimeServer: CreateAndroidSurfaceSwapChain: result surface 0x7d1bf8d000
03-24 08:43:39.463  1947  6753 I VrRuntimeService: RuntimeServiceSDKServer::GetGuardianPolygon
03-24 08:43:39.463  2545  6756 I VrRuntimeClient: SyncInternalGuardianState: GetGuardianPolygon: 0
03-24 08:43:39.463  1947  6753 I VrRuntimeService: RuntimeServiceSDKServer::GetGuardianStationaryInfo
03-24 08:43:39.463  1947  6753 I VrRuntimeService: RuntimeServiceSDKServer::GetGuardianSystemState: 1662854587
03-24 08:43:39.463  1947  6753 I VrRuntimeService: UpdateSwapChainSamplerState: 138
03-24 08:43:39.464  1947  6753 I VrRuntimeService: UpdateSwapChainSamplerState: minFilter=1 magFilter=1 wrapModeS=0 warpModeT=0 maxAniso=1.000000 border={0.000000,0.000000,0.000000,0.000000}
03-24 08:43:39.464  1947  6753 I VrRuntimeService: UpdateSwapChainSamplerState: 137
03-24 08:43:39.464  1947  6753 I VrRuntimeService: UpdateSwapChainSamplerState: minFilter=1 magFilter=1 wrapModeS=2 warpModeT=2 maxAniso=1.000000 border={0.000000,0.000000,0.000000,0.000000}
03-24 08:43:39.464  2545  6756 D VrRuntimeClient: pokeGuardianUserServiceForThisClient: com.android.permissioncontroller:10011
03-24 08:43:39.464  2545  6756 I VrApi   : Received ovrRuntime event 2
03-24 08:43:39.464  2545  6756 I VrApi   : Received ovrRuntime event 4
03-24 08:43:39.465  2545  6756 W VrApi   : Time to first swap: 0.615 seconds
03-24 08:43:39.465  2349  2349 D VrGuardianUserService: onStartCommandIntent { act=FOREGROUND_CLIENT cmp=com.oculus.guardian/com.oculus.vrguardianservice.VrGuardianUserService (has extras) }
03-24 08:43:39.465  2545  6773 I FenceChecker: FenceChecker::MainLoop - started
03-24 08:43:39.478  1947  2055 I TimeWarp: SetSchedFifo( tid=6773, pol=3, pri=0 ) succeeded
03-24 08:43:39.478  1947  2055 I TimeWarp: SetClientSurfaceSecureFlag: secure=1
03-24 08:43:39.487  1947  2055 I SwapChain_GLES: AttachSurfaceSwapChainGLES: 0x7d1bf8d000 attached on init
03-24 08:43:39.493  1551  6762 W ContextImpl: Calling a method in the system process without a qualified user: android.app.ContextImpl.sendBroadcast:1057 android.content.ContextWrapper.sendBroadcast:448 X.Je.A00:155 X.Je.handleMessage:80 android.os.Handler.dispatchMessage:107 
03-24 08:43:39.505  2283  2566 I OVRPlatform: [RequestStopwatch] AccessTokenRequest took 112.7310 milliseconds
03-24 08:43:39.540  2349  2492 I GuardianSystem: runtimeServiceSDKClient_.ForceShowGuardianEvent
03-24 08:43:39.540  2349  2492 I GuardianSystem: ForceShowGuardian: false, 0.00
03-24 08:43:40.068  1947  2278 W TelemetryServer: [XRINPUT] HANDTRACKING STATE still mismatched, logging after 10s, retrying to set system setting variable to; 1
03-24 08:43:40.068  1947  2278 W ServiceInputManager: HANDTRACKING STATE mismatched after 2.01382
03-24 08:43:40.082  1947  2278 I ServiceInputManager: HANDTRACKING server resetting Hands_WaitingForUpdateOnSystemSetting without changing internal setting
03-24 08:43:40.082  1947  2278 I ServiceInputManager: HANDTRACKING setting hand tracking on settings manager to 1
03-24 08:43:40.087  1947  1969 I DynamicClocks: DynamicClocksSettingsCallback: khandTrackingEnabled updated to 1
03-24 08:43:40.087  1947  1963 I InputSettingsObserverCallback: InputSettingsObserverCallback: hand_tracking_enabled changed to: 1
03-24 08:43:40.409   713   713 E WifiHAL : handleResponse: OTHER_RX_MULTICAST_CNT not found
03-24 08:43:40.411   713   713 E WifiHAL : wifi_get_ring_data: Error -5 happened. 
03-24 08:43:40.411  1085  2147 E WifiVendorHal: getRingBufferData(l.1675) failed {.code = ERROR_INVALID_ARGS, .description = }
03-24 08:43:40.422   667  6830 E ResolverController: No valid NAT64 prefix (100, <unspecified>/0)
03-24 08:43:40.426   667  6832 E ResolverController: No valid NAT64 prefix (100, <unspecified>/0)
03-24 08:43:40.431   667  6835 E ResolverController: No valid NAT64 prefix (100, <unspecified>/0)
03-24 08:43:40.433  1085  2147 D wifi-jni: no kernel logs
03-24 08:43:40.435   667  6837 E ResolverController: No valid NAT64 prefix (100, <unspecified>/0)
03-24 08:43:40.438   667  6839 E ResolverController: No valid NAT64 prefix (100, <unspecified>/0)
03-24 08:43:40.441   667  6841 E ResolverController: No valid NAT64 prefix (100, <unspecified>/0)
03-24 08:43:40.445   667  6843 E ResolverController: No valid NAT64 prefix (100, <unspecified>/0)
03-24 08:43:40.448   667  6845 E ResolverController: No valid NAT64 prefix (100, <unspecified>/0)
03-24 08:43:40.451   667  6847 E ResolverController: No valid NAT64 prefix (100, <unspecified>/0)
03-24 08:43:40.454  2545  6758 I Telemetry: App memory usage: PSS=130MB DalvikPSS=1 MB
03-24 08:43:40.455  2545  6758 I VrApi   : FPS=1/72,Prd=0ms,Tear=0,Early=0,Stale=72,VSnc=0,Lat=0,Fov=0D,CPU4/GPU=1/1,940/400MHz,OC=FF,TA=0/0/0,SP=N/N/N,Mem=1353MHz,Free=3988MB,PLS=0,Temp=34.0C/0.0C,TW=2.51ms,App=0.00ms,GD=0.00ms,CPU&GPU=0.00ms,LCnt=3,GPU%=0.19,CPU%=0.03(W0.05),DSF=1.00
03-24 08:43:40.683   723  1209 I hash_map_utils: key: 'snd_device_in' value: ''
03-24 08:43:40.684   723  1209 I hash_map_utils: key: 'snd_device_out' value: ''
03-24 08:43:40.826  6085  6085 E adbd    : failed to connect to socket 'tcp:6666': Connection refused
03-24 08:43:40.975  2283  2325 I [OAO] ShellOverlayApp: Sleep timeout exceeded. Timeout:149.088631, Now:149.088634. Sleeping... 
03-24 08:43:40.975  2283  2325 I [OAO] ShellOverlayApp: WaitForWake: VrThread entering waiting state
03-24 08:43:41.394  2545  6758 I VrApi   : FPS=73/72,Prd=139163ms,Tear=0,Early=0,Stale=11,VSnc=1,Lat=0,Fov=0D,CPU4/GPU=1/1,940/400MHz,OC=FF,TA=0/0/0,SP=N/N/N,Mem=1353MHz,Free=4010MB,PLS=0,Temp=34.0C/0.0C,TW=2.43ms,App=0.00ms,GD=0.00ms,CPU&GPU=0.38ms,LCnt=4,GPU%=0.18,CPU%=0.02(W0.05),DSF=1.00
03-24 08:43:41.950  6563  6582 I culus.appsafet: Waiting for a blocking GC ProfileSaver
03-24 08:43:41.958  6563  6582 I culus.appsafet: WaitForGcToComplete blocked ProfileSaver on ClassLinker for 8.224ms
03-24 08:43:41.999   684   914 D audio_hw_primary: out_standby: enter: stream (0xf48cf000) usecase(1: low-latency-playback)
