03-24 10:27:17.992  2556  8435 I VrRuntimeClient: APP PACKAGE NAME = com.android.permissioncontroller
03-24 10:27:17.992  2556  8435 I VrRuntimeClient: APP ACTIVITY CLASS = com.oculus.os.DialogContext
03-24 10:27:17.992  2556  8435 I Sensor  : OSSDKTRACKING Initializing head tracking
03-24 10:27:17.992  2556  8435 D OsSdk   : TrackingServiceConnection ctor
03-24 10:27:17.992  2556  8435 I Sensor  : OSSDKTRACKING Head tracker != nullpointer 0x7ebf93a638, 1
03-24 10:27:17.992  2556  8435 I Sensor  : OSSDKTRACKING Initializing controller tracking
03-24 10:27:17.992  2556  8435 I Sensor  : OSSDKTRACKING Controller tracker != nullpointer 0x7ebf93a700, 1
03-24 10:27:17.992  2556  8435 D BatteryReceiver: Registering battery receiver
03-24 10:27:17.992  1084  1119 I ActivityTaskManager: Displayed com.android.permissioncontroller/com.android.packageinstaller.permission.ui.ReviewPermissionsActivity: +559ms
03-24 10:27:17.994  2556  8435 D HeadsetReceiver: getCurrentHeadsetState: false
03-24 10:27:17.994  2556  8435 I DeviceStatus: nativeHeadsetEvent(0)
03-24 10:27:17.994  2556  8435 I LatencySequenceLogger: handPoseLatency0 - Logger reset. Session ID: 5240499714148675332
03-24 10:27:17.994  2556  8435 I LatencySequenceLogger: pointerPoseLatency0 - Logger reset. Session ID: 2932359535904887876
03-24 10:27:17.994  2556  8435 I LatencySequenceLogger: handPoseLatency1 - Logger reset. Session ID: 8519358346042708573
03-24 10:27:17.994  2556  8435 I LatencySequenceLogger: pointerPoseLatency1 - Logger reset. Session ID: 2094589108813959837
03-24 10:27:17.994  2556  8435 I LatencySequenceLogger: gfrLatency - Logger reset. Session ID: -334164340699224590
03-24 10:27:17.994  2556  8435 I LatencySequenceLogger: trackedRemoteLatency0 - Logger reset. Session ID: -2651121526117049781
03-24 10:27:17.994  2556  8435 I LatencySequenceLogger: trackedRemoteLatency1 - Logger reset. Session ID: 4886456231863649514
03-24 10:27:17.994  2556  8435 I ClientInputInterface: DEADRECKONING SetControllerTrackingExtendedDeadreckoning 0
03-24 10:27:17.995  2360  2443 D RuntimeIPCServerMgr: RegisterClient: Client: com.android.permissioncontroller:com.android.permissioncontroller:2556, Server: com.oculus.guardian:com.oculus.vrguardianservice (guardianserver)
03-24 10:27:17.995  2556  8435 D InputHooksJava: Enabling Java Input Hooks
03-24 10:27:17.995  2360  8436 I JniUtils: Creating temporary JNIEnv. This is a heavy operation and should be infrequent. To optimize, use JNI AttachCurrentThread on calling thread
03-24 10:27:17.996  2360  8436 I JniUtils: Creating temporary JNIEnv. This is a heavy operation and should be infrequent. To optimize, use JNI AttachCurrentThread on calling thread
03-24 10:27:17.996  2556  8435 I RuntimeHelpers: OSSDKTRACKING querying use OSSDKTracking with default of '1'
03-24 10:27:17.996  2556  8435 I RuntimeHelpers: OSSDKTRACKING Setting ResultUseOSSDKTracking to 1
03-24 10:27:17.996  2556  8435 I InputDevice_TrackedRemote: OSSDKTRACKING Initializing Haptics
03-24 10:27:17.996  2556  8435 I InputDevice_TrackedRemote: OSSDKTRACKING Haptics != nullpointer 0x7ebf93a6c0, 1
03-24 10:27:17.997  2556  8435 I InputDevice_TrackedRemote: OSSDKTRACKING Initializing Haptics
03-24 10:27:17.997  2556  8435 I InputDevice_TrackedRemote: OSSDKTRACKING Haptics != nullpointer 0x7ebf93ad00, 1
03-24 10:27:17.997  2556  8435 I InputDeviceManager: ovrInputDeviceManager::Initialize
03-24 10:27:17.997  2556  8435 I RuntimeHelpers: OSSDKTRACKING querying use OSSDKTracking with default of '1'
03-24 10:27:17.997  2556  8435 I RuntimeHelpers: OSSDKTRACKING Setting ResultUseOSSDKTracking to 1
03-24 10:27:17.997  2556  8435 I HandDataQuerier: OSSDKTRACKING Initializing HandsTracker
03-24 10:27:17.997  2556  8437 I RuntimeHelpers: OSSDKTRACKING querying use OSSDKTracking with default of '1'
03-24 10:27:17.997  2556  8437 I RuntimeHelpers: OSSDKTRACKING Setting ResultUseOSSDKTracking to 1
03-24 10:27:17.997  2556  8435 I HandDataQuerier: OSSDKTRACKING HandsTracker != nullpointer 0x7ebfb77ea0, 1
03-24 10:27:17.997  2556  8435 I HandDataQuerier: OSSDKTRACKING Initializing HandsTracker
03-24 10:27:17.997  2556  8435 I HandDataQuerier: OSSDKTRACKING HandsTracker != nullpointer 0x7ebfb78260, 1
03-24 10:27:17.997  2556  8435 I InputDeviceManager: HANDTRACKING packagename is com.android.permissioncontroller
03-24 10:27:17.997  2556  8435 I InputDeviceManager: HANDTRACKING: Manifest Permission request for com.android.permissioncontroller
03-24 10:27:17.998  2360  8436 I JniUtils: Creating temporary JNIEnv. This is a heavy operation and should be infrequent. To optimize, use JNI AttachCurrentThread on calling thread
03-24 10:27:17.999  2360  8436 I JniUtils: Creating temporary JNIEnv. This is a heavy operation and should be infrequent. To optimize, use JNI AttachCurrentThread on calling thread
03-24 10:27:17.999  2556  8435 I InputDeviceManager: HANDTRACKING:  'com.android.permissioncontroller' Is hands or controller.
03-24 10:27:17.999  2556  8435 I InputDeviceManager: HANDTRACKING: feature flag set to 2
03-24 10:27:17.999  2556  8435 I ClientInputInterface: HANDTRACKING sethandmanifest 2
03-24 10:27:17.999  2556  8437 I InputDeviceManager: HANDTRACKING Pose filter profile changed to: 0
03-24 10:27:18.000   843   843 I TrackingService: TrackingService::getSharedMemoryFileDescriptor
03-24 10:27:18.000   843   843 I TrackingService: TrackingService::registerClient
03-24 10:27:18.000   843   843 I TrackingService: Registering client with TrackingServiceHost (com.android.permissioncontroller#2556)
03-24 10:27:18.000   843   843 I TrackingService: TrackingServiceHost GetSharedMemoryFileDescriptor for client com.android.permissioncontroller#2556
03-24 10:27:18.000   843   843 I TrackingService: TrackingServiceHost registered common client; there are 0 secure clients
03-24 10:27:17.999  2556  8437 I InputDeviceManager: HANDTRACKING Pose filter profile changed to: 0
03-24 10:27:18.000  2556  8435 D OsSdk   : TrackingServiceConnection registered
03-24 10:27:18.000  2556  8435 I Distortion: Initializing Mesh Decenter Correction
03-24 10:27:18.000  2360  8436 W REFLECT : Broadcasting 1347536477, com.android.permissioncontroller, com.android.permissioncontroller:2556
03-24 10:27:18.001  2556  8435 I Distortion: EYE_DECENTER ipdMin 58.1364 left H: -8.1595 v: 3.6616  right  H: -4.9562 v: 0.1797
03-24 10:27:18.001  2556  8435 I Distortion: EYE_DECENTER ipdMid 63.0543 left H: 0.7277 v: 2.5898  right  H: 1.0983 v: 2.3797
03-24 10:27:18.001  2556  8435 I Distortion: EYE_DECENTER ipdMax 67.9727 left H: 1.9973 v: 1.518  right  H: -0.1126 v: 2.3797
03-24 10:27:18.001  2556  8435 I Distortion: EYE_DECENTER PIXELS(4) left H: -0.7277 V: -2.5898  right H: -1.0983 V: -2.3797
03-24 10:27:18.001  2556  8435 I Distortion: EYE_DECENTER iad: 0.065, left H: -2.99923e-05 V: -8.50749e-05  right H: -2.99923e-05 V: -7.81732e-05
03-24 10:27:18.001  2556  8435 I Distortion: SetLensPositions - iad=0.065, left offset=0.000769582,-0.00133337, right offset=-0.000829566,-0.00132647
03-24 10:27:18.001  2556  8435 I Distortion: Initializing Mesh Decenter Correction
03-24 10:27:18.001  2556  8435 I Distortion: EYE_DECENTER ipdMin 58.1364 left H: -8.1595 v: 3.6616  right  H: -4.9562 v: 0.1797
03-24 10:27:18.001  2556  8435 I Distortion: EYE_DECENTER ipdMid 63.0543 left H: 0.7277 v: 2.5898  right  H: 1.0983 v: 2.3797
03-24 10:27:18.001  2556  8435 I Distortion: EYE_DECENTER ipdMax 67.9727 left H: 1.9973 v: 1.518  right  H: -0.1126 v: 2.3797
03-24 10:27:18.001  2556  8435 I Distortion: EYE_DECENTER PIXELS(4) left H: -0.7277 V: -2.5898  right H: -1.0983 V: -2.3797
03-24 10:27:18.001  2556  8435 I Distortion: EYE_DECENTER iad: 0.065, left H: -2.99923e-05 V: -8.50749e-05  right H: -2.99923e-05 V: -7.81732e-05
03-24 10:27:18.001  2556  8435 I Distortion: SetLensPositions - iad=0.065, left offset=0.000769582,-0.00133337, right offset=-0.000829566,-0.00132647
03-24 10:27:18.001  2556  8435 I Distortion: Created custom distortion mesh.
03-24 10:27:18.001  2556  8435 I Distortion: ovrDistortionMeshHeader::magic = 0x56347807
03-24 10:27:18.001  2556  8435 I Distortion: ovrDistortionMeshHeader::deviceModel = 0x200
03-24 10:27:18.001  2556  8435 I Distortion: ovrDistortionMeshHeader::headsetModel = 0x104
03-24 10:27:18.001  2556  8435 I Distortion: ovrDistortionMeshHeader::eyeBlocksWide = 32
03-24 10:27:18.001  2556  8435 I Distortion: ovrDistortionMeshHeader::eyeBlocksHigh = 32
03-24 10:27:18.001  2556  8435 I Distortion: ovrDistortionMeshHeader::lensSeparationMeters = 0.065000
03-24 10:27:18.001  2556  8435 I Distortion: ovrDistortionMeshHeader::horizontalOffsetMeters = -0.000030
03-24 10:27:18.001  2556  8435 I Distortion: ovrDistortionMeshHeader::displayWidthMeters = 0.120362
03-24 10:27:18.001  2556  8435 I Distortion: ovrDistortionMeshHeader::displayHeightMeters = 0.063072
03-24 10:27:18.001  2556  8435 I Distortion: ovrDistortionMeshHeader::displayWidthPixels = 3664
03-24 10:27:18.001  2556  8435 I Distortion: ovrDistortionMeshHeader::displayHeightPixels = 1920
03-24 10:27:18.001  2556  8435 I Distortion: ovrDistortionMeshHeader::eyeTextureWidthPixels = 1440
03-24 10:27:18.001  2556  8435 I Distortion: ovrDistortionMeshHeader::eyeTextureHeightPixels = 1584
03-24 10:27:18.001  2556  8435 I Distortion: ovrDistortionMeshHeader::leftEye = up 48.000000 / down 50.000000 / left 49.000000 / right 45.000000
03-24 10:27:18.001  2556  8435 I Distortion: ovrDistortionMeshHeader::rightEye = up 48.000000 / down 50.000000 / left 45.000000 / right 49.000000
03-24 10:27:18.001  2556  8435 I VrApi   : ovrModeParms::VRAPI_MODE_FLAG_RESET_WINDOW_FULLSCREEN = 1
03-24 10:27:18.001  2556  8435 I VrApi   : ovrModeParms::VRAPI_MODE_FLAG_NATIVE_WINDOW = 1
03-24 10:27:18.001  2556  8435 I VrApi   : ovrModeParms::VRAPI_MODE_FLAG_FRONT_BUFFER_SRGB = 0
03-24 10:27:18.001  2556  8435 I VrApi   : ovrModeParms::VRAPI_MODE_FLAG_CREATE_CONTEXT_NO_ERROR = 0
03-24 10:27:18.001  2556  8435 I VrApi   : ovrModeParms::VRAPI_MODE_FLAG_PHASE_SYNC = 0
03-24 10:27:18.001  2556  8435 I VrApi   : ovrModeParms::VRAPI_MODE_FLAG_APP_SPACE_WARP = 0
03-24 10:27:18.001  2556  8435 I VrRuntimeClient: SetPhaseSyncMode 0
03-24 10:27:18.001  2556  8435 I VrApi   : PhaseSync disabled
03-24 10:27:18.001  2556  8435 W VrApi   : Operating without a sensor.
03-24 10:27:18.001  2556  8435 I GL_Utils: egl = 1.5
03-24 10:27:18.001  2556  8435 I GL_Utils: es3 = TRUE
03-24 10:27:18.001  2556  8435 I GL_Utils: Found: GL_OES_vertex_array_object
03-24 10:27:18.001  2556  8435 I GL_Utils: Found: GL_QCOM_tiled_rendering
03-24 10:27:18.002  2556  8435 I GL_Utils: Found: GL_EXT_sRGB_write_control
03-24 10:27:18.002  2556  8435 I GL_Utils: Found: GL_EXT_disjoint_timer_query
03-24 10:27:18.002  2556  8435 I GL_Utils: Found: GL_EXT_memory_object
03-24 10:27:18.002  2556  8435 I GL_Utils: Found: GL_EXT_memory_object_fd
03-24 10:27:18.002  2556  8435 I GL_Utils: Found: GL_QCOM_texture_foveated
03-24 10:27:18.002  2556  8435 I GL_Utils: Found: GL_KHR_debug
03-24 10:27:18.002  2556  8435 I GL_Utils: Found: GL_EXT_texture_border_clamp
03-24 10:27:18.002  2556  8435 I GL_Utils: Found: GL_EXT_texture_filter_anisotropic
03-24 10:27:18.002  2556  8435 I GL_Utils: Found: GL_OES_texture_view
03-24 10:27:18.002  2556  8435 I GL_Utils: Found: GL_EXT_texture_format_sRGB_override
03-24 10:27:18.002  2556  8435 D VrRuntimeClient: pokeGuardianUserServiceForThisClient: com.android.permissioncontroller:10011
03-24 10:27:18.003  2556  8435 D VrRuntimeClient: VrRuntimeClient: enableRendering: dialog client
03-24 10:27:18.003  2556  8435 D VrRuntimeClient: VrRuntimeClient: enableRendering: Using clientWindow=android.os.BinderProxy@bda51e9
03-24 10:27:18.004  2360  2360 D VrGuardianUserService: onStartCommandIntent { act=FOREGROUND_CLIENT cmp=com.oculus.guardian/com.oculus.vrguardianservice.VrGuardianUserService (has extras) }
03-24 10:27:18.004  1897  1919 I ClientMgr: ClientMgr::SetFocusedClient: 2556:com.android.permissioncontroller type 0
03-24 10:27:18.004  1897  1919 I VrRuntimeService: RuntimeIPC: SendFocusChangeEventToAllClients: PostClientEvent SUCCESS: com.android.permissioncontroller:com.android.permissioncontroller:2556, com.android.permissioncontroller, com.android.permissioncontroller
03-24 10:27:18.004  1897  1919 I VrRuntimeService: RuntimeIPC: SendFocusChangeEventToAllClients: PostClientEvent SUCCESS: com.oculus.vrshell:com.oculus.vrshell:Overlay:2275, com.android.permissioncontroller, com.android.permissioncontroller
03-24 10:27:18.004  1897  1919 I VrRuntimeService: RuntimeIPC: SendFocusChangeEventToAllClients: PostClientEvent SUCCESS: android.uid.systemui:10056:com.android.systemui:1326, com.android.permissioncontroller, com.android.permissioncontroller
03-24 10:27:18.004  1897  1919 I VrRuntimeService: RuntimeIPC: SendFocusChangeEventToAllClients: PostClientEvent SUCCESS: com.oculus.vrshell:com.oculus.vrshell:3143, com.android.permissioncontroller, com.android.permissioncontroller
03-24 10:27:18.004  1897  1919 I VrRuntimeService: RuntimeIPC: SendFocusChangeEventToAllClients: PostClientEvent SUCCESS: com.oculus.shellenv:com.oculus.shellenv:3183, com.android.permissioncontroller, com.android.permissioncontroller
03-24 10:27:18.004  1897  1919 I VrRuntimeService: RuntimeIPC: SendFocusChangeEventToAllClients: PostClientEvent SUCCESS: com.oculus.vrshell:com.oculus.vrshell:EnvOverlay:3264, com.android.permissioncontroller, com.android.permissioncontroller
03-24 10:27:18.004  1897  1919 I VrRuntimeService: RuntimeIPC: SendFocusChangeEventToAllClients: PostClientEvent SUCCESS: com.oculus.guardian:com.oculus.vrguardianservice:2360, com.android.permissioncontroller, com.android.permissioncontroller
03-24 10:27:18.004  1897  1919 D VrRuntimeService: enableRendering: 2556:com.android.permissioncontroller: android.os.BinderProxy@abe9db1 enable: true
03-24 10:27:18.004  1897  1919 I ClientMgr: ClientMgr::EnableRendering 2556:com.android.permissioncontroller : type 0 comp-id 6: enable
03-24 10:27:18.004  1897  1919 I TimeWarp: CheckDebuggerConnected: debugger 0
03-24 10:27:18.004  1897  1919 I VrRuntimeServer: SysProp debug mode is disabled on Server side
03-24 10:27:18.007  1897  1919 I UnifiedTelemetryWrapper: Started UT session render:com.android.permissioncontroller
03-24 10:27:18.008  2556  8435 I ScreenCaptureHelper: Advertising com.android.permissioncontroller as streamable
03-24 10:27:18.008  1897  8432 I VrRuntimeService: GetSpecialSwapChain: 1347536477
03-24 10:27:18.008  2556  8435 I VrApi   : Creating Default swapchain
03-24 10:27:18.008  1897  8432 I VrRuntimeService: GetSpecialSwapChain: 1347536477
03-24 10:27:18.008  2556  8435 I VrApi   : Creating Loading Icon swapchain
03-24 10:27:18.009  2556  8435 I VrApi   : OVR::Stats thread started
03-24 10:27:18.009  2556  8435 I XrRuntimeSystem_Client: BeginSession
03-24 10:27:18.009  2556  8435 I VrApi   : ---------- vrapi_EnterVrMode [end] ----------
03-24 10:27:18.009  2556  8435 I ClientInputSettings: SetInhibitHandleHomeKey = true for com.android.permissioncontroller
03-24 10:27:18.009  2556  8435 I ClientInputInterface: SetInhibitHandleHomeKey 1
03-24 10:27:18.009  1897  8432 I VrRuntimeService: CreateSwapChain: 1347536477
03-24 10:27:18.009  1897  8432 I VrRuntimeService: CreateSwapChain: api:gles 0 0x8c43 16 16 1 1 1 0 14
03-24 10:27:18.010  1897  8432 I VrRuntimeServer: CreateTextureSwapChain: result importswapchaingles 1
03-24 10:27:18.010  2556  8438 D VrApi   : VrApi::isWifiConnected exception: Make sure android.permission.ACCESS_NETWORK_STATE is set in the manifest.
03-24 10:27:18.012  2556  8438 D VrApi   : targetSDKVersion 29
03-24 10:27:18.013  2556  8438 I JniUtils: ovr_GetCurrentPackageSignature 
03-24 10:27:18.014  2556  8438 I Metrics : device name = Oculus Quest 2
03-24 10:27:18.015   725   725 D android.hardware.power@1.3-service-libperfmgr: LAUNCH OFF
03-24 10:27:18.017  1897  2271 I ClientMgr: Non-overlay clients rendering status has changed: prev=4, curr=5, enabled=1
03-24 10:27:18.017  1897  2271 I ClientMgr: Primary Client is not valid.
03-24 10:27:18.017  1897  2271 I ClientMgr: Primary client determined to be the current enabled client 6
03-24 10:27:18.017  1897  2271 I ClientMgr: Setting Primary Client to 6
03-24 10:27:18.017  1897  2271 I ClientMgr: Primary Client ID changed
03-24 10:27:18.019  1897  2271 W ClientMgr: ClientMgr::GetClientPermissionFlagsById: Client missing proper permissions: com.android.permissioncontroller, 2
03-24 10:27:18.019  1897  2271 I ClientMgr: ClientMgr::SetPrimaryCompositorClient: 2556:com.android.permissioncontroller
03-24 10:27:18.019  1897  2271 I TimeWarpClientMgr: Enable client 6
03-24 10:27:18.019  1897  2271 I VrRuntimeServer: EnableCompositorClient client(6): layer placement(0) flags(1) sm(0x7fa934a010)
03-24 10:27:18.019  1897  2271 I ServiceInputManager: ServiceInputManager::SetPrimaryPackageName 'com.android.permissioncontroller' 'com.android.permissioncontroller'  updated AnytimeUI processname 0
03-24 10:27:18.019  1897  2271 D VrRuntimeService: sendPrimaryPackageChangeBroadcast
03-24 10:27:18.020  2146  2170 I LibraryProvider: running queryApp(com.android.permissioncontroller) for com.oculus.uid:10031
03-24 10:27:18.020  2146  2170 W LibraryProvider: Cannot find entitlement for com.android.permissioncontroller
03-24 10:27:18.020  2068  2068 W OVRLibrary: null cursor received for query content://com.oculus.ocms.library/apps/com.android.permissioncontroller
03-24 10:27:18.021  1897  2271 I AADT    : SetAADTLutDataX: 0
03-24 10:27:18.021  1897  2271 I AADT    : SetAADTLutDataY: 0
03-24 10:27:18.021  1897  2271 I ServiceInputManager: DEADRECKONING deadReckoning mode on ClientMgr from server is 0
03-24 10:27:18.024  1897  8432 I VrRuntimeService: CreateSwapChain: 1347536477
03-24 10:27:18.024  1897  8432 I VrRuntimeService: CreateSwapChain: api:gles 3 0x8058 1000 1000 1 1 1 0 14
03-24 10:27:18.024  1897  2044 I TimeWarp: SetSchedFifo( tid=3248, pol=2, pri=0 ) succeeded
03-24 10:27:18.024   869  1891 E VrApiService: Error set scheduler for process 1897 thread 3336 to 2 : No such process (3)
03-24 10:27:18.024  1897  2044 I TimeWarp: SetSchedFifo( tid=3336, pol=2, pri=0 ) succeeded
03-24 10:27:18.024  1897  2044 I AADT    : SetAADTLutDataX. Thread. SizeX: 0
03-24 10:27:18.024  1897  2044 I AADT    : SetAADTLutDataY. Thread. SizeY: 0
03-24 10:27:18.024  2146  2170 I LibraryProvider: running queryApp(com.android.permissioncontroller) for com.oculus.uid:10031
03-24 10:27:18.025  2146  2170 W LibraryProvider: Cannot find entitlement for com.android.permissioncontroller
03-24 10:27:18.025  2068  2068 W OVRLibrary: null cursor received for query content://com.oculus.ocms.library/apps/com.android.permissioncontroller
03-24 10:27:18.025  2068  2068 E PlatformPluginManager: onAppStart called before init
03-24 10:27:18.025  2068  2068 E OVRMediaServiceManager: LivestreamingManager Not initialized
03-24 10:27:18.025  1897  8432 I VrRuntimeServer: CreateTextureSwapChain: result importswapchaingles 1
03-24 10:27:18.031  2275  2275 D [OAO] ShellOverlayService: screenStateReceiver Received broadcast: com.oculus.vrshell.intent.action.PRIMARY_PACKAGE_CHANGED
03-24 10:27:18.031  2275  2275 I [OAO] ShellOverlayServiceJNI: NativeSendOverlayCommand
03-24 10:27:18.031  2275  2275 I [OAO] ShellOverlayServiceJNI: NativeWake
03-24 10:27:18.031  2275  2275 I [OAO] ShellOverlayMain: WakeVrThread
03-24 10:27:18.031  2275  2275 I [OAO] ShellOverlayMain: WakeVrThread - notifying vr thread
03-24 10:27:18.031  2275  2321 I [OAO] ShellOverlayApp: 0xbe0f9c08 msg: overlayCommand:
03-24 10:27:18.031  2275  2321 I [OAO] ShellOverlayApp: command = primaryPackageChanged
03-24 10:27:18.031  2275  2321 I [OAO] ShellOverlayApp: Process_OverlayCommand command : primaryPackageChanged
03-24 10:27:18.031  2275  2321 I [OAO] ShellOverlayApp: UpdatePrimaryPackage
03-24 10:27:18.031  2275  2321 I [OAO] ShellOverlayApp: UpdatePrimaryPackage Requested for PackageName:com.android.permissioncontroller  IsFocusAware:0
03-24 10:27:18.031  2275  2321 I [OAO] ShellOverlayApp: UpdatePrimaryPackage Ignored as no change for packageName:[com.android.permissioncontroller]
03-24 10:27:18.035  1897  8432 I VrRuntimeService: CreateSwapChain: 1347536477
03-24 10:27:18.035  1897  8432 I VrRuntimeService: CreateSwapChain: api:gles 0 0x8c43 1440 1584 1 3 1 0 14
03-24 10:27:18.036  1897  8432 I VrRuntimeServer: CreateTextureSwapChain: result importswapchaingles 1
03-24 10:27:18.040  2360  2479 I GuardianSystem: runtimeServiceSDKClient_.ForceShowGuardianEvent
03-24 10:27:18.040  2360  2479 I GuardianSystem: ForceShowGuardian: false, 0.00
03-24 10:27:18.042  1897  8432 I VrRuntimeService: CreateSwapChain: 1347536477
03-24 10:27:18.042  1897  8432 I VrRuntimeService: CreateSwapChain: api:gles 0 0x8c43 1440 1584 1 3 1 0 14
03-24 10:27:18.044  1897  8432 I VrRuntimeServer: CreateTextureSwapChain: result importswapchaingles 1
03-24 10:27:18.066  2556  8435 D VrRuntimeClient: loadDriverResource - resourceName: 'hand_left' 
03-24 10:27:18.069  2556  8435 I VrApi_Input: vrapi_GetMeshForHand_Internal: mesh->Header.Version = df000001 mesh->NumVertices = 1360 mesh->NumIndices = 6942
03-24 10:27:18.072  2556  8435 D VrRuntimeClient: loadDriverResource - resourceName: 'hand_right' 
03-24 10:27:18.074  2556  8435 I VrApi_Input: vrapi_GetMeshForHand_Internal: mesh->Header.Version = df000001 mesh->NumVertices = 1360 mesh->NumIndices = 6942
03-24 10:27:18.079  1897  8432 I VrRuntimeService: CreateSwapChain: 1347536477
03-24 10:27:18.079  1897  8432 I VrRuntimeService: CreateSwapChain: api:gles 0 0x8c43 64 64 1 3 1 0 14
03-24 10:27:18.080  1897  8432 I VrRuntimeServer: CreateTextureSwapChain: result importswapchaingles 1
03-24 10:27:18.088  1897  8432 I VrRuntimeService: CreateAndroidSurfaceSwapChain: 1347536477
03-24 10:27:18.088  1897  8432 I VrRuntimeService: CreateAndroidSurfaceSwapChain: 65536 1 32856 933 366 1 1 1 0 0
03-24 10:27:18.089  1897  8432 I VrRuntimeServer: CreateAndroidSurfaceSwapChain: result surface 0x7ea8d26000
03-24 10:27:18.091  1897  8432 I VrRuntimeService: RuntimeServiceSDKServer::GetGuardianPolygon
03-24 10:27:18.091  2556  8435 I VrRuntimeClient: SyncInternalGuardianState: GetGuardianPolygon: 0
03-24 10:27:18.091  1897  8432 I VrRuntimeService: RuntimeServiceSDKServer::GetGuardianStationaryInfo
03-24 10:27:18.091  1897  8432 I VrRuntimeService: RuntimeServiceSDKServer::GetGuardianSystemState: 1347536477
03-24 10:27:18.091  1897  8432 I VrRuntimeService: UpdateSwapChainSamplerState: 128
03-24 10:27:18.091  1897  8432 I VrRuntimeService: UpdateSwapChainSamplerState: minFilter=1 magFilter=1 wrapModeS=0 warpModeT=0 maxAniso=1.000000 border={0.000000,0.000000,0.000000,0.000000}
03-24 10:27:18.091  1897  8432 I VrRuntimeService: UpdateSwapChainSamplerState: 127
03-24 10:27:18.091  1897  8432 I VrRuntimeService: UpdateSwapChainSamplerState: minFilter=1 magFilter=1 wrapModeS=2 warpModeT=2 maxAniso=1.000000 border={0.000000,0.000000,0.000000,0.000000}
03-24 10:27:18.091  2556  8435 D VrRuntimeClient: pokeGuardianUserServiceForThisClient: com.android.permissioncontroller:10011
03-24 10:27:18.092  2556  8435 I VrApi   : Received ovrRuntime event 2
03-24 10:27:18.092  2556  8435 I VrApi   : Received ovrRuntime event 4
03-24 10:27:18.092  2556  8435 W VrApi   : Time to first swap: 0.594 seconds
03-24 10:27:18.092  2556  8446 I FenceChecker: FenceChecker::MainLoop - started
03-24 10:27:18.092  2360  2360 D VrGuardianUserService: onStartCommandIntent { act=FOREGROUND_CLIENT cmp=com.oculus.guardian/com.oculus.vrguardianservice.VrGuardianUserService (has extras) }
03-24 10:27:18.106  1897  2044 I TimeWarpProgs: loaded binary layerProgram 0:0x58207:0x0 in 3.5 ms
03-24 10:27:18.107  1897  2044 I TimeWarp: SetSchedFifo( tid=8446, pol=3, pri=0 ) succeeded
03-24 10:27:18.107  1897  2044 I TimeWarp: SetClientSurfaceSecureFlag: secure=1
03-24 10:27:18.116  1897  2044 I SwapChain_GLES: AttachSurfaceSwapChainGLES: 0x7ea8d26000 attached on init
03-24 10:27:18.120  1897  2044 I TimeWarpProgs: loaded binary layerProgram 1:0x48207:0x0 in 2.7 ms
03-24 10:27:18.161  2360  2479 I GuardianSystem: runtimeServiceSDKClient_.ForceShowGuardianEvent
03-24 10:27:18.162  2360  2479 I GuardianSystem: ForceShowGuardian: false, 0.00
03-24 10:27:18.512   739  1840 I hash_map_utils: key: 'snd_device_in' value: ''
03-24 10:27:18.513   739  1840 I hash_map_utils: key: 'snd_device_out' value: ''
03-24 10:27:19.059  1897  2271 W TelemetryServer: [XRINPUT] HANDTRACKING STATE still mismatched, logging after 10s, retrying to set system setting variable to; 1
03-24 10:27:19.059  1897  2271 W ServiceInputManager: HANDTRACKING STATE mismatched after 2.01379
03-24 10:27:19.073  1897  2271 I ServiceInputManager: HANDTRACKING server resetting Hands_WaitingForUpdateOnSystemSetting without changing internal setting
03-24 10:27:19.073  1897  2271 I ServiceInputManager: HANDTRACKING setting hand tracking on settings manager to 1
03-24 10:27:19.076  1897  1919 I DynamicClocks: DynamicClocksSettingsCallback: khandTrackingEnabled updated to 1
03-24 10:27:19.077  1897  1960 I InputSettingsObserverCallback: InputSettingsObserverCallback: hand_tracking_enabled changed to: 1
03-24 10:27:19.168  2556  8438 I Telemetry: App memory usage: PSS=109MB DalvikPSS=1 MB
03-24 10:27:19.169  2556  8438 I VrApi   : FPS=1/72,Prd=0ms,Tear=0,Early=0,Stale=0,VSnc=0,Lat=0,Fov=0D,CPU4/GPU=2/3,1171/490MHz,OC=FF,TA=0/0/0,SP=N/N/N,Mem=1353MHz,Free=4086MB,PLS=0,Temp=38.2C/0.0C,TW=0.98ms,App=2.01ms,GD=0.00ms,CPU&GPU=0.00ms,LCnt=3,GPU%=0.08,CPU%=0.00(W0.00),DSF=1.00
03-24 10:27:19.295  3183  3248 I Clay    : BaseApp: Entering hibernation now
03-24 10:27:19.410   889   889 E adbd    : failed to connect to socket 'tcp:6666': Connection refused
03-24 10:27:19.545  2275  2321 I [OAO] ShellOverlayApp: Sleep timeout exceeded. Timeout:214.450999, Now:214.451002. Sleeping... 
03-24 10:27:19.545  2275  2321 I [OAO] ShellOverlayApp: WaitForWake: VrThread entering waiting state
03-24 10:27:19.601   683  8485 E ResolverController: No valid NAT64 prefix (100, <unspecified>/0)
03-24 10:27:19.604   683  8489 E ResolverController: No valid NAT64 prefix (100, <unspecified>/0)
03-24 10:27:19.607   729   729 E WifiHAL : handleResponse: OTHER_RX_MULTICAST_CNT not found
03-24 10:27:19.608   683  8491 E ResolverController: No valid NAT64 prefix (100, <unspecified>/0)
03-24 10:27:19.609   729   729 E WifiHAL : wifi_get_ring_data: Error -5 happened. 
03-24 10:27:19.610  1084  1489 E WifiVendorHal: getRingBufferData(l.1675) failed {.code = ERROR_INVALID_ARGS, .description = }
03-24 10:27:19.612   683  8493 E ResolverController: No valid NAT64 prefix (100, <unspecified>/0)
03-24 10:27:19.616   683  8497 E ResolverController: No valid NAT64 prefix (100, <unspecified>/0)
03-24 10:27:19.619   683  8499 E ResolverController: No valid NAT64 prefix (100, <unspecified>/0)
03-24 10:27:19.628  1084  1489 D wifi-jni: no kernel logs
03-24 10:27:19.844  2360  2727 I Telemetry: App memory usage: PSS=51MB DalvikPSS=0 MB
03-24 10:27:20.021  2556  8438 I VrApi   : FPS=1/72,Prd=0ms,Tear=0,Early=0,Stale=11,VSnc=0,Lat=0,Fov=0D,CPU4/GPU=2/3,1171/490MHz,OC=FF,TA=0/0/0,SP=N/N/N,Mem=1353MHz,Free=4084MB,PLS=0,Temp=38.2C/0.0C,TW=2.01ms,App=0.00ms,GD=0.00ms,CPU&GPU=0.00ms,LCnt=3,GPU%=0.15,CPU%=0.00(W0.00),DSF=1.00
03-24 10:27:20.031  1897  2271 I PerformanceManager: SetClockLevels: Apply pending clock request change: 2,3 -> 2,2
03-24 10:27:20.031  1897  1999 I Clocks  : ReleaseClocks - start
03-24 10:27:20.032   725   725 D android.hardware.power@1.3-service-libperfmgr: Unset hint for clock domain: 0
03-24 10:27:20.032   725   725 D android.hardware.power@1.3-service-libperfmgr: Unset hint for clock domain: 1
03-24 10:27:20.032  1897  1999 I Clocks  : ReleaseClocks - end (0.9 ms)
03-24 10:27:20.032  1897  1999 I Clocks  : LockClocks( cpu=2, gpu=2 ) - start
03-24 10:27:20.033  1897  1999 I Clocks  : CPU levels [0, 4]
03-24 10:27:20.033  1897  1999 I Clocks  : GPU levels [0, 5]
03-24 10:27:20.034  1897  1999 I Clocks  : LockClocks( cpu=2, gpu=2 ) - end (1.4 ms)
03-24 10:27:20.034   725   780 D android.hardware.power@1.3-service-libperfmgr: set performance level 2, domain 0
03-24 10:27:20.035   725   780 D android.hardware.power@1.3-service-libperfmgr: set performance level 2, domain 1
03-24 10:27:20.093  1897  2044 I Vsync   : Vsync 14813:  2 x 14.01 ms (71.94 Hz, at 214.999)
03-24 10:27:20.104  1575  1575 D OculusNotificationListenerService: Notification posted: 0|com.oculus.notification_proxy|4112|vrui_gaze_instruction|1000
03-24 10:27:20.105  2275  2275 I [OAO] VrNotificationListenerService: onNotificationPosted(): key = 0|com.oculus.notification_proxy|4112|vrui_gaze_instruction|1000, type = first_party_unspecified
03-24 10:27:20.105  2275  2275 I [OAO] VrNotificationListenerService: onNotificationPosted(): user|package|tag|id = UserHandle{0}|com.oculus.notification_proxy|vrui_gaze_instruction|4112
03-24 10:27:20.118  2275  2275 D VrNotificationAnalytics: logNotificationPosted(first_party_unspecified)
03-24 10:27:20.119  2275  2275 D [OAO] VrBroadcastReceiver: action: com.oculus.vrshell.intent.action.NOTIFICATION_WAKE
03-24 10:27:20.120  2275  2275 D [OAO] VrNotificationService: VrNotificationService onStartCommand() Intent { cmp=com.oculus.vrshell/.VrNotificationService }
03-24 10:27:20.122  3067  3067 D [SUI] NotificationBroadcastReceiver: action: com.oculus.intent.action.NOTIF_CHANGE
03-24 10:27:20.127  2275  2275 D DeviceHelper: isScreenOn = true
03-24 10:27:20.127  2275  2275 D [OAO] ShellOverlayBroadcastReceiver: onReceive with ShellOverlayService native pointer 3914697208, action com.oculus.vrshell.intent.action.TOAST_NOTIFICATION
03-24 10:27:20.127  2275  2275 D [OAO] RssdkHelper: getCurrentPackageInfo
03-24 10:27:20.127  2275  2275 I [OAO] RssdkHelperJNI: Java_com_oculus_common_navigation_RssdkHelper_nativeGetCurrentPackageInfo
03-24 10:27:20.127  2275  2275 I [OAO] RssdkHelperJNI: NativeGetCurrentPackageInfo - str combined: 'com.android.permissioncontroller false'
03-24 10:27:20.127  2275  2275 D [OAO] PrimaryPackage: Shell backgrounded or not running.
03-24 10:27:20.128  2275  2275 W [OAO] IntentParser: Got intent with null or empty value for key "oculus_button_override_uri"
03-24 10:27:20.128  2275  2275 I [OAO] ShellOverlayServiceJNI: NativeWake
03-24 10:27:20.128  2275  2275 I [OAO] ShellOverlayMain: WakeVrThread
03-24 10:27:20.128  2275  2275 I [OAO] ShellOverlayMain: WakeVrThread - notifying vr thread
03-24 10:27:20.128  2275  2321 I [OAO] ShellOverlayApp: VrThread woke up
03-24 10:27:20.128  2275  2321 I [OAO] ShellOverlayApp: 0xbe0f9c08 msg: broadcastIntent:
03-24 10:27:20.128  2275  2321 I [OAO] ShellOverlayApp: foreground_package_name = com.android.permissioncontroller
03-24 10:27:20.128  2275  2321 I [OAO] ShellOverlayApp: intent_action = com.oculus.vrshell.intent.action.TOAST_NOTIFICATION
03-24 10:27:20.128  2275  2321 I [OAO] ShellOverlayApp: toast_duration = 5
03-24 10:27:20.128  2275  2321 I [OAO] ShellOverlayApp: status_bar_notification = 0|com.oculus.notification_proxy|4112|vrui_gaze_instruction|1000
03-24 10:27:20.128  2275  2321 I [OAO] ShellOverlayApp: is_system_notification = true
03-24 10:27:20.128  2275  2321 I [OAO] ShellOverlayApp: toast_has_cta = false
03-24 10:27:20.128  2275  2321 I [OAO] ShellOverlayApp: ProcessMessage_Broadcast: com.oculus.vrshell.intent.action.TOAST_NOTIFICATION
03-24 10:27:20.128  2275  2321 I [OAO] SystemTaskBarV2: Create PanelApp
03-24 10:27:20.128  2275  2321 I [OAO] HostPlatform: Retrieving component launch information for package (com.oculus.systemux) and service (com.oculus.panelapp.anytimeui.AnytimeUIAndroidPanelService)
03-24 10:27:20.129  3143  3143 D [OAR] RssdkHelper: getCurrentPackageInfo
03-24 10:27:20.130  3143  3143 I [OAR] RssdkHelperJNI: Java_com_oculus_common_navigation_RssdkHelper_nativeGetCurrentPackageInfo
03-24 10:27:20.130  3143  3143 I [OAR] RssdkHelperJNI: NativeGetCurrentPackageInfo - str combined: 'com.android.permissioncontroller false'
03-24 10:27:20.130  3143  3143 D [OAR] ShellControlProtectedReceiver: onReceive with MainActivity native pointer 0, action com.oculus.vrshell.intent.action.TOAST_NOTIFICATION
03-24 10:27:20.130  2275  2321 I [OAO] PanelAppConfigurationUtil: Not sending Android activity token to component com.oculus.systemux/com.oculus.panelapp.anytimeui.AnytimeUIAndroidPanelService
03-24 10:27:20.130  3143  3143 D DeviceHelper: isScreenOn = true
03-24 10:27:20.130  3143  3143 D [OAR] PrimaryPackage: ShellEnv is backgrounded or not running.
03-24 10:27:20.135  2275  2321 I [OAO] HostPlatform: Is valid panel service component for package (com.oculus.systemux) and service (com.oculus.panelapp.anytimeui.AnytimeUIAndroidPanelService) - true
03-24 10:27:20.136  2275  2321 I [OAO] OverlaySystemUXController: CreatePanel( com.oculus.systemux/com.oculus.panelapp.anytimeui.AnytimeUIAndroidPanelService )
03-24 10:27:20.137  2275  2321 I [OAO] PanelAppHost: PanelAppHost( com.oculus.systemux/com.oculus.panelapp.anytimeui.AnytimeUIAndroidPanelService ) for PanelId 1
03-24 10:27:20.137  2275  2321 I [OAO] PanelAppHost: Panel app 1 (com.oculus.systemux/com.oculus.panelapp.anytimeui.AnytimeUIAndroidPanelService) changing state from startup to foreground
03-24 10:27:20.138  1897  2332 I VrRuntimeService: CreateAndroidSurfaceSwapChain: 2462019601
03-24 10:27:20.138  1897  2332 I VrRuntimeService: CreateAndroidSurfaceSwapChain: 65536 1 32856 1 1 1 1 1 0 0
03-24 10:27:20.139  1897  2332 I VrRuntimeServer: CreateAndroidSurfaceSwapChain: result surface 0x7ea8d55000
03-24 10:27:20.141  1897  2332 I VrRuntimeService: CreateAndroidSurfaceSwapChain: 2462019601
03-24 10:27:20.141  1897  2332 I VrRuntimeService: CreateAndroidSurfaceSwapChain: 65536 1 32856 1 1 1 1 1 0 0
03-24 10:27:20.141  1897  2332 I VrRuntimeServer: CreateAndroidSurfaceSwapChain: result surface 0x7ea8d56000
03-24 10:27:20.143  1897  2332 I VrRuntimeService: CreateAndroidSurfaceSwapChain: 2462019601
03-24 10:27:20.143  1897  2332 I VrRuntimeService: CreateAndroidSurfaceSwapChain: 65536 1 32856 1 1 1 1 1 0 0
03-24 10:27:20.143  1897  2332 I VrRuntimeServer: CreateAndroidSurfaceSwapChain: result surface 0x7ea8d6c000
03-24 10:27:20.145  2275  2321 I [OAO] PanelAppHost: Passing env var _oc_device_type = 259
03-24 10:27:20.145  2275  2321 I [OAO] PanelAppHost: Passing env var _oc_analytics_session_id = aaa6fe93-832a-48b4-b0c8-f84b08c58e63
03-24 10:27:20.145  2275  2321 I [OAO] PanelAppHost: Passing env var _oc_userid = 344117166667438
03-24 10:27:20.145  2275  2321 I [OAO] PanelAppHost: Passing env var _oc_enterprise_mode = false
03-24 10:27:20.145  2275  2321 I [OAO] PanelAppHost: Passing env var _oc_shell_version_name = 26.0.0.40.502
03-24 10:27:20.145  2275  2321 I [OAO] PanelAppHost: Passing env var _oc_shell_version_code = 274988282
03-24 10:27:20.145  2275  2321 I [OAO] PanelAppHost: Passing env var _oc_shell_automation_enabled = false
03-24 10:27:20.145  2275  2321 I [OAO] PanelAppHost: Passing env var _oc_shell_view_id_debugging_enabled = false
03-24 10:27:20.145  2275  2321 I [OAO] PanelAppHost: Passing env var _oc_shell_pixel_density = 20
03-24 10:27:20.145  2275  2321 I [OAO] PanelAppHost: Passing env var _oc_shell_render_scale = 1.250000
03-24 10:27:20.145  2275  2321 I [OAO] PanelAppHost: Passing env var _oc_shell_guardian_disabled = false
03-24 10:27:20.145  2275  2321 I [OAO] PanelAppHost: Passing env var _oc_shell_ux_policy = {
03-24 10:27:20.145  2275  2321 I [OAO] PanelAppHost: 	"glassDesktop" : false,
03-24 10:27:20.145  2275  2321 I [OAO] PanelAppHost: 	"panelBackgroundLayerOriginDepths" : 
03-24 10:27:20.145  2275  2321 I [OAO] PanelAppHost: 	{
03-24 10:27:20.145  2275  2321 I [OAO] PanelAppHost: 		"far" : 0.2,
03-24 10:27:20.145  2275  2321 I [OAO] PanelAppHost: 		"mid" : 0.015,
03-24 10:27:20.145  2275  2321 I [OAO] PanelAppHost: 		"near" : 0.01
03-24 10:27:20.145  2275  2321 I [OAO] PanelAppHost: 	}
03-24 10:27:20.145  2275  2321 I [OAO] PanelAppHost: }
03-24 10:27:20.145  2275  2321 I [OAO] PanelAppHost: Passing env var _oc_shell_feature_sets = multi-layer-v1,mirror-avatar-v1,system-ux-routes-v1,deeplink-nav-v1,clock-levels-v1,layerTranslate-v1,layerScaleDensity-v1,layerScaleDensity-v2,multiapp-alpha-v1,multiapp-v1,multiapp-v2,recoverInstances-v1,system-ux-file-picker-v1,secure-layers-v1
03-24 10:27:20.145  2275  2321 I [OAO] PanelAppHost: Passing env var _oc_launch_timestamp = 215041
03-24 10:27:20.145  2275  2321 I [OAO] PanelAppHost: Passing env var _oc_gk:oculus_vrshell_keyboard_dragdrop_internal = true
03-24 10:27:20.145  2275  2321 I [OAO] PanelAppHost: Passing env var _oc_gk:oculus_vrshell_aui_standalone_apps = false
03-24 10:27:20.145  2275  2321 I [OAO] PanelAppHost: Passing env var _oc_gk:oculus_vrshell_anytimeui_v2_profile_revamp = true
03-24 10:27:20.145  2275  2321 I [OAO] PanelAppHost: Passing env var _oc_gk:oculus_vr_keyboard_enabled = false
03-24 10:27:20.145  2275  2321 I [OAO] PanelAppHost: Passing env var _oc_gk:oculus_systemux_deviceconfig_enabled = false
03-24 10:27:20.145  2275  2321 I [OAO] PanelAppHost: Passing env var _oc_gk:oculus_stationary_guardian_v2 = true
03-24 10:27:20.145  2275  2321 I [OAO] PanelAppHost: Passing env var _oc_gk:oculus_social_panel_events_only = true
03-24 10:27:20.145  2275  2321 I [OAO] PanelAppHost: Passing env var _oc_gk:oculus_share_party_button = false
03-24 10:27:20.145  2275  2321 I [OAO] PanelAppHost: Passing env var _oc_gk:oculus_quest_infinite_office_platform = false
03-24 10:27:20.145  2275  2321 I [OAO] PanelAppHost: Passing env var _oc_gk:oculus_phone_notifications = false
03-24 10:27:20.145  2275  2321 I [OAO] PanelAppHost: Passing env var _oc_gk:oculus_party_per_person_mute = false
03-24 10:27:20.145  2275  2321 I [OAO] PanelAppHost: Passing env var _oc_gk:oculus_notifications_feed_refresh = false
03-24 10:27:20.145  2275  2321 I [OAO] PanelAppHost: Passing env var _oc_gk:oculus_new_notifications_sound = true
03-24 10:27:20.145  2275  2321 I [OAO] PanelAppHost: Passing env var _oc_gk:oculus_mobile_sysux_bug_reporter = true
03-24 10:27:20.145  2275  2321 I [OAO] PanelAppHost: Passing env var _oc_gk:oculus_mobile_store_exp_v23_system_apps_tiles = false
03-24 10:27:20.145  2275  2321 I [OAO] PanelAppHost: Passing env var _oc_gk:oculus_mobile_store_exp_v23_store_always_first_app = false
03-24 10:27:20.145  2275  2321 I [OAO] PanelAppHost: Passing env var _oc_gk:oculus_mobile_store_exp_v23_1p_apps_pinned_colored = false
03-24 10:27:20.145  2275  2321 I [OAO] PanelAppHost: Passing env var _oc_gk:oculus_mobile_settings_input_haptics_amplitude = true
03-24 10:27:20.145  2275  2321 I [OAO] PanelAppHost: Passing env var _oc_gk:oculus_vrshell_multiapp_public = true
03-24 10:27:20.145  2275  2321 I [OAO] PanelAppHost: Passing env var _oc_gk:oculus_mobile_settings_controller_effects = false
03-24 10:27:20.145  2275  2321 I [OAO] PanelAppHost: Passing env var _oc_gk:oculus_mobile_pointer_pose_filter_tuning = false
03-24 10:27:20.145  2275  2321 I [OAO] PanelAppHost: Passing env var _oc_gk:oculus_mobile_pause_invite_enabled = false
03-24 10:27:20.145  2275  2321 I [OAO] PanelAppHost: Passing env var _oc_gk:oculus_mobile_library_state_auto_reset = true
03-24 10:27:20.145  2275  2321 I [OAO] PanelAppHost: Passing env var _oc_gk:oculus_video_enable_audio_virtualization = true
03-24 10:27:20.145  2275  2321 I [OAO] PanelAppHost: Passing env var _oc_gk:oculus_vrshell_deviceconfig_enabled = false
03-24 10:27:20.145  2275  2321 I [OAO] PanelAppHost: Passing env var _oc_gk:oculus_vrshell_keyboard_transcription = false
03-24 10:27:20.145  2275  2321 I [OAO] PanelAppHost: Passing env var _oc_gk:oculus_mobile_library_apps_disk_cache = true
03-24 10:27:20.145  2275  2321 I [OAO] PanelAppHost: Passing env var _oc_gk:oculus_mobile_instant_replay = false
03-24 10:27:20.145  2275  2321 I [OAO] PanelAppHost: Passing env var _oc_gk:oculus_travel_together_async_flow_only = true
03-24 10:27:20.146  2275  2321 I [OAO] PanelAppHost: Passing env var _oc_gk:oculus_mobile_guardian_mr_desk_gk = false
03-24 10:27:20.146  2275  2321 I [OAO] PanelAppHost: Passing env var _oc_gk:oculus_mobile_auiv2_store_op_group_5 = false
03-24 10:27:20.146  2275  2321 I [OAO] PanelAppHost: Passing env var _oc_gk:oculus_mobile_store_exp_v23_bar_label_enabled = true
03-24 10:27:20.146  2275  2321 I [OAO] PanelAppHost: Passing env var _oc_gk:oculus_mobile_auiv2_store_op_group_2 = false
03-24 10:27:20.146  2275  2321 I [OAO] PanelAppHost: Passing env var _oc_gk:oculus_mobile_auiv2_store_op_group_1 = true
03-24 10:27:20.146  2275  2321 I [OAO] PanelAppHost: Passing env var _oc_gk:oculus_fitness_tracking_dogfooding = false
03-24 10:27:20.146  2275  2321 I [OAO] PanelAppHost: Passing env var _oc_gk:oculus_mobile_auiv2_active_call_bar_enhanced = true
03-24 10:27:20.146  2275  2321 I [OAO] PanelAppHost: Passing env var _oc_gk:oculus_mobile_aui_v2_qp_killswitch = false
03-24 10:27:20.146  2275  2321 I [OAO] PanelAppHost: Passing env var _oc_gk:oculus_messenger_quick_chat_dialog = true
03-24 10:27:20.146  2275  2321 I [OAO] PanelAppHost: Passing env var _oc_gk:oculus_messenger = true
03-24 10:27:20.146  2275  2321 I [OAO] PanelAppHost: Passing env var _oc_gk:oculus_mobile_store_exp_v23_store_in_app_tiles = false
03-24 10:27:20.146  2275  2321 I [OAO] PanelAppHost: Passing env var _oc_gk:oculus_developer = true
03-24 10:27:20.146  2275  2321 I [OAO] PanelAppHost: Passing env var _oc_gk:oculus_configurable_mtp_dialog = true
03-24 10:27:20.146  2275  2321 I [OAO] PanelAppHost: Passing env var _oc_gk:oculus_vrshell_input_overlay_composition = false
03-24 10:27:20.146  2275  2321 I [OAO] PanelAppHost: Passing env var _oc_gk:oculus_mobile_guardian_surface_creation_gk = true
03-24 10:27:20.146  2275  2321 I [OAO] PanelAppHost: Passing env var _oc_gk:oculus_vrshell_browser_resize_public = true
03-24 10:27:20.146  2275  2321 I [OAO] PanelAppHost: Passing env var _oc_gk:oculus_aui_oc_profile_party_button = true
03-24 10:27:20.146  2275  2321 I [OAO] PanelAppHost: Passing env var _oc_gk:oculus_aui2_fb_profile_party_button = true
03-24 10:27:20.146  2275  2321 I [OAO] PanelAppHost: Passing env var _oc_gk:assistant_oculus_doubletap_setting = false
03-24 10:27:20.146  2275  2321 I [OAO] PanelAppHost: Passing env var _oc_gk:oc_notifs_nuc_xr_device = true
03-24 10:27:20.146  2275  2321 I [OAO] PanelAppHost: Passing env var _oc_gk:oc_keyboard_settings_section = false
03-24 10:27:20.146  2275  2321 I [OAO] PanelAppHost: Passing env var _oc_gk:oculus_mobile_auiv2_store_op_group_4 = false
03-24 10:27:20.146  2275  2321 I [OAO] PanelAppHost: Passing env var _oc_gk:oculus_mobile_store_exp_v23_store_in_bar_left = true
03-24 10:27:20.146  2275  2321 I [OAO] PanelAppHost: Passing env var _oc_gk:oculus_intrusion_detection = false
03-24 10:27:20.146  2275  2321 I [OAO] PanelAppHost: Passing env var _oc_gk:oc_assistant_wakeword_enabled = false
03-24 10:27:20.146  2275  2321 I [OAO] PanelAppHost: Passing env var _oc_gk:oc_assistant_keyboard_fl = false
03-24 10:27:20.146  2275  2321 I [OAO] PanelAppHost: Passing env var _oc_gk:oculus_vrshell_enable_store_app_routing = false
03-24 10:27:20.146  2275  2321 I [OAO] PanelAppHost: Passing env var _oc_gk:in_app_assistant_on_oculus = false
03-24 10:27:20.146  2275  2321 I [OAO] PanelAppHost: Passing env var _oc_gk:oculus_mobile_auiv2_android_settings = true
03-24 10:27:20.146  2275  2321 I [OAO] PanelAppHost: Passing env var _oc_gk:oculus_mobile_auiv2_active_call_bar = true
03-24 10:27:20.146  2275  2321 I [OAO] PanelAppHost: Passing env var _oc_gk:assistant_on_oculus = false
03-24 10:27:20.146  2275  2321 I [OAO] PanelAppHost: Passing env var _oc_gk:oculus_mobile_auiv2_store_op_group_3 = false
03-24 10:27:20.146  2275  2321 I [OAO] PanelAppHost: Passing env var _oc_gk:oculus_vrshell_core_quest_retaildemo = false
03-24 10:27:20.146  2275  2321 I [OAO] PanelAppHost: Passing env var _oc_gk:oculus_video_enable_fast_seek_on_dash_load = false
03-24 10:27:20.146  2275  2321 I [OAO] PanelAppHost: Passing env var _oc_gk:oculus_vrshell_physical_keyboard = false
03-24 10:27:20.146  2275  2321 I [OAO] PanelAppHost: Passing env var _oc_gk:oculus_video_enable_codec_cache = false
03-24 10:27:20.146  2275  2321 I [OAO] PanelAppHost: Passing env var _oc_gk:oculus_vrshell_mouse_input = true
03-24 10:27:20.146  2275  2321 I [OAO] PanelAppHost: Passing env var _oc_gk:oculus_vrshell_keyboard_typeahead = false
03-24 10:27:20.146  2275  2321 I [OAO] PanelAppHost: Passing env var _oc_gk:oculus_ocui_system_theme_setting = false
03-24 10:27:20.146  2275  2321 I [OAO] PanelAppHost: Passing env var _oc_gk:oculus_mobile_store_exp_v23_store_in_bar_right = false
03-24 10:27:20.146  2275  2321 I [OAO] PanelAppHost: Passing env var _oc_gk:oculus_vrshell_keyboard_typeahead_default_on = false
03-24 10:27:20.146  2275  2321 I [OAO] PanelAppHost: Passing env var _oc_gk:oculus_ocui_font_scaling = true
03-24 10:27:20.146  2275  2321 I [OAO] PanelAppHost: Passing env var _oc_gk:oc_vrshell_keyboard_transcription_feedback = false
03-24 10:27:20.146  2275  2321 I [OAO] PanelAppHost: Passing env var _oc_gk:oculus_vrshell_anytimeui_v2_show_pymks = true
03-24 10:27:20.146  2275  2321 I [OAO] PanelAppHost: Passing env var _oc_gk:oculus_vrshell_keyboard_remote_input = false
03-24 10:27:20.146  2275  2321 I [OAO] PanelAppHost: Passing env var _oc_gk:oculus_social_party_fb_upsell = true
03-24 10:27:20.146  2275  2321 I [OAO] PanelAppHost: Passing env var _oc_gk:oc_assistant_quick_actions_color = true
03-24 10:27:20.146  2275  2321 I [OAO] PanelAppHost: Passing env var _oc_gk:oculus_vrshell_force_focus_awareness_experiment = true
03-24 10:27:20.146  2275  2321 I [OAO] PanelAppHost: Passing env var _oc_gk:oculus_mobile_setting_hand_tracking_frequency = false
03-24 10:27:20.146  2275  2321 I [OAO] PanelAppHost: Passing env var _oc_gk:oc_auiv2_social_view_apk = false
03-24 10:27:20.146  2275  2321 I [OAO] PanelAppHost: Passing env var _oc_gk:oculus_mobile_auiv2_onboarding_tutorial = true
03-24 10:27:20.146  2275  2321 I [OAO] PanelAppHost: Passing env var _oc_gk:oculus_vrshell_enable_explore_app_routing = true
03-24 10:27:20.146  2275  2321 I [OAO] PanelAppHost: Passing env var _oc_gk:oculus_home_layertransform = false
03-24 10:27:20.146  2275  2321 I [OAO] PanelAppHost: Passing env var _oc_gk:oculus_mobile_home_js_bundle_qa_only = false
03-24 10:27:20.146  2275  2321 I [OAO] PanelAppHost: Passing env var _oc_gk:oculus_guardian_reality_tuner = false
03-24 10:27:20.146  2275  2321 I [OAO] PanelAppHost: Passing env var _oc_gk:oc_aui_messenger_entry_icon = false
03-24 10:27:20.146  2275  2321 I [OAO] PanelAppHost: Passing env var _oc_gk:oc_social_h1_2020_mobile_sharing_updates = true
03-24 10:27:20.146  2275  2321 I [OAO] PanelAppHost: Passing env var _oc_gk:oculus_vrshell_anytimeui_movement_killswitch = false
03-24 10:27:20.146  2275  2321 I [OAO] PanelAppHost: Passing env var _oc_gk:oculus_vr_shell_enable_social_back_panel_routing = true
03-24 10:27:20.146  2275  2321 I [OAO] PanelAppHost: Passing env var _oc_gk:oc_vrshell_copresence = false
03-24 10:27:20.146  2275  2321 I [OAO] PanelAppHost: Passing env var _oc_gk:oculus_report_auto_video_capture = false
03-24 10:27:20.146  2275  2321 I [OAO] PanelAppHost: Passing env var _oc_gk:oculus_mobile_passthrough_portal = false
03-24 10:27:20.146  2275  2321 I [OAO] PanelAppHost: Passing env var _oc_gk:oculus_video_use_experimental_abr = false
03-24 10:27:20.146  2275  2321 I [OAO] PanelAppHost: Passing env var _oc_gk:oculus_quest_dogfooding_update = false
03-24 10:27:20.146  2275  2321 I [OAO] PanelAppHost: Passing env var _oc_gk:oculus_social_platform_content_provider = false
03-24 10:27:20.146  2275  2321 I [OAO] PanelAppHost: Passing env var _oc_gk:oculus_video_enable_early_frame_release = true
03-24 10:27:20.146  2275  2321 I [OAO] PanelAppHost: Passing env var _oc_gk:oculus_video_enable_data_cache = false
03-24 10:27:20.146  2275  2321 I [OAO] PanelAppHost: Passing env var _oc_gk:oculus_mobile_store_exp_v23_get_more_apps_enabled = true
03-24 10:27:20.146  2275  2321 I [OAO] PanelAppHost: Passing env var _oc_gk:oc_native_voice_activity_log_page = true
03-24 10:27:20.147  2275  2321 I [OAO] PanelAppHost: Passing env var _oc_gk:oc_assistant_tts_selection = false
03-24 10:27:20.147  2275  2321 I [OAO] PanelAppHost: Passing env var _oc_gk:oculus_vrshell_multiapp_allapps_experimental = false
03-24 10:27:20.147  2275  2321 I [OAO] PanelAppHost: Passing env var _oc_gk:oculus_vrshell_iap_in_overlay_disable = true
03-24 10:27:20.147  2275  2321 I [OAO] PanelAppHost: Passing env var _oc_gk:oculus_share_media_to_fb_stories = false
03-24 10:27:20.147  2275  2321 I [OAO] PanelAppHost: Passing env var _oc_gk:oculus_vrshell_cursor_start_fov_check = true
03-24 10:27:20.147  2275  2321 I [OAO] PanelAppHost: Passing env var _oc_gk:oculus_quest_profile_sharing = true
03-24 10:27:20.147  2275  2321 I [OAO] PanelAppHost: Passing env var _oc_gk:messenger_vr_default_to_messenger_tab = true
03-24 10:27:20.147  2275  2321 I [OAO] PanelAppHost: Passing env var _oc_gk:oculus_vrshell_multiapp_rollout = true
03-24 10:27:20.147  2275  2321 I [OAO] PanelAppHost: Passing env var _oc_gk:oculus_vrshell_selection_assist_simple = false
03-24 10:27:20.147  2275  2321 I [OAO] PanelAppHost: Passing env var _oc_gk:oculus_mobile_settings_swap_system_btn_handedness = true
03-24 10:27:20.147  2275  2321 I [OAO] PanelAppHost: Passing env var _oc_gk:oculus_video_direct_experiment = false
03-24 10:27:20.147  2275  2321 I [OAO] PanelAppHost: Passing env var _oc_gk:oculus_mobile_auiv2_brightness_slider = false
03-24 10:27:20.147  2275  2321 I [OAO] PanelAppHost: Passing env var _oc_gk:oculus_video_allow_screen_capture = false
03-24 10:27:20.147  2275  2321 I [OAO] PanelAppHost: Passing env var _oc_gk:oculus_notifications_launch_destination = true
03-24 10:27:20.147  2275  2321 I [OAO] PanelAppHost: Passing env var _oc_gk:oculus_mobile_sysux_bug_report_share_sheet_entry = false
