--------- beginning of system
03-18 12:59:34.806  1074  4134 I ActivityTaskManager: START u0 {flg=0x10000000 cmp=com.YourCompany.KilncroftLane/com.epicgames.ue4.GameActivity} from uid 2000
--------- beginning of main
03-18 12:59:34.828   767   767 D android.hardware.power@1.3-service-libperfmgr: LAUNCH ON
03-18 12:59:34.842  3529  3610 I Clay    : Exiting VR mode
03-18 12:59:34.842  3529  3610 I VrApi   : ---------- vrapi_LeaveVrMode [start] ----------
03-18 12:59:34.842  3627  3627 D [SEO] ShellEnvOverlayService: Message Handler: onPause
03-18 12:59:34.842  3529  3610 D VrApi   : targetSDKVersion 25
03-18 12:59:34.843  1074  4134 W InputReader: Device has associated, but no associated display id.
03-18 12:59:34.843  1074  4134 W InputReader: Device has associated, but no associated display id.
03-18 12:59:34.843  3529  3610 I VrRuntimeClient: DEVICE MODEL NUMBER = Quest 2
03-18 12:59:34.843  3529  3610 I VrRuntimeClient: DEVICE HARDWARE = hollywood
03-18 12:59:34.843  3529  3610 I VrRuntimeClient: DEVICE BUILD NAME = user-1462400.7360.0
03-18 12:59:34.843  3529  3610 I VrRuntimeClient: DEVICE BUILD TYPE = user
03-18 12:59:34.843  3529  3610 I VrRuntimeClient: DEVICE OS VERSION = 10
03-18 12:59:34.843  3529  3610 I VrRuntimeClient: VRRUNTIME VERSION = VRAPI_VERSION_BEGIN { 1.1.43.0-274987955-274987955 Feb 23 2021 19:56:04 Development } RELEASE
03-18 12:59:34.843  3529  3610 I VrRuntimeClient: API LOADER VERSION = 1.1.34.0
03-18 12:59:34.843  3529  3610 I VrRuntimeClient: VRDRIVER VERSION = 26.0.0.41.502
03-18 12:59:34.843  3529  3610 I VrRuntimeClient: APP NAME = ShellEnv
03-18 12:59:34.843  3529  3610 I VrRuntimeClient: APP VERSION = 26.0.0.40.502 versionCode 274980181 internalVersionName 26.0.0.40.502.1da17d6e3b32 2021_02_23_18_46
03-18 12:59:34.843  3529  3610 I VrRuntimeClient: APP VR TYPE = vr_only
03-18 12:59:34.843  3529  3610 I VrRuntimeClient: APP MODE TYPE = <none>
03-18 12:59:34.843  3529  3610 I VrRuntimeClient: APP PACKAGE NAME = com.oculus.shellenv
03-18 12:59:34.843  3529  3610 I VrRuntimeClient: APP ACTIVITY CLASS = com.oculus.shellenv.ShellEnvActivity
03-18 12:59:34.843  1074  4134 W InputReader: Device has associated, but no associated display id.
03-18 12:59:34.844  3529  3610 D BatteryReceiver: Unregistering battery receiver
03-18 12:59:34.844  1577  1577 W ActivityThread: handleWindowVisibility: no activity for token android.os.BinderProxy@e6e3e1b
03-18 12:59:34.844  3529  3610 I Sensor  : OSSDKTRACKING Shutdown tracking
03-18 12:59:34.844  1074  4134 W InputReader: Device has associated, but no associated display id.
03-18 12:59:34.846  3529  3880 I VrApi   : FPS=72/72,Prd=0ms,Tear=0,Early=0,Stale=0,VSnc=1,Lat=1,Fov=0,CPU4/GPU=2/3,2419/490MHz,OC=FF,TA=0/70/0,SP=N/F/N,Mem=2092MHz,Free=4451MB,PLS=0,Temp=29.2C/0.0C,TW=0.99ms,App=0.01ms,GD=0.00ms,CPU&GPU=14.24ms,LCnt=0,GPU%=0.08,CPU%=0.21(W0.24),DSF=1.00
03-18 12:59:34.849   785  2077 D AF::TrackHandle: OpPlayAudio: track:57 uid:10020 pkg:com.oculus.vrshell usage:1 not muted
03-18 12:59:34.850   785  1057 D AF::TrackHandle: OpPlayAudio: track:56 uid:10014 pkg:com.oculus.shellenv usage:1 muted
03-18 12:59:34.850   785  2077 D AF::TrackHandle: OpPlayAudio: track:57 uid:10020 pkg:com.oculus.vrshell usage:1 not muted
03-18 12:59:34.850   785  1057 D AF::TrackHandle: OpPlayAudio: track:56 uid:10014 pkg:com.oculus.shellenv usage:1 muted
03-18 12:59:34.855  3529  3610 I VrApi   : OVR::Stats thread stopped
03-18 12:59:34.855  3529  3610 I InputDeviceManager: ovrInputDeviceManager::~ovrInputDeviceManager
03-18 12:59:34.855  3529  3610 I HandDataQuerier: OSSDKTRACKING shutting down HandsTracker
03-18 12:59:34.855  3529  3610 I HandDataQuerier: OSSDKTRACKING shutting down HandsTracker
03-18 12:59:34.855  3529  3610 I InputDevice_TrackedRemote: OSSDKTRACKING shutting down Haptics
03-18 12:59:34.855  3529  3610 I InputDevice_TrackedRemote: OSSDKTRACKING shutting down Haptics
03-18 12:59:34.855  3529  3610 D OsSdk   : TrackingServiceConnection dtor
--------- beginning of tracking
03-18 12:59:34.855   872  3355 I TrackingService: Unregistering client by ITrackingService.unregisterClient
03-18 12:59:34.856   872  3355 I TrackingService: TrackingServiceHost Unregistering client: com.oculus.shellenv#3529
03-18 12:59:34.856  3529  3610 D OsSdk   : TrackingServiceConnection unregistered
03-18 12:59:34.861  3529  3877 I ClientInputThread_Internal: InputThreadRun ShutdownRequest received
03-18 12:59:34.861  3529  3610 I InputHooks_Internal: Disabling Native Input Hooks
03-18 12:59:34.862  3360  3415 D VrRuntimeService: enableRendering: 3529:com.oculus.shellenv: null enable: false
03-18 12:59:34.862  3360  3415 I ClientMgr: ClientMgr::EnableRendering 3529:com.oculus.shellenv : type 0 comp-id 3: disable
03-18 12:59:34.862  3360  3415 I VrRuntimeServer: DisableCompositorClient: 3
03-18 12:59:34.862  3360  3415 I TimeWarpClientMgr: Disable client 3
03-18 12:59:34.862  3360  3415 I TimeWarpClientMgr: DisableClient: frame flush required: 1
03-18 12:59:34.862   760  3821 D msm8974_platform: platform_split_snd_device: snd_device(2) num devices(1) new_snd_devices(0)
03-18 12:59:34.862   760  3821 D ACDB-LOADER: ACDB -> send_audvoltable
03-18 12:59:34.862   760  3821 D ACDB-LOADER: ACDB -> ACDB_CMD_GET_AUDPROC_INSTANCE_GAIN_DEP_STEP_TABLE_SIZE
03-18 12:59:34.862   760  3821 D ACDB-LOADER: ACDB -> ACDB_CMD_GET_AUDPROC_INSTANCE_GAIN_DEP_STEP_TABLE, vol index 10
03-18 12:59:34.862   760  3821 D ACDB-LOADER: ACDB -> AUDIO_SET_VOL_CAL cal type = 40
03-18 12:59:34.863   760  3821 D msm8974_platform: platform_split_snd_device: snd_device(2) num devices(1) new_snd_devices(0)
03-18 12:59:34.863   760  3821 D ACDB-LOADER: ACDB -> send_audvoltable
03-18 12:59:34.863   760  3821 D ACDB-LOADER: ACDB -> ACDB_CMD_GET_AUDPROC_INSTANCE_GAIN_DEP_STEP_TABLE_SIZE
03-18 12:59:34.863   760  3821 D ACDB-LOADER: ACDB -> ACDB_CMD_GET_AUDPROC_INSTANCE_GAIN_DEP_STEP_TABLE, vol index 10
03-18 12:59:34.863   760  3821 D ACDB-LOADER: ACDB -> AUDIO_SET_VOL_CAL cal type = 40
03-18 12:59:34.876  3360  3415 I UnifiedTelemetryWrapper: Stopped UT session render:com.oculus.shellenv
03-18 12:59:34.876  3360  3471 I ClientMgr: Non-overlay clients rendering status has changed: prev=1, curr=2, enabled=0
03-18 12:59:34.876  3529  3882 I FenceChecker: FenceChecker::MainLoop - ended
03-18 12:59:34.876  3529  3610 I VrApi   : ---------- vrapi_LeaveVrMode [end] ----------
03-18 12:59:34.877  3529  3610 I Clay    : BaseApp: Entering hibernation in 30 frames
03-18 12:59:34.877  3627  3764 I [OAR] ShellApp: 0xc5a22ba8 msg: pause
03-18 12:59:34.877  3627  3764 I [OAR] ShellApp: ShellApp::LeaveVrMode()
03-18 12:59:34.877  3627  3764 W VrApi   : ovr_SubmitFrameInternal: FrameIndex discontinuity: Expected 13576, Received 13575
03-18 12:59:34.878  1577  1577 I VrApiLoader: VrApi Loader Version: 1.1.34.0-0-0 Apr 10 2020 14:33:54 
03-18 12:59:34.879  1577  1577 D ApplicationLoaders: Returning zygote-cached class loader: /system/framework/android.hidl.base-V1.0-java.jar
03-18 12:59:34.879  1577  1577 D ApplicationLoaders: Returning zygote-cached class loader: /system/framework/android.hidl.manager-V1.0-java.jar
03-18 12:59:34.879  1577  1577 D ApplicationLoaders: Returning zygote-cached class loader: /system/framework/android.hidl.base-V1.0-java.jar
03-18 12:59:34.880  1577  1577 I ssioncontrolle: The ClassLoaderContext is a special shared library.
03-18 12:59:34.882  1577  1577 V VrDriver: Loading 64-bit VrDriver.
03-18 12:59:34.887  1577  1577 D vulkan  : searching for layers in '/system/lib64'
03-18 12:59:34.887  1577  1577 D vulkan  : searching for layers in '/system/product/lib64'
03-18 12:59:34.887  1577  1577 I VrApi_DriverLoader: nativeSetClassLoader:0x2696
03-18 12:59:34.887  1577  1577 I VrApi   : ----------- vrapi_Initialize [start] ----------
03-18 12:59:34.887  1577  1577 I AdrenoGLES-0: QUALCOMM build                   : 09c6a36, I5e696c022b
03-18 12:59:34.887  1577  1577 I AdrenoGLES-0: Build Date                       : 12/07/20
03-18 12:59:34.887  1577  1577 I AdrenoGLES-0: OpenGL ES Shader Compiler Version: EV031.35.01.02
03-18 12:59:34.887  1577  1577 I AdrenoGLES-0: Local Branch                     : 
03-18 12:59:34.887  1577  1577 I AdrenoGLES-0: Remote Branch                    : refs/tags/AU_LINUX_ANDROID_LA.UM.8.12.R1.10.00.00.561.144
03-18 12:59:34.887  1577  1577 I AdrenoGLES-0: Remote Branch                    : NONE
03-18 12:59:34.887  1577  1577 I AdrenoGLES-0: Reconstruct Branch               : NOTHING
03-18 12:59:34.887  1577  1577 I AdrenoGLES-0: Build Config                     : S P 8.0.12 AArch64
03-18 12:59:34.887  1577  1577 I AdrenoGLES-0: Driver Path                      : /vendor/lib64/egl/libGLESv2_adreno.so
03-18 12:59:34.890  1577  1577 I AdrenoGLES-0: PFP: 0x016dd093, ME: 0x00000000
03-18 12:59:34.897  1577  1577 I VrApi   : Client type: 0 flags: 0x0 placement: 0
03-18 12:59:34.897  3627  3764 I [OAR] GuardianController: passthroughMode != desiredPassthroughMode: 0, 2
03-18 12:59:34.897  3686  3828 I VrGuardianService: GuardianSDKServer::SetGuardianRenderMode
03-18 12:59:34.898  3627  3764 I [OAR] SystemAssistant: OnModeChanged from FullShell to ImmersiveAppFocused
03-18 12:59:34.898  3627  3764 I [OAR] AudioMixer: Disabling AudioPlayer.
03-18 12:59:34.900  3360  3429 I TimeWarpProgs: loaded binary layerProgram 0:0x50265:0x0 in 3.3 ms
03-18 12:59:34.902  3360  3429 I TimeWarpProgs: loaded binary layerProgram 0:0x50207:0x0 in 1.9 ms
03-18 12:59:34.903  1577  1577 D VrApi   : isActivityFocusAware context = com.oculus.os.DialogContext@3d6e40b
03-18 12:59:34.903  1577  1577 D FocusAwarenessUtil: isActivityFocusAware
03-18 12:59:34.903  1577  1577 D FocusAwarenessUtil: isActivityFocusAware passesFocusAwarenessPushRolloutGk = true
03-18 12:59:34.904  1577  1577 D FocusAwarenessUtil: isSystemApp = true for com.android.permissioncontroller
03-18 12:59:34.904  1577  1577 D FocusAwarenessUtil: No Activity manifest entry for com.android.permissioncontroller
03-18 12:59:34.904  1577  1577 D FocusAwarenessUtil: No activity manifest entry, checking application manifest entry
03-18 12:59:34.904  1577  1577 D FocusAwarenessUtil: No Application manifest entry for com.android.permissioncontroller
03-18 12:59:34.904  1577  1577 D FocusAwarenessUtil: isSystemApp so returning manifest value for com.android.permissioncontroller as DISABLED
03-18 12:59:34.904  1577  1577 I VrApi   : isActivityFocusAware = 0
03-18 12:59:34.904  1577  1577 I RuntimeHelpers: OSSDKTRACKING querying use OSSDKTracking with default of '1'
03-18 12:59:34.904  1577  1577 I RuntimeHelpers: OSSDKTRACKING Setting ResultUseOSSDKTracking to 1
03-18 12:59:34.904  1577  1577 I RuntimeHelpers: OSSDKTRACKING querying use OSSDKTracking with default of '1'
03-18 12:59:34.904  1577  1577 I RuntimeHelpers: OSSDKTRACKING Setting ResultUseOSSDKTracking to 1
03-18 12:59:34.904  1577  1577 I VrRuntimeClient: VrRuntimeClient: Init
03-18 12:59:34.904  1577  1577 I RuntimeHelpers: OSSDKTRACKING querying use OSSDKTracking with default of '1'
03-18 12:59:34.904  1577  1577 I RuntimeHelpers: OSSDKTRACKING Setting ResultUseOSSDKTracking to 1
03-18 12:59:34.904  1577  1577 I VrRuntimeClient: OSSDKTRACKING calculating secure tracking
03-18 12:59:34.904  3627  3934 I [OAR] AudioMixer: Notifying VrThread to shutdown.
03-18 12:59:34.904  1577  1577 D VrRuntimeClient: getSecureTrackingRequest OSSDKTRACKING com.android.permissioncontroller
03-18 12:59:34.904  3627  3764 I [OAR] AudioMixer: Successful shutdown.
03-18 12:59:34.904  3627  3764 I [OAR] AudioEngine: virtual void AudioLibrary::AudioEngine::DisablePlayer()
03-18 12:59:34.904  3627  3764 I [OAR] AudioEngine: Setting ShuttingDown.
03-18 12:59:34.905  1577  1577 W VrRuntimeClient: OSSDKTRACKING No package metadata available for com.android.permissioncontroller
03-18 12:59:34.905  1577  1577 I VrRuntimeClient: OSSDKTRACKING secure tracking is 0
03-18 12:59:34.905  1577  1577 I DeviceProperties: ovrDeviceProperties::Initialize
03-18 12:59:34.905  1577  1577 I DeviceProperties: Device Model: 'hollywood'
03-18 12:59:34.905  1577  1577 I DeviceProperties: Device Region: 'US'
03-18 12:59:34.905  1577  1577 I DeviceProperties: GPU Type: 'ADRENO_650'
03-18 12:59:34.906  1577  1577 I DeviceProperties: Num Refresh Rates Supported 4
03-18 12:59:34.906  1577  1577 I DeviceProperties: Refresh Rate (0): 90.000000Hz
03-18 12:59:34.906  1577  1577 I DeviceProperties: Refresh Rate (1): 80.000000Hz
03-18 12:59:34.906  1577  1577 I DeviceProperties: Refresh Rate (2): 72.000000Hz
03-18 12:59:34.906  1577  1577 I DeviceProperties: Refresh Rate (3): 60.000000Hz
03-18 12:59:34.906  1577  1577 I DeviceProperties: DisplayParms.ScanoutDirection = 0
03-18 12:59:34.906  1577  1577 I DeviceProperties: DisplayParms.ShutterType = 1
03-18 12:59:34.906  1577  1577 I DeviceProperties: DisplayParms.timing = 0.700000 0.700000
03-18 12:59:34.906  1577  1577 I DeviceProperties: DisplayParms.prediction = (2.000000 2.000000) (2.000000 2.000000)
03-18 12:59:34.907  1577  1577 I DeviceProperties: getDisplayDimensions returned: 3664, 1920
03-18 12:59:34.907  1577  1577 I DeviceProperties: ovrDeviceProperties: OVR_DEVICE_CAPABILITY_POSITIONAL_TRACKING_BIT
03-18 12:59:34.907  1577  1577 I DeviceProperties: ovrDeviceProperties: OVR_DEVICE_CAPABILITY_PASSTHROUGH_CAMERA_BIT
03-18 12:59:34.907  1577  1577 I DeviceProperties: ovrDeviceProperties: OVR_DEVICE_CAPABILITY_DYNAMIC_DISPLAY_REFRESH_RATE_BIT
03-18 12:59:34.907  1577  1577 I DeviceProperties: ovrDeviceProperties: OVR_DEVICE_CAPABILITY_MEMORY_EXPORT_BIT
03-18 12:59:34.907  1577  1577 I DeviceProperties: ovrDeviceProperties: OVR_DEVICE_CAPABILITY_FIXED_FOVEATED_RENDERING_BIT
03-18 12:59:34.907  1577  1577 I DeviceProperties: ovrDeviceProperties: OVR_DEVICE_CAPABILITY_SUBSAMPLED_LAYOUT_BIT
03-18 12:59:34.907  1577  1577 I VrRuntimeClient: RuntimeService Enabled
03-18 12:59:34.907  1577  1577 I RuntimeHelpers: ShouldEnableOOPComposition: oopc_enabled_prop = -1
03-18 12:59:34.907  1577  1577 I RuntimeHelpers: IsOopCompositionEnabled: enabled
03-18 12:59:34.907  1577  1577 I VrRuntimeClient: DevicesSupported : 1 devices, quest
03-18 12:59:34.907  1577  1577 I VrRuntimeClient: IsFocusAware: 0
03-18 12:59:34.908  2435  2461 I LibraryProvider: running queryApp(com.android.permissioncontroller) for android.uid.system:1000
03-18 12:59:34.909  2435  2461 W LibraryProvider: Cannot find entitlement for com.android.permissioncontroller
03-18 12:59:34.909  1871  3879 W OVRLibrary: null cursor received for query content://com.oculus.ocms.library/apps/com.android.permissioncontroller
03-18 12:59:34.911  1577  1577 I VrRuntimeClient: spaceWarpGateKeeper 0
03-18 12:59:34.911  1577  1577 I AudioCapture: AudioCapture::Init
03-18 12:59:34.911  1577  1577 I AudioCapture: AudioCapture::Init -> Initializing audio capture using direct OS Callbacks
03-18 12:59:34.911  1577  1577 I AudioCapture: AudioCapture::Init COMPLETE
03-18 12:59:34.914  1577  1577 W Foveation: Forcing on dynamic foveation
03-18 12:59:34.914  1577  1577 D VrRuntimeClient: VrRuntimeClient: initialize. inContext: com.oculus.os.DialogContext@3d6e40b
03-18 12:59:34.915  1577  1577 I ipcLoader: RuntimeIPC: Loader: IPC Service API Loader Version: 19 Feb 23 2021 10:21:32
03-18 12:59:34.915  3360  3360 D VrRuntimeService: onStartCommand
03-18 12:59:34.915  1577  1577 I ipcLoader: RuntimeIPC: Loader: Calling LibLoader::Initialize
03-18 12:59:34.915  1577  1577 I libloader: LibLoader::Initialize. Version: 1 Feb 23 2021 10:21:32, packageName: com.oculus.systemdriver
03-18 12:59:34.916  1577  1577 I libloader: LibLoader: selecting 64-bit ABI.
03-18 12:59:34.916  1577  1577 V LibLoaderImpl: Loading 64-bit LibLoaderImpl.
03-18 12:59:34.916  1577  1577 V LibLoaderImpl: internalGetAPIFunction: loadLibrary 'loaderimpl'
03-18 12:59:34.916  1577  1577 V LibLoaderImpl: Using System.loadLibrary
03-18 12:59:34.917  1577  1577 I libloaderimpl: nativeSetClassLoader:0x2786
03-18 12:59:34.917  1577  1577 V LibLoaderImpl: internalGetAPIFunction: calling nativeGetAPIFunction
03-18 12:59:34.917  1577  1577 I libloaderimpl: LibLoaderImpl nativeGetAPIFunction.
03-18 12:59:34.917  1577  1577 I libloaderimpl: LibLoaderHandle SUCCESS
03-18 12:59:34.917  1577  1577 I libloaderimpl: LibLoaderImpl GetAPIFunction. libName: libruntimeipcserviceclient.so, funcName: ipc_GetAPIFunction
03-18 12:59:34.918  1577  1577 I RuntimeIPCApi: ipc_Initialize
03-18 12:59:34.919  1577  1577 D RuntimeIPCServiceClient: initialize. inContext: com.oculus.os.DialogContext@3d6e40bprocessName: com.android.permissioncontroller
03-18 12:59:34.920  3390  3390 D RuntimeIPCService: onStartCommand
03-18 12:59:34.920  1577  8895 I AsyncTaskMgr: MainLoop starting
03-18 12:59:34.920  1577  1577 I AsyncTaskMgr: Init SUCCESS
03-18 12:59:34.920  1577  1577 I ServerStateMgr: Init
03-18 12:59:34.920  1577  1577 I ServerStateMgr: Init
03-18 12:59:34.920  1577  1577 D RuntimeIPCServiceClient: connectToService
03-18 12:59:34.920  1577  1577 D RuntimeIPCServiceClient: creating new service
03-18 12:59:34.921  3390  3390 D RuntimeIPCService: onStartCommand
03-18 12:59:34.922  1577  8894 D RuntimeIPCServiceClient: Service connected: android.os.BinderProxy@6ca77a6
03-18 12:59:34.922  1577  1577 D RuntimeIPCServiceClient: Waiting on ipc connection...
03-18 12:59:34.922  3390  3413 D RuntimeIPCService: createClient: ProcessName: com.android.permissioncontroller
03-18 12:59:34.922  3390  3413 I RuntimeIPCService: CreateBinderConnection: 1577:com.android.permissioncontroller:com.android.permissioncontroller
03-18 12:59:34.922  3390  3413 I SharedMemoryServer: SharedMemoryServer::MapMemory: Allocated shared memory fd 129 (IPCRegisteredServer)
03-18 12:59:34.922  3390  3413 D RuntimeIPCService: createClient: -999306561, android.os.BinderProxy@2f3d5d7, com.android.permissioncontroller
03-18 12:59:34.923  1577  1577 D RuntimeIPCServiceClient: ipc connectionIsReady: true
03-18 12:59:34.923  1577  1577 D RuntimeIPCServiceClient: ipc context.bindService SUCCESS
03-18 12:59:34.923  1577  1577 D RuntimeIPCServiceClient: ensureServiceStarted: com.oculus.guardian, com.oculus.vrguardianservice.VrGuardianService
03-18 12:59:34.923  1577  1577 D RuntimeIPCServiceClient: ensureServiceStarted SUCCESS: com.oculus.guardian, com.oculus.vrguardianservice.VrGuardianService
03-18 12:59:34.923  1577  1577 D RuntimeIPCServiceClient: ensureServiceStarted: com.oculus.guardian, com.oculus.vrguardianservice.VrGuardianUserService
03-18 12:59:34.924  3686  3686 D VrGuardianService: onStartCommand
03-18 12:59:34.924  3627  3934 I [OAR] AudioMixer: Notifying VrThread to shutdown.
03-18 12:59:34.924  3627  3934 I [OAR] AudioEngine: Fading final buffer
03-18 12:59:34.924  3686  3686 D VrGuardianUserService: onStartCommandIntent { cmp=com.oculus.guardian/com.oculus.vrguardianservice.VrGuardianUserService }
03-18 12:59:34.924  1577  1577 D RuntimeIPCServiceClient: ensureServiceStarted SUCCESS: com.oculus.guardian, com.oculus.vrguardianservice.VrGuardianUserService
03-18 12:59:34.925  1577  1577 D RuntimeIPCClientMgr: SyncClientWithService: Client: com.android.permissioncontroller:com.android.permissioncontroller, Server: com.oculus.guardian:com.oculus.vrguardianservice (guardianserver)
03-18 12:59:34.925  3390  3413 I SharedMemoryServer: SharedMemoryServer::MapMemory: Allocated shared memory fd 134 (IPCService_RPCPrivateReadWrite)
03-18 12:59:34.925  3390  3413 I RuntimeIPCService: ConnectToServer: 1577:com.android.permissioncontroller:com.android.permissioncontroller (com.oculus.guardian:com.oculus.vrguardianservice (guardianserver))
03-18 12:59:34.926  1577  1577 D RuntimeIPCClientMgr: InitServerStateForClient: SUCCESS. Client: com.android.permissioncontroller:com.android.permissioncontroller, Server: com.oculus.guardian:com.oculus.vrguardianservice (guardianserver)
03-18 12:59:34.926  1577  1577 I RuntimeIPCClientMgr: ConnectToServer: SUCCESS: Client: com.android.permissioncontroller:com.android.permissioncontroller, Server: com.oculus.guardian:com.oculus.vrguardianservice (guardianserver)
03-18 12:59:34.926  1577  1577 I VrGuardianClient: g_GuardianSDKClient connected.
03-18 12:59:34.926  1577  1577 I ipcLoader: RuntimeIPC: Loader: IPC Service API Loader Version: 19 Feb 23 2021 10:21:32
03-18 12:59:34.926  1577  1577 I ipcLoader: RuntimeIPC: Loader: Re-using vtable
03-18 12:59:34.926  1577  1577 I RuntimeIPCApi: ipc_Initialize
03-18 12:59:34.926  1577  1577 D RuntimeIPCServiceClient: ensureServiceStarted: com.oculus.systemdriver, com.oculus.vrruntimeservice.VrRuntimeService
03-18 12:59:34.926  1577  1577 D RuntimeIPCServiceClient: ensureServiceStarted SUCCESS: com.oculus.systemdriver, com.oculus.vrruntimeservice.VrRuntimeService
03-18 12:59:34.926  3360  3360 D VrRuntimeService: onStartCommand
03-18 12:59:34.927  1577  1577 D RuntimeIPCClientMgr: SyncClientWithService: Client: com.android.permissioncontroller:com.android.permissioncontroller, Server: com.oculus.systemdriver:com.oculus.vrruntimeservice (RuntimeServiceServer)
03-18 12:59:34.927  3390  3413 I SharedMemoryServer: SharedMemoryServer::MapMemory: Allocated shared memory fd 139 (IPCService_RPCPrivateReadWrite)
03-18 12:59:34.927  3390  3413 I RuntimeIPCService: ConnectToServer: 1577:com.android.permissioncontroller:com.android.permissioncontroller (com.oculus.systemdriver:com.oculus.vrruntimeservice (RuntimeServiceServer))
03-18 12:59:34.927  1577  1577 D RuntimeIPCClientMgr: InitServerStateForClient: SUCCESS. Client: com.android.permissioncontroller:com.android.permissioncontroller, Server: com.oculus.systemdriver:com.oculus.vrruntimeservice (RuntimeServiceServer)
03-18 12:59:34.927  1577  1577 I RuntimeIPCClientMgr: ConnectToServer: SUCCESS: Client: com.android.permissioncontroller:com.android.permissioncontroller, Server: com.oculus.systemdriver:com.oculus.vrruntimeservice (RuntimeServiceServer)
03-18 12:59:34.928  1577  1577 I VrRuntimeClient: g_RuntimeServiceSDKClient.InitClient SUCCESS. Version: 1.0, Custom: 1.0
03-18 12:59:34.928  1577  1577 D VrRuntimeClient: connectToService
03-18 12:59:34.928  1577  1577 D VrRuntimeClient: VrRuntimeClient: creating new service
03-18 12:59:34.928  3360  3360 D VrRuntimeService: onStartCommand
03-18 12:59:34.930  1577  8893 D VrRuntimeClient: VrRuntimeClient: Service connected.
03-18 12:59:34.930  1577  1577 D VrRuntimeClient: VrRuntimeClient: Waiting on connection...
03-18 12:59:34.930  3360  3415 I ClientMgr: ClientMgr::CreateClient: 1577:com.android.permissioncontroller
03-18 12:59:34.930  3360  3415 I ClientMgr: CliengMgr: Client session placement = 0
03-18 12:59:34.930  3360  3415 I TimeWarpClientMgr: Register client 6
03-18 12:59:34.930  3360  3415 I VrRuntimeServer: RegisterCompositorClient client(6)
03-18 12:59:34.930  3360  3415 I SharedMemoryServer: SharedMemoryServer::MapMemory: Allocated shared memory fd 164 (VrRuntimeService_PrivateReadWrite_com.android.permissioncontroller)
03-18 12:59:34.930  3360  3415 I ClientMgr: CreateClient: Sending PrimaryPackageChangeEvent outside of normal operation for OS dialog.
03-18 12:59:34.930  3360  3415 I ServiceInputManager: ServiceInputManager::SetPrimaryPackageName 'com.android.permissioncontroller' 'com.android.permissioncontroller'  updated AnytimeUI processname 0
03-18 12:59:34.930  3360  3415 I VrRuntimeService: RuntimeIPC: SendPrimaryPackageChangeEvent: PostClientEvent SUCCESS: com.oculus.guardian:com.oculus.vrguardianservice:3686, com.android.permissioncontroller, com.android.permissioncontroller
03-18 12:59:34.930  3360  3415 I VrRuntimeService: RuntimeIPC: SendPrimaryPackageChangeEvent: PostClientEvent SUCCESS: com.oculus.shellenv:com.oculus.shellenv:3529, com.android.permissioncontroller, com.android.permissioncontroller
03-18 12:59:34.930  3360  3415 I VrRuntimeService: RuntimeIPC: SendPrimaryPackageChangeEvent: PostClientEvent SUCCESS: com.oculus.vrshell:com.oculus.vrshell:EnvOverlay:3627, com.android.permissioncontroller, com.android.permissioncontroller
03-18 12:59:34.930  3360  3415 I VrRuntimeService: RuntimeIPC: SendPrimaryPackageChangeEvent: PostClientEvent SUCCESS: com.oculus.vrshell:com.oculus.vrshell:3491, com.android.permissioncontroller, com.android.permissioncontroller
03-18 12:59:34.930  3360  3415 I VrRuntimeService: RuntimeIPC: SendPrimaryPackageChangeEvent: PostClientEvent SUCCESS: com.oculus.vrshell:com.oculus.vrshell:Overlay:3473, com.android.permissioncontroller, com.android.permissioncontroller
03-18 12:59:34.930  3360  3415 D VrRuntimeService: sendPrimaryPackageChangeBroadcast
03-18 12:59:34.932  3473  3473 D [OAO] ShellOverlayService: screenStateReceiver Received broadcast: com.oculus.vrshell.intent.action.PRIMARY_PACKAGE_CHANGED
03-18 12:59:34.932  3473  3473 I [OAO] ShellOverlayServiceJNI: NativeSendOverlayCommand
03-18 12:59:34.932  3473  3473 I [OAO] ShellOverlayServiceJNI: NativeWake
03-18 12:59:34.932  3473  3473 I [OAO] ShellOverlayMain: WakeVrThread
03-18 12:59:34.932  3473  3473 I [OAO] ShellOverlayMain: WakeVrThread - notifying vr thread
03-18 12:59:34.932  3473  3607 I [OAO] ShellOverlayApp: VrThread woke up
03-18 12:59:34.932  3473  3607 I [OAO] ShellOverlayApp: 0xc5977c08 msg: overlayCommand:
03-18 12:59:34.932  3473  3607 I [OAO] ShellOverlayApp: command = primaryPackageChanged
03-18 12:59:34.932  3473  3607 I [OAO] ShellOverlayApp: Process_OverlayCommand command : primaryPackageChanged
03-18 12:59:34.932  3473  3607 I [OAO] ShellOverlayApp: UpdatePrimaryPackage
03-18 12:59:34.932  3473  3607 I [OAO] ShellOverlayApp: UpdatePrimaryPackage Requested for PackageName:com.android.permissioncontroller  IsFocusAware:0
03-18 12:59:34.932  3473  3607 I [OAO] ShellOverlayApp: UpdatePrimaryPackage Package change detected. Previous package:[com.oculus.shellenv]
03-18 12:59:34.932  3473  3607 I [OAO] OverlayFlowController: OnPrimaryPackageChange primaryPackage:com.android.permissioncontroller immersiveAppChanged:1
03-18 12:59:34.932  3473  3607 I [OAO] OverlayFlowController: Non system primary client change: ready to sleep
03-18 12:59:34.932  3473  3607 I [OAO] OverlayFlowController: Reset resetReason : 3
03-18 12:59:34.932  3473  3607 I [OAO] DialogController: CloseDialogs() old: 0, pendingUri: systemux://dialog/none, pendingComponent: 
03-18 12:59:34.932  3473  3607 I [OAO] SystemTabletController: Reset, reason: 3, taskBarVisibility: 1
03-18 12:59:34.932  3686  3734 D RuntimeIPCServerMgr: RegisterClient: Client: com.android.permissioncontroller:com.android.permissioncontroller:1577, Server: com.oculus.guardian:com.oculus.vrguardianservice (guardianserver)
03-18 12:59:34.932  3473  3607 I [OAO] SystemDialogController: Reset
03-18 12:59:34.932  3473  3607 I [OAO] DialogControllerManager: Reset
03-18 12:59:34.932  3473  3607 I [OAO] ShellOverlayApp: Start sleep timeout. Now:248.684416, Timeout:250.684416
03-18 12:59:34.933  3686  8898 I JniUtils: Creating temporary JNIEnv. This is a heavy operation and should be infrequent. To optimize, use JNI AttachCurrentThread on calling thread
03-18 12:59:34.935  3686  8898 I chatty  : uid=10068(com.oculus.guardian) Thread-32 identical 1 line
03-18 12:59:34.935  3686  8898 I JniUtils: Creating temporary JNIEnv. This is a heavy operation and should be infrequent. To optimize, use JNI AttachCurrentThread on calling thread
03-18 12:59:34.936  3360  3415 I UnifiedTelemetryWrapper: Started UT session lifetime:com.android.permissioncontroller
03-18 12:59:34.937  3686  8898 I JniUtils: Creating temporary JNIEnv. This is a heavy operation and should be infrequent. To optimize, use JNI AttachCurrentThread on calling thread
03-18 12:59:34.937  3686  8898 W REFLECT : Broadcasting -999306561, com.android.permissioncontroller, com.android.permissioncontroller:1577
03-18 12:59:34.941  3686  3739 I GuardianSystem: runtimeServiceSDKClient_.PackageChangeEvent: package=[com.android.permissioncontroller], process=[com.android.permissioncontroller]
03-18 12:59:34.941  3686  3739 I GuardianSystem: SetCurrentProcessName: com.android.permissioncontroller, previous ProcessName: com.oculus.shellenv
03-18 12:59:34.941  3686  3739 I GuardianSystem: SetCurrentProcessName: Return package changed: com.android.permissioncontroller
03-18 12:59:34.944  3627  3934 I [OAR] AudioEngine: Notifying VrThread to shutdown.
03-18 12:59:34.944  3627  3934 D         : PlayerBase::stop() from IPlayer
03-18 12:59:34.944  3627  3934 D AudioTrack: stop(13): called with 9078720 frames delivered
03-18 12:59:34.944  3627  3764 I [OAR] AudioEngine: Stopping player
03-18 12:59:34.944  3627  3764 D         : PlayerBase::stop() from IPlayer
03-18 12:59:34.945  1555  1555 V AvrcpMediaPlayerList: onPlaybackConfigChanged(): Configs list size=4
03-18 12:59:34.950  3627  3764 D [SEO] ShellApplication: abandonAudioFocus
03-18 12:59:34.951  1074  3388 I MediaFocusControl: abandonAudioFocus() from uid/pid 10020/3627 clientId=android.media.AudioManager@aa00c84com.oculus.vrshell.ShellAudioFocusHandler@c0dbc6d
03-18 12:59:34.951  1555  1555 V AvrcpMediaPlayerList: onPlaybackConfigChanged(): Configs list size=3
03-18 12:59:34.955  3627  3764 D [SEO] ShellApplication: setOverlayInputFocus: inputFocus=false shouldSupportIME=false
03-18 12:59:34.955  3627  3764 D [SEO] BaseOverlayService: setOverlayInputFocus : entrypoint - inputFocus=false shouldSupportIME=false
03-18 12:59:34.955  3627  3764 I VrApi   : ---------- vrapi_LeaveVrMode [start] ----------
03-18 12:59:34.955  3627  3627 D [SEO] BaseOverlayService: detachServiceWindowView
03-18 12:59:34.956  3627  3764 D VrApi   : targetSDKVersion 27
03-18 12:59:34.958  3627  3764 I VrRuntimeClient: DEVICE MODEL NUMBER = Quest 2
03-18 12:59:34.958  3627  3764 I VrRuntimeClient: DEVICE HARDWARE = hollywood
03-18 12:59:34.958  3627  3764 I VrRuntimeClient: DEVICE BUILD NAME = user-1462400.7360.0
03-18 12:59:34.958  3627  3764 I VrRuntimeClient: DEVICE BUILD TYPE = user
03-18 12:59:34.958  3627  3764 I VrRuntimeClient: DEVICE OS VERSION = 10
03-18 12:59:34.958  3627  3764 I VrRuntimeClient: VRRUNTIME VERSION = VRAPI_VERSION_BEGIN { 1.1.43.0-274987955-274987955 Feb 23 2021 19:56:04 Development } RELEASE
03-18 12:59:34.958  3627  3764 I VrRuntimeClient: API LOADER VERSION = 1.1.34.0
03-18 12:59:34.958  3627  3764 I VrRuntimeClient: VRDRIVER VERSION = 26.0.0.41.502
03-18 12:59:34.958  3627  3764 I VrRuntimeClient: APP NAME = Oculus App Runtime
03-18 12:59:34.958  3627  3764 I VrRuntimeClient: APP VERSION = 26.0.0.40.502 versionCode 274988282 internalVersionName 26.0.0.40.502.3d49ffb6cc0f 2021_02_23_19_55
03-18 12:59:34.958  3627  3764 I VrRuntimeClient: APP VR TYPE = vr_only
03-18 12:59:34.958  3627  3764 I VrRuntimeClient: APP MODE TYPE = VR
03-18 12:59:34.958  3627  3764 I VrRuntimeClient: APP PACKAGE NAME = com.oculus.vrshell
03-18 12:59:34.958  3627  3764 I VrRuntimeClient: APP ACTIVITY CLASS = com.oculus.os.WindowTokenContext
03-18 12:59:34.958  3627  3764 D BatteryReceiver: Unregistering battery receiver
03-18 12:59:34.958  3627  3764 I Sensor  : OSSDKTRACKING Shutdown tracking
03-18 12:59:34.964  1074  1074 W TelecomManager: Telecom Service not found.
03-18 12:59:34.966  3473  3473 I [OAO] VrNotificationListenerService: onNotificationRemoved(): key = 0|android|0|com.android.server.wm.AlertWindowNotification - com.oculus.vrshell|1000, type = third_party
03-18 12:59:34.966  3473  3473 I [OAO] VrNotificationListenerService: onNotificationRemoved(): user|package|tag|id = UserHandle{0}|android|com.android.server.wm.AlertWindowNotification - com.oculus.vrshell|0
03-18 12:59:34.967  1908  1908 D OculusNotificationListenerService: Notification removed: 0|android|0|com.android.server.wm.AlertWindowNotification - com.oculus.vrshell|1000
03-18 12:59:34.969  3769  3769 D [SUI] NotificationBroadcastReceiver: action: com.oculus.intent.action.NOTIF_CHANGE
03-18 12:59:34.969  3769  3769 I NotificationManagerSourceHandler: Dataset has changed
03-18 12:59:34.970  3473  3473 D VrNotificationAnalytics: logNotificationRemoved(third_party)
03-18 12:59:34.976  3627  3627 D [SEO] BaseOverlayService: setOverlayInputFocus : completed - inputFocus=false shouldSupportIME=false actionTaken:true
03-18 12:59:34.976  3627  3764 I VrApi   : OVR::Stats thread stopped
03-18 12:59:34.976  3627  3764 I InputDeviceManager: ovrInputDeviceManager::~ovrInputDeviceManager
03-18 12:59:34.976  3627  3764 I HandDataQuerier: OSSDKTRACKING shutting down HandsTracker
03-18 12:59:34.976  3627  3764 I HandDataQuerier: OSSDKTRACKING shutting down HandsTracker
03-18 12:59:34.976  3627  3764 I InputDevice_TrackedRemote: OSSDKTRACKING shutting down Haptics
03-18 12:59:34.976  3627  3764 I InputDevice_TrackedRemote: OSSDKTRACKING shutting down Haptics
03-18 12:59:34.976  3627  3764 D OsSdk   : TrackingServiceConnection dtor
03-18 12:59:34.976   872  3355 I TrackingService: Unregistering client by ITrackingService.unregisterClient
03-18 12:59:34.976   872  3355 I TrackingService: TrackingServiceHost Unregistering client: com.oculus.vrshell#3627
03-18 12:59:34.977  3627  3764 D OsSdk   : TrackingServiceConnection unregistered
03-18 12:59:34.979  3473  3473 D DeviceHelper: isScreenOn = true
03-18 12:59:34.979  3473  3473 D [OAO] ShellOverlayBroadcastReceiver: onReceive with ShellOverlayService native pointer 4037126648, action com.oculus.vrshell.intent.action.DISMISS_NOTIFICATION
03-18 12:59:34.979  3473  3473 D [OAO] RssdkHelper: getCurrentPackageInfo
03-18 12:59:34.980  3473  3473 I [OAO] RssdkHelperJNI: Java_com_oculus_common_navigation_RssdkHelper_nativeGetCurrentPackageInfo
03-18 12:59:34.980  3473  3473 I [OAO] RssdkHelperJNI: NativeGetCurrentPackageInfo - str combined: 'com.android.permissioncontroller false'
03-18 12:59:34.980  3473  3473 D [OAO] PrimaryPackage: Shell backgrounded or not running.
03-18 12:59:34.980  3473  3473 I [OAO] ShellOverlayServiceJNI: NativeWake
03-18 12:59:34.980  3473  3473 I [OAO] ShellOverlayMain: WakeVrThread
03-18 12:59:34.980  3473  3473 I [OAO] ShellOverlayMain: WakeVrThread - notifying vr thread
03-18 12:59:34.980  3473  3607 I [OAO] ShellOverlayApp: 0xc5977c08 msg: broadcastIntent:
03-18 12:59:34.980  3473  3607 I [OAO] ShellOverlayApp: intent_action = com.oculus.vrshell.intent.action.DISMISS_NOTIFICATION
03-18 12:59:34.980  3473  3607 I [OAO] ShellOverlayApp: status_bar_notification = 0|android|0|com.android.server.wm.AlertWindowNotification - com.oculus.vrshell|1000
03-18 12:59:34.980  3473  3607 I [OAO] ShellOverlayApp: ProcessMessage_Broadcast: com.oculus.vrshell.intent.action.DISMISS_NOTIFICATION
03-18 12:59:34.982  3491  3491 D [OAR] RssdkHelper: getCurrentPackageInfo
03-18 12:59:34.982  3491  3491 I [OAR] RssdkHelperJNI: Java_com_oculus_common_navigation_RssdkHelper_nativeGetCurrentPackageInfo
03-18 12:59:34.982  3491  3491 I [OAR] RssdkHelperJNI: NativeGetCurrentPackageInfo - str combined: 'com.android.permissioncontroller false'
03-18 12:59:34.982  3491  3491 D [OAR] ShellControlProtectedReceiver: onReceive with MainActivity native pointer 0, action com.oculus.vrshell.intent.action.DISMISS_NOTIFICATION
03-18 12:59:34.983  3491  3491 D DeviceHelper: isScreenOn = true
03-18 12:59:34.983  3491  3491 D [OAR] PrimaryPackage: ShellEnv is backgrounded or not running.
03-18 12:59:34.991  3627  3928 I ClientInputThread_Internal: InputThreadRun ShutdownRequest received
03-18 12:59:34.992  3627  3764 D InputHooksJava: Disabling Java Input Hooks
03-18 12:59:34.992  3360  3415 D VrRuntimeService: enableRendering: 3627:com.oculus.vrshell: null enable: false
03-18 12:59:34.992  3360  3415 I ClientMgr: ClientMgr::EnableRendering 3627:com.oculus.vrshell : type 1 comp-id 4: disable
03-18 12:59:34.992  3360  3415 I VrRuntimeServer: DisableCompositorClient: 4
03-18 12:59:34.992  3360  3415 I TimeWarpClientMgr: Disable client 4
03-18 12:59:34.992  3360  3415 I TimeWarpClientMgr: DisableClient: frame flush required: 1
03-18 12:59:35.001  3360  3415 I UnifiedTelemetryWrapper: Stopped UT session render:com.oculus.vrshell:EnvOverlay
03-18 12:59:35.001  3627  3937 I FenceChecker: FenceChecker::MainLoop - ended
03-18 12:59:35.001  3627  3764 I VrApi   : ---------- vrapi_LeaveVrMode [end] ----------
03-18 12:59:35.001  3627  3764 I [OAR] ShellFrameAnalytics: ShellFrame frameFunction: 16084us/305373us, trace: 0us/0us, process commands: 0us/0us, system update: 0us/0us, render 0us/0us, post render 0us/0us
03-18 12:59:35.002  3627  3764 I [OAR] ShellFrameAnalytics: Shell Heartbeat focusedPanelTimeSpent: {"0":9954} visibleTimeSpent: {} inputTimeSpent: {"gaze":9954} mouseClickCount: 0 mouseMoveTimeSpent: 0 mouseScrollTimeSpent: 0 physicalKeyboardConnectedTimeSpent: 0 physicalKeyboardTrackedTimeSpent: 0
03-18 12:59:35.002  3627  3764 I [OAR] DialogController: CloseDialogs() old: 0, pendingUri: systemux://dialog/none, pendingComponent: 
03-18 12:59:35.002  3627  3764 I [OAR] PanelAppHost: PanelAppHost destructor: id 1 com.oculus.systemux/com.oculus.panelapp.anytimeui.AnytimeUIAndroidPanelService
03-18 12:59:35.002  3627  3764 I [OAR] PanelAppHost: Panel app 1 (com.oculus.systemux/com.oculus.panelapp.anytimeui.AnytimeUIAndroidPanelService) changing state from foreground to shutdown
03-18 12:59:35.002  3627  3764 D [SEO] ShellApplication: notify OS to set com.oculus.systemux/com.oculus.panelapp.anytimeui.AnytimeUIAndroidPanelService to BACKGROUND
03-18 12:59:35.002  3627  3764 D [SEO] ShellApplication: Unbinding service for panel app id 1
03-18 12:59:35.004  3769  3769 I CppPanelService: VR Shell socket closed(ECONNRESET); shutting down fd: 33
03-18 12:59:35.004  3769  3769 I CppPanelService: Quitting application via hardExit flag due to unexpected socket closure on fd 33.
03-18 12:59:35.004  3769  3769 I AndroidPanelApp: Destroyed
03-18 12:59:35.004  3769  3769 D [SUI] HostView: Destroying HostView
03-18 12:59:35.004  3627  3764 I [OAR] ShellEnvSwapChainApi: Destroying SwapChain:0xd9b1fe20
03-18 12:59:35.004  3769  3769 D [SUI] EmptyView: Hiding EmptyView
03-18 12:59:35.004  3769  3769 D [SUI] EmptyView: Destroying EmptyView
03-18 12:59:35.004  3769  3769 D [SUI] ContentHostView: Destroying ContentHostView
03-18 12:59:35.004  3769  3769 D [SUI] EmptyContentView: Hiding EmptyContentView
03-18 12:59:35.004  3769  3769 D [SUI] EmptyContentView: Destroying EmptyContentView
03-18 12:59:35.004  3769  3769 D [SUI] NavHostView: Destroying NavHostView
03-18 12:59:35.005   722   722 D PreferencesService: PreferencesListener DeathNotifier destruct ... 
03-18 12:59:35.006  3769  3769 D [SUI] AnytimeUIPanelAppBase: Releasing viewModel SettingsViewModel refCount: 1
03-18 12:59:35.006  3769  3769 D [SUI] AnytimeUIPanelAppBase: Releasing viewModel DestinationUIViewModel refCount: 1
03-18 12:59:35.006  3769  3769 D [SUI] AnytimeUIPanelAppBase: Releasing viewModel SharingViewModel refCount: 0
03-18 12:59:35.006  3769  3769 D [SUI] SharingViewModel: Destroying ViewModel
03-18 12:59:35.007  3769  3769 D [SUI] SharingViewModel: clearAbuseReportRecordingTimer
03-18 12:59:35.007  3769  3769 D [SUI] BarView: Destroying BarView
03-18 12:59:35.007  3769  3769 D [SUI] StatusView: Destroying StatusView
03-18 12:59:35.007  3769  3769 D [SUI] AnytimeUIPanelAppBase: Releasing viewModel StatusViewModel refCount: 0
03-18 12:59:35.007  3769  3769 D [SUI] StatusViewModel: Destroying ViewModel
03-18 12:59:35.008  3769  3769 D [SUI] AnytimeUIPanelAppBase: Releasing viewModel BarViewModel refCount: 0
03-18 12:59:35.008  3769  3769 D [SUI] BarViewModel: Destroying BarViewModel
03-18 12:59:35.008  3769  3769 D [SUI] AnytimeUIPanelAppBase: Releasing viewModel SettingsViewModel refCount: 0
03-18 12:59:35.008  3769  3769 D [SUI] SettingsViewModel: Destroying ViewModel
03-18 12:59:35.009  3769  3769 D [SUI] AnytimeUIPanelAppBase: Releasing viewModel ProfileViewModel refCount: 0
03-18 12:59:35.009  3769  3769 D [SUI] ProfileViewModel: Destroying ViewModel
03-18 12:59:35.009  3769  3769 D [SUI] AnytimeUIPanelAppBase: Releasing viewModel DestinationUIViewModel refCount: 0
03-18 12:59:35.009  3769  3769 D [SUI] DestinationUIViewModel: Destroying ViewModel
03-18 12:59:35.009   760  3821 D msm8974_platform: platform_split_snd_device: snd_device(2) num devices(1) new_snd_devices(0)
03-18 12:59:35.009   760  3821 D ACDB-LOADER: ACDB -> send_audvoltable
03-18 12:59:35.009   760  3821 D ACDB-LOADER: ACDB -> ACDB_CMD_GET_AUDPROC_INSTANCE_GAIN_DEP_STEP_TABLE_SIZE
03-18 12:59:35.009   760  3821 D ACDB-LOADER: ACDB -> ACDB_CMD_GET_AUDPROC_INSTANCE_GAIN_DEP_STEP_TABLE, vol index 1
03-18 12:59:35.010   760  3821 D ACDB-LOADER: ACDB -> AUDIO_SET_VOL_CAL cal type = 40
03-18 12:59:35.010  3769  3769 D [SUI] AnytimeUIPanelAppBase: Releasing viewModel SocialViewModel refCount: 1
03-18 12:59:35.010  3627  3764 I [OAR] ShellEnvSwapChainApi: Destroying SwapChain:0xd9bd62e0
03-18 12:59:35.010  3627  3764 I [OAR] ShellEnvSwapChainApi: Destroying SwapChain:0xd9bd6240
03-18 12:59:35.010   760  3821 D msm8974_platform: platform_split_snd_device: snd_device(2) num devices(1) new_snd_devices(0)
03-18 12:59:35.010   760  3821 D ACDB-LOADER: ACDB -> send_audvoltable
03-18 12:59:35.010   760  3821 D ACDB-LOADER: ACDB -> ACDB_CMD_GET_AUDPROC_INSTANCE_GAIN_DEP_STEP_TABLE_SIZE
03-18 12:59:35.010   760  3821 D ACDB-LOADER: ACDB -> ACDB_CMD_GET_AUDPROC_INSTANCE_GAIN_DEP_STEP_TABLE, vol index 1
03-18 12:59:35.010   760  3821 D ACDB-LOADER: ACDB -> AUDIO_SET_VOL_CAL cal type = 40
03-18 12:59:35.010  3627  3764 I [OAR] DialogController: ResetDialog old: 0, activeUri systemux://dialog/none, activeReturnComponent 
03-18 12:59:35.010  3627  3764 I [OAR] SystemTabletController: Reset, reason: 4, taskBarVisibility: 1
03-18 12:59:35.010  3627  3764 I [OAR] SystemDialogController: Reset
03-18 12:59:35.010  3627  3764 I [OAR] DialogControllerManager: Reset
03-18 12:59:35.012  3769  3769 V NotificationDatasetProxy: Removing listener com.oculus.panelapp.anytimeui.v2.bar.BarView{d52a40f V.ED..... ......I. 0,0-0,0 #7f080072 app:id/bar_view}
03-18 12:59:35.013  3769  3769 I [SUI] AnytimeUIAndroidPanelAppV2: Destroyed AUI PanelApp, isInOverlay: false, instanceCount: 0
03-18 12:59:35.013  3769  3769 E [SUI] AnytimeUIPanelAppBase: ViewModel not released SocialViewModel
03-18 12:59:35.013  3769  3769 D [SUI] SocialViewModel: Destroying ViewModel
03-18 12:59:35.014  3769  3769 I AndroidPanelApp: destroyed
03-18 12:59:35.014  3769  3769 I AndroidPanelLayer: Destroying presentation for layer "tablet".
03-18 12:59:35.015  1074  1785 I DisplayManagerService: Display device removed: DisplayDeviceInfo{"com.oculus.android_panel_app.AndroidPanelLayer-tablet": uniqueId="virtual:com.oculus.systemux,10026,com.oculus.android_panel_app.AndroidPanelLayer-tablet,0", 960 x 425, modeId 7, defaultModeId 7, supportedModes [{id=7, width=960, height=425, fps=60.0}], colorMode 0, supportedColorModes [0], HdrCapabilities null, density 200, 200.0 x 200.0 dpi, appVsyncOff 0, presDeadline 16666666, touch NONE, rotation 0, type VIRTUAL, state OFF, owner com.oculus.systemux (uid 10026), FLAG_PRIVATE, FLAG_NEVER_BLANK, FLAG_OWN_CONTENT_ONLY}
03-18 12:59:35.015  3769  3769 I AndroidPanelLayer: Destroying presentation for layer "tabletNav".
03-18 12:59:35.018  1074  1151 I DisplayManagerService: Display device removed: DisplayDeviceInfo{"com.oculus.android_panel_app.AndroidPanelLayer-tabletNav": uniqueId="virtual:com.oculus.systemux,10026,com.oculus.android_panel_app.AndroidPanelLayer-tabletNav,0", 270 x 425, modeId 8, defaultModeId 8, supportedModes [{id=8, width=270, height=425, fps=60.0}], colorMode 0, supportedColorModes [0], HdrCapabilities null, density 200, 200.0 x 200.0 dpi, appVsyncOff 0, presDeadline 16666666, touch NONE, rotation 0, type VIRTUAL, state OFF, owner com.oculus.systemux (uid 10026), FLAG_PRIVATE, FLAG_NEVER_BLANK, FLAG_OWN_CONTENT_ONLY}
03-18 12:59:35.019  3769  3769 I AndroidPanelLayer: Destroying presentation for layer "#main".
03-18 12:59:35.020  1074  1151 I DisplayManagerService: Display device removed: DisplayDeviceInfo{"com.oculus.android_panel_app.AndroidPanelLayer-#main": uniqueId="virtual:com.oculus.systemux,10026,com.oculus.android_panel_app.AndroidPanelLayer-#main,0", 845 x 180, modeId 6, defaultModeId 6, supportedModes [{id=6, width=845, height=180, fps=60.0}], colorMode 0, supportedColorModes [0], HdrCapabilities null, density 200, 200.0 x 200.0 dpi, appVsyncOff 0, presDeadline 16666666, touch NONE, rotation 0, type VIRTUAL, state OFF, owner com.oculus.systemux (uid 10026), FLAG_PRIVATE, FLAG_NEVER_BLANK, FLAG_OWN_CONTENT_ONLY}
03-18 12:59:35.021  3769  3769 I AndroidPanelLayer: Destroying presentation for layer "tabletContent".
03-18 12:59:35.022  1074  1151 I DisplayManagerService: Display device removed: DisplayDeviceInfo{"com.oculus.android_panel_app.AndroidPanelLayer-tabletContent": uniqueId="virtual:com.oculus.systemux,10026,com.oculus.android_panel_app.AndroidPanelLayer-tabletContent,0", 690 x 425, modeId 9, defaultModeId 9, supportedModes [{id=9, width=690, height=425, fps=60.0}], colorMode 0, supportedColorModes [0], HdrCapabilities null, density 200, 200.0 x 200.0 dpi, appVsyncOff 0, presDeadline 16666666, touch NONE, rotation 0, type VIRTUAL, state OFF, owner com.oculus.systemux (uid 10026), FLAG_PRIVATE, FLAG_NEVER_BLANK, FLAG_OWN_CONTENT_ONLY}
03-18 12:59:35.022  3769  3769 D CppPanelService: onDestroy()
03-18 12:59:35.027  1074  3388 I ActivityManager: Killing 3001:com.android.dynsystem/1000 (adj 975): empty #17
03-18 12:59:35.041   729   729 I Zygote  : Process 3001 exited due to signal 9 (Killed)
03-18 12:59:35.065  1074  1171 I libprocessgroup: Successfully killed process cgroup uid 1000 pid 3001 in 37ms
03-18 12:59:35.091   914   914 E adbd    : failed to connect to socket 'tcp:6666': Connection refused
03-18 12:59:35.210  3529  3610 I Clay    : EnvironmentSystem: computed visibility changed from Hidden to Unload (reason: Paused)
03-18 12:59:35.210  3529  3610 I Clay    : EnvironmentStateSystem: Clearing IR due to pausing
03-18 12:59:35.244  3360  3838 I VrRuntimeService: DestroySwapChain: swapchain=122
03-18 12:59:35.244  3360  3838 I VrRuntimeServer: DestroyTextureSwapChain: 0x75f14c1000: 2D_EXTERNAL destroy deferred
03-18 12:59:35.244  3360  3838 I VrRuntimeService: DestroySwapChain: swapchain=121
03-18 12:59:35.244  3360  3838 I VrRuntimeServer: DestroyTextureSwapChain: 0x75f14b4000: 2D_EXTERNAL destroy deferred
03-18 12:59:35.244  3360  3838 I VrRuntimeService: DestroySwapChain: swapchain=120
03-18 12:59:35.244  3360  3838 I VrRuntimeServer: DestroyTextureSwapChain: 0x75f1496000: 2D_EXTERNAL destroy deferred
03-18 12:59:35.358  3360  3470 D RuntimeIPCServerMgr: RegisterClient: Client: com.android.permissioncontroller:com.android.permissioncontroller:1577, Server: com.oculus.systemdriver:com.oculus.vrruntimeservice (RuntimeServiceServer)
03-18 12:59:35.358  3360  8900 I JniUtils: Creating temporary JNIEnv. This is a heavy operation and should be infrequent. To optimize, use JNI AttachCurrentThread on calling thread
03-18 12:59:35.359  3360  8900 I chatty  : uid=10025(com.oculus.systemdriver) Thread-42 identical 2 lines
03-18 12:59:35.359  3360  8900 I JniUtils: Creating temporary JNIEnv. This is a heavy operation and should be infrequent. To optimize, use JNI AttachCurrentThread on calling thread
03-18 12:59:35.360  3360  8900 I VrRuntimeService: RuntimeIPC: IPC_SYSTEM_EVENT_CLIENT_CONNECTED: com.android.permissioncontroller:1577, Version: 1.0, Custom: 1.0
03-18 12:59:35.360  3360  8900 I VrRuntimeService: RuntimeServiceSDKServer::GetSharedMemoryFileDescriptor: 3295660735
03-18 12:59:35.360  3360  8900 I VrRuntimeService: GetSharedMemoryFileDescriptor: SharedMemoryType_PublicReadOnly: 33
03-18 12:59:35.360  3360  8900 I VrRuntimeService: RuntimeServiceSDKServer::GetSharedMemoryFileDescriptor: 3295660735
03-18 12:59:35.360  3360  8900 I VrRuntimeService: GetSharedMemoryFileDescriptor: SharedMemoryType_PrivateReadWrite: 164
03-18 12:59:35.361  1577  8893 I VrRuntimeClient: nativeRuntimeServiceConnected: publicReadOnlyFd=64, privateReadWriteFd=65
03-18 12:59:35.361  1577  1577 D VrRuntimeClient: VrRuntimeClient: connectionIsReady: true
03-18 12:59:35.361  1577  1577 D VrRuntimeClient: VrRuntimeClient: context.bindService SUCCESS
03-18 12:59:35.361  1577  1577 I VrApi   : vrapi_Initialize: Connected to VrRuntimeService after 0.433254s
03-18 12:59:35.361  1577  1577 D SystemActivitiesReceiver: Registering Oculus System Activity receiver
03-18 12:59:35.362  1577  1577 I Distortion: Initializing Mesh Decenter Correction
03-18 12:59:35.362  1577  1577 I Distortion: EYE_DECENTER ipdMin 58.1364 left H: -8.1595 v: 3.6616  right  H: -4.9562 v: 0.1797
03-18 12:59:35.362  1577  1577 I Distortion: EYE_DECENTER ipdMid 63.0543 left H: 0.7277 v: 2.5898  right  H: 1.0983 v: 2.3797
03-18 12:59:35.362  1577  1577 I Distortion: EYE_DECENTER ipdMax 67.9727 left H: 1.9973 v: 1.518  right  H: -0.1126 v: 2.3797
03-18 12:59:35.362  1577  1577 I Distortion: EYE_DECENTER PIXELS(4) left H: -0.7277 V: -2.5898  right H: -1.0983 V: -2.3797
03-18 12:59:35.362  1577  1577 I Distortion: EYE_DECENTER iad: 0.065, left H: -2.99923e-05 V: -8.50749e-05  right H: -2.99923e-05 V: -7.81732e-05
03-18 12:59:35.362  1577  1577 I Distortion: SetLensPositions - iad=0.065, left offset=0.000769582,-0.00133337, right offset=-0.000829566,-0.00132647
03-18 12:59:35.362  1577  1577 I Distortion: Initializing Mesh Decenter Correction
03-18 12:59:35.363  1577  1577 I Distortion: EYE_DECENTER ipdMin 58.1364 left H: -8.1595 v: 3.6616  right  H: -4.9562 v: 0.1797
03-18 12:59:35.363  1577  1577 I Distortion: EYE_DECENTER ipdMid 63.0543 left H: 0.7277 v: 2.5898  right  H: 1.0983 v: 2.3797
03-18 12:59:35.363  1577  1577 I Distortion: EYE_DECENTER ipdMax 67.9727 left H: 1.9973 v: 1.518  right  H: -0.1126 v: 2.3797
03-18 12:59:35.363  1577  1577 I Distortion: EYE_DECENTER PIXELS(4) left H: -0.7277 V: -2.5898  right H: -1.0983 V: -2.3797
03-18 12:59:35.363  1577  1577 I Distortion: EYE_DECENTER iad: 0.065, left H: -2.99923e-05 V: -8.50749e-05  right H: -2.99923e-05 V: -7.81732e-05
03-18 12:59:35.363  1577  1577 I Distortion: SetLensPositions - iad=0.065, left offset=0.000769582,-0.00133337, right offset=-0.000829566,-0.00132647
