02-18 12:07:00.375  4577  4648 D UE4     : [2021.02.18-12.07.00:375][  0]LogAudioMixer: Display: 	Callback Buffer Frame Size To Use:	  1152
02-18 12:07:00.376  4577  4648 D UE4     : [2021.02.18-12.07.00:376][  0]LogAudioMixer: Display: 	Number of buffers to queue:			  4
02-18 12:07:00.376  4577  4648 D UE4     : [2021.02.18-12.07.00:376][  0]LogAudioMixer: Display: 	Max Channels (voices):				  0
02-18 12:07:00.376  4577  4648 D UE4     : [2021.02.18-12.07.00:376][  0]LogAudioMixer: Display: 	Number of Async Source Workers:		  0
02-18 12:07:00.376  4577  4648 D UE4     : [2021.02.18-12.07.00:376][  0]LogAudio: Display: AudioDevice MaxSources: 32
02-18 12:07:00.376  4577  4648 D UE4     : [2021.02.18-12.07.00:376][  0]LogAudio: Display: Using built-in audio occlusion.
02-18 12:07:00.376  4577  4648 D UE4     : [2021.02.18-12.07.00:376][  0]LogAudioMixer: Display: Initializing audio mixer.
02-18 12:07:00.377  4577  4648 D UE4     : [GameActivity] [JAVA] audiomanager.optimalSampleRate = 48000
02-18 12:07:00.377  4577  4648 D UE4     : [GameActivity] [JAVA] audiomanager.framesPerBuffer = 192
02-18 12:07:00.377  4577  4648 D         : PlayerBase::PlayerBase()
02-18 12:07:00.378  4577  4648 D         : TrackPlayerBase::TrackPlayerBase()
02-18 12:07:00.378  4577  4648 I libOpenSLES: Emulating old channel mask behavior (ignoring positional mask 0x3, using default mask 0x3 based on channel count of 2)
02-18 12:07:00.381   695   695 I audio_hw_primary: getting vr mode to 0
02-18 12:07:00.381   733  1001 I hash_map_utils: key: 'vr_audio_mode_on' value: ''
02-18 12:07:00.382   733  1001 I AudioPolicyManagerCustom: VR mode is 0, switch to primary output if request is for fast|raw
02-18 12:07:00.383   733  1001 D AudioFlinger: GK:EnableAudioWakeLockRemoval = 1
02-18 12:07:00.383   733  1001 W AudioFlinger: createTrack_l(): mismatch between requested flags (00000104) and output flags (00000006)
02-18 12:07:00.384   733  1001 D AudioFlinger: Client defaulted notificationFrames to 882 for frameCount 1772
02-18 12:07:00.385   733  1001 D AF::TrackHandle: OpPlayAudio: track:58 uid:10106 pkg:com.YourCompany.KilncroftLane usage:1 not muted
02-18 12:07:00.386  4577  4648 W AudioTrack: createTrack_l(0): AUDIO_OUTPUT_FLAG_FAST denied by server; frameCount 0 -> 1772
02-18 12:07:00.387  4577  4648 D UE4     : [2021.02.18-12.07.00:387][  0]LogAudioMixer: Display: Using Audio Device Android Audio Device
02-18 12:07:00.388  4577  4648 D UE4     : [2021.02.18-12.07.00:388][  0]LogAudioMixer: Display: Initializing Sound Submixes...
02-18 12:07:00.392  4577  4648 D UE4     : [2021.02.18-12.07.00:392][  0]LogAudioMixer: Display: Creating Master Submix 'MasterSubmixDefault'
02-18 12:07:00.393  4577  4648 D UE4     : [2021.02.18-12.07.00:393][  0]LogAudioMixer: Display: Creating Master Submix 'MasterReverbSubmixDefault'
02-18 12:07:00.395  4577  4648 D UE4     : [2021.02.18-12.07.00:395][  0]LogAudioMixer: Display: Creating Master Submix 'MasterEQSubmixDefault'
02-18 12:07:00.397  1268  1268 V AvrcpMediaPlayerList: onPlaybackConfigChanged(): Configs list size=4
02-18 12:07:00.406  4577  4648 D UE4     : [2021.02.18-12.07.00:406][  0]LogInit: FAudioDevice initialized.
02-18 12:07:00.408  4577  4648 D UE4     : [2021.02.18-12.07.00:407][  0]LogNetVersion: Set ProjectVersion to 1.0.0.0. Version Checksum will be recalculated on next use.
02-18 12:07:00.408  4577  4648 D UE4     : [2021.02.18-12.07.00:408][  0]LogInit: Texture streaming: Enabled
02-18 12:07:00.420  4577  4648 D UE4     : [2021.02.18-12.07.00:420][  0]LogSlate: Updating window title bar state: overlay mode, drag disabled, window buttons hidden, title bar hidden
02-18 12:07:00.420  4577  4648 D UE4     : [2021.02.18-12.07.00:420][  0]LogInit: Display: Game Engine Initialized.
02-18 12:07:00.421  4577  4648 D UE4     : [2021.02.18-12.07.00:421][  0]LogInit: Display: Starting Game.
02-18 12:07:00.422  4577  4648 D UE4     : [2021.02.18-12.07.00:422][  0]LogNet: Browse: /Game/Maps/QuestQSMap?Name=Player
02-18 12:07:00.422  4577  4648 D UE4     : [2021.02.18-12.07.00:422][  0]LogHMD: Initializing OVRPlugin session
02-18 12:07:00.422  4577  4648 I UnifiedTelemetryWrapper: WARNING: Attempting to create Telemetry Event while Handler is null; telemetry will not be recorded
02-18 12:07:00.422  4577  4648 D OVRPlugin: Initializing VR.
02-18 12:07:00.422  4577  4648 I VrApiLoader: VrApi Loader Version: 1.1.29.0-0-0 Nov 21 2019 14:29:11 
02-18 12:07:00.427  4577  4648 D ApplicationLoaders: Returning zygote-cached class loader: /system/framework/android.hidl.base-V1.0-java.jar
02-18 12:07:00.427  4577  4648 D ApplicationLoaders: Returning zygote-cached class loader: /system/framework/android.hidl.manager-V1.0-java.jar
02-18 12:07:00.427  4577  4648 D ApplicationLoaders: Returning zygote-cached class loader: /system/framework/android.hidl.base-V1.0-java.jar
02-18 12:07:00.428  4577  4648 V VrDriver: Loading 32-bit VrDriver.
02-18 12:07:00.428  4577  4648 I VrApi_DriverLoader: nativeSetClassLoader:0x2a16
02-18 12:07:00.428  4577  4648 I VrApi   : ----------- vrapi_Initialize [start] ----------
02-18 12:07:00.428  4577  4648 I VrApi   : Client type: 0 flags: 0x0 placement: 0
02-18 12:07:00.430   695   911 D msm8974_platform: platform_split_snd_device: snd_device(2) num devices(1) new_snd_devices(0)
02-18 12:07:00.430   695   911 D ACDB-LOADER: ACDB -> send_audvoltable
02-18 12:07:00.430   695   911 D ACDB-LOADER: ACDB -> ACDB_CMD_GET_AUDPROC_INSTANCE_GAIN_DEP_STEP_TABLE_SIZE
02-18 12:07:00.430   695   911 D ACDB-LOADER: ACDB -> ACDB_CMD_GET_AUDPROC_INSTANCE_GAIN_DEP_STEP_TABLE, vol index 11
02-18 12:07:00.430   695   911 D ACDB-LOADER: ACDB -> AUDIO_SET_VOL_CAL cal type = 40
02-18 12:07:00.431   695   911 D msm8974_platform: platform_split_snd_device: snd_device(2) num devices(1) new_snd_devices(0)
02-18 12:07:00.431   695   911 D ACDB-LOADER: ACDB -> send_audvoltable
02-18 12:07:00.431   695   911 D ACDB-LOADER: ACDB -> ACDB_CMD_GET_AUDPROC_INSTANCE_GAIN_DEP_STEP_TABLE_SIZE
02-18 12:07:00.431   695   911 D ACDB-LOADER: ACDB -> ACDB_CMD_GET_AUDPROC_INSTANCE_GAIN_DEP_STEP_TABLE, vol index 11
02-18 12:07:00.431   695   911 D ACDB-LOADER: ACDB -> AUDIO_SET_VOL_CAL cal type = 40
02-18 12:07:00.437  4577  4648 D VrApi   : isActivityFocusAware context = com.epicgames.ue4.GameActivity@3a04ab
02-18 12:07:00.437  4577  4648 D FocusAwarenessUtil: isActivityFocusAware
02-18 12:07:00.437  4577  4648 D FocusAwarenessUtil: isActivityFocusAware passesFocusAwarenessPushRolloutGk = true
02-18 12:07:00.437  4577  4648 D FocusAwarenessUtil: isSystemApp = false for com.YourCompany.KilncroftLane
02-18 12:07:00.437  4577  4648 D FocusAwarenessUtil: componentName non null : com.YourCompany.KilncroftLane/com.epicgames.ue4.GameActivity
02-18 12:07:00.438  4577  4648 D FocusAwarenessUtil: Checking activity manifest entry
02-18 12:07:00.439  4577  4648 D FocusAwarenessUtil: No Activity manifest entry for com.YourCompany.KilncroftLane
02-18 12:07:00.439  4577  4648 D FocusAwarenessUtil: No activity manifest entry, checking application manifest entry
02-18 12:07:00.439  4577  4648 D FocusAwarenessUtil: No Application manifest entry for com.YourCompany.KilncroftLane
02-18 12:07:00.444  2178  2195 W PublicLibraryProvider: Cannot find entitlement for com.YourCompany.KilncroftLane
02-18 12:07:00.444  4577  4648 I PublicLibraryUtil: getAppDataFromPublicLibrary no result for com.YourCompany.KilncroftLane
02-18 12:07:00.444  4577  4648 D FocusAwarenessUtil: No Store entry available. Likely sideload for com.YourCompany.KilncroftLane
02-18 12:07:00.444  4577  4648 D FocusAwarenessUtil: No Manifest Entry and no Store Entry. Defaulting to ENABLED for com.YourCompany.KilncroftLane
02-18 12:07:00.444  4577  4648 D FocusAwarenessUtil: isFocusAware  = true for com.YourCompany.KilncroftLane
02-18 12:07:00.445  4577  4648 I VrApi   : isActivityFocusAware = 1
02-18 12:07:00.445  4577  4648 I VrRuntimeClient: VrRuntimeClient: Init
02-18 12:07:00.445  4577  4648 I DeviceProperties: ovrDeviceProperties::Initialize
02-18 12:07:00.445  4577  4648 I DeviceProperties: Device Model: 'hollywood'
02-18 12:07:00.446  4577  4648 I DeviceProperties: Device Region: 'US'
02-18 12:07:00.446  4577  4648 I DeviceProperties: GPU Type: 'ADRENO_650'
02-18 12:07:00.448  4577  4648 I DeviceProperties: Num Refresh Rates Supported 4
02-18 12:07:00.448  4577  4648 I DeviceProperties: Refresh Rate (0): 90.000000Hz
02-18 12:07:00.448  4577  4648 I DeviceProperties: Refresh Rate (1): 80.000000Hz
02-18 12:07:00.448  4577  4648 I DeviceProperties: Refresh Rate (2): 72.000000Hz
02-18 12:07:00.448  4577  4648 I DeviceProperties: Refresh Rate (3): 60.000000Hz
02-18 12:07:00.449  4577  4648 I DeviceProperties: DisplayParms.ScanoutDirection = 0
02-18 12:07:00.449  4577  4648 I DeviceProperties: DisplayParms.ShutterType = 1
02-18 12:07:00.449  4577  4648 I DeviceProperties: DisplayParms.timing = 0.700000 0.700000
02-18 12:07:00.449  4577  4648 I DeviceProperties: DisplayParms.prediction = (2.000000 2.000000) (2.000000 2.000000)
02-18 12:07:00.450  4577  4648 I DeviceProperties: getDisplayDimensions returned: 3664, 1920
02-18 12:07:00.451  4577  4648 I DeviceProperties: ovrDeviceProperties: OVR_DEVICE_CAPABILITY_POSITIONAL_TRACKING_BIT
02-18 12:07:00.451  4577  4648 I DeviceProperties: ovrDeviceProperties: OVR_DEVICE_CAPABILITY_PASSTHROUGH_CAMERA_BIT
02-18 12:07:00.451  4577  4648 I DeviceProperties: ovrDeviceProperties: OVR_DEVICE_CAPABILITY_DYNAMIC_DISPLAY_REFRESH_RATE_BIT
02-18 12:07:00.451  4577  4648 I DeviceProperties: ovrDeviceProperties: OVR_DEVICE_CAPABILITY_MEMORY_EXPORT_BIT
02-18 12:07:00.451  4577  4648 I DeviceProperties: ovrDeviceProperties: OVR_DEVICE_CAPABILITY_FIXED_FOVEATED_RENDERING_BIT
02-18 12:07:00.451  4577  4648 I DeviceProperties: ovrDeviceProperties: OVR_DEVICE_CAPABILITY_SUBSAMPLED_LAYOUT_BIT
02-18 12:07:00.451  4577  4648 I VrRuntimeClient: RuntimeService Enabled
02-18 12:07:00.451  4577  4648 I RuntimeHelpers: ShouldEnableOOPComposition: oopc_enabled_prop = -1
02-18 12:07:00.451  4577  4648 I RuntimeHelpers: IsOopCompositionEnabled: enabled
02-18 12:07:00.452  4577  4648 I VrRuntimeClient: DevicesSupported : 1 devices, quest
02-18 12:07:00.452  4577  4648 I VrRuntimeClient: IsFocusAware: 1
02-18 12:07:00.458  4577  4648 I VrRuntimeClient: spaceWarpGateKeeper 0
02-18 12:07:00.458  4577  4648 I AudioCapture: AudioCapture::Init
02-18 12:07:00.458  4577  4648 I AudioCapture: AudioCapture::Init -> Initializing audio capture using direct OS Callbacks
02-18 12:07:00.458  4577  4648 I AudioCapture: AudioCapture::Init COMPLETE
02-18 12:07:00.463  4577  4648 W Foveation: Forcing on dynamic foveation
02-18 12:07:00.463  4577  4648 D VrRuntimeClient: VrRuntimeClient: initialize. inContext: com.epicgames.ue4.GameActivity@3a04ab
02-18 12:07:00.465  1923  1923 D VrRuntimeService: onStartCommand
02-18 12:07:00.465  4577  4648 I ipcLoader: RuntimeIPC: Loader: IPC Service API Loader Version: 19 Jan 26 2021 10:14:37
02-18 12:07:00.465  4577  4648 I ipcLoader: RuntimeIPC: Loader: Re-using vtable
02-18 12:07:00.465  4577  4648 I RuntimeIPCApi: ipc_Initialize
02-18 12:07:00.466  4577  4648 D RuntimeIPCServiceClient: initialize. inContext: com.epicgames.ue4.GameActivity@3a04abprocessName: com.YourCompany.KilncroftLane
02-18 12:07:00.468  1951  1951 D RuntimeIPCService: onStartCommand
02-18 12:07:00.468  4577  4761 I AsyncTaskMgr: MainLoop starting
02-18 12:07:00.468  4577  4648 I AsyncTaskMgr: Init SUCCESS
02-18 12:07:00.468  4577  4648 I ServerStateMgr: Init
02-18 12:07:00.468  4577  4648 I ServerStateMgr: Init
02-18 12:07:00.468  4577  4648 I RuntimeIPCServiceMethods: EnsureServiceConnection
02-18 12:07:00.468  4577  4648 D RuntimeIPCServiceClient: connectToService
02-18 12:07:00.468  4577  4648 D RuntimeIPCServiceClient: creating new service
02-18 12:07:00.469  1951  1951 D RuntimeIPCService: onStartCommand
02-18 12:07:00.472  4577  4648 D RuntimeIPCServiceClient: Waiting on ipc connection...
02-18 12:07:00.472  4577  4760 D RuntimeIPCServiceClient: Service connected: android.os.BinderProxy@9b82f76
02-18 12:07:00.472  1951  3522 D RuntimeIPCService: createClient: ProcessName: com.YourCompany.KilncroftLane
02-18 12:07:00.472  1951  3522 I RuntimeIPCService: nativeCreateClient
02-18 12:07:00.472  1951  3522 I RuntimeIPCService: CreateClient: 4577:com.YourCompany.KilncroftLane:com.YourCompany.KilncroftLane
02-18 12:07:00.473  1951  3522 I SharedMemoryServer: SharedMemoryServer::MapMemory: Allocated shared memory fd 154 (IPCRegisteredServer)
02-18 12:07:00.473  1951  3522 I RuntimeIPCService: RPCServiceClientHandler: Init SUCCESS: 4577:com.YourCompany.KilncroftLane:com.YourCompany.KilncroftLane
02-18 12:07:00.473  1951  3522 D RuntimeIPCService: createClient: -242503094, android.os.BinderProxy@3dd7513, com.YourCompany.KilncroftLane
02-18 12:07:00.473  4577  4648 D RuntimeIPCServiceClient: ipc connectionIsReady: true
02-18 12:07:00.473  4577  4648 D RuntimeIPCServiceClient: ipc context.bindService SUCCESS
02-18 12:07:00.473  4577  4648 I RuntimeIPCServiceClient: nativeConnected: 1
02-18 12:07:00.473  4577  4648 I RuntimeIPCServiceClient: nativeConnected complete: 1
02-18 12:07:00.473  4577  4648 I RuntimeIPCServiceMethods: EnsureServiceConnection success
02-18 12:07:00.473  4577  4763 I RuntimeIPCServiceClient: IPCMainLoopHandler: MainLoop Start
02-18 12:07:00.473  4577  4648 I RuntimeIPCServiceClient: IPCMainLoopHandler: Init SUCCESS
02-18 12:07:00.473  4577  4648 I RuntimeIPCApi: Overriding args (before): com.oculus.systemdriver, com.oculus.vrguardianservice.VrGuardianService
02-18 12:07:00.473  4577  4648 I RuntimeIPCApi: Overriding args (after): com.oculus.guardian, com.oculus.vrguardianservice.VrGuardianService
02-18 12:07:00.474  4577  4648 D RuntimeIPCServiceClient: ensureServiceStarted: com.oculus.guardian, com.oculus.vrguardianservice.VrGuardianService
02-18 12:07:00.475  4577  4648 D RuntimeIPCServiceClient: ensureServiceStarted SUCCESS: com.oculus.guardian, com.oculus.vrguardianservice.VrGuardianService
02-18 12:07:00.475  4577  4648 I RuntimeIPCApi: Overriding args (before): com.oculus.systemdriver, com.oculus.vrguardianservice.VrGuardianUserService
02-18 12:07:00.475  4577  4648 I RuntimeIPCApi: Overriding args (after): com.oculus.guardian, com.oculus.vrguardianservice.VrGuardianUserService
02-18 12:07:00.475  4577  4648 D RuntimeIPCServiceClient: ensureServiceStarted: com.oculus.guardian, com.oculus.vrguardianservice.VrGuardianUserService
02-18 12:07:00.475  2326  2326 D VrGuardianService: onStartCommand
02-18 12:07:00.476  4577  4648 D RuntimeIPCServiceClient: ensureServiceStarted SUCCESS: com.oculus.guardian, com.oculus.vrguardianservice.VrGuardianUserService
02-18 12:07:00.476  4577  4648 I RuntimeIPCApi: Overriding args (before): com.oculus.systemdriver, com.oculus.vrguardianservice, guardianserver
02-18 12:07:00.476  4577  4648 I RuntimeIPCApi: Overriding args (after): com.oculus.guardian, com.oculus.vrguardianservice, guardianserver
02-18 12:07:00.476  2326  2326 D VrGuardianUserService: onStartCommandIntent { cmp=com.oculus.guardian/com.oculus.vrguardianservice.VrGuardianUserService }
02-18 12:07:00.477  4577  4648 I RuntimeIPCClientMgr: SyncClientWithService: Client: com.YourCompany.KilncroftLane:com.YourCompany.KilncroftLane, Server: com.oculus.guardian:com.oculus.vrguardianservice (guardianserver)
02-18 12:07:00.477  1951  3522 I SharedMemoryServer: SharedMemoryServer::MapMemory: Allocated shared memory fd 159 (IPCService_RPCPrivateReadWrite)
02-18 12:07:00.477  1951  3522 I RuntimeIPCService: ConnectToServer: 4577:com.YourCompany.KilncroftLane:com.YourCompany.KilncroftLane (com.oculus.guardian:com.oculus.vrguardianservice (guardianserver))
02-18 12:07:00.478  4577  4648 I RuntimeIPCClientMgr: InitRPCToServer SUCCESS in 0.652864 ms
02-18 12:07:00.478  1951  3522 I RuntimeIPCService: GetServerRequestPipeAsClient: 4577:com.YourCompany.KilncroftLane:com.YourCompany.KilncroftLane (com.oculus.guardian:com.oculus.vrguardianservice (guardianserver))
02-18 12:07:00.479  1951  3522 I RuntimeIPCService: GetServerResponsePipeAsClient: 4577:com.YourCompany.KilncroftLane:com.YourCompany.KilncroftLane (com.oculus.guardian:com.oculus.vrguardianservice (guardianserver))
02-18 12:07:00.479  4577  4648 I RuntimeIPCClientMgr: InitRPCPipeToServer SUCCESS in 1.171354 ms
02-18 12:07:00.479  1951  3522 I RuntimeIPCService: GetServerStateFdAsClient: Client: com.YourCompany.KilncroftLane:com.YourCompany.KilncroftLane, Server: com.oculus.guardian:com.oculus.vrguardianservice (guardianserver)
02-18 12:07:00.479  4577  4648 I RuntimeIPCClientMgr: InitServerStateForClient SUCCESS in 0.347969 ms
02-18 12:07:00.479  4577  4648 I RuntimeIPCClientMgr: InitServerStateForClient: SUCCESS. Client: com.YourCompany.KilncroftLane:com.YourCompany.KilncroftLane, Server: com.oculus.guardian:com.oculus.vrguardianservice (guardianserver)
02-18 12:07:00.479  4577  4648 I RuntimeIPCClientMgr: SyncClientWithService: SUCCESS. Client: com.YourCompany.KilncroftLane:com.YourCompany.KilncroftLane, Server: com.oculus.guardian:com.oculus.vrguardianservice (guardianserver)
02-18 12:07:00.479  4577  4648 I RuntimeIPCClientMgr: ConnectToServer: SUCCESS: Client: com.YourCompany.KilncroftLane:com.YourCompany.KilncroftLane, Server: com.oculus.guardian:com.oculus.vrguardianservice (guardianserver)
02-18 12:07:00.479  4577  4648 I VrGuardianClient: g_GuardianSDKClient connected.
02-18 12:07:00.479  4577  4648 I ipcLoader: RuntimeIPC: Loader: IPC Service API Loader Version: 19 Jan 26 2021 10:14:37
02-18 12:07:00.479  4577  4648 I ipcLoader: RuntimeIPC: Loader: Re-using vtable
02-18 12:07:00.479  4577  4648 I RuntimeIPCApi: ipc_Initialize
02-18 12:07:00.479  4577  4648 I RuntimeIPCServiceClient: Init: Already initialized.
02-18 12:07:00.480  4577  4648 D RuntimeIPCServiceClient: ensureServiceStarted: com.oculus.systemdriver, com.oculus.vrruntimeservice.VrRuntimeService
02-18 12:07:00.480  1923  1923 D VrRuntimeService: onStartCommand
02-18 12:07:00.480  4577  4648 D RuntimeIPCServiceClient: ensureServiceStarted SUCCESS: com.oculus.systemdriver, com.oculus.vrruntimeservice.VrRuntimeService
02-18 12:07:00.481  4577  4648 I RuntimeIPCClientMgr: SyncClientWithService: Client: com.YourCompany.KilncroftLane:com.YourCompany.KilncroftLane, Server: com.oculus.systemdriver:com.oculus.vrruntimeservice (RuntimeServiceServer)
02-18 12:07:00.482  1951  3522 I SharedMemoryServer: SharedMemoryServer::MapMemory: Allocated shared memory fd 164 (IPCService_RPCPrivateReadWrite)
02-18 12:07:00.482  1951  3522 I RuntimeIPCService: ConnectToServer: 4577:com.YourCompany.KilncroftLane:com.YourCompany.KilncroftLane (com.oculus.systemdriver:com.oculus.vrruntimeservice (RuntimeServiceServer))
02-18 12:07:00.482  4577  4648 I RuntimeIPCClientMgr: InitRPCToServer SUCCESS in 0.585521 ms
02-18 12:07:00.482  1951  3522 I RuntimeIPCService: GetServerRequestPipeAsClient: 4577:com.YourCompany.KilncroftLane:com.YourCompany.KilncroftLane (com.oculus.systemdriver:com.oculus.vrruntimeservice (RuntimeServiceServer))
02-18 12:07:00.483  1951  3522 I RuntimeIPCService: GetServerResponsePipeAsClient: 4577:com.YourCompany.KilncroftLane:com.YourCompany.KilncroftLane (com.oculus.systemdriver:com.oculus.vrruntimeservice (RuntimeServiceServer))
02-18 12:07:00.483  4577  4648 I RuntimeIPCClientMgr: InitRPCPipeToServer SUCCESS in 0.716510 ms
02-18 12:07:00.483  1951  3522 I RuntimeIPCService: GetServerStateFdAsClient: Client: com.YourCompany.KilncroftLane:com.YourCompany.KilncroftLane, Server: com.oculus.systemdriver:com.oculus.vrruntimeservice (RuntimeServiceServer)
02-18 12:07:00.483  4577  4648 I RuntimeIPCClientMgr: InitServerStateForClient SUCCESS in 0.346042 ms
02-18 12:07:00.483  4577  4648 I RuntimeIPCClientMgr: InitServerStateForClient: SUCCESS. Client: com.YourCompany.KilncroftLane:com.YourCompany.KilncroftLane, Server: com.oculus.systemdriver:com.oculus.vrruntimeservice (RuntimeServiceServer)
02-18 12:07:00.483  4577  4648 I RuntimeIPCClientMgr: SyncClientWithService: SUCCESS. Client: com.YourCompany.KilncroftLane:com.YourCompany.KilncroftLane, Server: com.oculus.systemdriver:com.oculus.vrruntimeservice (RuntimeServiceServer)
02-18 12:07:00.483  4577  4648 I RuntimeIPCClientMgr: ConnectToServer: SUCCESS: Client: com.YourCompany.KilncroftLane:com.YourCompany.KilncroftLane, Server: com.oculus.systemdriver:com.oculus.vrruntimeservice (RuntimeServiceServer)
02-18 12:07:00.483  4577  4648 I VrRuntimeClient: g_RuntimeServiceSDKClient.InitClient SUCCESS. Version: 1.0, Custom: 1.0
02-18 12:07:00.483  4577  4648 D VrRuntimeClient: connectToService
02-18 12:07:00.483  4577  4648 D VrRuntimeClient: VrRuntimeClient: creating new service
02-18 12:07:00.484  1923  1923 D VrRuntimeService: onStartCommand
02-18 12:07:00.486  4577  4648 D VrRuntimeClient: VrRuntimeClient: Waiting on connection...
02-18 12:07:00.486  4577  4759 D VrRuntimeClient: VrRuntimeClient: Service connected.
02-18 12:07:00.487  1923  1962 I ClientMgr: ClientMgr::CreateClient: 4577:com.YourCompany.KilncroftLane
02-18 12:07:00.487  1923  1962 I ClientMgr: CliengMgr: Client session placement = 0
02-18 12:07:00.487  1923  1962 I TimeWarp: Register client 8
02-18 12:07:00.487  1923  1962 I VrRuntimeServer: RegisterCompositorClient client(8)
02-18 12:07:00.487  1923  1962 I SharedMemoryServer: SharedMemoryServer::MapMemory: Allocated shared memory fd 161 (VrRuntimeService_PrivateReadWrite_com.YourCompany.KilncroftLane)
02-18 12:07:00.487  1923  1962 I ClientMgr: CreateClient: Sending PrimaryPackageChangeEvent outside of normal operation for Guardian.
02-18 12:07:00.488  1923  1962 I VrRuntimeService: RuntimeIPC: SendPrimaryPackageChangeEvent: PostClientEvent SUCCESS: com.oculus.guardian:com.oculus.vrguardianservice:2326, com.YourCompany.KilncroftLane, com.YourCompany.KilncroftLane
02-18 12:07:00.494  1923  1962 I UnifiedTelemetryWrapper: Started UT session lifetime:com.YourCompany.KilncroftLane
02-18 12:07:00.495  1923  1962 D VrRuntimeService: IVrRuntimeClient.Stub().getSharedMemoryFileDescriptor()
02-18 12:07:00.495  1923  1962 I VrRuntimeService: SharedMemoryDebug: nativeGetSharedMemoryPublicReadOnlyFd: 33
02-18 12:07:00.495  1923  1962 D VrRuntimeService: getSharedMemoryFileDescriptor fd (VrRuntimeService) 33
02-18 12:07:00.495  1923  1962 D VrRuntimeService: IVrRuntimeClient.Stub().getSharedMemoryPrivateReadWriteFileDescriptor()
02-18 12:07:00.495  1923  1962 I VrRuntimeService: SharedMemoryDebug: nativeGetSharedMemoryPrivateReadWriteFd: 161
02-18 12:07:00.495  1923  1962 D VrRuntimeService: getSharedMemoryPrivateReadWriteFileDescriptor fd (VrRuntimeService) 161
02-18 12:07:00.495  4577  4759 I VrRuntimeClient: nativeRuntimeServiceConnected: publicReadOnlyFd=95, privateReadWriteFd=96
02-18 12:07:00.495  4577  4648 D VrRuntimeClient: VrRuntimeClient: connectionIsReady: true
02-18 12:07:00.495  4577  4648 D VrRuntimeClient: VrRuntimeClient: context.bindService SUCCESS
02-18 12:07:00.495  4577  4648 I VrApi   : vrapi_Initialize: Connected to VrRuntimeService after 0.012136s
02-18 12:07:00.496  4577  4648 D SystemActivitiesReceiver: Registering Oculus System Activity receiver
02-18 12:07:00.497  2326  2538 I GuardianSystem: runtimeServiceSDKClient_.PackageChangeEvent: com.YourCompany.KilncroftLane
02-18 12:07:00.497  4577  4648 I Distortion: Initializing Mesh Decenter Correction
02-18 12:07:00.499  4577  4648 I Distortion: EYE_DECENTER ipdMin 58.1364 left H: -8.1595 v: 3.6616  right  H: -4.9562 v: 0.1797
02-18 12:07:00.499  4577  4648 I Distortion: EYE_DECENTER ipdMid 63.0543 left H: 0.7277 v: 2.5898  right  H: 1.0983 v: 2.3797
02-18 12:07:00.499  4577  4648 I Distortion: EYE_DECENTER ipdMax 67.9727 left H: 1.9973 v: 1.518  right  H: -0.1126 v: 2.3797
02-18 12:07:00.499  4577  4648 I Distortion: EYE_DECENTER PIXELS(4) left H: -0.7277 V: -2.5898  right H: -1.0983 V: -2.3797
02-18 12:07:00.499  4577  4648 I Distortion: EYE_DECENTER iad: 0.065, left H: -2.99923e-05 V: -8.50749e-05  right H: -2.99923e-05 V: -7.81732e-05
02-18 12:07:00.499  4577  4648 I Distortion: SetLensPositions - iad=0.065, left offset=0.000769582,-0.00133337, right offset=-0.000829566,-0.00132647
02-18 12:07:00.499  4577  4648 I Distortion: Initializing Mesh Decenter Correction
02-18 12:07:00.500  4577  4648 I Distortion: EYE_DECENTER ipdMin 58.1364 left H: -8.1595 v: 3.6616  right  H: -4.9562 v: 0.1797
02-18 12:07:00.500  4577  4648 I Distortion: EYE_DECENTER ipdMid 63.0543 left H: 0.7277 v: 2.5898  right  H: 1.0983 v: 2.3797
02-18 12:07:00.500  4577  4648 I Distortion: EYE_DECENTER ipdMax 67.9727 left H: 1.9973 v: 1.518  right  H: -0.1126 v: 2.3797
02-18 12:07:00.500  4577  4648 I Distortion: EYE_DECENTER PIXELS(4) left H: -0.7277 V: -2.5898  right H: -1.0983 V: -2.3797
02-18 12:07:00.500  4577  4648 I Distortion: EYE_DECENTER iad: 0.065, left H: -2.99923e-05 V: -8.50749e-05  right H: -2.99923e-05 V: -7.81732e-05
02-18 12:07:00.500  4577  4648 I Distortion: SetLensPositions - iad=0.065, left offset=0.000769582,-0.00133337, right offset=-0.000829566,-0.00132647
02-18 12:07:00.500  4577  4648 I Distortion: Created custom distortion mesh.
02-18 12:07:00.500  4577  4648 I Distortion: ovrDistortionMeshHeader::magic = 0x56347807
02-18 12:07:00.500  4577  4648 I Distortion: ovrDistortionMeshHeader::deviceModel = 0x200
02-18 12:07:00.500  4577  4648 I Distortion: ovrDistortionMeshHeader::headsetModel = 0x104
02-18 12:07:00.500  4577  4648 I Distortion: ovrDistortionMeshHeader::eyeBlocksWide = 32
02-18 12:07:00.500  4577  4648 I Distortion: ovrDistortionMeshHeader::eyeBlocksHigh = 32
02-18 12:07:00.500  4577  4648 I Distortion: ovrDistortionMeshHeader::lensSeparationMeters = 0.065000
02-18 12:07:00.500  4577  4648 I Distortion: ovrDistortionMeshHeader::horizontalOffsetMeters = -0.000030
02-18 12:07:00.500  4577  4648 I Distortion: ovrDistortionMeshHeader::displayWidthMeters = 0.120362
02-18 12:07:00.500  4577  4648 I Distortion: ovrDistortionMeshHeader::displayHeightMeters = 0.063072
02-18 12:07:00.500  4577  4648 I Distortion: ovrDistortionMeshHeader::displayWidthPixels = 3664
02-18 12:07:00.500  4577  4648 I Distortion: ovrDistortionMeshHeader::displayHeightPixels = 1920
02-18 12:07:00.500  4577  4648 I Distortion: ovrDistortionMeshHeader::eyeTextureWidthPixels = 1440
02-18 12:07:00.500  4577  4648 I Distortion: ovrDistortionMeshHeader::eyeTextureHeightPixels = 1584
02-18 12:07:00.500  4577  4648 I Distortion: ovrDistortionMeshHeader::leftEye = up 48.000000 / down 50.000000 / left 49.000000 / right 45.000000
02-18 12:07:00.500  4577  4648 I Distortion: ovrDistortionMeshHeader::rightEye = up 48.000000 / down 50.000000 / left 45.000000 / right 49.000000
02-18 12:07:00.500  4577  4648 I RemoteTracking: Successfully created ConnectedRemoteFactory!
02-18 12:07:00.500  4577  4648 I TrackingServiceClient: initialize
02-18 12:07:00.502  4577  4648 I LatencySequenceLogger: LatencySequenceLogger with name handPoseLatency0 already exists
02-18 12:07:00.502  4577  4648 I LatencySequenceLogger: LatencySequenceLogger with name pointerPoseLatency0 already exists
02-18 12:07:00.502  4577  4648 I LatencySequenceLogger: LatencySequenceLogger with name handPoseLatency1 already exists
02-18 12:07:00.502  4577  4648 I LatencySequenceLogger: LatencySequenceLogger with name pointerPoseLatency1 already exists
02-18 12:07:00.502  4577  4648 I LatencySequenceLogger: LatencySequenceLogger with name gfrLatency already exists
02-18 12:07:00.502  4577  4648 I LatencySequenceLogger: LatencySequenceLogger with name trackedRemoteLatency0 already exists
02-18 12:07:00.502  4577  4648 I LatencySequenceLogger: LatencySequenceLogger with name trackedRemoteLatency1 already exists
02-18 12:07:00.508  4577  4648 I ClientInputInterface: SetChordedSystemButtonGKFlag 1
02-18 12:07:00.522  4577  4648 I ClientInputSettings: SYSTEMBUTTONSPACE GKS freeze '0'  freezeAPI '0'  eattrigger '0'
02-18 12:07:00.522  4577  4648 I ClientInputSettings: SYSTEMBUTTONSPACE 'com.YourCompany.KilncroftLane' Freeze input '0' eat trigger '0'  on home button down
02-18 12:07:00.522  1624  2747 I [CT]    : MIXEDREALITY: MrServiceView: renderIteration: (every 10 seconds)
02-18 12:07:00.526  4577  4648 I ClientInputSettings: HANDTRACKING: YES! You are on the Hand Tracking Frequency GK :D
02-18 12:07:00.527  4577  4648 I ClientInputInterface: HANDTRACKING sethandtrackingfrequency 0
02-18 12:07:00.531  4577  4648 I VrRuntimeClient: HANDTRACKING handtrackingsmallfingeropeningpinchenabled 1
02-18 12:07:00.531  4577  4648 I ClientInputSettings: HANDTRACKING: YES! You are on the Hand Tracking Small Finger Opening Pinch GK :D
02-18 12:07:00.531  4577  4648 I InputHooks: InitializeInputHooks
02-18 12:07:00.531  4577  4648 I InputHooks: InitializeInputHooks create
02-18 12:07:00.532  4577  4648 D VrRuntimeClient: getClient6dofEntitlementMode for com.YourCompany.KilncroftLane
02-18 12:07:00.534  2178  2195 W PublicLibraryProvider: Cannot find entitlement for com.YourCompany.KilncroftLane
02-18 12:07:00.536  4577  4648 I TREX    : Initializing TREX for client 1a4c9ad04fa57bdc...
02-18 12:07:00.536  4577  4648 I TREX    : deviceType_ = 2
02-18 12:07:00.536  4577  4648 I TREX    : Initializing system...
02-18 12:07:00.536  4577  4648 I TREX    : Plugin 'com.oculus.superres:libsuperres_plugin.so': No GK killswitch check!
02-18 12:07:00.536  4577  4648 I TREX    : Loading plugin com.oculus.superres:libsuperres_plugin.so
02-18 12:07:00.537  4577  4648 E TREX    : Package 'com.oculus.superres' was not found!
02-18 12:07:00.537  4577  4648 E TREX    : Package com.oculus.superres has an invalid signature!
02-18 12:07:00.537  4577  4648 E TREX    : Skipping load of package com.oculus.superres due to an invalid signature!
02-18 12:07:00.537  4577  4648 I TREX    : Plugin 'com.oculus.superres:libsuperres_plugin.so' not loaded.
02-18 12:07:00.537  4577  4648 I VrApi   : ----------- vrapi_Initialize [end] ----------
02-18 12:07:00.537  4577  4648 D OVRPlugin: Mode Parms CpuLevel 2 GpuLevel 2
02-18 12:07:00.537  4577  4648 D OVRPlugin: Suggested eye texture width 1440 height 1584, support position_tracking 1 orientation_tracking 1
02-18 12:07:00.548  4577  4648 I OVRPlugin: OSSDK::VrDevice::v2::createVrDeviceManager() succeed
02-18 12:07:00.548  4577  4648 W VrApi   : vrapi_LocateTrackingSpace: ovr == NULL
02-18 12:07:00.548  4577  4648 I OVRPlugin: Compositor initialized from thread id c0453230
02-18 12:07:00.549  4577  4648 I OVRPlugin: OVRPlugin 1.44.0 ... initialized
02-18 12:07:00.549  4577  4648 E OVRMrcLib: dlopen() failed
02-18 12:07:00.549  4577  4648 I OVRPlugin: Unable to load OVRMrcLib
02-18 12:07:00.549  4577  4648 D UE4     : [2021.02.18-12.07.00:549][  0]LogHMD: OculusHMD plugin supports multiview!
02-18 12:07:00.549  4577  4648 D OVRPlugin: GL_EXTENSIONS:
02-18 12:07:00.549  4577  4648 D OVRPlugin: GL_OES_EGL_image
02-18 12:07:00.549  4577  4648 D OVRPlugin: GL_OES_EGL_image_external
02-18 12:07:00.549  4577  4648 D OVRPlugin: GL_OES_EGL_sync
02-18 12:07:00.549  4577  4648 D OVRPlugin: GL_OES_vertex_half_float
02-18 12:07:00.549  4577  4648 D OVRPlugin: GL_OES_framebuffer_object
02-18 12:07:00.549  4577  4648 D OVRPlugin: GL_OES_rgb8_rgba8
02-18 12:07:00.549  4577  4648 D OVRPlugin: GL_OES_compressed_ETC1_RGB8_texture
02-18 12:07:00.549  4577  4648 D OVRPlugin: GL_AMD_compressed_ATC_texture
02-18 12:07:00.549  4577  4648 D OVRPlugin: GL_KHR_texture_compression_astc_ldr
02-18 12:07:00.549  4577  4648 D OVRPlugin: GL_KHR_texture_compression_astc_hdr
02-18 12:07:00.549  4577  4648 D OVRPlugin: GL_OES_texture_compression_astc
02-18 12:07:00.549  4577  4648 D OVRPlugin: GL_OES_texture_npot
02-18 12:07:00.549  4577  4648 D OVRPlugin: GL_EXT_texture_filter_anisotropic
02-18 12:07:00.549  4577  4648 D OVRPlugin: GL_EXT_texture_format_BGRA8888
02-18 12:07:00.549  4577  4648 D OVRPlugin: GL_EXT_read_format_bgra
02-18 12:07:00.549  4577  4648 D OVRPlugin: GL_OES_texture_3D
02-18 12:07:00.549  4577  4648 D OVRPlugin: GL_EXT_color_buffer_float
02-18 12:07:00.549  4577  4648 D OVRPlugin: GL_EXT_color_buffer_half_float
02-18 12:07:00.549  4577  4648 D OVRPlugin: GL_QCOM_alpha_test
02-18 12:07:00.549  4577  4648 D OVRPlugin: GL_OES_depth24
02-18 12:07:00.549  4577  4648 D OVRPlugin: GL_OES_packed_depth_stencil
02-18 12:07:00.549  4577  4648 D OVRPlugin: GL_OES_depth_texture
02-18 12:07:00.549  4577  4648 D OVRPlugin: GL_OES_depth_texture_cube_map
02-18 12:07:00.549  4577  4648 D OVRPlugin: GL_EXT_sRGB
02-18 12:07:00.549  4577  4648 D OVRPlugin: GL_OES_texture_float
02-18 12:07:00.549  4577  4648 D OVRPlugin: GL_OES_texture_float_linear
02-18 12:07:00.549  4577  4648 D OVRPlugin: GL_OES_texture_half_float
02-18 12:07:00.549  4577  4648 D OVRPlugin: GL_OES_texture_half_float_linear
02-18 12:07:00.549  4577  4648 D OVRPlugin: GL_EXT_texture_type_2_10_10_10_REV
02-18 12:07:00.549  4577  4648 D OVRPlugin: GL_EXT_texture_sRGB_decode
02-18 12:07:00.549  4577  4648 D OVRPlugin: GL_EXT_texture_format_sRGB_override
02-18 12:07:00.549  4577  4648 D OVRPlugin: GL_OES_element_index_uint
02-18 12:07:00.549  4577  4648 D OVRPlugin: GL_EXT_copy_image
02-18 12:07:00.549  4577  4648 D OVRPlugin: GL_EXT_geometry_shader
02-18 12:07:00.549  4577  4648 D OVRPlugin: GL_EXT_tessellation_shader
02-18 12:07:00.549  4577  4648 D OVRPlugin: GL_OES_texture_stencil8
02-18 12:07:00.549  4577  4648 D OVRPlugin: GL_EXT_shader_io_blocks
02-18 12:07:00.549  4577  4648 D OVRPlugin: GL_OES_shader_image_atomic
02-18 12:07:00.549  4577  4648 D OVRPlugin: GL_OES_sample_variables
02-18 12:07:00.550  4577  4648 D OVRPlugin: GL_EXT_texture_border_clamp
02-18 12:07:00.550  4577  4648 D OVRPlugin: GL_EXT_EGL_image_external_wrap_modes
02-18 12:07:00.550  4577  4648 D OVRPlugin: GL_EXT_multisampled_render_to_texture
02-18 12:07:00.550  4577  4648 D OVRPlugin: GL_EXT_multisampled_render_to_texture2
02-18 12:07:00.550  4577  4648 D OVRPlugin: GL_OES_shader_multisample_interpolation
02-18 12:07:00.550  4577  4648 D OVRPlugin: GL_EXT_texture_cube_map_array
02-18 12:07:00.550  4577  4648 D OVRPlugin: GL_EXT_draw_buffers_indexed
02-18 12:07:00.550  4577  4648 D OVRPlugin: GL_EXT_gpu_shader5
02-18 12:07:00.550  4577  4648 D OVRPlugin: GL_EXT_robustness
02-18 12:07:00.550  4577  4648 D OVRPlugin: GL_EXT_texture_buffer
02-18 12:07:00.550  4577  4648 D OVRPlugin: GL_EXT_shader_framebuffer_fetch
02-18 12:07:00.550  4577  4648 D OVRPlugin: GL_ARM_shader_framebuffer_fetch_depth_stencil
02-18 12:07:00.550  4577  4648 D OVRPlugin: GL_OES_texture_storage_multisample_2d_array
02-18 12:07:00.550  4577  4648 D OVRPlugin: GL_OES_sample_shading
02-18 12:07:00.550  4577  4648 D OVRPlugin: GL_OES_get_program_binary
02-18 12:07:00.550  4577  4648 D OVRPlugin: GL_EXT_debug_label
02-18 12:07:00.550  4577  4648 D OVRPlugin: GL_KHR_blend_equation_advanced
02-18 12:07:00.550  4577  4648 D OVRPlugin: GL_KHR_blend_equation_advanced_coherent
02-18 12:07:00.550  4577  4648 D OVRPlugin: GL_QCOM_tiled_rendering
02-18 12:07:00.550  4577  4648 D OVRPlugin: GL_ANDROID_extension_pack_es31a
02-18 12:07:00.550  4577  4648 D OVRPlugin: GL_EXT_primitive_bounding_box
02-18 12:07:00.550  4577  4648 D OVRPlugin: GL_OES_standard_derivatives
02-18 12:07:00.550  4577  4648 D OVRPlugin: GL_OES_vertex_array_object
02-18 12:07:00.550  4577  4648 D OVRPlugin: GL_EXT_disjoint_timer_query
02-18 12:07:00.550  4577  4648 D OVRPlugin: GL_KHR_debug
02-18 12:07:00.550  4577  4648 D OVRPlugin: GL_EXT_YUV_target
02-18 12:07:00.550  4577  4648 D OVRPlugin: GL_EXT_sRGB_write_control
02-18 12:07:00.550  4577  4648 D OVRPlugin: GL_EXT_texture_norm16
02-18 12:07:00.550  4577  4648 D OVRPlugin: GL_EXT_discard_framebuffer
02-18 12:07:00.550  4577  4648 D OVRPlugin: GL_OES_surfaceless_context
02-18 12:07:00.550  4577  4648 D OVRPlugin: GL_OVR_multiview
02-18 12:07:00.550  4577  4648 D OVRPlugin: GL_OVR_multiview2
02-18 12:07:00.550  4577  4648 D OVRPlugin: GL_EXT_texture_sRGB_R8
02-18 12:07:00.550  4577  4648 D OVRPlugin: GL_KHR_no_error
02-18 12:07:00.550  4577  4648 D OVRPlugin: GL_EXT_debug_marker
02-18 12:07:00.550  4577  4648 D OVRPlugin: GL_OES_EGL_image_external_essl3
02-18 12:07:00.550  4577  4648 D OVRPlugin: GL_OVR_multiview_multisampled_render_to_texture
02-18 12:07:00.550  4577  4648 D OVRPlugin: GL_EXT_buffer_storage
02-18 12:07:00.550  4577  4648 D OVRPlugin: GL_EXT_external_buffer
02-18 12:07:00.550  4577  4648 D OVRPlugin: GL_EXT_blit_framebuffer_params
02-18 12:07:00.550  4577  4648 D OVRPlugin: GL_EXT_clip_cull_distance
02-18 12:07:00.550  4577  4648 D OVRPlugin: GL_EXT_protected_textures
02-18 12:07:00.550  4577  4648 D OVRPlugin: GL_EXT_shader_non_constant_global_initializers
02-18 12:07:00.550  4577  4648 D OVRPlugin: GL_QCOM_texture_foveated
02-18 12:07:00.550  4577  4648 D OVRPlugin: GL_QCOM_texture_foveated_subsampled_layout
02-18 12:07:00.550  4577  4648 D OVRPlugin: GL_QCOM_shader_framebuffer_fetch_noncoherent
02-18 12:07:00.550  4577  4648 D OVRPlugin: GL_QCOM_shader_framebuffer_fetch_rate
02-18 12:07:00.550  4577  4648 D OVRPlugin: GL_EXT_memory_object
02-18 12:07:00.550  4577  4648 D OVRPlugin: GL_EXT_memory_object_fd
02-18 12:07:00.550  4577  4648 D OVRPlugin: GL_EXT_EGL_image_array
02-18 12:07:00.550  4577  4648 D OVRPlugin: GL_NV_shader_noperspective_interpolation
02-18 12:07:00.550  4577  4648 D OVRPlugin: GL_KHR_robust_buffer_access_behavior
02-18 12:07:00.550  4577  4648 D OVRPlugin: GL_EXT_EGL_image_storage
02-18 12:07:00.550  4577  4648 D OVRPlugin: GL_EXT_blend_func_extended
02-18 12:07:00.550  4577  4648 D OVRPlugin: GL_EXT_clip_control
02-18 12:07:00.550  4577  4648 D OVRPlugin: GL_OES_texture_view
02-18 12:07:00.550  4577  4648 D OVRPlugin: GL_EXT_fragment_invocation_density
02-18 12:07:00.550  4577  4648 D OVRPlugin: GL_QCOM_motion_estimation
02-18 12:07:00.550  4577  4648 D OVRPlugin: GL_QCOM_validate_shader_binary
02-18 12:07:00.550  4577  4648 D OVRPlugin: GL_QCOM_YUV_texture_gather
02-18 12:07:00.550  4577  4648 D OVRPlugin: es3 = TRUE
02-18 12:07:00.550  4577  4648 D OVRPlugin: Found: GL_EXT_discard_framebuffer
02-18 12:07:00.550  4577  4648 D OVRPlugin: Found: GL_EXT_multisampled_render_to_texture
02-18 12:07:00.550  4577  4648 D OVRPlugin: Found: GL_OES_vertex_array_object
02-18 12:07:00.550  4577  4648 D OVRPlugin: Found: GL_QCOM_tiled_rendering
02-18 12:07:00.550  4577  4648 D OVRPlugin: Found: GL_EXT_disjoint_timer_query
02-18 12:07:00.551  4577  4648 D OVRPlugin: Found: GL_EXT_texture_sRGB_decode
02-18 12:07:00.551  4577  4648 D OVRPlugin: Found: GL_EXT_texture_filter_anisotropic
02-18 12:07:00.551  4577  4648 D OVRPlugin: GL_MAX_TEXTURE_SIZE = 16384
02-18 12:07:00.551  4577  4648 D OVRPlugin: GL_MAX_VERTEX_UNIFORM_VECTORS = 256
02-18 12:07:00.551  4577  4648 D OVRPlugin: GL_MAX_FRAGMENT_UNIFORM_VECTORS = 256
02-18 12:07:00.552  4577  4648 D OVRPlugin: Found: GL_EXT_texture_border_clamp
02-18 12:07:00.552  4577  4648 D OVRPlugin: Finished setting up render thread.
02-18 12:07:00.552  4577  4648 D OVRPlugin: Entering VR mode.
02-18 12:07:00.552  4577  4648 I VrApi   : ---------- vrapi_EnterVrMode [start] ----------
02-18 12:07:00.552  4577  4648 I VrRuntimeClient: Tracing is disabled
02-18 12:07:00.552  4577  4648 I VrRuntimeClient: SysProp debug mode is disabled on Client side
02-18 12:07:00.554  4577  4648 D VrApi   : targetSDKVersion 21
02-18 12:07:00.556  4577  4648 I VrRuntimeClient: DEVICE MODEL NUMBER = Quest
02-18 12:07:00.556  4577  4648 I VrRuntimeClient: DEVICE HARDWARE = hollywood
02-18 12:07:00.556  4577  4648 I VrRuntimeClient: DEVICE BUILD NAME = user-1396980.8370.0
02-18 12:07:00.556  4577  4648 I VrRuntimeClient: DEVICE BUILD TYPE = user
02-18 12:07:00.556  4577  4648 I VrRuntimeClient: DEVICE OS VERSION = 10
02-18 12:07:00.556  4577  4648 I VrRuntimeClient: VRRUNTIME VERSION = VRAPI_VERSION_BEGIN { 1.1.42.0-270435163-270435163 Jan 28 2021 12:41:12 Development } RELEASE
02-18 12:07:00.556  4577  4648 I VrRuntimeClient: API LOADER VERSION = 1.1.29.0
02-18 12:07:00.556  4577  4648 I VrRuntimeClient: VRDRIVER VERSION = 25.0.0.72.658
02-18 12:07:00.556  4577  4648 I VrRuntimeClient: APP NAME = KilncroftLane
02-18 12:07:00.556  4577  4648 I VrRuntimeClient: APP VERSION = 1.0 versionCode 1 internalVersionName <none>
02-18 12:07:00.556  4577  4648 I VrRuntimeClient: APP VR TYPE = vr_only
02-18 12:07:00.556  4577  4648 I VrRuntimeClient: APP MODE TYPE = <none>
02-18 12:07:00.556  4577  4648 I VrRuntimeClient: APP PACKAGE NAME = com.YourCompany.KilncroftLane
02-18 12:07:00.556  4577  4648 I VrRuntimeClient: APP ACTIVITY CLASS = com.epicgames.ue4.GameActivity
02-18 12:07:00.556  4577  4648 D BatteryReceiver: Registering battery receiver
02-18 12:07:00.561  4577  4648 D HeadsetReceiver: getCurrentHeadsetState: false
02-18 12:07:00.561  4577  4648 I DeviceStatus: nativeHeadsetEvent(0)
02-18 12:07:00.561  4577  4648 I LatencySequenceLogger: handPoseLatency0 - Logger reset. Session ID: 95861988766
02-18 12:07:00.561  4577  4648 I LatencySequenceLogger: pointerPoseLatency0 - Logger reset. Session ID: 6692534588
02-18 12:07:00.561  4577  4648 I LatencySequenceLogger: handPoseLatency1 - Logger reset. Session ID: 72189923117
02-18 12:07:00.561  4577  4648 I LatencySequenceLogger: pointerPoseLatency1 - Logger reset. Session ID: 37458626205
02-18 12:07:00.561  4577  4648 I LatencySequenceLogger: gfrLatency - Logger reset. Session ID: 26576561144
02-18 12:07:00.561  4577  4648 I LatencySequenceLogger: trackedRemoteLatency0 - Logger reset. Session ID: 37339615531
02-18 12:07:00.561  4577  4648 I LatencySequenceLogger: trackedRemoteLatency1 - Logger reset. Session ID: 6871986278
02-18 12:07:00.562  4577  4648 I ClientInputInterface: DEADRECKONING SetControllerTrackingExtendedDeadreckoning 0
02-18 12:07:00.562  4577  4648 I InputHooks_Internal: Enabling Native Input Hooks
02-18 12:07:00.567  4577  4648 W y.KilncroftLan: Accessing hidden method Landroid/content/Context;->startServiceAsUser(Landroid/content/Intent;Landroid/os/UserHandle;)Landroid/content/ComponentName; (greylist, reflection, allowed)
02-18 12:07:00.567  4577  4648 W y.KilncroftLan: Accessing hidden method Landroid/content/Context;->registerReceiverAsUser(Landroid/content/BroadcastReceiver;Landroid/os/UserHandle;Landroid/content/IntentFilter;Ljava/lang/String;Landroid/os/Handler;)Landroid/content/Intent; (greylist, reflection, allowed)
02-18 12:07:00.567  4577  4648 I RuntimeHelpers: OSSDKTRACKING Setting ResultUseOSSDKTracking to 0
02-18 12:07:00.567  4577  4648 I InputDeviceManager: ovrInputDeviceManager::Initialize
02-18 12:07:00.567  4577  4648 I RuntimeHelpers: OSSDKTRACKING Setting ResultUseOSSDKTracking to 0
02-18 12:07:00.567  4577  4648 I InputDeviceManager: HANDTRACKING packagename is com.YourCompany.KilncroftLane
02-18 12:07:00.568  4577  4765 I RuntimeHelpers: OSSDKTRACKING Setting ResultUseOSSDKTracking to 0
02-18 12:07:00.569  4577  4648 I InputDeviceManager: HANDTRACKING: feature flag set to 0
02-18 12:07:00.569  4577  4648 I ClientInputInterface: HANDTRACKING sethandmanifest 0
02-18 12:07:00.569  4577  4648 D TrackingServiceConnectionNative: onClientConnect
02-18 12:07:00.569  4577  4648 D BinderConnection: Connecting to TrackingService
02-18 12:07:00.569  4577  4648 W y.KilncroftLan: Accessing hidden method Landroid/os/ServiceManager;->getService(Ljava/lang/String;)Landroid/os/IBinder; (greylist, reflection, allowed)
02-18 12:07:00.571  4577  4648 D TrackingServiceConnectionNative: onConnected
02-18 12:07:00.571   800   800 I TrackingService: TrackingService::getSharedMemoryFileDescriptor
02-18 12:07:00.572  4577  4648 I TrackingServiceClient: OVR::TrackingService::ClientSetInterface
02-18 12:07:00.572  4577  4648 I TrackingServiceClient: TrackingService client: roFd(97)
02-18 12:07:00.572  4577  4648 I TrackingServiceClient: TrackingService client: connected to interface version 14.
02-18 12:07:00.572  4577  4648 I TrackingServiceClient: TrackingService client: last prediction time is 0.005006 seconds old
02-18 12:07:00.572  4577  4648 I TrackingServiceClient: TrackingService client: provided by pid=800
02-18 12:07:00.572   800   800 I TrackingService: TrackingService::registerClient
02-18 12:07:00.573   800   800 I TrackingService: Registering client with TrackingServiceHost (com.YourCompany.KilncroftLane#4577)
02-18 12:07:00.573   800   800 I TrackingService: Notifying client com.YourCompany.KilncroftLane#4577 of new remote d1a68fb151f50abc
02-18 12:07:00.573   800   800 I TrackingService: Notifying client com.YourCompany.KilncroftLane#4577 of new remote b298f93898a8d8b4
02-18 12:07:00.574   800   800 I TrackingService: TrackingServiceHost GetSharedMemoryFileDescriptor for client com.YourCompany.KilncroftLane#4577
02-18 12:07:00.574   800   800 I TrackingService: TrackingServiceHost registered common client; there are 0 secure clients
02-18 12:07:00.574  4577  4648 I TrackingServiceClient: ClientConnectComplete
02-18 12:07:00.574  4577  4648 I Distortion: Initializing Mesh Decenter Correction
02-18 12:07:00.575  4577  4648 I Distortion: EYE_DECENTER ipdMin 58.1364 left H: -8.1595 v: 3.6616  right  H: -4.9562 v: 0.1797
02-18 12:07:00.575  4577  4648 I Distortion: EYE_DECENTER ipdMid 63.0543 left H: 0.7277 v: 2.5898  right  H: 1.0983 v: 2.3797
02-18 12:07:00.575  4577  4648 I Distortion: EYE_DECENTER ipdMax 67.9727 left H: 1.9973 v: 1.518  right  H: -0.1126 v: 2.3797
02-18 12:07:00.575  4577  4648 I Distortion: EYE_DECENTER PIXELS(4) left H: -0.7277 V: -2.5898  right H: -1.0983 V: -2.3797
02-18 12:07:00.575  4577  4648 I Distortion: EYE_DECENTER iad: 0.065, left H: -2.99923e-05 V: -8.50749e-05  right H: -2.99923e-05 V: -7.81732e-05
02-18 12:07:00.575  4577  4648 I Distortion: SetLensPositions - iad=0.065, left offset=0.000769582,-0.00133337, right offset=-0.000829566,-0.00132647
02-18 12:07:00.575  4577  4648 I Distortion: Initializing Mesh Decenter Correction
02-18 12:07:00.576  4577  4648 I Distortion: EYE_DECENTER ipdMin 58.1364 left H: -8.1595 v: 3.6616  right  H: -4.9562 v: 0.1797
02-18 12:07:00.576  4577  4648 I Distortion: EYE_DECENTER ipdMid 63.0543 left H: 0.7277 v: 2.5898  right  H: 1.0983 v: 2.3797
02-18 12:07:00.576  4577  4648 I Distortion: EYE_DECENTER ipdMax 67.9727 left H: 1.9973 v: 1.518  right  H: -0.1126 v: 2.3797
02-18 12:07:00.576  4577  4648 I Distortion: EYE_DECENTER PIXELS(4) left H: -0.7277 V: -2.5898  right H: -1.0983 V: -2.3797
02-18 12:07:00.576  4577  4648 I Distortion: EYE_DECENTER iad: 0.065, left H: -2.99923e-05 V: -8.50749e-05  right H: -2.99923e-05 V: -7.81732e-05
02-18 12:07:00.576  4577  4648 I Distortion: SetLensPositions - iad=0.065, left offset=0.000769582,-0.00133337, right offset=-0.000829566,-0.00132647
02-18 12:07:00.577  4577  4648 I Distortion: Created custom distortion mesh.
02-18 12:07:00.577  4577  4648 I Distortion: ovrDistortionMeshHeader::magic = 0x56347807
02-18 12:07:00.577  4577  4648 I Distortion: ovrDistortionMeshHeader::deviceModel = 0x200
02-18 12:07:00.577  4577  4648 I Distortion: ovrDistortionMeshHeader::headsetModel = 0x104
02-18 12:07:00.577  4577  4648 I Distortion: ovrDistortionMeshHeader::eyeBlocksWide = 32
02-18 12:07:00.577  4577  4648 I Distortion: ovrDistortionMeshHeader::eyeBlocksHigh = 32
02-18 12:07:00.577  4577  4648 I Distortion: ovrDistortionMeshHeader::lensSeparationMeters = 0.065000
02-18 12:07:00.577  4577  4648 I Distortion: ovrDistortionMeshHeader::horizontalOffsetMeters = -0.000030
02-18 12:07:00.577  4577  4648 I Distortion: ovrDistortionMeshHeader::displayWidthMeters = 0.120362
02-18 12:07:00.577  4577  4648 I Distortion: ovrDistortionMeshHeader::displayHeightMeters = 0.063072
02-18 12:07:00.577  4577  4648 I Distortion: ovrDistortionMeshHeader::displayWidthPixels = 3664
02-18 12:07:00.577  4577  4648 I Distortion: ovrDistortionMeshHeader::displayHeightPixels = 1920
02-18 12:07:00.577  4577  4648 I Distortion: ovrDistortionMeshHeader::eyeTextureWidthPixels = 1440
02-18 12:07:00.577  4577  4648 I Distortion: ovrDistortionMeshHeader::eyeTextureHeightPixels = 1584
02-18 12:07:00.577  4577  4648 I Distortion: ovrDistortionMeshHeader::leftEye = up 48.000000 / down 50.000000 / left 49.000000 / right 45.000000
02-18 12:07:00.577  4577  4648 I Distortion: ovrDistortionMeshHeader::rightEye = up 48.000000 / down 50.000000 / left 45.000000 / right 49.000000
02-18 12:07:00.577  4577  4648 I VrApi   : ovrModeParms::VRAPI_MODE_FLAG_RESET_WINDOW_FULLSCREEN = 1
02-18 12:07:00.577  4577  4648 I VrApi   : ovrModeParms::VRAPI_MODE_FLAG_NATIVE_WINDOW = 1
02-18 12:07:00.577  4577  4648 I VrApi   : ovrModeParms::VRAPI_MODE_FLAG_FRONT_BUFFER_SRGB = 1
02-18 12:07:00.577  4577  4648 I VrApi   : ovrModeParms::VRAPI_MODE_FLAG_CREATE_CONTEXT_NO_ERROR = 0
02-18 12:07:00.577  4577  4648 I VrApi   : ovrModeParms::VRAPI_MODE_FLAG_PHASE_SYNC = 0
02-18 12:07:00.577  4577  4648 I VrApi   : ovrModeParms::VRAPI_MODE_FLAG_APP_SPACE_WARP = 0
02-18 12:07:00.577  4577  4648 I VrRuntimeClient: SetPhaseSyncMode 0
02-18 12:07:00.577  4577  4648 I VrApi   : PhaseSync disabled
02-18 12:07:00.577  4577  4648 I VrApi   : HMD sensor attached.
02-18 12:07:00.577  4577  4648 I GL_Utils: egl = 1.5
02-18 12:07:00.577  4577  4648 I GL_Utils: es3 = TRUE
02-18 12:07:00.577  4577  4648 I GL_Utils: Found: GL_OES_vertex_array_object
02-18 12:07:00.577  4577  4648 I GL_Utils: Found: GL_QCOM_tiled_rendering
02-18 12:07:00.577  4577  4648 I GL_Utils: Found: GL_EXT_sRGB_write_control
02-18 12:07:00.577  4577  4648 I GL_Utils: Found: GL_EXT_disjoint_timer_query
02-18 12:07:00.578  4577  4648 I GL_Utils: Found: GL_EXT_memory_object
02-18 12:07:00.578  4577  4648 I GL_Utils: Found: GL_EXT_memory_object_fd
02-18 12:07:00.578  4577  4648 I GL_Utils: Found: GL_QCOM_texture_foveated
02-18 12:07:00.578  4577  4648 I GL_Utils: Found: GL_KHR_debug
02-18 12:07:00.578  4577  4648 I GL_Utils: Found: GL_EXT_texture_border_clamp
02-18 12:07:00.578  4577  4648 I GL_Utils: Found: GL_EXT_texture_filter_anisotropic
02-18 12:07:00.578  4577  4648 I GL_Utils: Found: GL_OES_texture_view
02-18 12:07:00.578  4577  4648 I GL_Utils: Found: GL_EXT_texture_format_sRGB_override
