03-24 10:42:17.432  2592  9038 D HeadsetReceiver: getCurrentHeadsetState: false
03-24 10:42:17.432  2592  9038 I DeviceStatus: nativeHeadsetEvent(0)
03-24 10:42:17.433  2592  9038 I LatencySequenceLogger: handPoseLatency0 - Logger reset. Session ID: -3363381552871178788
03-24 10:42:17.433  2592  9038 I LatencySequenceLogger: pointerPoseLatency0 - Logger reset. Session ID: 4354140369714811718
03-24 10:42:17.433  2592  9038 I LatencySequenceLogger: handPoseLatency1 - Logger reset. Session ID: -4342979385174975883
03-24 10:42:17.433  2592  9038 I LatencySequenceLogger: pointerPoseLatency1 - Logger reset. Session ID: 2909486190978232797
03-24 10:42:17.433  2592  9038 I LatencySequenceLogger: gfrLatency - Logger reset. Session ID: -6214496388325027728
03-24 10:42:17.433  2592  9038 I LatencySequenceLogger: trackedRemoteLatency0 - Logger reset. Session ID: -7334250665804128421
03-24 10:42:17.433  2592  9038 I LatencySequenceLogger: trackedRemoteLatency1 - Logger reset. Session ID: -8772228190295395272
03-24 10:42:17.433  2592  9038 I ClientInputInterface: DEADRECKONING SetControllerTrackingExtendedDeadreckoning 0
03-24 10:42:17.433  2592  9038 D InputHooksJava: Enabling Java Input Hooks
03-24 10:42:17.435  2592  9038 I RuntimeHelpers: OSSDKTRACKING querying use OSSDKTracking with default of '1'
03-24 10:42:17.435  2592  9038 I RuntimeHelpers: OSSDKTRACKING Setting ResultUseOSSDKTracking to 1
03-24 10:42:17.435  2592  9038 I InputDevice_TrackedRemote: OSSDKTRACKING Initializing Haptics
03-24 10:42:17.435  2592  9038 I InputDevice_TrackedRemote: OSSDKTRACKING Haptics != nullpointer 0x7a8609b800, 1
03-24 10:42:17.435  2592  9038 I InputDevice_TrackedRemote: OSSDKTRACKING Initializing Haptics
03-24 10:42:17.435  2592  9038 I InputDevice_TrackedRemote: OSSDKTRACKING Haptics != nullpointer 0x7a8609bb80, 1
03-24 10:42:17.435  2592  9038 I InputDeviceManager: ovrInputDeviceManager::Initialize
03-24 10:42:17.435  2592  9038 I RuntimeHelpers: OSSDKTRACKING querying use OSSDKTracking with default of '1'
03-24 10:42:17.435  2592  9038 I RuntimeHelpers: OSSDKTRACKING Setting ResultUseOSSDKTracking to 1
03-24 10:42:17.435  2592  9038 I HandDataQuerier: OSSDKTRACKING Initializing HandsTracker
03-24 10:42:17.435  2592  9038 I HandDataQuerier: OSSDKTRACKING HandsTracker != nullpointer 0x7a860a8fe0, 1
03-24 10:42:17.435  2592  9039 I RuntimeHelpers: OSSDKTRACKING querying use OSSDKTracking with default of '1'
03-24 10:42:17.435  2592  9039 I RuntimeHelpers: OSSDKTRACKING Setting ResultUseOSSDKTracking to 1
03-24 10:42:17.435  2592  9038 I HandDataQuerier: OSSDKTRACKING Initializing HandsTracker
03-24 10:42:17.435  2592  9038 I HandDataQuerier: OSSDKTRACKING HandsTracker != nullpointer 0x7a860a93a0, 1
03-24 10:42:17.435  2592  9038 I InputDeviceManager: HANDTRACKING packagename is com.android.permissioncontroller
03-24 10:42:17.436  2592  9038 I InputDeviceManager: HANDTRACKING: Manifest Permission request for com.android.permissioncontroller
03-24 10:42:17.436  2592  9038 I InputDeviceManager: HANDTRACKING:  'com.android.permissioncontroller' Is hands or controller.
03-24 10:42:17.436  2592  9038 I InputDeviceManager: HANDTRACKING: feature flag set to 2
03-24 10:42:17.436  2592  9038 I ClientInputInterface: HANDTRACKING sethandmanifest 2
03-24 10:42:17.436  2592  9039 I InputDeviceManager: HANDTRACKING Pose filter profile changed to: 0
03-24 10:42:17.437   822  8809 I TrackingService: TrackingService::getSharedMemoryFileDescriptor
03-24 10:42:17.437   822  8809 I TrackingService: TrackingService::registerClient
03-24 10:42:17.437   822  8809 I TrackingService: Registering client with TrackingServiceHost (com.android.permissioncontroller#2592)
03-24 10:42:17.437   822  8809 I TrackingService: TrackingServiceHost GetSharedMemoryFileDescriptor for client com.android.permissioncontroller#2592
03-24 10:42:17.437   822  8809 I TrackingService: TrackingServiceHost registered common client; there are 0 secure clients
03-24 10:42:17.436  2592  9039 I InputDeviceManager: HANDTRACKING Pose filter profile changed to: 0
03-24 10:42:17.437  2592  9038 D OsSdk   : TrackingServiceConnection registered
03-24 10:42:17.437  2592  9038 I Distortion: Initializing Mesh Decenter Correction
03-24 10:42:17.438  2592  9038 I Distortion: EYE_DECENTER ipdMin 58.1364 left H: -8.1595 v: 3.6616  right  H: -4.9562 v: 0.1797
03-24 10:42:17.438  2592  9038 I Distortion: EYE_DECENTER ipdMid 63.0543 left H: 0.7277 v: 2.5898  right  H: 1.0983 v: 2.3797
03-24 10:42:17.438  2592  9038 I Distortion: EYE_DECENTER ipdMax 67.9727 left H: 1.9973 v: 1.518  right  H: -0.1126 v: 2.3797
03-24 10:42:17.438  2592  9038 I Distortion: EYE_DECENTER PIXELS(4) left H: -0.7277 V: -2.5898  right H: -1.0983 V: -2.3797
03-24 10:42:17.438  2592  9038 I Distortion: EYE_DECENTER iad: 0.065, left H: -2.99923e-05 V: -8.50749e-05  right H: -2.99923e-05 V: -7.81732e-05
03-24 10:42:17.438  2592  9038 I Distortion: SetLensPositions - iad=0.065, left offset=0.000769582,-0.00133337, right offset=-0.000829566,-0.00132647
03-24 10:42:17.438  2592  9038 I Distortion: Initializing Mesh Decenter Correction
03-24 10:42:17.438  2592  9038 I Distortion: EYE_DECENTER ipdMin 58.1364 left H: -8.1595 v: 3.6616  right  H: -4.9562 v: 0.1797
03-24 10:42:17.438  2592  9038 I Distortion: EYE_DECENTER ipdMid 63.0543 left H: 0.7277 v: 2.5898  right  H: 1.0983 v: 2.3797
03-24 10:42:17.438  2592  9038 I Distortion: EYE_DECENTER ipdMax 67.9727 left H: 1.9973 v: 1.518  right  H: -0.1126 v: 2.3797
03-24 10:42:17.438  2592  9038 I Distortion: EYE_DECENTER PIXELS(4) left H: -0.7277 V: -2.5898  right H: -1.0983 V: -2.3797
03-24 10:42:17.438  2592  9038 I Distortion: EYE_DECENTER iad: 0.065, left H: -2.99923e-05 V: -8.50749e-05  right H: -2.99923e-05 V: -7.81732e-05
03-24 10:42:17.438  2592  9038 I Distortion: SetLensPositions - iad=0.065, left offset=0.000769582,-0.00133337, right offset=-0.000829566,-0.00132647
03-24 10:42:17.438  2592  9038 I Distortion: Created custom distortion mesh.
03-24 10:42:17.438  2592  9038 I Distortion: ovrDistortionMeshHeader::magic = 0x56347807
03-24 10:42:17.438  2592  9038 I Distortion: ovrDistortionMeshHeader::deviceModel = 0x200
03-24 10:42:17.438  2592  9038 I Distortion: ovrDistortionMeshHeader::headsetModel = 0x104
03-24 10:42:17.438  2592  9038 I Distortion: ovrDistortionMeshHeader::eyeBlocksWide = 32
03-24 10:42:17.438  2592  9038 I Distortion: ovrDistortionMeshHeader::eyeBlocksHigh = 32
03-24 10:42:17.438  2592  9038 I Distortion: ovrDistortionMeshHeader::lensSeparationMeters = 0.065000
03-24 10:42:17.438  2592  9038 I Distortion: ovrDistortionMeshHeader::horizontalOffsetMeters = -0.000030
03-24 10:42:17.438  2592  9038 I Distortion: ovrDistortionMeshHeader::displayWidthMeters = 0.120362
03-24 10:42:17.438  2592  9038 I Distortion: ovrDistortionMeshHeader::displayHeightMeters = 0.063072
03-24 10:42:17.438  2592  9038 I Distortion: ovrDistortionMeshHeader::displayWidthPixels = 3664
03-24 10:42:17.438  2592  9038 I Distortion: ovrDistortionMeshHeader::displayHeightPixels = 1920
03-24 10:42:17.438  2592  9038 I Distortion: ovrDistortionMeshHeader::eyeTextureWidthPixels = 1440
03-24 10:42:17.438  2592  9038 I Distortion: ovrDistortionMeshHeader::eyeTextureHeightPixels = 1584
03-24 10:42:17.439  2592  9038 I Distortion: ovrDistortionMeshHeader::leftEye = up 48.000000 / down 50.000000 / left 49.000000 / right 45.000000
03-24 10:42:17.439  2592  9038 I Distortion: ovrDistortionMeshHeader::rightEye = up 48.000000 / down 50.000000 / left 45.000000 / right 49.000000
03-24 10:42:17.439  2592  9038 I VrApi   : ovrModeParms::VRAPI_MODE_FLAG_RESET_WINDOW_FULLSCREEN = 1
03-24 10:42:17.439  2592  9038 I VrApi   : ovrModeParms::VRAPI_MODE_FLAG_NATIVE_WINDOW = 1
03-24 10:42:17.439  2592  9038 I VrApi   : ovrModeParms::VRAPI_MODE_FLAG_FRONT_BUFFER_SRGB = 0
03-24 10:42:17.439  2592  9038 I VrApi   : ovrModeParms::VRAPI_MODE_FLAG_CREATE_CONTEXT_NO_ERROR = 0
03-24 10:42:17.439  2592  9038 I VrApi   : ovrModeParms::VRAPI_MODE_FLAG_PHASE_SYNC = 0
03-24 10:42:17.439  2592  9038 I VrApi   : ovrModeParms::VRAPI_MODE_FLAG_APP_SPACE_WARP = 0
03-24 10:42:17.439  2592  9038 I VrRuntimeClient: SetPhaseSyncMode 0
03-24 10:42:17.439  2592  9038 I VrApi   : PhaseSync disabled
03-24 10:42:17.439  2592  9038 W VrApi   : Operating without a sensor.
03-24 10:42:17.439  2592  9038 I GL_Utils: egl = 1.5
03-24 10:42:17.439  2592  9038 I GL_Utils: es3 = TRUE
03-24 10:42:17.439  2592  9038 I GL_Utils: Found: GL_OES_vertex_array_object
03-24 10:42:17.439  2592  9038 I GL_Utils: Found: GL_QCOM_tiled_rendering
03-24 10:42:17.439  2592  9038 I GL_Utils: Found: GL_EXT_sRGB_write_control
03-24 10:42:17.439  2592  9038 I GL_Utils: Found: GL_EXT_disjoint_timer_query
03-24 10:42:17.439  2592  9038 I GL_Utils: Found: GL_EXT_memory_object
03-24 10:42:17.439  2592  9038 I GL_Utils: Found: GL_EXT_memory_object_fd
03-24 10:42:17.439  2592  9038 I GL_Utils: Found: GL_QCOM_texture_foveated
03-24 10:42:17.439  2592  9038 I GL_Utils: Found: GL_KHR_debug
03-24 10:42:17.439  2592  9038 I GL_Utils: Found: GL_EXT_texture_border_clamp
03-24 10:42:17.439  2592  9038 I GL_Utils: Found: GL_EXT_texture_filter_anisotropic
03-24 10:42:17.439  2592  9038 I GL_Utils: Found: GL_OES_texture_view
03-24 10:42:17.439  2592  9038 I GL_Utils: Found: GL_EXT_texture_format_sRGB_override
03-24 10:42:17.439  2592  9038 D VrRuntimeClient: pokeGuardianUserServiceForThisClient: com.android.permissioncontroller:10011
03-24 10:42:17.440  2592  9038 D VrRuntimeClient: VrRuntimeClient: enableRendering: dialog client
03-24 10:42:17.440  2366  2366 D VrGuardianUserService: onStartCommandIntent { act=FOREGROUND_CLIENT cmp=com.oculus.guardian/com.oculus.vrguardianservice.VrGuardianUserService (has extras) }
03-24 10:42:17.440  2592  9038 D VrRuntimeClient: VrRuntimeClient: enableRendering: Using clientWindow=android.os.BinderProxy@65b9fd1
03-24 10:42:17.440  2221  2239 I ClientMgr: ClientMgr::SetFocusedClient: 2592:com.android.permissioncontroller type 0
03-24 10:42:17.440  2221  2239 I VrRuntimeService: RuntimeIPC: SendFocusChangeEventToAllClients: PostClientEvent SUCCESS: com.android.permissioncontroller:com.android.permissioncontroller:2592, com.android.permissioncontroller, com.android.permissioncontroller
03-24 10:42:17.440  2221  2239 I VrRuntimeService: RuntimeIPC: SendFocusChangeEventToAllClients: PostClientEvent SUCCESS: com.oculus.vrshell:com.oculus.vrshell:EnvOverlay:3250, com.android.permissioncontroller, com.android.permissioncontroller
03-24 10:42:17.440  2221  2239 I VrRuntimeService: RuntimeIPC: SendFocusChangeEventToAllClients: PostClientEvent SUCCESS: android.uid.systemui:10056:com.android.systemui:1345, com.android.permissioncontroller, com.android.permissioncontroller
03-24 10:42:17.440  2221  2239 I VrRuntimeService: RuntimeIPC: SendFocusChangeEventToAllClients: PostClientEvent SUCCESS: com.oculus.shellenv:com.oculus.shellenv:3209, com.android.permissioncontroller, com.android.permissioncontroller
03-24 10:42:17.440  2221  2239 I VrRuntimeService: RuntimeIPC: SendFocusChangeEventToAllClients: PostClientEvent SUCCESS: com.oculus.vrshell:com.oculus.vrshell:3145, com.android.permissioncontroller, com.android.permissioncontroller
03-24 10:42:17.440  2221  2239 I VrRuntimeService: RuntimeIPC: SendFocusChangeEventToAllClients: PostClientEvent SUCCESS: com.oculus.guardian:com.oculus.vrguardianservice:2366, com.android.permissioncontroller, com.android.permissioncontroller
03-24 10:42:17.440  2221  2239 I VrRuntimeService: RuntimeIPC: SendFocusChangeEventToAllClients: PostClientEvent SUCCESS: com.oculus.vrshell:com.oculus.vrshell:Overlay:2299, com.android.permissioncontroller, com.android.permissioncontroller
03-24 10:42:17.440  2221  2239 D VrRuntimeService: enableRendering: 2592:com.android.permissioncontroller: android.os.BinderProxy@d5399c3 enable: true
03-24 10:42:17.440  2221  2239 I ClientMgr: ClientMgr::EnableRendering 2592:com.android.permissioncontroller : type 0 comp-id 8: enable
03-24 10:42:17.440  2221  2239 I TimeWarp: CheckDebuggerConnected: debugger 0
03-24 10:42:17.440  2221  2239 I VrRuntimeServer: SysProp debug mode is disabled on Server side
03-24 10:42:17.445  2221  2239 I UnifiedTelemetryWrapper: Started UT session render:com.android.permissioncontroller
03-24 10:42:17.445  2221  2297 I ClientMgr: Non-overlay clients rendering status has changed: prev=10, curr=11, enabled=1
03-24 10:42:17.445  2221  2297 I ClientMgr: Primary Client is not valid.
03-24 10:42:17.445  2221  2297 I ClientMgr: Primary client determined to be the current enabled client 8
03-24 10:42:17.445  2221  2297 I ClientMgr: Setting Primary Client to 8
03-24 10:42:17.445  2221  2297 I ClientMgr: Primary Client ID changed
03-24 10:42:17.445  2221  2297 W ClientMgr: ClientMgr::GetClientPermissionFlagsById: Client missing proper permissions: com.android.permissioncontroller, 2
03-24 10:42:17.445  2221  2297 I ClientMgr: ClientMgr::SetPrimaryCompositorClient: 2592:com.android.permissioncontroller
03-24 10:42:17.445  2221  2297 I TimeWarpClientMgr: Enable client 8
03-24 10:42:17.445  2221  2297 I VrRuntimeServer: EnableCompositorClient client(8): layer placement(0) flags(1) sm(0x7ae523c010)
03-24 10:42:17.445  2221  2297 I ServiceInputManager: ServiceInputManager::SetPrimaryPackageName 'com.android.permissioncontroller' 'com.android.permissioncontroller'  updated AnytimeUI processname 0
03-24 10:42:17.445  2221  2297 D VrRuntimeService: sendPrimaryPackageChangeBroadcast
03-24 10:42:17.445  2592  9038 I ScreenCaptureHelper: Advertising com.android.permissioncontroller as streamable
03-24 10:42:17.446  2221  9036 I VrRuntimeService: GetSpecialSwapChain: 2434262749
03-24 10:42:17.446  2592  9038 I VrApi   : Creating Default swapchain
03-24 10:42:17.446  2221  9036 I VrRuntimeService: GetSpecialSwapChain: 2434262749
03-24 10:42:17.446  2592  9038 I VrApi   : Creating Loading Icon swapchain
03-24 10:42:17.446  2592  9038 I VrApi   : OVR::Stats thread started
03-24 10:42:17.446  2221  2297 I AADT    : SetAADTLutDataX: 0
03-24 10:42:17.446  2221  2297 I AADT    : SetAADTLutDataY: 0
03-24 10:42:17.446  2592  9038 I XrRuntimeSystem_Client: BeginSession
03-24 10:42:17.446  2221  2297 I ServiceInputManager: DEADRECKONING deadReckoning mode on ClientMgr from server is 0
03-24 10:42:17.446  2592  9038 I VrApi   : ---------- vrapi_EnterVrMode [end] ----------
03-24 10:42:17.446  2592  9038 I ClientInputSettings: SetInhibitHandleHomeKey = true for com.android.permissioncontroller
03-24 10:42:17.446  2592  9038 I ClientInputInterface: SetInhibitHandleHomeKey 1
03-24 10:42:17.446  2221  9036 I VrRuntimeService: CreateSwapChain: 2434262749
03-24 10:42:17.446  2221  9036 I VrRuntimeService: CreateSwapChain: api:gles 0 0x8c43 16 16 1 1 1 0 14
03-24 10:42:17.446  2299  2299 D [OAO] ShellOverlayService: screenStateReceiver Received broadcast: com.oculus.vrshell.intent.action.PRIMARY_PACKAGE_CHANGED
03-24 10:42:17.446  2299  2299 I [OAO] ShellOverlayServiceJNI: NativeSendOverlayCommand
03-24 10:42:17.446  2299  2299 I [OAO] ShellOverlayServiceJNI: NativeWake
03-24 10:42:17.446  2299  2299 I [OAO] ShellOverlayMain: WakeVrThread
03-24 10:42:17.446  2299  2299 I [OAO] ShellOverlayMain: WakeVrThread - notifying vr thread
03-24 10:42:17.447  2221  9036 I VrRuntimeServer: CreateTextureSwapChain: result importswapchaingles 1
03-24 10:42:17.447  2299  2329 I [OAO] ShellOverlayApp: 0xbf733c08 msg: overlayCommand:
03-24 10:42:17.447  2299  2329 I [OAO] ShellOverlayApp: command = primaryPackageChanged
03-24 10:42:17.447  2299  2329 I [OAO] ShellOverlayApp: Process_OverlayCommand command : primaryPackageChanged
03-24 10:42:17.447  2299  2329 I [OAO] ShellOverlayApp: UpdatePrimaryPackage
03-24 10:42:17.447  2299  2329 I [OAO] ShellOverlayApp: UpdatePrimaryPackage Requested for PackageName:com.android.permissioncontroller  IsFocusAware:0
03-24 10:42:17.447  2299  2329 I [OAO] ShellOverlayApp: UpdatePrimaryPackage Ignored as no change for packageName:[com.android.permissioncontroller]
03-24 10:42:17.447  2366  2486 I GuardianSystem: runtimeServiceSDKClient_.ForceShowGuardianEvent
03-24 10:42:17.447  2366  2486 I GuardianSystem: ForceShowGuardian: false, 0.00
03-24 10:42:17.448  2221  2288 I TimeWarp: SetSchedFifo( tid=3236, pol=2, pri=0 ) succeeded
03-24 10:42:17.451  2592  9040 D VrApi   : VrApi::isWifiConnected exception: Make sure android.permission.ACCESS_NETWORK_STATE is set in the manifest.
03-24 10:42:17.451   716   716 D android.hardware.power@1.3-service-libperfmgr: LAUNCH OFF
03-24 10:42:17.452   829  3258 E VrApiService: Error set scheduler for process 2221 thread 8474 to 2 : No such process (3)
03-24 10:42:17.452  2221  2288 I TimeWarp: SetSchedFifo( tid=8474, pol=2, pri=0 ) succeeded
03-24 10:42:17.452  2221  2288 I AADT    : SetAADTLutDataX. Thread. SizeX: 0
03-24 10:42:17.452  2221  2288 I AADT    : SetAADTLutDataY. Thread. SizeY: 0
03-24 10:42:17.455  2592  9040 D VrApi   : targetSDKVersion 29
03-24 10:42:17.458  2592  9040 I JniUtils: ovr_GetCurrentPackageSignature 
03-24 10:42:17.458  2160  2177 I LibraryProvider: running queryApp(com.android.permissioncontroller) for com.oculus.uid:10031
03-24 10:42:17.458  2160  2177 W LibraryProvider: Cannot find entitlement for com.android.permissioncontroller
03-24 10:42:17.459  1964  1964 W OVRLibrary: null cursor received for query content://com.oculus.ocms.library/apps/com.android.permissioncontroller
03-24 10:42:17.460  2221  9036 I VrRuntimeService: CreateSwapChain: 2434262749
03-24 10:42:17.460  2221  9036 I VrRuntimeService: CreateSwapChain: api:gles 3 0x8058 1000 1000 1 1 1 0 14
03-24 10:42:17.461  2592  9040 I Metrics : device name = Oculus Quest 2
03-24 10:42:17.461  2221  9036 I VrRuntimeServer: CreateTextureSwapChain: result importswapchaingles 1
03-24 10:42:17.462  2160  2177 I LibraryProvider: running queryApp(com.android.permissioncontroller) for com.oculus.uid:10031
03-24 10:42:17.462  2160  2177 W LibraryProvider: Cannot find entitlement for com.android.permissioncontroller
03-24 10:42:17.462  1964  1964 W OVRLibrary: null cursor received for query content://com.oculus.ocms.library/apps/com.android.permissioncontroller
03-24 10:42:17.463  1964  1964 E PlatformPluginManager: onAppStart called before init
03-24 10:42:17.463  1964  1964 E OVRMediaServiceManager: LivestreamingManager Not initialized
03-24 10:42:17.471  2221  9036 I VrRuntimeService: CreateSwapChain: 2434262749
03-24 10:42:17.471  2221  9036 I VrRuntimeService: CreateSwapChain: api:gles 0 0x8c43 1440 1584 1 3 1 0 14
03-24 10:42:17.472  2221  9036 I VrRuntimeServer: CreateTextureSwapChain: result importswapchaingles 1
03-24 10:42:17.478  2221  9036 I VrRuntimeService: CreateSwapChain: 2434262749
03-24 10:42:17.478  2221  9036 I VrRuntimeService: CreateSwapChain: api:gles 0 0x8c43 1440 1584 1 3 1 0 14
03-24 10:42:17.479  2221  9036 I VrRuntimeServer: CreateTextureSwapChain: result importswapchaingles 1
03-24 10:42:17.487  2366  2479 D RuntimeIPCServerMgr: RegisterClient: Client: com.android.permissioncontroller:com.android.permissioncontroller:2592, Server: com.oculus.guardian:com.oculus.vrguardianservice (guardianserver)
03-24 10:42:17.488  2366  9042 I JniUtils: Creating temporary JNIEnv. This is a heavy operation and should be infrequent. To optimize, use JNI AttachCurrentThread on calling thread
03-24 10:42:17.489  2366  9042 I chatty  : uid=10068(com.oculus.guardian) Thread-37 identical 2 lines
03-24 10:42:17.490  2366  9042 I JniUtils: Creating temporary JNIEnv. This is a heavy operation and should be infrequent. To optimize, use JNI AttachCurrentThread on calling thread
03-24 10:42:17.490  2366  9042 W REFLECT : Broadcasting -1860704547, com.android.permissioncontroller, com.android.permissioncontroller:2592
03-24 10:42:17.501  2592  9038 D VrRuntimeClient: loadDriverResource - resourceName: 'hand_left' 
03-24 10:42:17.504  2592  9038 I VrApi_Input: vrapi_GetMeshForHand_Internal: mesh->Header.Version = df000001 mesh->NumVertices = 1360 mesh->NumIndices = 6942
03-24 10:42:17.507  2592  9038 D VrRuntimeClient: loadDriverResource - resourceName: 'hand_right' 
03-24 10:42:17.509  2592  9038 I VrApi_Input: vrapi_GetMeshForHand_Internal: mesh->Header.Version = df000001 mesh->NumVertices = 1360 mesh->NumIndices = 6942
03-24 10:42:17.513  2221  9036 I VrRuntimeService: CreateSwapChain: 2434262749
03-24 10:42:17.513  2221  9036 I VrRuntimeService: CreateSwapChain: api:gles 0 0x8c43 64 64 1 3 1 0 14
03-24 10:42:17.514  2221  9036 I VrRuntimeServer: CreateTextureSwapChain: result importswapchaingles 1
03-24 10:42:17.523  2221  9036 I VrRuntimeService: CreateAndroidSurfaceSwapChain: 2434262749
03-24 10:42:17.523  2221  9036 I VrRuntimeService: CreateAndroidSurfaceSwapChain: 65536 1 32856 933 366 1 1 1 0 0
03-24 10:42:17.524  2221  9036 I VrRuntimeServer: CreateAndroidSurfaceSwapChain: result surface 0x7a8208a000
03-24 10:42:17.524  3209  3236 I Clay    : EnvironmentSystem: computed visibility changed from Hidden to Unload (reason: Paused)
03-24 10:42:17.524  3209  3236 I Clay    : EnvironmentStateSystem: Clearing IR due to pausing
03-24 10:42:17.525  2221  9036 I VrRuntimeService: RuntimeServiceSDKServer::GetGuardianPolygon
03-24 10:42:17.525  2592  9038 I VrRuntimeClient: SyncInternalGuardianState: GetGuardianPolygon: 0
03-24 10:42:17.526  2221  9036 I VrRuntimeService: RuntimeServiceSDKServer::GetGuardianStationaryInfo
03-24 10:42:17.526  2221  9036 I VrRuntimeService: RuntimeServiceSDKServer::GetGuardianSystemState: 2434262749
03-24 10:42:17.526  2221  9036 I VrRuntimeService: UpdateSwapChainSamplerState: 136
03-24 10:42:17.526  2221  9036 I VrRuntimeService: UpdateSwapChainSamplerState: minFilter=1 magFilter=1 wrapModeS=0 warpModeT=0 maxAniso=1.000000 border={0.000000,0.000000,0.000000,0.000000}
03-24 10:42:17.526  2221  9036 I VrRuntimeService: UpdateSwapChainSamplerState: 135
03-24 10:42:17.526  2221  9036 I VrRuntimeService: UpdateSwapChainSamplerState: minFilter=1 magFilter=1 wrapModeS=2 warpModeT=2 maxAniso=1.000000 border={0.000000,0.000000,0.000000,0.000000}
03-24 10:42:17.526  2592  9038 D VrRuntimeClient: pokeGuardianUserServiceForThisClient: com.android.permissioncontroller:10011
03-24 10:42:17.527  2592  9038 I VrApi   : Received ovrRuntime event 2
03-24 10:42:17.527  2592  9038 I VrApi   : Received ovrRuntime event 4
03-24 10:42:17.527  2592  9038 W VrApi   : Time to first swap: 0.342 seconds
03-24 10:42:17.527  2592  9048 I FenceChecker: FenceChecker::MainLoop - started
03-24 10:42:17.527  2366  2366 D VrGuardianUserService: onStartCommandIntent { act=FOREGROUND_CLIENT cmp=com.oculus.guardian/com.oculus.vrguardianservice.VrGuardianUserService (has extras) }
03-24 10:42:17.531  2221  2288 I TimeWarp: SetSchedFifo( tid=9048, pol=3, pri=0 ) succeeded
03-24 10:42:17.531  2221  2288 I TimeWarp: SetClientSurfaceSecureFlag: secure=1
03-24 10:42:17.540  2221  2288 I SwapChain_GLES: AttachSurfaceSwapChainGLES: 0x7a8208a000 attached on init
03-24 10:42:17.544  2221  2288 I TimeWarpProgs: loaded binary layerProgram 1:0x48207:0x0 in 3.1 ms
03-24 10:42:17.547  2221  2288 I TimeWarpProgs: loaded binary layerProgram 0:0x58207:0x0 in 2.8 ms
03-24 10:42:17.569  2366  2486 I GuardianSystem: runtimeServiceSDKClient_.ForceShowGuardianEvent
03-24 10:42:17.569  2366  2486 I GuardianSystem: ForceShowGuardian: false, 0.00
03-24 10:42:17.844  2221  2297 W TelemetryServer: [XRINPUT] HANDTRACKING STATE still mismatched, logging after 10s, retrying to set system setting variable to; 1
03-24 10:42:17.844  2221  2297 W ServiceInputManager: HANDTRACKING STATE mismatched after 2.01381
03-24 10:42:17.857  2221  2297 I ServiceInputManager: HANDTRACKING server resetting Hands_WaitingForUpdateOnSystemSetting without changing internal setting
03-24 10:42:17.857  2221  2297 I ServiceInputManager: HANDTRACKING setting hand tracking on settings manager to 1
03-24 10:42:17.862  2221  2241 I DynamicClocks: DynamicClocksSettingsCallback: khandTrackingEnabled updated to 1
03-24 10:42:17.863  2221  2239 I InputSettingsObserverCallback: InputSettingsObserverCallback: hand_tracking_enabled changed to: 1
03-24 10:42:18.528  2592  9040 I Telemetry: App memory usage: PSS=109MB DalvikPSS=1 MB
03-24 10:42:18.529  2592  9040 I VrApi   : FPS=1/72,Prd=0ms,Tear=0,Early=0,Stale=10,VSnc=0,Lat=0,Fov=0D,CPU4/GPU=2/3,1171/490MHz,OC=FF,TA=0/0/0,SP=N/N/N,Mem=1353MHz,Free=3900MB,PLS=0,Temp=38.5C/0.0C,TW=2.00ms,App=0.00ms,GD=0.00ms,CPU&GPU=0.00ms,LCnt=3,GPU%=0.15,CPU%=0.02(W0.05),DSF=1.00
03-24 10:42:18.719  3193  3193 E adbd    : failed to connect to socket 'tcp:6666': Connection refused
03-24 10:42:18.799   730  1880 I hash_map_utils: key: 'snd_device_in' value: ''
03-24 10:42:18.801   730  1880 I hash_map_utils: key: 'snd_device_out' value: ''
03-24 10:42:18.837  3209  3236 I Clay    : BaseApp: Entering hibernation now
03-24 10:42:19.227  2299  2329 I [OAO] ShellOverlayApp: Sleep timeout exceeded. Timeout:179.849597, Now:179.849599. Sleeping... 
03-24 10:42:19.227  2299  2329 I [OAO] ShellOverlayApp: WaitForWake: VrThread entering waiting state
03-24 10:42:19.256  3193  3193 E adbd    : failed to connect to socket 'tcp:6666': Connection refused
03-24 10:42:19.455  2221  2297 I PerformanceManager: SetClockLevels: Apply pending clock request change: 2,3 -> 1,2
03-24 10:42:19.455  2221  2262 I Clocks  : ReleaseClocks - start
03-24 10:42:19.456   716   716 D android.hardware.power@1.3-service-libperfmgr: Unset hint for clock domain: 0
03-24 10:42:19.456  2221  2262 I Clocks  : ReleaseClocks - end (1.0 ms)
03-24 10:42:19.456  2221  2262 I Clocks  : LockClocks( cpu=1, gpu=2 ) - start
03-24 10:42:19.457   716   769 D android.hardware.power@1.3-service-libperfmgr: Unset hint for clock domain: 1
03-24 10:42:19.457  2221  2262 I Clocks  : CPU levels [0, 4]
03-24 10:42:19.457  2221  2262 I Clocks  : GPU levels [0, 5]
03-24 10:42:19.458   716   769 D android.hardware.power@1.3-service-libperfmgr: set performance level 1, domain 0
03-24 10:42:19.458  2221  2262 I Clocks  : LockClocks( cpu=1, gpu=2 ) - end (1.5 ms)
03-24 10:42:19.458   716   769 D android.hardware.power@1.3-service-libperfmgr: set performance level 2, domain 1
03-24 10:42:19.466  2592  9040 I VrApi   : FPS=74/72,Prd=169793ms,Tear=0,Early=0,Stale=0,VSnc=1,Lat=0,Fov=0D,CPU4/GPU=2/3,940/441MHz,OC=FF,TA=0/0/0,SP=N/N/N,Mem=1353MHz,Free=3898MB,PLS=0,Temp=38.5C/0.0C,TW=2.00ms,App=0.00ms,GD=0.00ms,CPU&GPU=0.38ms,LCnt=4,GPU%=0.15,CPU%=0.21(W0.43),DSF=1.00
03-24 10:42:19.538  1617  1617 D OculusNotificationListenerService: Notification posted: 0|com.oculus.notification_proxy|4112|vrui_gaze_instruction|1000
03-24 10:42:19.539  2299  2299 I [OAO] VrNotificationListenerService: onNotificationPosted(): key = 0|com.oculus.notification_proxy|4112|vrui_gaze_instruction|1000, type = first_party_unspecified
03-24 10:42:19.539  2299  2299 I [OAO] VrNotificationListenerService: onNotificationPosted(): user|package|tag|id = UserHandle{0}|com.oculus.notification_proxy|vrui_gaze_instruction|4112
03-24 10:42:19.554  2299  2299 D VrNotificationAnalytics: logNotificationPosted(first_party_unspecified)
03-24 10:42:19.556  2299  2299 D [OAO] VrBroadcastReceiver: action: com.oculus.vrshell.intent.action.NOTIFICATION_WAKE
03-24 10:42:19.557  2299  2299 D [OAO] VrNotificationService: VrNotificationService onStartCommand() Intent { cmp=com.oculus.vrshell/.VrNotificationService }
03-24 10:42:19.560  3066  3066 D [SUI] NotificationBroadcastReceiver: action: com.oculus.intent.action.NOTIF_CHANGE
03-24 10:42:19.562  2299  2299 D DeviceHelper: isScreenOn = true
03-24 10:42:19.562  2299  2299 D [OAO] ShellOverlayBroadcastReceiver: onReceive with ShellOverlayService native pointer 3935414776, action com.oculus.vrshell.intent.action.TOAST_NOTIFICATION
03-24 10:42:19.562  2299  2299 D [OAO] RssdkHelper: getCurrentPackageInfo
03-24 10:42:19.562  2299  2299 I [OAO] RssdkHelperJNI: Java_com_oculus_common_navigation_RssdkHelper_nativeGetCurrentPackageInfo
03-24 10:42:19.562  2299  2299 I [OAO] RssdkHelperJNI: NativeGetCurrentPackageInfo - str combined: 'com.android.permissioncontroller false'
03-24 10:42:19.562  2299  2299 D [OAO] PrimaryPackage: Shell backgrounded or not running.
03-24 10:42:19.563  2299  2299 W [OAO] IntentParser: Got intent with null or empty value for key "oculus_button_override_uri"
03-24 10:42:19.563  2299  2299 I [OAO] ShellOverlayServiceJNI: NativeWake
03-24 10:42:19.563  2299  2299 I [OAO] ShellOverlayMain: WakeVrThread
03-24 10:42:19.563  2299  2299 I [OAO] ShellOverlayMain: WakeVrThread - notifying vr thread
03-24 10:42:19.563  2299  2329 I [OAO] ShellOverlayApp: VrThread woke up
03-24 10:42:19.563  2299  2329 I [OAO] ShellOverlayApp: 0xbf733c08 msg: broadcastIntent:
03-24 10:42:19.563  2299  2329 I [OAO] ShellOverlayApp: foreground_package_name = com.android.permissioncontroller
03-24 10:42:19.563  2299  2329 I [OAO] ShellOverlayApp: intent_action = com.oculus.vrshell.intent.action.TOAST_NOTIFICATION
03-24 10:42:19.563  2299  2329 I [OAO] ShellOverlayApp: toast_duration = 5
03-24 10:42:19.563  2299  2329 I [OAO] ShellOverlayApp: status_bar_notification = 0|com.oculus.notification_proxy|4112|vrui_gaze_instruction|1000
03-24 10:42:19.563  2299  2329 I [OAO] ShellOverlayApp: is_system_notification = true
03-24 10:42:19.563  2299  2329 I [OAO] ShellOverlayApp: toast_has_cta = false
03-24 10:42:19.563  2299  2329 I [OAO] ShellOverlayApp: ProcessMessage_Broadcast: com.oculus.vrshell.intent.action.TOAST_NOTIFICATION
03-24 10:42:19.563  2299  2329 I [OAO] SystemTaskBarV2: Create PanelApp
03-24 10:42:19.563  2299  2329 I [OAO] HostPlatform: Retrieving component launch information for package (com.oculus.systemux) and service (com.oculus.panelapp.anytimeui.AnytimeUIAndroidPanelService)
03-24 10:42:19.565  2299  2329 I [OAO] PanelAppConfigurationUtil: Not sending Android activity token to component com.oculus.systemux/com.oculus.panelapp.anytimeui.AnytimeUIAndroidPanelService
03-24 10:42:19.566  3145  3145 D [OAR] RssdkHelper: getCurrentPackageInfo
03-24 10:42:19.566  3145  3145 I [OAR] RssdkHelperJNI: Java_com_oculus_common_navigation_RssdkHelper_nativeGetCurrentPackageInfo
03-24 10:42:19.566  3145  3145 I [OAR] RssdkHelperJNI: NativeGetCurrentPackageInfo - str combined: 'com.android.permissioncontroller false'
03-24 10:42:19.566  3145  3145 D [OAR] ShellControlProtectedReceiver: onReceive with MainActivity native pointer 0, action com.oculus.vrshell.intent.action.TOAST_NOTIFICATION
03-24 10:42:19.567  3145  3145 D DeviceHelper: isScreenOn = true
03-24 10:42:19.567  3145  3145 D [OAR] PrimaryPackage: ShellEnv is backgrounded or not running.
03-24 10:42:19.570  2299  2329 I [OAO] HostPlatform: Is valid panel service component for package (com.oculus.systemux) and service (com.oculus.panelapp.anytimeui.AnytimeUIAndroidPanelService) - true
03-24 10:42:19.570  2299  2329 I [OAO] OverlaySystemUXController: CreatePanel( com.oculus.systemux/com.oculus.panelapp.anytimeui.AnytimeUIAndroidPanelService )
03-24 10:42:19.571  2299  2329 I [OAO] PanelAppHost: PanelAppHost( com.oculus.systemux/com.oculus.panelapp.anytimeui.AnytimeUIAndroidPanelService ) for PanelId 1
03-24 10:42:19.571  2299  2329 I [OAO] PanelAppHost: Panel app 1 (com.oculus.systemux/com.oculus.panelapp.anytimeui.AnytimeUIAndroidPanelService) changing state from startup to foreground
03-24 10:42:19.573  2221  2338 I VrRuntimeService: CreateAndroidSurfaceSwapChain: 418450135
03-24 10:42:19.573  2221  2338 I VrRuntimeService: CreateAndroidSurfaceSwapChain: 65536 1 32856 1 1 1 1 1 0 0
03-24 10:42:19.573  2221  2338 I VrRuntimeServer: CreateAndroidSurfaceSwapChain: result surface 0x7a82139000
03-24 10:42:19.575  2221  2338 I VrRuntimeService: CreateAndroidSurfaceSwapChain: 418450135
03-24 10:42:19.575  2221  2338 I VrRuntimeService: CreateAndroidSurfaceSwapChain: 65536 1 32856 1 1 1 1 1 0 0
03-24 10:42:19.575  2221  2338 I VrRuntimeServer: CreateAndroidSurfaceSwapChain: result surface 0x7a6ee70000
03-24 10:42:19.577  2221  2338 I VrRuntimeService: CreateAndroidSurfaceSwapChain: 418450135
03-24 10:42:19.577  2221  2338 I VrRuntimeService: CreateAndroidSurfaceSwapChain: 65536 1 32856 1 1 1 1 1 0 0
03-24 10:42:19.577  2221  2338 I VrRuntimeServer: CreateAndroidSurfaceSwapChain: result surface 0x7a6ee83000
03-24 10:42:19.579  2299  2329 I [OAO] PanelAppHost: Passing env var _oc_device_type = 259
03-24 10:42:19.579  2299  2329 I [OAO] PanelAppHost: Passing env var _oc_analytics_session_id = dbad1d4e-f1d0-4704-bbbf-f42a61804e53
03-24 10:42:19.579  2299  2329 I [OAO] PanelAppHost: Passing env var _oc_userid = 344117166667438
03-24 10:42:19.579  2299  2329 I [OAO] PanelAppHost: Passing env var _oc_enterprise_mode = false
03-24 10:42:19.579  2299  2329 I [OAO] PanelAppHost: Passing env var _oc_shell_version_name = 26.0.0.40.502
03-24 10:42:19.579  2299  2329 I [OAO] PanelAppHost: Passing env var _oc_shell_version_code = 274988282
03-24 10:42:19.579  2299  2329 I [OAO] PanelAppHost: Passing env var _oc_shell_automation_enabled = false
03-24 10:42:19.579  2299  2329 I [OAO] PanelAppHost: Passing env var _oc_shell_view_id_debugging_enabled = false
03-24 10:42:19.579  2299  2329 I [OAO] PanelAppHost: Passing env var _oc_shell_pixel_density = 20
03-24 10:42:19.579  2299  2329 I [OAO] PanelAppHost: Passing env var _oc_shell_render_scale = 1.250000
03-24 10:42:19.579  2299  2329 I [OAO] PanelAppHost: Passing env var _oc_shell_guardian_disabled = false
03-24 10:42:19.579  2299  2329 I [OAO] PanelAppHost: Passing env var _oc_shell_ux_policy = {
03-24 10:42:19.579  2299  2329 I [OAO] PanelAppHost: 	"glassDesktop" : false,
03-24 10:42:19.579  2299  2329 I [OAO] PanelAppHost: 	"panelBackgroundLayerOriginDepths" : 
03-24 10:42:19.579  2299  2329 I [OAO] PanelAppHost: 	{
03-24 10:42:19.579  2299  2329 I [OAO] PanelAppHost: 		"far" : 0.2,
03-24 10:42:19.579  2299  2329 I [OAO] PanelAppHost: 		"mid" : 0.015,
03-24 10:42:19.579  2299  2329 I [OAO] PanelAppHost: 		"near" : 0.01
03-24 10:42:19.579  2299  2329 I [OAO] PanelAppHost: 	}
03-24 10:42:19.579  2299  2329 I [OAO] PanelAppHost: }
03-24 10:42:19.579  2299  2329 I [OAO] PanelAppHost: Passing env var _oc_shell_feature_sets = multi-layer-v1,mirror-avatar-v1,system-ux-routes-v1,deeplink-nav-v1,clock-levels-v1,layerTranslate-v1,layerScaleDensity-v1,layerScaleDensity-v2,multiapp-alpha-v1,multiapp-v1,multiapp-v2,recoverInstances-v1,system-ux-file-picker-v1,secure-layers-v1
03-24 10:42:19.579  2299  2329 I [OAO] PanelAppHost: Passing env var _oc_launch_timestamp = 180193
03-24 10:42:19.579  2299  2329 I [OAO] PanelAppHost: Passing env var _oc_gk:oculus_vrshell_keyboard_dragdrop_internal = true
03-24 10:42:19.579  2299  2329 I [OAO] PanelAppHost: Passing env var _oc_gk:oculus_vrshell_aui_standalone_apps = false
03-24 10:42:19.579  2299  2329 I [OAO] PanelAppHost: Passing env var _oc_gk:oculus_vrshell_anytimeui_v2_profile_revamp = true
03-24 10:42:19.579  2299  2329 I [OAO] PanelAppHost: Passing env var _oc_gk:oculus_vr_keyboard_enabled = false
03-24 10:42:19.579  2299  2329 I [OAO] PanelAppHost: Passing env var _oc_gk:oculus_systemux_deviceconfig_enabled = false
03-24 10:42:19.579  2299  2329 I [OAO] PanelAppHost: Passing env var _oc_gk:oculus_stationary_guardian_v2 = true
03-24 10:42:19.579  2299  2329 I [OAO] PanelAppHost: Passing env var _oc_gk:oculus_social_panel_events_only = true
03-24 10:42:19.579  2299  2329 I [OAO] PanelAppHost: Passing env var _oc_gk:oculus_share_party_button = false
03-24 10:42:19.579  2299  2329 I [OAO] PanelAppHost: Passing env var _oc_gk:oculus_quest_infinite_office_platform = false
03-24 10:42:19.579  2299  2329 I [OAO] PanelAppHost: Passing env var _oc_gk:oculus_phone_notifications = false
03-24 10:42:19.579  2299  2329 I [OAO] PanelAppHost: Passing env var _oc_gk:oculus_party_per_person_mute = false
03-24 10:42:19.579  2299  2329 I [OAO] PanelAppHost: Passing env var _oc_gk:oculus_notifications_feed_refresh = false
03-24 10:42:19.579  2299  2329 I [OAO] PanelAppHost: Passing env var _oc_gk:oculus_new_notifications_sound = true
03-24 10:42:19.579  2299  2329 I [OAO] PanelAppHost: Passing env var _oc_gk:oculus_mobile_sysux_bug_reporter = true
03-24 10:42:19.579  2299  2329 I [OAO] PanelAppHost: Passing env var _oc_gk:oculus_mobile_store_exp_v23_system_apps_tiles = false
03-24 10:42:19.579  2299  2329 I [OAO] PanelAppHost: Passing env var _oc_gk:oculus_mobile_store_exp_v23_store_always_first_app = false
03-24 10:42:19.579  2299  2329 I [OAO] PanelAppHost: Passing env var _oc_gk:oculus_mobile_store_exp_v23_1p_apps_pinned_colored = false
03-24 10:42:19.579  2299  2329 I [OAO] PanelAppHost: Passing env var _oc_gk:oculus_mobile_settings_input_haptics_amplitude = true
03-24 10:42:19.579  2299  2329 I [OAO] PanelAppHost: Passing env var _oc_gk:oculus_vrshell_multiapp_public = true
03-24 10:42:19.579  2299  2329 I [OAO] PanelAppHost: Passing env var _oc_gk:oculus_mobile_settings_controller_effects = false
03-24 10:42:19.579  2299  2329 I [OAO] PanelAppHost: Passing env var _oc_gk:oculus_mobile_pointer_pose_filter_tuning = false
03-24 10:42:19.579  2299  2329 I [OAO] PanelAppHost: Passing env var _oc_gk:oculus_mobile_pause_invite_enabled = false
03-24 10:42:19.579  2299  2329 I [OAO] PanelAppHost: Passing env var _oc_gk:oculus_mobile_library_state_auto_reset = true
03-24 10:42:19.579  2299  2329 I [OAO] PanelAppHost: Passing env var _oc_gk:oculus_video_enable_audio_virtualization = true
03-24 10:42:19.579  2299  2329 I [OAO] PanelAppHost: Passing env var _oc_gk:oculus_vrshell_deviceconfig_enabled = false
03-24 10:42:19.579  2299  2329 I [OAO] PanelAppHost: Passing env var _oc_gk:oculus_vrshell_keyboard_transcription = false
03-24 10:42:19.579  2299  2329 I [OAO] PanelAppHost: Passing env var _oc_gk:oculus_mobile_library_apps_disk_cache = true
03-24 10:42:19.579  2299  2329 I [OAO] PanelAppHost: Passing env var _oc_gk:oculus_mobile_instant_replay = false
03-24 10:42:19.579  2299  2329 I [OAO] PanelAppHost: Passing env var _oc_gk:oculus_travel_together_async_flow_only = true
03-24 10:42:19.579  2299  2329 I [OAO] PanelAppHost: Passing env var _oc_gk:oculus_mobile_guardian_mr_desk_gk = false
03-24 10:42:19.579  2299  2329 I [OAO] PanelAppHost: Passing env var _oc_gk:oculus_mobile_auiv2_store_op_group_5 = false
03-24 10:42:19.579  2299  2329 I [OAO] PanelAppHost: Passing env var _oc_gk:oculus_mobile_store_exp_v23_bar_label_enabled = true
03-24 10:42:19.579  2299  2329 I [OAO] PanelAppHost: Passing env var _oc_gk:oculus_mobile_auiv2_store_op_group_2 = false
03-24 10:42:19.579  2299  2329 I [OAO] PanelAppHost: Passing env var _oc_gk:oculus_mobile_auiv2_store_op_group_1 = true
03-24 10:42:19.579  2299  2329 I [OAO] PanelAppHost: Passing env var _oc_gk:oculus_fitness_tracking_dogfooding = false
03-24 10:42:19.579  2299  2329 I [OAO] PanelAppHost: Passing env var _oc_gk:oculus_mobile_auiv2_active_call_bar_enhanced = true
03-24 10:42:19.579  2299  2329 I [OAO] PanelAppHost: Passing env var _oc_gk:oculus_mobile_aui_v2_qp_killswitch = false
03-24 10:42:19.579  2299  2329 I [OAO] PanelAppHost: Passing env var _oc_gk:oculus_messenger_quick_chat_dialog = true
03-24 10:42:19.579  2299  2329 I [OAO] PanelAppHost: Passing env var _oc_gk:oculus_messenger = true
03-24 10:42:19.579  2299  2329 I [OAO] PanelAppHost: Passing env var _oc_gk:oculus_mobile_store_exp_v23_store_in_app_tiles = false
03-24 10:42:19.579  2299  2329 I [OAO] PanelAppHost: Passing env var _oc_gk:oculus_developer = true
03-24 10:42:19.580  2299  2329 I [OAO] PanelAppHost: Passing env var _oc_gk:oculus_configurable_mtp_dialog = true
03-24 10:42:19.580  2299  2329 I [OAO] PanelAppHost: Passing env var _oc_gk:oculus_vrshell_input_overlay_composition = false
03-24 10:42:19.580  2299  2329 I [OAO] PanelAppHost: Passing env var _oc_gk:oculus_mobile_guardian_surface_creation_gk = true
03-24 10:42:19.580  2299  2329 I [OAO] PanelAppHost: Passing env var _oc_gk:oculus_vrshell_browser_resize_public = true
03-24 10:42:19.580  2299  2329 I [OAO] PanelAppHost: Passing env var _oc_gk:oculus_aui_oc_profile_party_button = true
03-24 10:42:19.580  2299  2329 I [OAO] PanelAppHost: Passing env var _oc_gk:oculus_aui2_fb_profile_party_button = true
03-24 10:42:19.580  2299  2329 I [OAO] PanelAppHost: Passing env var _oc_gk:assistant_oculus_doubletap_setting = false
03-24 10:42:19.580  2299  2329 I [OAO] PanelAppHost: Passing env var _oc_gk:oc_notifs_nuc_xr_device = true
03-24 10:42:19.580  2299  2329 I [OAO] PanelAppHost: Passing env var _oc_gk:oc_keyboard_settings_section = false
03-24 10:42:19.580  2299  2329 I [OAO] PanelAppHost: Passing env var _oc_gk:oculus_mobile_auiv2_store_op_group_4 = false
03-24 10:42:19.580  2299  2329 I [OAO] PanelAppHost: Passing env var _oc_gk:oculus_mobile_store_exp_v23_store_in_bar_left = true
03-24 10:42:19.580  2299  2329 I [OAO] PanelAppHost: Passing env var _oc_gk:oculus_intrusion_detection = false
03-24 10:42:19.580  2299  2329 I [OAO] PanelAppHost: Passing env var _oc_gk:oc_assistant_wakeword_enabled = false
03-24 10:42:19.580  2299  2329 I [OAO] PanelAppHost: Passing env var _oc_gk:oc_assistant_keyboard_fl = false
03-24 10:42:19.580  2299  2329 I [OAO] PanelAppHost: Passing env var _oc_gk:oculus_vrshell_enable_store_app_routing = false
03-24 10:42:19.580  2299  2329 I [OAO] PanelAppHost: Passing env var _oc_gk:in_app_assistant_on_oculus = false
03-24 10:42:19.580  2299  2329 I [OAO] PanelAppHost: Passing env var _oc_gk:oculus_mobile_auiv2_android_settings = true
03-24 10:42:19.580  2299  2329 I [OAO] PanelAppHost: Passing env var _oc_gk:oculus_mobile_auiv2_active_call_bar = true
03-24 10:42:19.580  2299  2329 I [OAO] PanelAppHost: Passing env var _oc_gk:assistant_on_oculus = false
03-24 10:42:19.580  2299  2329 I [OAO] PanelAppHost: Passing env var _oc_gk:oculus_mobile_auiv2_store_op_group_3 = false
03-24 10:42:19.580  2299  2329 I [OAO] PanelAppHost: Passing env var _oc_gk:oculus_vrshell_core_quest_retaildemo = false
03-24 10:42:19.580  2299  2329 I [OAO] PanelAppHost: Passing env var _oc_gk:oculus_video_enable_fast_seek_on_dash_load = false
03-24 10:42:19.580  2299  2329 I [OAO] PanelAppHost: Passing env var _oc_gk:oculus_vrshell_physical_keyboard = false
03-24 10:42:19.580  2299  2329 I [OAO] PanelAppHost: Passing env var _oc_gk:oculus_video_enable_codec_cache = false
03-24 10:42:19.580  2299  2329 I [OAO] PanelAppHost: Passing env var _oc_gk:oculus_vrshell_mouse_input = true
03-24 10:42:19.580  2299  2329 I [OAO] PanelAppHost: Passing env var _oc_gk:oculus_vrshell_keyboard_typeahead = false
03-24 10:42:19.580  2299  2329 I [OAO] PanelAppHost: Passing env var _oc_gk:oculus_ocui_system_theme_setting = false
03-24 10:42:19.580  2299  2329 I [OAO] PanelAppHost: Passing env var _oc_gk:oculus_mobile_store_exp_v23_store_in_bar_right = false
03-24 10:42:19.580  2299  2329 I [OAO] PanelAppHost: Passing env var _oc_gk:oculus_vrshell_keyboard_typeahead_default_on = false
03-24 10:42:19.580  2299  2329 I [OAO] PanelAppHost: Passing env var _oc_gk:oculus_ocui_font_scaling = true
03-24 10:42:19.580  2299  2329 I [OAO] PanelAppHost: Passing env var _oc_gk:oc_vrshell_keyboard_transcription_feedback = false
03-24 10:42:19.580  2299  2329 I [OAO] PanelAppHost: Passing env var _oc_gk:oculus_vrshell_anytimeui_v2_show_pymks = true
03-24 10:42:19.580  2299  2329 I [OAO] PanelAppHost: Passing env var _oc_gk:oculus_vrshell_keyboard_remote_input = false
03-24 10:42:19.580  2299  2329 I [OAO] PanelAppHost: Passing env var _oc_gk:oculus_social_party_fb_upsell = true
03-24 10:42:19.580  2299  2329 I [OAO] PanelAppHost: Passing env var _oc_gk:oc_assistant_quick_actions_color = true
03-24 10:42:19.580  2299  2329 I [OAO] PanelAppHost: Passing env var _oc_gk:oculus_vrshell_force_focus_awareness_experiment = true
03-24 10:42:19.580  2299  2329 I [OAO] PanelAppHost: Passing env var _oc_gk:oculus_mobile_setting_hand_tracking_frequency = false
03-24 10:42:19.580  2299  2329 I [OAO] PanelAppHost: Passing env var _oc_gk:oc_auiv2_social_view_apk = false
03-24 10:42:19.580  2299  2329 I [OAO] PanelAppHost: Passing env var _oc_gk:oculus_mobile_auiv2_onboarding_tutorial = true
03-24 10:42:19.580  2299  2329 I [OAO] PanelAppHost: Passing env var _oc_gk:oculus_vrshell_enable_explore_app_routing = true
03-24 10:42:19.580  2299  2329 I [OAO] PanelAppHost: Passing env var _oc_gk:oculus_home_layertransform = false
03-24 10:42:19.580  2299  2329 I [OAO] PanelAppHost: Passing env var _oc_gk:oculus_mobile_home_js_bundle_qa_only = false
03-24 10:42:19.580  2299  2329 I [OAO] PanelAppHost: Passing env var _oc_gk:oculus_guardian_reality_tuner = false
03-24 10:42:19.580  2299  2329 I [OAO] PanelAppHost: Passing env var _oc_gk:oc_aui_messenger_entry_icon = false
03-24 10:42:19.580  2299  2329 I [OAO] PanelAppHost: Passing env var _oc_gk:oc_social_h1_2020_mobile_sharing_updates = true
03-24 10:42:19.580  2299  2329 I [OAO] PanelAppHost: Passing env var _oc_gk:oculus_vrshell_anytimeui_movement_killswitch = false
03-24 10:42:19.580  2299  2329 I [OAO] PanelAppHost: Passing env var _oc_gk:oculus_vr_shell_enable_social_back_panel_routing = true
03-24 10:42:19.580  2299  2329 I [OAO] PanelAppHost: Passing env var _oc_gk:oc_vrshell_copresence = false
03-24 10:42:19.580  2299  2329 I [OAO] PanelAppHost: Passing env var _oc_gk:oculus_report_auto_video_capture = false
03-24 10:42:19.580  2299  2329 I [OAO] PanelAppHost: Passing env var _oc_gk:oculus_mobile_passthrough_portal = false
03-24 10:42:19.580  2299  2329 I [OAO] PanelAppHost: Passing env var _oc_gk:oculus_video_use_experimental_abr = false
03-24 10:42:19.580  2299  2329 I [OAO] PanelAppHost: Passing env var _oc_gk:oculus_quest_dogfooding_update = false
03-24 10:42:19.580  2299  2329 I [OAO] PanelAppHost: Passing env var _oc_gk:oculus_social_platform_content_provider = false
03-24 10:42:19.580  2299  2329 I [OAO] PanelAppHost: Passing env var _oc_gk:oculus_video_enable_early_frame_release = true
03-24 10:42:19.580  2299  2329 I [OAO] PanelAppHost: Passing env var _oc_gk:oculus_video_enable_data_cache = false
03-24 10:42:19.580  2299  2329 I [OAO] PanelAppHost: Passing env var _oc_gk:oculus_mobile_store_exp_v23_get_more_apps_enabled = true
03-24 10:42:19.580  2299  2329 I [OAO] PanelAppHost: Passing env var _oc_gk:oc_native_voice_activity_log_page = true
03-24 10:42:19.580  2299  2329 I [OAO] PanelAppHost: Passing env var _oc_gk:oc_assistant_tts_selection = false
03-24 10:42:19.580  2299  2329 I [OAO] PanelAppHost: Passing env var _oc_gk:oculus_vrshell_multiapp_allapps_experimental = false
03-24 10:42:19.580  2299  2329 I [OAO] PanelAppHost: Passing env var _oc_gk:oculus_vrshell_iap_in_overlay_disable = true
03-24 10:42:19.580  2299  2329 I [OAO] PanelAppHost: Passing env var _oc_gk:oculus_share_media_to_fb_stories = false
03-24 10:42:19.580  2299  2329 I [OAO] PanelAppHost: Passing env var _oc_gk:oculus_vrshell_cursor_start_fov_check = true
03-24 10:42:19.580  2299  2329 I [OAO] PanelAppHost: Passing env var _oc_gk:oculus_quest_profile_sharing = true
03-24 10:42:19.580  2299  2329 I [OAO] PanelAppHost: Passing env var _oc_gk:messenger_vr_default_to_messenger_tab = true
03-24 10:42:19.580  2299  2329 I [OAO] PanelAppHost: Passing env var _oc_gk:oculus_vrshell_multiapp_rollout = true
03-24 10:42:19.580  2299  2329 I [OAO] PanelAppHost: Passing env var _oc_gk:oculus_vrshell_selection_assist_simple = false
03-24 10:42:19.580  2299  2329 I [OAO] PanelAppHost: Passing env var _oc_gk:oculus_mobile_settings_swap_system_btn_handedness = true
03-24 10:42:19.580  2299  2329 I [OAO] PanelAppHost: Passing env var _oc_gk:oculus_video_direct_experiment = false
03-24 10:42:19.580  2299  2329 I [OAO] PanelAppHost: Passing env var _oc_gk:oculus_mobile_auiv2_brightness_slider = false
03-24 10:42:19.580  2299  2329 I [OAO] PanelAppHost: Passing env var _oc_gk:oculus_video_allow_screen_capture = false
03-24 10:42:19.580  2299  2329 I [OAO] PanelAppHost: Passing env var _oc_gk:oculus_notifications_launch_destination = true
03-24 10:42:19.580  2299  2329 I [OAO] PanelAppHost: Passing env var _oc_gk:oculus_mobile_sysux_bug_report_share_sheet_entry = false
03-24 10:42:19.580  2299  2329 I [OAO] PanelAppHost: Passing env var _oc_gk:oculus_vrshell_draw_controllers_in_passthrough = false
03-24 10:42:19.580  2299  2329 I [OAO] PanelAppHost: Passing env var _oc_gk:oculus_is_trusted_user = false
03-24 10:42:19.580  2299  2329 I [OAO] PanelAppHost: Passing env var _oc_gk:oculus_vrshell_enable_social_platform_app_routing = true
03-24 10:42:19.580  2299  2329 I [OAO] PanelAppHost: Passing env var _oc_gk:oculus_panel_adaptability = false
03-24 10:42:19.580  2299  2329 I [OAO] PanelAppHost: Passing env var _oc_gk:oculus_mobile_auiv2_active_call_bar_buttons = false
03-24 10:42:19.580  2299  2329 I [OAO] PanelAppHost: Passing env var _oc_gk:oculus_vrshell_managed_launcher = false
03-24 10:42:19.580  2299  2329 I [OAO] PanelAppHost: Passing env var _oc_gk:oculus_quest_passthrough_background_quickboot = false
03-24 10:42:19.580  2299  2329 I [OAO] PanelAppHost: Passing env var _oc_gk:oculus_enable_non_generic_react_dialog_panel_apps = true
03-24 10:42:19.580  2299  2329 I [OAO] PanelAppHost: Passing env var _oc_gk:oc_vrshell_enable_social_platform_device_config = false
03-24 10:42:19.580  2299  2329 I [OAO] PanelAppHost: Passing env var _oc_gk:oculus_vrshell_env_stage_locked = false
03-24 10:42:19.580  2299  2329 I [OAO] PanelAppHost: Passing env var _oc_gk:oculus_aui2_fb_profile_presence = true
03-24 10:42:19.581  2299  2329 I [OAO] PanelAppHost: Passing env var _oc_gk:oc_shellenv_as_default = true
03-24 10:42:19.581  2299  2329 I [OAO] PanelAppHost: Passing env var _oc_gk:oc_enable_social_platform_parties = false
03-24 10:42:19.581  2299  2329 I [OAO] PanelAppHost: Passing env var _oc_gk:oculus_browser_raw_key_events = true
03-24 10:42:19.581  2299  2329 I [OAO] PanelAppHost: Passing env var _oc_gk:oculus_home_oculus_employees = false
03-24 10:42:19.581  2299  2329 I [OAO] PanelAppHost: Passing env var _oc_gk:oc_relogin = false
03-24 10:42:19.581  2299  2329 I [OAO] PanelAppHost: Passing env var _oc_gk:assistant_view_commands_on_oculus = false
