--------- beginning of main
03-24 10:06:57.790  3786  3786 E adbd    : failed to connect to socket 'tcp:6666': Connection refused
03-24 10:06:58.330  3217 32661 I Telemetry: App memory usage: PSS=153MB DalvikPSS=1 MB
03-24 10:06:58.332  3217 32661 I VrApi   : FPS=89/90,Prd=0ms,Tear=0,Early=0,Stale=0,VSnc=1,Lat=1,Fov=0,CPU4/GPU=2/3,1171/490MHz,OC=FF,TA=0/70/0,SP=N/F/N,Mem=1353MHz,Free=3735MB,PLS=0,Temp=40.7C/0.0C,TW=0.99ms,App=0.01ms,GD=0.00ms,CPU&GPU=11.59ms,LCnt=0,GPU%=0.10,CPU%=0.10(W0.14),DSF=1.00
--------- beginning of system
03-24 10:06:58.389  1081  1104 I ActivityTaskManager: START u0 {flg=0x10000000 cmp=com.YourCompany.KilncroftLane/com.epicgames.ue4.GameActivity} from uid 2000
03-24 10:06:58.393  1081  1104 D ActivityTaskManager: Preferred display for non-VR activity ActivityRecord{6f84373 u0 com.android.permissioncontroller/com.android.packageinstaller.permission.ui.ReviewPermissionsActivity t-1}: 0
03-24 10:06:58.396   713   713 D android.hardware.power@1.3-service-libperfmgr: LAUNCH ON
03-24 10:06:58.409  3217  3240 I Clay    : Exiting VR mode
03-24 10:06:58.409  3217  3240 I VrApi   : ---------- vrapi_LeaveVrMode [start] ----------
03-24 10:06:58.409  3255  3255 D [SEO] ShellEnvOverlayService: Message Handler: onPause
03-24 10:06:58.411  1081  1103 W InputReader: Device has associated, but no associated display id.
03-24 10:06:58.411  1081  1103 W InputReader: Device has associated, but no associated display id.
03-24 10:06:58.412  3217  3240 D VrApi   : targetSDKVersion 25
03-24 10:06:58.412  1081  1103 W InputReader: Device has associated, but no associated display id.
03-24 10:06:58.412  2635  2635 W ActivityThread: handleWindowVisibility: no activity for token android.os.BinderProxy@27839af
03-24 10:06:58.413  1081  1103 W InputReader: Device has associated, but no associated display id.
03-24 10:06:58.415  3217  3240 I VrRuntimeClient: DEVICE MODEL NUMBER = Quest 2
03-24 10:06:58.415  3217  3240 I VrRuntimeClient: DEVICE HARDWARE = hollywood
03-24 10:06:58.415  3217  3240 I VrRuntimeClient: DEVICE BUILD NAME = user-1462400.7360.0
03-24 10:06:58.415  3217  3240 I VrRuntimeClient: DEVICE BUILD TYPE = user
03-24 10:06:58.415  3217  3240 I VrRuntimeClient: DEVICE OS VERSION = 10
03-24 10:06:58.415  3217  3240 I VrRuntimeClient: VRRUNTIME VERSION = VRAPI_VERSION_BEGIN { 1.1.43.0-274987955-274987955 Feb 23 2021 19:56:04 Development } RELEASE
03-24 10:06:58.415  3217  3240 I VrRuntimeClient: API LOADER VERSION = 1.1.34.0
03-24 10:06:58.415  3217  3240 I VrRuntimeClient: VRDRIVER VERSION = 26.0.0.41.502
03-24 10:06:58.415  3217  3240 I VrRuntimeClient: APP NAME = ShellEnv
03-24 10:06:58.415  3217  3240 I VrRuntimeClient: APP VERSION = 26.0.0.40.502 versionCode 274980181 internalVersionName 26.0.0.40.502.1da17d6e3b32 2021_02_23_18_46
03-24 10:06:58.415  3217  3240 I VrRuntimeClient: APP VR TYPE = vr_only
03-24 10:06:58.415  3217  3240 I VrRuntimeClient: APP MODE TYPE = <none>
03-24 10:06:58.415  3217  3240 I VrRuntimeClient: APP PACKAGE NAME = com.oculus.shellenv
03-24 10:06:58.415  3217  3240 I VrRuntimeClient: APP ACTIVITY CLASS = com.oculus.shellenv.ShellEnvActivity
03-24 10:06:58.418   727  1578 D AF::TrackHandle: OpPlayAudio: track:69 uid:10020 pkg:com.oculus.vrshell usage:1 not muted
03-24 10:06:58.418   727  1867 D AF::TrackHandle: OpPlayAudio: track:64 uid:1000 pkg:com.android.networkstack.inprocess usage:13 not muted
03-24 10:06:58.418   727  1578 D AF::TrackHandle: OpPlayAudio: track:69 uid:10020 pkg:com.oculus.vrshell usage:1 not muted
03-24 10:06:58.418   727  1867 D AF::TrackHandle: OpPlayAudio: track:64 uid:1000 pkg:com.android.networkstack.inprocess usage:13 not muted
03-24 10:06:58.422  3217  3240 D BatteryReceiver: Unregistering battery receiver
03-24 10:06:58.424  3217  3240 I Sensor  : OSSDKTRACKING Shutdown tracking
03-24 10:06:58.426  3217 32661 I VrApi   : FPS=89/90,Prd=0ms,Tear=0,Early=0,Stale=0,VSnc=1,Lat=1,Fov=0,CPU4/GPU=2/3,2419/490MHz,OC=FF,TA=0/F/0,SP=N/F/N,Mem=2092MHz,Free=3734MB,PLS=0,Temp=40.7C/0.0C,TW=0.99ms,App=0.01ms,GD=0.00ms,CPU&GPU=11.59ms,LCnt=0,GPU%=0.10,CPU%=0.10(W0.14),DSF=1.00
03-24 10:06:58.426  3217  3240 I VrApi   : OVR::Stats thread stopped
03-24 10:06:58.426  3217  3240 I InputDeviceManager: ovrInputDeviceManager::~ovrInputDeviceManager
03-24 10:06:58.426  3217  3240 I HandDataQuerier: OSSDKTRACKING shutting down HandsTracker
03-24 10:06:58.426  3217  3240 I HandDataQuerier: OSSDKTRACKING shutting down HandsTracker
03-24 10:06:58.426  3217  3240 I InputDevice_TrackedRemote: OSSDKTRACKING shutting down Haptics
03-24 10:06:58.426  3217  3240 I InputDevice_TrackedRemote: OSSDKTRACKING shutting down Haptics
03-24 10:06:58.426  3217  3240 D OsSdk   : TrackingServiceConnection dtor
--------- beginning of tracking
03-24 10:06:58.426   838   838 I TrackingService: Unregistering client by ITrackingService.unregisterClient
03-24 10:06:58.426   838   838 I TrackingService: TrackingServiceHost Unregistering client: com.oculus.shellenv#3217
03-24 10:06:58.426  3217  3240 D OsSdk   : TrackingServiceConnection unregistered
03-24 10:06:58.429   727   996 D AF::TrackHandle: OpPlayAudio: track:56 uid:10014 pkg:com.oculus.shellenv usage:1 muted
03-24 10:06:58.430   727   996 D AF::TrackHandle: OpPlayAudio: track:56 uid:10014 pkg:com.oculus.shellenv usage:1 muted
03-24 10:06:58.434  3217 32660 I ClientInputThread_Internal: InputThreadRun ShutdownRequest received
03-24 10:06:58.434  3217  3240 I InputHooks_Internal: Disabling Native Input Hooks
03-24 10:06:58.435  2226  2480 D VrRuntimeService: enableRendering: 3217:com.oculus.shellenv: null enable: false
03-24 10:06:58.435  2226  2480 I ClientMgr: ClientMgr::EnableRendering 3217:com.oculus.shellenv : type 0 comp-id 4: disable
03-24 10:06:58.435  2226  2480 I VrRuntimeServer: DisableCompositorClient: 4
03-24 10:06:58.435  2226  2480 I TimeWarpClientMgr: Disable client 4
03-24 10:06:58.435  2226  2480 I TimeWarpClientMgr: DisableClient: frame flush required: 1
03-24 10:06:58.448  2226  2480 I UnifiedTelemetryWrapper: Stopped UT session render:com.oculus.shellenv
03-24 10:06:58.448  2226  2304 I ClientMgr: Non-overlay clients rendering status has changed: prev=21, curr=22, enabled=0
03-24 10:06:58.449  3217 32663 I FenceChecker: FenceChecker::MainLoop - ended
03-24 10:06:58.449  3217  3240 I VrApi   : ---------- vrapi_LeaveVrMode [end] ----------
03-24 10:06:58.449  3217  3240 I Clay    : BaseApp: Entering hibernation in 30 frames
03-24 10:06:58.450  3255  3344 I [OAR] ShellApp: 0xcb561ba8 msg: pause
03-24 10:06:58.450  3255  3344 I [OAR] ShellApp: ShellApp::LeaveVrMode()
03-24 10:06:58.450  3255  3344 W VrApi   : ovr_SubmitFrameInternal: FrameIndex discontinuity: Expected 24470, Received 24469
03-24 10:06:58.462   706   706 D msm8974_platform: platform_split_snd_device: snd_device(2) num devices(1) new_snd_devices(0)
03-24 10:06:58.463   706   706 D ACDB-LOADER: ACDB -> send_audvoltable
03-24 10:06:58.463   706   706 D ACDB-LOADER: ACDB -> ACDB_CMD_GET_AUDPROC_INSTANCE_GAIN_DEP_STEP_TABLE_SIZE
03-24 10:06:58.463   706   706 D ACDB-LOADER: ACDB -> ACDB_CMD_GET_AUDPROC_INSTANCE_GAIN_DEP_STEP_TABLE, vol index 9
03-24 10:06:58.463   706   706 D ACDB-LOADER: ACDB -> AUDIO_SET_VOL_CAL cal type = 40
03-24 10:06:58.463   706   706 D msm8974_platform: platform_split_snd_device: snd_device(2) num devices(1) new_snd_devices(0)
03-24 10:06:58.463   706   706 D ACDB-LOADER: ACDB -> send_audvoltable
03-24 10:06:58.464   706   706 D ACDB-LOADER: ACDB -> ACDB_CMD_GET_AUDPROC_INSTANCE_GAIN_DEP_STEP_TABLE_SIZE
03-24 10:06:58.464   706   706 D ACDB-LOADER: ACDB -> ACDB_CMD_GET_AUDPROC_INSTANCE_GAIN_DEP_STEP_TABLE, vol index 9
03-24 10:06:58.464   706   706 D ACDB-LOADER: ACDB -> AUDIO_SET_VOL_CAL cal type = 40
03-24 10:06:58.465  3255  3344 I [OAR] SystemAssistant: OnModeChanged from FullShell to ImmersiveAppFocused
03-24 10:06:58.465  3255  3344 I [OAR] AudioMixer: Disabling AudioPlayer.
03-24 10:06:58.475  1081  1118 W InputReader: Device has associated, but no associated display id.
03-24 10:06:58.393  1081  1104 I chatty  : uid=1000(system) Binder:1081_2 identical 1 line
03-24 10:06:58.395  1081  1104 D ActivityTaskManager: Preferred display for non-VR activity ActivityRecord{6f84373 u0 com.android.permissioncontroller/com.android.packageinstaller.permission.ui.ReviewPermissionsActivity t-1}: 0
03-24 10:06:58.476  1081  1132 V DisplayPowerController: Brightness [255] reason changing to: 'override', previous reason: 'manual'.
03-24 10:06:58.480  3255 32659 I [OAR] AudioMixer: Notifying VrThread to shutdown.
03-24 10:06:58.480  3255  3344 I [OAR] AudioMixer: Successful shutdown.
03-24 10:06:58.480  3255  3344 I [OAR] AudioEngine: virtual void AudioLibrary::AudioEngine::DisablePlayer()
03-24 10:06:58.480  3255  3344 I [OAR] AudioEngine: Setting ShuttingDown.
03-24 10:06:58.480  1081  1122 I ActivityTaskManager: Displayed com.android.permissioncontroller/com.android.packageinstaller.permission.ui.ReviewPermissionsActivity: +87ms
03-24 10:06:58.492   713   713 D android.hardware.power@1.3-service-libperfmgr: LAUNCH OFF
03-24 10:06:58.500  3255 32659 I [OAR] AudioMixer: Notifying VrThread to shutdown.
03-24 10:06:58.500  3255 32659 I [OAR] AudioEngine: Fading final buffer
03-24 10:06:58.519  3255 32659 I [OAR] AudioEngine: Notifying VrThread to shutdown.
03-24 10:06:58.519  3255 32659 D         : PlayerBase::stop() from IPlayer
03-24 10:06:58.519  3255 32659 D AudioTrack: stop(25): called with 4911360 frames delivered
03-24 10:06:58.519  3255  3344 I [OAR] AudioEngine: Stopping player
03-24 10:06:58.520  3255  3344 D         : PlayerBase::stop() from IPlayer
03-24 10:06:58.520  1330  1330 V AvrcpMediaPlayerList: onPlaybackConfigChanged(): Configs list size=3
03-24 10:06:58.521  3255  3344 D [SEO] ShellApplication: abandonAudioFocus
03-24 10:06:58.521  1330  1330 V AvrcpMediaPlayerList: onPlaybackConfigChanged(): Configs list size=2
03-24 10:06:58.522  1081  1103 I MediaFocusControl: abandonAudioFocus() from uid/pid 10020/3255 clientId=android.media.AudioManager@89b1ea8com.oculus.vrshell.ShellAudioFocusHandler@b536dc1
03-24 10:06:58.525  3255  3344 D [SEO] ShellApplication: setOverlayInputFocus: inputFocus=false shouldSupportIME=false
03-24 10:06:58.525  3255  3344 D [SEO] BaseOverlayService: setOverlayInputFocus : entrypoint - inputFocus=false shouldSupportIME=false
03-24 10:06:58.525  3255  3344 I VrApi   : ---------- vrapi_LeaveVrMode [start] ----------
03-24 10:06:58.525  3255  3255 D [SEO] BaseOverlayService: detachServiceWindowView
03-24 10:06:58.527  3255  3344 D VrApi   : targetSDKVersion 27
03-24 10:06:58.528  1081  1081 W TelecomManager: Telecom Service not found.
03-24 10:06:58.530  3255  3344 I VrRuntimeClient: DEVICE MODEL NUMBER = Quest 2
03-24 10:06:58.530  3255  3344 I VrRuntimeClient: DEVICE HARDWARE = hollywood
03-24 10:06:58.530  3255  3344 I VrRuntimeClient: DEVICE BUILD NAME = user-1462400.7360.0
03-24 10:06:58.530  3255  3344 I VrRuntimeClient: DEVICE BUILD TYPE = user
03-24 10:06:58.530  3255  3344 I VrRuntimeClient: DEVICE OS VERSION = 10
03-24 10:06:58.530  3255  3344 I VrRuntimeClient: VRRUNTIME VERSION = VRAPI_VERSION_BEGIN { 1.1.43.0-274987955-274987955 Feb 23 2021 19:56:04 Development } RELEASE
03-24 10:06:58.530  3255  3344 I VrRuntimeClient: API LOADER VERSION = 1.1.34.0
03-24 10:06:58.530  3255  3344 I VrRuntimeClient: VRDRIVER VERSION = 26.0.0.41.502
03-24 10:06:58.530  3255  3344 I VrRuntimeClient: APP NAME = Oculus App Runtime
03-24 10:06:58.530  3255  3344 I VrRuntimeClient: APP VERSION = 26.0.0.40.502 versionCode 274988282 internalVersionName 26.0.0.40.502.3d49ffb6cc0f 2021_02_23_19_55
03-24 10:06:58.530  3255  3344 I VrRuntimeClient: APP VR TYPE = vr_only
03-24 10:06:58.530  3255  3344 I VrRuntimeClient: APP MODE TYPE = VR
03-24 10:06:58.530  3255  3344 I VrRuntimeClient: APP PACKAGE NAME = com.oculus.vrshell
03-24 10:06:58.530  3255  3344 I VrRuntimeClient: APP ACTIVITY CLASS = com.oculus.os.WindowTokenContext
03-24 10:06:58.530  2226  2226 D VrRuntimeService: onFocusedWindowChanged: focusedWindowToken=android.os.BinderProxy@280dfb0, focusedWindowUid=10011, focusedWindowPid=2635
03-24 10:06:58.530  2226  2226 W ClientMgr: ClientMgr::SetFocusedClient: No focused client
03-24 10:06:58.530  2226  2226 I ClientMgr: Releasing clocks.
03-24 10:06:58.531  3255  3344 D BatteryReceiver: Unregistering battery receiver
03-24 10:06:58.531  2635  5062 I VrApi   : ---------- vrapi_EnterVrMode [start] ----------
03-24 10:06:58.531  2635  5062 I VrRuntimeClient: Tracing is disabled
03-24 10:06:58.531  2635  5062 I VrRuntimeClient: SysProp debug mode is disabled on Client side
03-24 10:06:58.532  2635  5062 D VrApi   : targetSDKVersion 29
03-24 10:06:58.532  3255  3344 I Sensor  : OSSDKTRACKING Shutdown tracking
03-24 10:06:58.533  2635  5062 I VrRuntimeClient: DEVICE MODEL NUMBER = Quest 2
03-24 10:06:58.533  2635  5062 I VrRuntimeClient: DEVICE HARDWARE = hollywood
03-24 10:06:58.534  2635  5062 I VrRuntimeClient: DEVICE BUILD NAME = user-1462400.7360.0
03-24 10:06:58.534  2635  5062 I VrRuntimeClient: DEVICE BUILD TYPE = user
03-24 10:06:58.534  2635  5062 I VrRuntimeClient: DEVICE OS VERSION = 10
03-24 10:06:58.534  2635  5062 I VrRuntimeClient: VRRUNTIME VERSION = VRAPI_VERSION_BEGIN { 1.1.43.0-274987955-274987955 Feb 23 2021 19:56:04 Development } RELEASE
03-24 10:06:58.534  2635  5062 I VrRuntimeClient: API LOADER VERSION = 1.1.34.0
03-24 10:06:58.534  2635  5062 I VrRuntimeClient: VRDRIVER VERSION = 26.0.0.41.502
03-24 10:06:58.534  2635  5062 I VrRuntimeClient: APP NAME = Permission controller
03-24 10:06:58.534  2635  5062 I VrRuntimeClient: APP VERSION = 29 system image versionCode 299900000 internalVersionName <none>
03-24 10:06:58.534  2635  5062 I VrRuntimeClient: APP VR TYPE = <none>
03-24 10:06:58.534  2635  5062 I VrRuntimeClient: APP MODE TYPE = <none>
03-24 10:06:58.534  2635  5062 I VrRuntimeClient: APP PACKAGE NAME = com.android.permissioncontroller
03-24 10:06:58.534  2635  5062 I VrRuntimeClient: APP ACTIVITY CLASS = com.oculus.os.DialogContext
03-24 10:06:58.534  2635  5062 I Sensor  : OSSDKTRACKING Initializing head tracking
03-24 10:06:58.534  2635  5062 D OsSdk   : TrackingServiceConnection ctor
03-24 10:06:58.534  2635  5062 I Sensor  : OSSDKTRACKING Head tracker != nullpointer 0x748f73de78, 1
03-24 10:06:58.534  2635  5062 I Sensor  : OSSDKTRACKING Initializing controller tracking
03-24 10:06:58.534  2635  5062 I Sensor  : OSSDKTRACKING Controller tracker != nullpointer 0x748f759e00, 1
03-24 10:06:58.534  2635  5062 D BatteryReceiver: Registering battery receiver
03-24 10:06:58.534  2307  2307 I [OAO] VrNotificationListenerService: onNotificationRemoved(): key = 0|android|0|com.android.server.wm.AlertWindowNotification - com.oculus.vrshell|1000, type = third_party
03-24 10:06:58.534  2307  2307 I [OAO] VrNotificationListenerService: onNotificationRemoved(): user|package|tag|id = UserHandle{0}|android|com.android.server.wm.AlertWindowNotification - com.oculus.vrshell|0
03-24 10:06:58.537  1591  1591 D OculusNotificationListenerService: Notification removed: 0|android|0|com.android.server.wm.AlertWindowNotification - com.oculus.vrshell|1000
03-24 10:06:58.540  3074  3074 D [SUI] NotificationBroadcastReceiver: action: com.oculus.intent.action.NOTIF_CHANGE
03-24 10:06:58.540  3074  3074 I NotificationManagerSourceHandler: Dataset has changed
03-24 10:06:58.540  2226  2304 I PerformanceManager: SetClockLevels: Force releasing clocks
03-24 10:06:58.540  2226  2304 I PerformanceManager: SetClockLevels: Apply pending clock request change: 2,3 -> -1,-1
03-24 10:06:58.540  2226  2278 I Clocks  : ReleaseClocks - start
03-24 10:06:58.541   713   713 D android.hardware.power@1.3-service-libperfmgr: Unset hint for clock domain: 0
03-24 10:06:58.541  2226  2278 I Clocks  : ReleaseClocks - end (0.5 ms)
03-24 10:06:58.541   713   764 D android.hardware.power@1.3-service-libperfmgr: Unset hint for clock domain: 1
03-24 10:06:58.547  3255  3255 D [SEO] BaseOverlayService: setOverlayInputFocus : completed - inputFocus=false shouldSupportIME=false actionTaken:true
03-24 10:06:58.551  2226  2304 I PerformanceManager: SetClockLevels: Apply pending clock request change: -1,-1 -> 2,3
03-24 10:06:58.551  2226  2278 I Clocks  : LockClocks( cpu=2, gpu=3 ) - start
03-24 10:06:58.552  2635  5062 D HeadsetReceiver: getCurrentHeadsetState: false
03-24 10:06:58.552  2635  5062 I DeviceStatus: nativeHeadsetEvent(0)
03-24 10:06:58.552  2307  2307 D VrNotificationAnalytics: logNotificationRemoved(third_party)
03-24 10:06:58.553  2226  2278 I Clocks  : CPU levels [0, 4]
03-24 10:06:58.553  2226  2278 I Clocks  : GPU levels [0, 5]
03-24 10:06:58.555  2226  2278 I Clocks  : LockClocks( cpu=2, gpu=3 ) - end (3.1 ms)
03-24 10:06:58.555   713   764 D android.hardware.power@1.3-service-libperfmgr: set performance level 2, domain 0
03-24 10:06:58.555  2635  5062 I LatencySequenceLogger: handPoseLatency0 - Logger reset. Session ID: -5327160578377820450
03-24 10:06:58.555  2635  5062 I LatencySequenceLogger: pointerPoseLatency0 - Logger reset. Session ID: -6630971065596304060
03-24 10:06:58.555  2635  5062 I LatencySequenceLogger: handPoseLatency1 - Logger reset. Session ID: 2461560478458147669
03-24 10:06:58.555  2635  5062 I LatencySequenceLogger: pointerPoseLatency1 - Logger reset. Session ID: -2757839015741048155
03-24 10:06:58.555  2635  5062 I LatencySequenceLogger: gfrLatency - Logger reset. Session ID: 3131954661210989906
03-24 10:06:58.555  2635  5062 I LatencySequenceLogger: trackedRemoteLatency0 - Logger reset. Session ID: -4689834055340888793
03-24 10:06:58.555  2635  5062 I LatencySequenceLogger: trackedRemoteLatency1 - Logger reset. Session ID: -9084076801703375750
03-24 10:06:58.555   713   764 D android.hardware.power@1.3-service-libperfmgr: set performance level 3, domain 1
03-24 10:06:58.555  2635  5062 I ClientInputInterface: DEADRECKONING SetControllerTrackingExtendedDeadreckoning 0
03-24 10:06:58.555  2635  5062 D InputHooksJava: Enabling Java Input Hooks
03-24 10:06:58.556  2635  5062 I InputDevice_TrackedRemote: OSSDKTRACKING Initializing Haptics
03-24 10:06:58.556  2635  5062 I InputDevice_TrackedRemote: OSSDKTRACKING Haptics != nullpointer 0x748f7be740, 1
03-24 10:06:58.556  2635  5062 I InputDevice_TrackedRemote: OSSDKTRACKING Initializing Haptics
03-24 10:06:58.556  2635  5062 I InputDevice_TrackedRemote: OSSDKTRACKING Haptics != nullpointer 0x748f7be780, 1
03-24 10:06:58.556  2635  5062 I InputDeviceManager: ovrInputDeviceManager::Initialize
03-24 10:06:58.556  2635  5062 I HandDataQuerier: OSSDKTRACKING Initializing HandsTracker
03-24 10:06:58.556  2635  5062 I HandDataQuerier: OSSDKTRACKING HandsTracker != nullpointer 0x752654bf80, 1
03-24 10:06:58.556  2635  5062 I HandDataQuerier: OSSDKTRACKING Initializing HandsTracker
03-24 10:06:58.556  2635  5062 I HandDataQuerier: OSSDKTRACKING HandsTracker != nullpointer 0x752654c0c0, 1
03-24 10:06:58.556  2635  5062 I InputDeviceManager: HANDTRACKING packagename is com.android.permissioncontroller
03-24 10:06:58.556  2142 11556 I LibraryProvider: running queryApp(com.oculus.shellenv) for com.oculus.uid:10031
03-24 10:06:58.557  2142 11556 W LibraryProvider: Cannot find entitlement for com.oculus.shellenv
03-24 10:06:58.557  2635  5062 I InputDeviceManager: HANDTRACKING: Manifest Permission request for com.android.permissioncontroller
03-24 10:06:58.557  1950  1950 W OVRLibrary: null cursor received for query content://com.oculus.ocms.library/apps/com.oculus.shellenv
03-24 10:06:58.558  2635  5062 I InputDeviceManager: HANDTRACKING:  'com.android.permissioncontroller' Is hands or controller.
03-24 10:06:58.558  2635  5062 I InputDeviceManager: HANDTRACKING: feature flag set to 2
03-24 10:06:58.558  2635  5062 I ClientInputInterface: HANDTRACKING sethandmanifest 2
03-24 10:06:58.558  2635  5063 I InputDeviceManager: HANDTRACKING Pose filter profile changed to: 0
03-24 10:06:58.558   838   838 I TrackingService: TrackingService::getSharedMemoryFileDescriptor
03-24 10:06:58.558  2635  5063 I InputDeviceManager: HANDTRACKING Pose filter profile changed to: 0
03-24 10:06:58.558  1950  1950 I PlatformPlugin: [PlatformPluginManager] SetSystemVoipPassthrough 0
03-24 10:06:58.558  1950  1950 E OVRPlatform: [PartiesAPI] ovr_Party_PluginGetSharedMemHandle: This function is deprecated, do not use
03-24 10:06:58.558   838   838 I TrackingService: TrackingService::registerClient
03-24 10:06:58.558   838   838 I TrackingService: Registering client with TrackingServiceHost (com.android.permissioncontroller#2635)
03-24 10:06:58.559  2307  2307 D DeviceHelper: isScreenOn = true
03-24 10:06:58.559  2307  2307 D [OAO] ShellOverlayBroadcastReceiver: onReceive with ShellOverlayService native pointer 4133595640, action com.oculus.vrshell.intent.action.DISMISS_NOTIFICATION
03-24 10:06:58.559  2307  2307 D [OAO] RssdkHelper: getCurrentPackageInfo
03-24 10:06:58.559  2307  2307 I [OAO] RssdkHelperJNI: Java_com_oculus_common_navigation_RssdkHelper_nativeGetCurrentPackageInfo
03-24 10:06:58.559   838   838 I TrackingService: Notifying client com.android.permissioncontroller#2635 of new remote b298f93898a8d8b4
03-24 10:06:58.559  2307  2307 I [OAO] RssdkHelperJNI: NativeGetCurrentPackageInfo - str combined: 'com.oculus.shellenv false'
03-24 10:06:58.559   838   838 I TrackingService: Notifying client com.android.permissioncontroller#2635 of new remote d1a68fb151f50abc
03-24 10:06:58.559   838   838 I TrackingService: TrackingServiceHost GetSharedMemoryFileDescriptor for client com.android.permissioncontroller#2635
03-24 10:06:58.559   838   838 I TrackingService: TrackingServiceHost registered common client; there are 0 secure clients
03-24 10:06:58.559  2635  5062 D OsSdk   : TrackingServiceConnection registered
03-24 10:06:58.559  2635  5062 I Distortion: Initializing Mesh Decenter Correction
03-24 10:06:58.560  1950  1950 E OVRMediaServiceManager: LivestreamingManager Not initialized
03-24 10:06:58.560  2307  2307 D [OAO] PrimaryPackage: Shell or ShellEnv foreground
03-24 10:06:58.560  2635  5062 I Distortion: EYE_DECENTER ipdMin 58.1364 left H: -8.1595 v: 3.6616  right  H: -4.9562 v: 0.1797
03-24 10:06:58.560  2635  5062 I Distortion: EYE_DECENTER ipdMid 63.0543 left H: 0.7277 v: 2.5898  right  H: 1.0983 v: 2.3797
03-24 10:06:58.560  2635  5062 I Distortion: EYE_DECENTER ipdMax 67.9727 left H: 1.9973 v: 1.518  right  H: -0.1126 v: 2.3797
03-24 10:06:58.560  2635  5062 I Distortion: EYE_DECENTER PIXELS(4) left H: 8.1595 V: -3.6616  right H: 4.9562 V: -0.1797
03-24 10:06:58.560  2635  5062 I Distortion: EYE_DECENTER iad: 0.0582161, left H: 0.000215424 V: -0.000120284  right H: 0.000215424 V: -5.90315e-06
03-24 10:06:58.560  2635  5062 I Distortion: SetLensPositions - iad=0.0582161, left offset=-0.00237693,-0.00136858, right offset=0.00280778,-0.0012542
03-24 10:06:58.560  2635  5062 I Distortion: Initializing Mesh Decenter Correction
03-24 10:06:58.561  2635  5062 I Distortion: EYE_DECENTER ipdMin 58.1364 left H: -8.1595 v: 3.6616  right  H: -4.9562 v: 0.1797
03-24 10:06:58.561  2635  5062 I Distortion: EYE_DECENTER ipdMid 63.0543 left H: 0.7277 v: 2.5898  right  H: 1.0983 v: 2.3797
03-24 10:06:58.561  2635  5062 I Distortion: EYE_DECENTER ipdMax 67.9727 left H: 1.9973 v: 1.518  right  H: -0.1126 v: 2.3797
03-24 10:06:58.561  2635  5062 I Distortion: EYE_DECENTER PIXELS(4) left H: 8.1595 V: -3.6616  right H: 4.9562 V: -0.1797
03-24 10:06:58.561  2635  5062 I Distortion: EYE_DECENTER iad: 0.0582161, left H: 0.000215424 V: -0.000120284  right H: 0.000215424 V: -5.90315e-06
03-24 10:06:58.561  2635  5062 I Distortion: SetLensPositions - iad=0.0582161, left offset=-0.00237693,-0.00136858, right offset=0.00280778,-0.0012542
03-24 10:06:58.561  2635  5062 I Distortion: Created custom distortion mesh.
03-24 10:06:58.561  2635  5062 I Distortion: ovrDistortionMeshHeader::magic = 0x56347807
03-24 10:06:58.561  2635  5062 I Distortion: ovrDistortionMeshHeader::deviceModel = 0x200
03-24 10:06:58.561  2635  5062 I Distortion: ovrDistortionMeshHeader::headsetModel = 0x104
03-24 10:06:58.561  2635  5062 I Distortion: ovrDistortionMeshHeader::eyeBlocksWide = 32
03-24 10:06:58.561  2635  5062 I Distortion: ovrDistortionMeshHeader::eyeBlocksHigh = 32
03-24 10:06:58.561  2635  5062 I Distortion: ovrDistortionMeshHeader::lensSeparationMeters = 0.058216
03-24 10:06:58.561  2635  5062 I Distortion: ovrDistortionMeshHeader::horizontalOffsetMeters = 0.000215
03-24 10:06:58.561  2635  5062 I Distortion: ovrDistortionMeshHeader::displayWidthMeters = 0.120362
03-24 10:06:58.561  2635  5062 I Distortion: ovrDistortionMeshHeader::displayHeightMeters = 0.063072
03-24 10:06:58.561  2635  5062 I Distortion: ovrDistortionMeshHeader::displayWidthPixels = 3664
03-24 10:06:58.561  2635  5062 I Distortion: ovrDistortionMeshHeader::displayHeightPixels = 1920
03-24 10:06:58.561  2635  5062 I Distortion: ovrDistortionMeshHeader::eyeTextureWidthPixels = 1440
03-24 10:06:58.561  2635  5062 I Distortion: ovrDistortionMeshHeader::eyeTextureHeightPixels = 1584
03-24 10:06:58.561  2635  5062 I Distortion: ovrDistortionMeshHeader::leftEye = up 48.000000 / down 50.000000 / left 52.000000 / right 42.000000
03-24 10:06:58.561  2635  5062 I Distortion: ovrDistortionMeshHeader::rightEye = up 48.000000 / down 50.000000 / left 42.000000 / right 52.000000
03-24 10:06:58.561  2635  5062 I VrApi   : ovrModeParms::VRAPI_MODE_FLAG_RESET_WINDOW_FULLSCREEN = 1
03-24 10:06:58.561  2635  5062 I VrApi   : ovrModeParms::VRAPI_MODE_FLAG_NATIVE_WINDOW = 1
03-24 10:06:58.561  2635  5062 I VrApi   : ovrModeParms::VRAPI_MODE_FLAG_FRONT_BUFFER_SRGB = 0
03-24 10:06:58.561  2635  5062 I VrApi   : ovrModeParms::VRAPI_MODE_FLAG_CREATE_CONTEXT_NO_ERROR = 0
03-24 10:06:58.561  2635  5062 I VrApi   : ovrModeParms::VRAPI_MODE_FLAG_PHASE_SYNC = 0
03-24 10:06:58.561  2635  5062 I VrApi   : ovrModeParms::VRAPI_MODE_FLAG_APP_SPACE_WARP = 0
03-24 10:06:58.561  2635  5062 I VrRuntimeClient: SetPhaseSyncMode 0
03-24 10:06:58.561  2635  5062 I VrApi   : PhaseSync disabled
03-24 10:06:58.561  2635  5062 I VrApi   : HMD sensor attached.
03-24 10:06:58.561  2635  5062 D VrRuntimeClient: pokeGuardianUserServiceForThisClient: com.android.permissioncontroller:10011
03-24 10:06:58.563  3150  3150 D [OAR] RssdkHelper: getCurrentPackageInfo
03-24 10:06:58.563  3150  3150 I [OAR] RssdkHelperJNI: Java_com_oculus_common_navigation_RssdkHelper_nativeGetCurrentPackageInfo
03-24 10:06:58.563  3150  3150 I [OAR] RssdkHelperJNI: NativeGetCurrentPackageInfo - str combined: 'com.oculus.shellenv false'
03-24 10:06:58.563  2635  5062 D VrRuntimeClient: VrRuntimeClient: enableRendering: dialog client
03-24 10:06:58.563  3150  3150 D [OAR] ShellControlProtectedReceiver: onReceive with MainActivity native pointer 0, action com.oculus.vrshell.intent.action.DISMISS_NOTIFICATION
03-24 10:06:58.563  2635  5062 D VrRuntimeClient: VrRuntimeClient: enableRendering: Using clientWindow=android.os.BinderProxy@91009bd
03-24 10:06:58.563  2368  2368 D VrGuardianUserService: onStartCommandIntent { act=FOREGROUND_CLIENT cmp=com.oculus.guardian/com.oculus.vrguardianservice.VrGuardianUserService (has extras) }
03-24 10:06:58.564  2226  2480 I ClientMgr: ClientMgr::SetFocusedClient: 2635:com.android.permissioncontroller type 0
03-24 10:06:58.564  2226  2480 I VrRuntimeService: RuntimeIPC: SendFocusChangeEventToAllClients: PostClientEvent SUCCESS: com.android.permissioncontroller:com.android.permissioncontroller:2635, com.android.permissioncontroller, com.android.permissioncontroller
03-24 10:06:58.564  2226  2480 I VrRuntimeService: RuntimeIPC: SendFocusChangeEventToAllClients: PostClientEvent SUCCESS: com.oculus.vrshell:com.oculus.vrshell:Overlay:2307, com.android.permissioncontroller, com.android.permissioncontroller
03-24 10:06:58.564  2226  2480 I VrRuntimeService: RuntimeIPC: SendFocusChangeEventToAllClients: PostClientEvent SUCCESS: com.oculus.vrshell:com.oculus.vrshell:3150, com.android.permissioncontroller, com.android.permissioncontroller
03-24 10:06:58.564  2226  2480 I VrRuntimeService: RuntimeIPC: SendFocusChangeEventToAllClients: PostClientEvent SUCCESS: android.uid.systemui:10056:com.android.systemui:1356, com.android.permissioncontroller, com.android.permissioncontroller
03-24 10:06:58.564  2226  2480 I VrRuntimeService: RuntimeIPC: SendFocusChangeEventToAllClients: PostClientEvent SUCCESS: com.oculus.shellenv:com.oculus.shellenv:3217, com.android.permissioncontroller, com.android.permissioncontroller
03-24 10:06:58.564  2226  2480 I VrRuntimeService: RuntimeIPC: SendFocusChangeEventToAllClients: PostClientEvent SUCCESS: com.oculus.vrshell:com.oculus.vrshell:EnvOverlay:3255, com.android.permissioncontroller, com.android.permissioncontroller
03-24 10:06:58.564  2226  2480 I VrRuntimeService: RuntimeIPC: SendFocusChangeEventToAllClients: PostClientEvent SUCCESS: com.oculus.guardian:com.oculus.vrguardianservice:2368, com.android.permissioncontroller, com.android.permissioncontroller
03-24 10:06:58.564  2226  2480 D VrRuntimeService: enableRendering: 2635:com.android.permissioncontroller: android.os.BinderProxy@280dfb0 enable: true
03-24 10:06:58.564  2226  2480 I ClientMgr: ClientMgr::EnableRendering 2635:com.android.permissioncontroller : type 0 comp-id 9: enable
03-24 10:06:58.564  2226  2480 I TimeWarp: CheckDebuggerConnected: debugger 0
03-24 10:06:58.564  2226  2480 I VrRuntimeServer: SysProp debug mode is disabled on Server side
03-24 10:06:58.565  3255  3344 I VrApi   : OVR::Stats thread stopped
03-24 10:06:58.565  3255  3344 I InputDeviceManager: ovrInputDeviceManager::~ovrInputDeviceManager
03-24 10:06:58.565  3255  3344 I HandDataQuerier: OSSDKTRACKING shutting down HandsTracker
03-24 10:06:58.565  3255  3344 I HandDataQuerier: OSSDKTRACKING shutting down HandsTracker
03-24 10:06:58.565  3255  3344 I InputDevice_TrackedRemote: OSSDKTRACKING shutting down Haptics
03-24 10:06:58.565  3255  3344 I InputDevice_TrackedRemote: OSSDKTRACKING shutting down Haptics
03-24 10:06:58.565  3255  3344 D OsSdk   : TrackingServiceConnection dtor
03-24 10:06:58.565   838   838 I TrackingService: Unregistering client by ITrackingService.unregisterClient
03-24 10:06:58.565   838   838 I TrackingService: TrackingServiceHost Unregistering client: com.oculus.vrshell#3255
03-24 10:06:58.565  3255  3344 D OsSdk   : TrackingServiceConnection unregistered
03-24 10:06:58.567  2226  2480 I UnifiedTelemetryWrapper: Started UT session render:com.android.permissioncontroller
03-24 10:06:58.567  3150  3150 D DeviceHelper: isScreenOn = true
03-24 10:06:58.567  3150  3150 D [OAR] PrimaryPackage: ShellEnv is in the foreground
03-24 10:06:58.570  3255  3255 D [SEO] ShellEnvOverlayService: onStartCommand() with action com.oculus.vrshell.SHELL_ENV_BROADCAST_INTENT
03-24 10:06:58.572   706   706 D msm8974_platform: platform_split_snd_device: snd_device(2) num devices(1) new_snd_devices(0)
03-24 10:06:58.572   706   706 D ACDB-LOADER: ACDB -> send_audvoltable
03-24 10:06:58.572   706   706 D ACDB-LOADER: ACDB -> ACDB_CMD_GET_AUDPROC_INSTANCE_GAIN_DEP_STEP_TABLE_SIZE
03-24 10:06:58.572   706   706 D ACDB-LOADER: ACDB -> ACDB_CMD_GET_AUDPROC_INSTANCE_GAIN_DEP_STEP_TABLE, vol index 1
03-24 10:06:58.572   706   706 D ACDB-LOADER: ACDB -> AUDIO_SET_VOL_CAL cal type = 40
03-24 10:06:58.572  2635  5062 I ScreenCaptureHelper: Advertising com.android.permissioncontroller as streamable
03-24 10:06:58.572  2226 10196 I VrRuntimeService: GetSpecialSwapChain: 964669915
03-24 10:06:58.572  2635  5062 I VrApi   : Creating Default swapchain
03-24 10:06:58.572  2226 10196 I VrRuntimeService: GetSpecialSwapChain: 964669915
03-24 10:06:58.572  2635  5062 I VrApi   : Creating Loading Icon swapchain
03-24 10:06:58.572   706   706 D msm8974_platform: platform_split_snd_device: snd_device(2) num devices(1) new_snd_devices(0)
03-24 10:06:58.572   706   706 D ACDB-LOADER: ACDB -> send_audvoltable
03-24 10:06:58.572   706   706 D ACDB-LOADER: ACDB -> ACDB_CMD_GET_AUDPROC_INSTANCE_GAIN_DEP_STEP_TABLE_SIZE
03-24 10:06:58.572   706   706 D ACDB-LOADER: ACDB -> ACDB_CMD_GET_AUDPROC_INSTANCE_GAIN_DEP_STEP_TABLE, vol index 1
03-24 10:06:58.572   706   706 D ACDB-LOADER: ACDB -> AUDIO_SET_VOL_CAL cal type = 40
03-24 10:06:58.573  2307  2307 I [OAO] ShellOverlayService: onStartCommand(): Intent { act=com.oculus.vrshell.intent.action.DISMISS_NOTIFICATION flg=0x10 pkg=com.oculus.vrshell cmp=com.oculus.vrshell/.ShellOverlayService (has extras) }
03-24 10:06:58.573  2307  2307 I [OAO] ShellOverlayServiceJNI: NativeWake
03-24 10:06:58.573  2307  2307 I [OAO] ShellOverlayMain: WakeVrThread
03-24 10:06:58.573  2307  2307 I [OAO] ShellOverlayMain: WakeVrThread - notifying vr thread
03-24 10:06:58.573  2635  5062 I VrApi   : OVR::Stats thread started
03-24 10:06:58.573  2307  2337 I [OAO] ShellOverlayApp: VrThread woke up
03-24 10:06:58.573  2635  5062 I XrRuntimeSystem_Client: BeginSession
03-24 10:06:58.573  2307  2337 I [OAO] ShellOverlayApp: 0xcb3b8c08 msg: broadcastIntent:
03-24 10:06:58.573  2307  2337 I [OAO] ShellOverlayApp: intent_action = com.oculus.vrshell.intent.action.DISMISS_NOTIFICATION
03-24 10:06:58.573  2307  2337 I [OAO] ShellOverlayApp: status_bar_notification = 0|android|0|com.android.server.wm.AlertWindowNotification - com.oculus.vrshell|1000
03-24 10:06:58.573  2307  2337 I [OAO] ShellOverlayApp: shellenv.original_action = com.oculus.vrshell.intent.action.DISMISS_NOTIFICATION
03-24 10:06:58.573  2635  5062 I VrApi   : ---------- vrapi_EnterVrMode [end] ----------
03-24 10:06:58.573  2635  5062 I ClientInputSettings: SetInhibitHandleHomeKey = true for com.android.permissioncontroller
03-24 10:06:58.573  2307  2337 I [OAO] ShellOverlayApp: ProcessMessage_Broadcast: com.oculus.vrshell.intent.action.DISMISS_NOTIFICATION
03-24 10:06:58.573  2635  5062 I ClientInputInterface: SetInhibitHandleHomeKey 1
03-24 10:06:58.573  2226  2304 I ClientMgr: Non-overlay clients rendering status has changed: prev=22, curr=23, enabled=1
03-24 10:06:58.573  2226  2304 I ClientMgr: Primary Client is not valid.
03-24 10:06:58.573  2226  2304 I ClientMgr: Primary client determined to be the current enabled client 9
03-24 10:06:58.573  2226  2304 I ClientMgr: Setting Primary Client to 9
03-24 10:06:58.573  2226  2304 I ClientMgr: Primary Client ID changed
03-24 10:06:58.574  2307  2337 I [OAO] ShellOverlayApp: Start sleep timeout. Now:927.697798, Timeout:929.697798
03-24 10:06:58.574  2226 10196 I VrRuntimeService: CreateSwapChain: 964669915
03-24 10:06:58.574  2226 10196 I VrRuntimeService: CreateSwapChain: api:gles 0 0x8c43 16 16 1 1 1 0 14
03-24 10:06:58.574  2226 10196 I VrRuntimeServer: CreateTextureSwapChain: result importswapchaingles 1
03-24 10:06:58.578  2635  5073 D VrApi   : VrApi::isWifiConnected exception: Make sure android.permission.ACCESS_NETWORK_STATE is set in the manifest.
03-24 10:06:58.582  2635  5073 D VrApi   : targetSDKVersion 29
03-24 10:06:58.584  2635  5073 I JniUtils: ovr_GetCurrentPackageSignature 
03-24 10:06:58.585  2635  5073 I Metrics : device name = Oculus Quest 2
03-24 10:06:58.585  2226  2304 W ClientMgr: ClientMgr::GetClientPermissionFlagsById: Client missing proper permissions: com.android.permissioncontroller, 2
03-24 10:06:58.585  2226  2304 I ClientMgr: ClientMgr::SetPrimaryCompositorClient: 2635:com.android.permissioncontroller
03-24 10:06:58.585  2226  2304 I TimeWarpClientMgr: Enable client 9
03-24 10:06:58.585  2226  2304 I VrRuntimeServer: EnableCompositorClient client(9): layer placement(0) flags(1) sm(0x7496cf7010)
03-24 10:06:58.585  2226  2304 I ServiceInputManager: ServiceInputManager::SetPrimaryPackageName 'com.android.permissioncontroller' 'com.android.permissioncontroller'  updated AnytimeUI processname 0
03-24 10:06:58.585  2226  2304 I VrRuntimeService: RuntimeIPC: SendPrimaryPackageChangeEvent: PostClientEvent SUCCESS: com.android.permissioncontroller:com.android.permissioncontroller:2635, com.android.permissioncontroller, com.android.permissioncontroller
03-24 10:06:58.585  2226  2304 I VrRuntimeService: RuntimeIPC: SendPrimaryPackageChangeEvent: PostClientEvent SUCCESS: com.oculus.vrshell:com.oculus.vrshell:Overlay:2307, com.android.permissioncontroller, com.android.permissioncontroller
03-24 10:06:58.585  2226  2304 I VrRuntimeService: RuntimeIPC: SendPrimaryPackageChangeEvent: PostClientEvent SUCCESS: com.oculus.vrshell:com.oculus.vrshell:3150, com.android.permissioncontroller, com.android.permissioncontroller
03-24 10:06:58.585  2226  2304 I VrRuntimeService: RuntimeIPC: SendPrimaryPackageChangeEvent: PostClientEvent SUCCESS: android.uid.systemui:10056:com.android.systemui:1356, com.android.permissioncontroller, com.android.permissioncontroller
03-24 10:06:58.585  2226  2304 I VrRuntimeService: RuntimeIPC: SendPrimaryPackageChangeEvent: PostClientEvent SUCCESS: com.oculus.shellenv:com.oculus.shellenv:3217, com.android.permissioncontroller, com.android.permissioncontroller
03-24 10:06:58.585  2226  2304 I VrRuntimeService: RuntimeIPC: SendPrimaryPackageChangeEvent: PostClientEvent SUCCESS: com.oculus.vrshell:com.oculus.vrshell:EnvOverlay:3255, com.android.permissioncontroller, com.android.permissioncontroller
03-24 10:06:58.585  2226  2304 I VrRuntimeService: RuntimeIPC: SendPrimaryPackageChangeEvent: PostClientEvent SUCCESS: com.oculus.guardian:com.oculus.vrguardianservice:2368, com.android.permissioncontroller, com.android.permissioncontroller
03-24 10:06:58.585  2226  2304 D VrRuntimeService: sendPrimaryPackageChangeBroadcast
03-24 10:06:58.586  2226  2304 I AADT    : SetAADTLutDataX: 0
03-24 10:06:58.586  2226  2304 I AADT    : SetAADTLutDataY: 0
03-24 10:06:58.586  2226  2304 I ServiceInputManager: DEADRECKONING deadReckoning mode on ClientMgr from server is 0
03-24 10:06:58.586  2226  2304 I ServiceInputManager: HAPTICS: Informing non focused app that remote is connected.
03-24 10:06:58.586  2226  2304 I Vsync   : Adjusting vsync display refresh rate 90.000000 -> 72.000000
03-24 10:06:58.587  2307  2307 D [OAO] ShellOverlayService: screenStateReceiver Received broadcast: com.oculus.vrshell.intent.action.PRIMARY_PACKAGE_CHANGED
03-24 10:06:58.587  2307  2307 I [OAO] ShellOverlayServiceJNI: NativeSendOverlayCommand
03-24 10:06:58.587  2307  2307 I [OAO] ShellOverlayServiceJNI: NativeWake
03-24 10:06:58.587  2307  2307 I [OAO] ShellOverlayMain: WakeVrThread
03-24 10:06:58.587  2307  2307 I [OAO] ShellOverlayMain: WakeVrThread - notifying vr thread
03-24 10:06:58.590  2226 10196 I VrRuntimeService: CreateSwapChain: 964669915
03-24 10:06:58.590  2226 10196 I VrRuntimeService: CreateSwapChain: api:gles 3 0x8058 1000 1000 1 1 1 0 14
03-24 10:06:58.591  2226 10196 I VrRuntimeServer: CreateTextureSwapChain: result importswapchaingles 1
03-24 10:06:58.592  2226  2295 I TimeWarp: SetSchedFifo( tid=3240, pol=2, pri=0 ) succeeded
03-24 10:06:58.592   859   859 E VrApiService: Error set scheduler for process 2226 thread 32663 to 2 : No such process (3)
03-24 10:06:58.592  2226  2295 I TimeWarp: SetSchedFifo( tid=32663, pol=2, pri=0 ) succeeded
03-24 10:06:58.592  2226  2295 I AADT    : SetAADTLutDataX. Thread. SizeX: 0
03-24 10:06:58.592  2226  2295 I AADT    : SetAADTLutDataY. Thread. SizeY: 0
03-24 10:06:58.595  2142 11556 I LibraryProvider: running queryApp(com.android.permissioncontroller) for com.oculus.uid:10031
03-24 10:06:58.595  2142 11556 W LibraryProvider: Cannot find entitlement for com.android.permissioncontroller
03-24 10:06:58.596  1950  1950 W OVRLibrary: null cursor received for query content://com.oculus.ocms.library/apps/com.android.permissioncontroller
03-24 10:06:58.596  3255 32656 I ClientInputThread_Internal: InputThreadRun ShutdownRequest received
03-24 10:06:58.597  3255  3344 D InputHooksJava: Disabling Java Input Hooks
03-24 10:06:58.597  2226  2480 D VrRuntimeService: enableRendering: 3255:com.oculus.vrshell: null enable: false
03-24 10:06:58.597  2226  2480 I ClientMgr: ClientMgr::EnableRendering 3255:com.oculus.vrshell : type 1 comp-id 5: disable
03-24 10:06:58.600  2635  5063 I LatencySequenceLogger: handPoseLatency0 - Logger reset. Session ID: -7558556195366075298
03-24 10:06:58.600  2635  5063 I LatencySequenceLogger: pointerPoseLatency0 - Logger reset. Session ID: 5570775396358031684
03-24 10:06:58.600  2635  5063 I LatencySequenceLogger: handPoseLatency0 - Logger reset. Session ID: -1785681664999772684
03-24 10:06:58.600  2635  5063 I LatencySequenceLogger: pointerPoseLatency0 - Logger reset. Session ID: -95274178318488250
03-24 10:06:58.602  2226 10196 I VrRuntimeService: CreateSwapChain: 964669915
03-24 10:06:58.605   859  3261 D VrApiService: refresh-rate changed to 72Hz
03-24 10:06:58.605  2226  2304 I Vsync   : Set Display(0) Refresh Rate = 72.000000
03-24 10:06:58.605  2226  2480 I VrRuntimeServer: DisableCompositorClient: 5
03-24 10:06:58.605  2226  2480 I TimeWarpClientMgr: Disable client 5
03-24 10:06:58.605  2226  2480 I TimeWarpClientMgr: DisableClient: frame flush required: 1
03-24 10:06:58.610  2142 11556 I LibraryProvider: running queryApp(com.android.permissioncontroller) for com.oculus.uid:10031
03-24 10:06:58.611  2142 11556 W LibraryProvider: Cannot find entitlement for com.android.permissioncontroller
03-24 10:06:58.611  1950  1950 W OVRLibrary: null cursor received for query content://com.oculus.ocms.library/apps/com.android.permissioncontroller
03-24 10:06:58.612  1950  1950 I PlatformPlugin: [PlatformPluginManager] SetSystemVoipPassthrough 0
03-24 10:06:58.612  1950  1950 E OVRPlatform: [PartiesAPI] ovr_Party_PluginGetSharedMemHandle: This function is deprecated, do not use
03-24 10:06:58.615  1950  1950 E OVRMediaServiceManager: LivestreamingManager Not initialized
03-24 10:06:58.616  2368  2478 I GuardianSystem: runtimeServiceSDKClient_.ForceShowGuardianEvent
03-24 10:06:58.616  2368  2478 I GuardianSystem: ForceShowGuardian: false, 0.00
03-24 10:06:58.617  2368  2478 I GuardianSystem: runtimeServiceSDKClient_.PackageChangeEvent: package=[com.android.permissioncontroller], process=[com.android.permissioncontroller]
03-24 10:06:58.617  2368  2478 I GuardianSystem: SetCurrentProcessName: com.android.permissioncontroller, previous ProcessName: com.oculus.shellenv
03-24 10:06:58.617  2368  2478 I GuardianSystem: SetCurrentProcessName: Return package changed: com.android.permissioncontroller
03-24 10:06:58.623  2226  2480 I UnifiedTelemetryWrapper: Stopped UT session render:com.oculus.vrshell:EnvOverlay
03-24 10:06:58.623  2226 10196 I VrRuntimeService: CreateSwapChain: api:gles 0 0x8c43 1440 1584 1 3 1 0 14
03-24 10:06:58.623  3255 32665 I FenceChecker: FenceChecker::MainLoop - ended
03-24 10:06:58.624  3255  3344 I VrApi   : ---------- vrapi_LeaveVrMode [end] ----------
03-24 10:06:58.624  3255  3344 I [OAR] ShellFrameAnalytics: ShellFrame frameFunction: 14099us/1944085us, trace: 0us/29us, process commands: 0us/10731us, system update: 0us/14961us, render 0us/11295us, post render 0us/1us
03-24 10:06:58.625  2226 10196 I VrRuntimeServer: CreateTextureSwapChain: result importswapchaingles 1
03-24 10:06:58.625  3255  3344 I [OAR] ShellFrameAnalytics: Shell Heartbeat focusedPanelTimeSpent: {"7":44011} visibleTimeSpent: {"9":44011,"7":44011} inputTimeSpent: {"controller":44011} mouseClickCount: 0 mouseMoveTimeSpent: 0 mouseScrollTimeSpent: 0 physicalKeyboardConnectedTimeSpent: 0 physicalKeyboardTrackedTimeSpent: 0
03-24 10:06:58.625  3255  3344 I [OAR] DialogController: CloseDialogs() old: 0, pendingUri: systemux://dialog/none, pendingComponent: 
03-24 10:06:58.625  3255  3344 I [OAR] DialogController: ResetDialog old: 0, activeUri systemux://dialog/none, activeReturnComponent 
03-24 10:06:58.625  3255  3344 I [OAR] SystemTabletController: Reset, reason: 4, taskBarVisibility: 1
03-24 10:06:58.625  3255  3344 I [OAR] SystemDialogController: Reset
03-24 10:06:58.625  3255  3344 I [OAR] DialogControllerManager: Reset
03-24 10:06:58.628  2226 10196 I VrRuntimeService: CreateSwapChain: 964669915
03-24 10:06:58.628  2226 10196 I VrRuntimeService: CreateSwapChain: api:gles 0 0x8c43 1440 1584 1 3 1 0 14
03-24 10:06:58.629  2226 10196 I VrRuntimeServer: CreateTextureSwapChain: result importswapchaingles 1
03-24 10:06:58.632   721   935 I SDM     : StrategyImpl::SetIdleTimeoutMs: Idle timeout: active = 70, inactive = 520
03-24 10:06:58.637  2307  2337 I [OAO] ShellOverlayApp: 0xcb3b8c08 msg: overlayCommand:
03-24 10:06:58.637  2307  2337 I [OAO] ShellOverlayApp: command = primaryPackageChanged
03-24 10:06:58.637  2307  2337 I [OAO] ShellOverlayApp: Process_OverlayCommand command : primaryPackageChanged
03-24 10:06:58.637  2307  2337 I [OAO] ShellOverlayApp: UpdatePrimaryPackage
03-24 10:06:58.637  2307  2337 I [OAO] ShellOverlayApp: UpdatePrimaryPackage Requested for PackageName:com.android.permissioncontroller  IsFocusAware:0
03-24 10:06:58.637  2307  2337 I [OAO] ShellOverlayApp: UpdatePrimaryPackage Package change detected. Previous package:[com.oculus.shellenv]
03-24 10:06:58.637  2307  2337 I [OAO] OverlayFlowController: OnPrimaryPackageChange primaryPackage:com.android.permissioncontroller immersiveAppChanged:1
03-24 10:06:58.637  2307  2337 I [OAO] OverlayFlowController: Non system primary client change: ready to sleep
03-24 10:06:58.637  2307  2337 I [OAO] OverlayFlowController: Reset resetReason : 3
03-24 10:06:58.637  2307  2337 I [OAO] DialogController: CloseDialogs() old: 0, pendingUri: systemux://dialog/none, pendingComponent: 
03-24 10:06:58.637  2307  2337 I [OAO] SystemTabletController: Reset, reason: 3, taskBarVisibility: 1
03-24 10:06:58.637  2307  2337 I [OAO] SystemDialogController: Reset
03-24 10:06:58.637  2307  2337 I [OAO] DialogControllerManager: Reset
03-24 10:06:58.641   673  5104 E ResolverController: No valid NAT64 prefix (100, <unspecified>/0)
03-24 10:06:58.645   673  5106 E ResolverController: No valid NAT64 prefix (100, <unspecified>/0)
03-24 10:06:58.646   717   717 E WifiHAL : handleResponse: OTHER_RX_MULTICAST_CNT not found
03-24 10:06:58.646  2307  2337 I VrApi   : Received ovrRuntime event 11
03-24 10:06:58.646  2226  2295 I Vsync   : Vsync 70975:  1 x 11.11 ms (72.00 Hz, at 927.770)
03-24 10:06:58.648  2635  5062 D VrRuntimeClient: loadDriverResource - resourceName: 'hand_left' 
03-24 10:06:58.648   673  5108 E ResolverController: No valid NAT64 prefix (100, <unspecified>/0)
03-24 10:06:58.649   717   717 E WifiHAL : wifi_get_ring_data: Error -5 happened. 
03-24 10:06:58.649  1081  1104 E WifiVendorHal: getRingBufferData(l.1675) failed {.code = ERROR_INVALID_ARGS, .description = }
03-24 10:06:58.651   673  5110 E ResolverController: No valid NAT64 prefix (100, <unspecified>/0)
03-24 10:06:58.651  2635  5062 I VrApi_Input: vrapi_GetMeshForHand_Internal: mesh->Header.Version = df000001 mesh->NumVertices = 1360 mesh->NumIndices = 6942
03-24 10:06:58.654  2635  5062 D VrRuntimeClient: loadDriverResource - resourceName: 'hand_right' 
03-24 10:06:58.655   673  5113 E ResolverController: No valid NAT64 prefix (100, <unspecified>/0)
03-24 10:06:58.657  2635  5062 I VrApi_Input: vrapi_GetMeshForHand_Internal: mesh->Header.Version = df000001 mesh->NumVertices = 1360 mesh->NumIndices = 6942
03-24 10:06:58.658   673  5115 E ResolverController: No valid NAT64 prefix (100, <unspecified>/0)
03-24 10:06:58.661   673  5117 E ResolverController: No valid NAT64 prefix (100, <unspecified>/0)
03-24 10:06:58.662  2226 10196 I VrRuntimeService: CreateSwapChain: 964669915
03-24 10:06:58.662  2226 10196 I VrRuntimeService: CreateSwapChain: api:gles 0 0x8c43 64 64 1 3 1 0 14
03-24 10:06:58.662  2226 10196 I VrRuntimeServer: CreateTextureSwapChain: result importswapchaingles 1
03-24 10:06:58.663   673  5118 E ResolverController: No valid NAT64 prefix (100, <unspecified>/0)
03-24 10:06:58.666   673  5119 E ResolverController: No valid NAT64 prefix (100, <unspecified>/0)
03-24 10:06:58.666  2226 10196 I VrRuntimeService: CreateAndroidSurfaceSwapChain: 964669915
03-24 10:06:58.666  2226 10196 I VrRuntimeService: CreateAndroidSurfaceSwapChain: 65536 1 32856 0 0 1 1 1 0 0
03-24 10:06:58.667  2226 10196 I VrRuntimeServer: CreateAndroidSurfaceSwapChain: result surface 0x74287da000
03-24 10:06:58.668   673  5120 E ResolverController: No valid NAT64 prefix (100, <unspecified>/0)
03-24 10:06:58.668  2226 10196 I VrRuntimeService: RuntimeServiceSDKServer::GetGuardianPolygon
03-24 10:06:58.668  2635  5062 I VrRuntimeClient: SyncInternalGuardianState: GetGuardianPolygon: 0
03-24 10:06:58.668  2226 10196 I VrRuntimeService: RuntimeServiceSDKServer::GetGuardianStationaryInfo
03-24 10:06:58.668  2226 10196 I VrRuntimeService: RuntimeServiceSDKServer::GetGuardianSystemState: 964669915
03-24 10:06:58.669  2226 10196 I VrRuntimeService: UpdateSwapChainSamplerState: 180
03-24 10:06:58.669  2226 10196 I VrRuntimeService: UpdateSwapChainSamplerState: minFilter=1 magFilter=1 wrapModeS=0 warpModeT=0 maxAniso=1.000000 border={0.000000,0.000000,0.000000,0.000000}
03-24 10:06:58.669  2226 10196 I VrRuntimeService: UpdateSwapChainSamplerState: 181
03-24 10:06:58.669  2226 10196 I VrRuntimeService: UpdateSwapChainSamplerState: minFilter=1 magFilter=1 wrapModeS=3 warpModeT=3 maxAniso=1.000000 border={0.000000,0.000000,0.000000,0.000000}
03-24 10:06:58.669  2226 10196 I VrRuntimeService: UpdateSwapChainSamplerState: 182
03-24 10:06:58.669  2226 10196 I VrRuntimeService: UpdateSwapChainSamplerState: minFilter=1 magFilter=1 wrapModeS=3 warpModeT=3 maxAniso=1.000000 border={0.000000,0.000000,0.000000,0.000000}
03-24 10:06:58.670  2635  5062 D SystemProps: getBool() returning default true
03-24 10:06:58.670  2635  5062 I VrApi   : Received ovrRuntime event 5
03-24 10:06:58.670  2635  5062 I VrApi   : Received ovrRuntime event 3
03-24 10:06:58.670  2635  5062 I VrApi   : Received ovrRuntime event 2
03-24 10:06:58.670  2635  5062 I VrApi   : Received ovrRuntime event 4
03-24 10:06:58.670  2635  5123 I FenceChecker: FenceChecker::MainLoop - started
03-24 10:06:58.674  2226  2295 I TimeWarp: SetSchedFifo( tid=5123, pol=3, pri=0 ) succeeded
03-24 10:06:58.674  2226  2295 I TimeWarp: SetClientSurfaceSecureFlag: secure=1
