--------- beginning of main
03-24 10:42:17.114  2221  2288 I Vsync   : Vsync 11995:  2 x 13.90 ms (72.02 Hz, at 177.737)
--------- beginning of system
03-24 10:42:17.125  1026  8432 I ActivityTaskManager: START u0 {flg=0x10000000 cmp=com.YourCompany.KilncroftLane/com.epicgames.ue4.GameActivity} from uid 2000
03-24 10:42:17.143   716   769 D android.hardware.power@1.3-service-libperfmgr: LAUNCH ON
03-24 10:42:17.152  3209  3236 I Clay    : Exiting VR mode
03-24 10:42:17.152  3209  3236 I VrApi   : ---------- vrapi_LeaveVrMode [start] ----------
03-24 10:42:17.152  3250  3250 D [SEO] ShellEnvOverlayService: Message Handler: onPause
03-24 10:42:17.153  1026  8432 W InputReader: Device has associated, but no associated display id.
03-24 10:42:17.153  3209  3236 D VrApi   : targetSDKVersion 25
03-24 10:42:17.153  1026  8432 W InputReader: Device has associated, but no associated display id.
03-24 10:42:17.153  1026  8432 W InputReader: Device has associated, but no associated display id.
03-24 10:42:17.154  3209  3236 I VrRuntimeClient: DEVICE MODEL NUMBER = Quest 2
03-24 10:42:17.154  3209  3236 I VrRuntimeClient: DEVICE HARDWARE = hollywood
03-24 10:42:17.154  3209  3236 I VrRuntimeClient: DEVICE BUILD NAME = user-1462400.7360.0
03-24 10:42:17.154  3209  3236 I VrRuntimeClient: DEVICE BUILD TYPE = user
03-24 10:42:17.154  3209  3236 I VrRuntimeClient: DEVICE OS VERSION = 10
03-24 10:42:17.154  3209  3236 I VrRuntimeClient: VRRUNTIME VERSION = VRAPI_VERSION_BEGIN { 1.1.43.0-274987955-274987955 Feb 23 2021 19:56:04 Development } RELEASE
03-24 10:42:17.154  3209  3236 I VrRuntimeClient: API LOADER VERSION = 1.1.34.0
03-24 10:42:17.154  3209  3236 I VrRuntimeClient: VRDRIVER VERSION = 26.0.0.41.502
03-24 10:42:17.154  3209  3236 I VrRuntimeClient: APP NAME = ShellEnv
03-24 10:42:17.154  3209  3236 I VrRuntimeClient: APP VERSION = 26.0.0.40.502 versionCode 274980181 internalVersionName 26.0.0.40.502.1da17d6e3b32 2021_02_23_18_46
03-24 10:42:17.154  3209  3236 I VrRuntimeClient: APP VR TYPE = vr_only
03-24 10:42:17.154  3209  3236 I VrRuntimeClient: APP MODE TYPE = <none>
03-24 10:42:17.154  3209  3236 I VrRuntimeClient: APP PACKAGE NAME = com.oculus.shellenv
03-24 10:42:17.154  3209  3236 I VrRuntimeClient: APP ACTIVITY CLASS = com.oculus.shellenv.ShellEnvActivity
03-24 10:42:17.154  2592  2592 W ActivityThread: handleWindowVisibility: no activity for token android.os.BinderProxy@c728766
03-24 10:42:17.154  3209  3236 D BatteryReceiver: Unregistering battery receiver
03-24 10:42:17.154  3209  3236 I Sensor  : OSSDKTRACKING Shutdown tracking
03-24 10:42:17.154  1026  8432 W InputReader: Device has associated, but no associated display id.
03-24 10:42:17.157   730  1010 D AF::TrackHandle: OpPlayAudio: track:56 uid:10014 pkg:com.oculus.shellenv usage:1 muted
03-24 10:42:17.157   730  1010 D AF::TrackHandle: OpPlayAudio: track:56 uid:10014 pkg:com.oculus.shellenv usage:1 muted
03-24 10:42:17.158  3209  8472 I VrApi   : FPS=72/72,Prd=0ms,Tear=0,Early=73,Stale=0,VSnc=1,Lat=1,Fov=0,CPU4/GPU=2/3,2419/490MHz,OC=FF,TA=0/70/0,SP=N/F/N,Mem=2092MHz,Free=3909MB,PLS=0,Temp=38.5C/0.0C,TW=0.99ms,App=0.01ms,GD=0.00ms,CPU&GPU=1.45ms,LCnt=0,GPU%=0.09,CPU%=0.08(W0.10),DSF=1.00
03-24 10:42:17.158  3209  3236 I VrApi   : OVR::Stats thread stopped
03-24 10:42:17.158  3209  3236 I InputDeviceManager: ovrInputDeviceManager::~ovrInputDeviceManager
03-24 10:42:17.158  3209  3236 I HandDataQuerier: OSSDKTRACKING shutting down HandsTracker
03-24 10:42:17.158  3209  3236 I HandDataQuerier: OSSDKTRACKING shutting down HandsTracker
03-24 10:42:17.158  3209  3236 I InputDevice_TrackedRemote: OSSDKTRACKING shutting down Haptics
03-24 10:42:17.158  3209  3236 I InputDevice_TrackedRemote: OSSDKTRACKING shutting down Haptics
03-24 10:42:17.158  3209  3236 D OsSdk   : TrackingServiceConnection dtor
--------- beginning of tracking
03-24 10:42:17.158   822  8809 I TrackingService: Unregistering client by ITrackingService.unregisterClient
03-24 10:42:17.158   822  8809 I TrackingService: TrackingServiceHost Unregistering client: com.oculus.shellenv#3209
03-24 10:42:17.158  3209  3236 D OsSdk   : TrackingServiceConnection unregistered
03-24 10:42:17.159   730  8431 D AF::TrackHandle: OpPlayAudio: track:58 uid:10020 pkg:com.oculus.vrshell usage:1 not muted
03-24 10:42:17.160   730  8431 D AF::TrackHandle: OpPlayAudio: track:58 uid:10020 pkg:com.oculus.vrshell usage:1 not muted
03-24 10:42:17.166  3209  8467 I ClientInputThread_Internal: InputThreadRun ShutdownRequest received
03-24 10:42:17.166  3209  3236 I InputHooks_Internal: Disabling Native Input Hooks
03-24 10:42:17.166  2221  2239 D VrRuntimeService: enableRendering: 3209:com.oculus.shellenv: null enable: false
03-24 10:42:17.166  2221  2239 I ClientMgr: ClientMgr::EnableRendering 3209:com.oculus.shellenv : type 0 comp-id 4: disable
03-24 10:42:17.166  2221  2239 I VrRuntimeServer: DisableCompositorClient: 4
03-24 10:42:17.166  2221  2239 I TimeWarpClientMgr: Disable client 4
03-24 10:42:17.166  2221  2239 I TimeWarpClientMgr: DisableClient: frame flush required: 1
03-24 10:42:17.176   709   709 D msm8974_platform: platform_split_snd_device: snd_device(2) num devices(1) new_snd_devices(0)
03-24 10:42:17.176   709   709 D ACDB-LOADER: ACDB -> send_audvoltable
03-24 10:42:17.176   709   709 D ACDB-LOADER: ACDB -> ACDB_CMD_GET_AUDPROC_INSTANCE_GAIN_DEP_STEP_TABLE_SIZE
03-24 10:42:17.176   709   709 D ACDB-LOADER: ACDB -> ACDB_CMD_GET_AUDPROC_INSTANCE_GAIN_DEP_STEP_TABLE, vol index 9
03-24 10:42:17.176   709   709 D ACDB-LOADER: ACDB -> AUDIO_SET_VOL_CAL cal type = 40
03-24 10:42:17.177   709   709 D msm8974_platform: platform_split_snd_device: snd_device(2) num devices(1) new_snd_devices(0)
03-24 10:42:17.177   709   709 D ACDB-LOADER: ACDB -> send_audvoltable
03-24 10:42:17.177   709   709 D ACDB-LOADER: ACDB -> ACDB_CMD_GET_AUDPROC_INSTANCE_GAIN_DEP_STEP_TABLE_SIZE
03-24 10:42:17.177   709   709 D ACDB-LOADER: ACDB -> ACDB_CMD_GET_AUDPROC_INSTANCE_GAIN_DEP_STEP_TABLE, vol index 9
03-24 10:42:17.177   709   709 D ACDB-LOADER: ACDB -> AUDIO_SET_VOL_CAL cal type = 40
03-24 10:42:17.177  2592  2592 I VrApiLoader: VrApi Loader Version: 1.1.34.0-0-0 Apr 10 2020 14:33:54 
03-24 10:42:17.179  2592  2592 D ApplicationLoaders: Returning zygote-cached class loader: /system/framework/android.hidl.base-V1.0-java.jar
03-24 10:42:17.179  2592  2592 D ApplicationLoaders: Returning zygote-cached class loader: /system/framework/android.hidl.manager-V1.0-java.jar
03-24 10:42:17.179  2592  2592 D ApplicationLoaders: Returning zygote-cached class loader: /system/framework/android.hidl.base-V1.0-java.jar
03-24 10:42:17.179  2592  2592 I ssioncontrolle: The ClassLoaderContext is a special shared library.
03-24 10:42:17.182  2592  2592 V VrDriver: Loading 64-bit VrDriver.
03-24 10:42:17.187  2592  2592 D vulkan  : searching for layers in '/system/lib64'
03-24 10:42:17.187  2592  2592 D vulkan  : searching for layers in '/system/product/lib64'
03-24 10:42:17.187  2592  2592 I VrApi_DriverLoader: nativeSetClassLoader:0x2696
03-24 10:42:17.187  2592  2592 I VrApi   : ----------- vrapi_Initialize [start] ----------
03-24 10:42:17.187  2592  2592 I AdrenoGLES-0: QUALCOMM build                   : 09c6a36, I5e696c022b
03-24 10:42:17.187  2592  2592 I AdrenoGLES-0: Build Date                       : 12/07/20
03-24 10:42:17.187  2592  2592 I AdrenoGLES-0: OpenGL ES Shader Compiler Version: EV031.35.01.02
03-24 10:42:17.187  2592  2592 I AdrenoGLES-0: Local Branch                     : 
03-24 10:42:17.187  2592  2592 I AdrenoGLES-0: Remote Branch                    : refs/tags/AU_LINUX_ANDROID_LA.UM.8.12.R1.10.00.00.561.144
03-24 10:42:17.187  2592  2592 I AdrenoGLES-0: Remote Branch                    : NONE
03-24 10:42:17.187  2592  2592 I AdrenoGLES-0: Reconstruct Branch               : NOTHING
03-24 10:42:17.187  2592  2592 I AdrenoGLES-0: Build Config                     : S P 8.0.12 AArch64
03-24 10:42:17.187  2592  2592 I AdrenoGLES-0: Driver Path                      : /vendor/lib64/egl/libGLESv2_adreno.so
03-24 10:42:17.189  2221  2239 I UnifiedTelemetryWrapper: Stopped UT session render:com.oculus.shellenv
03-24 10:42:17.189  2221  2297 I ClientMgr: Non-overlay clients rendering status has changed: prev=9, curr=10, enabled=0
03-24 10:42:17.190  3209  8474 I FenceChecker: FenceChecker::MainLoop - ended
03-24 10:42:17.190  3209  3236 I VrApi   : ---------- vrapi_LeaveVrMode [end] ----------
03-24 10:42:17.190  2592  2592 I AdrenoGLES-0: PFP: 0x016dd093, ME: 0x00000000
03-24 10:42:17.190  3209  3236 I Clay    : BaseApp: Entering hibernation in 30 frames
03-24 10:42:17.191  3250  3338 I [OAR] ShellApp: 0xbf901ba8 msg: pause
03-24 10:42:17.191  3250  3338 I [OAR] ShellApp: ShellApp::LeaveVrMode()
03-24 10:42:17.191  3250  3338 W VrApi   : ovr_SubmitFrameInternal: FrameIndex discontinuity: Expected 2037, Received 2036
03-24 10:42:17.196  2592  2592 I VrApi   : Client type: 0 flags: 0x0 placement: 0
03-24 10:42:17.200  2592  2592 D VrApi   : isActivityFocusAware context = com.oculus.os.DialogContext@b219616
03-24 10:42:17.200  2592  2592 D FocusAwarenessUtil: isActivityFocusAware
03-24 10:42:17.200  2592  2592 D FocusAwarenessUtil: isActivityFocusAware passesFocusAwarenessPushRolloutGk = true
03-24 10:42:17.201  2592  2592 D FocusAwarenessUtil: isSystemApp = true for com.android.permissioncontroller
03-24 10:42:17.201  2592  2592 D FocusAwarenessUtil: No Activity manifest entry for com.android.permissioncontroller
03-24 10:42:17.201  2592  2592 D FocusAwarenessUtil: No activity manifest entry, checking application manifest entry
03-24 10:42:17.201  2592  2592 D FocusAwarenessUtil: No Application manifest entry for com.android.permissioncontroller
03-24 10:42:17.201  2592  2592 D FocusAwarenessUtil: isSystemApp so returning manifest value for com.android.permissioncontroller as DISABLED
03-24 10:42:17.201  2592  2592 I VrApi   : isActivityFocusAware = 0
03-24 10:42:17.201  2592  2592 I RuntimeHelpers: OSSDKTRACKING querying use OSSDKTracking with default of '1'
03-24 10:42:17.201  2592  2592 I RuntimeHelpers: OSSDKTRACKING Setting ResultUseOSSDKTracking to 1
03-24 10:42:17.201  2592  2592 I RuntimeHelpers: OSSDKTRACKING querying use OSSDKTracking with default of '1'
03-24 10:42:17.201  2592  2592 I RuntimeHelpers: OSSDKTRACKING Setting ResultUseOSSDKTracking to 1
03-24 10:42:17.201  2592  2592 I VrRuntimeClient: VrRuntimeClient: Init
03-24 10:42:17.201  2592  2592 I RuntimeHelpers: OSSDKTRACKING querying use OSSDKTracking with default of '1'
03-24 10:42:17.201  2592  2592 I RuntimeHelpers: OSSDKTRACKING Setting ResultUseOSSDKTracking to 1
03-24 10:42:17.201  2592  2592 I VrRuntimeClient: OSSDKTRACKING calculating secure tracking
03-24 10:42:17.201  2592  2592 D VrRuntimeClient: getSecureTrackingRequest OSSDKTRACKING com.android.permissioncontroller
03-24 10:42:17.201  2592  2592 W VrRuntimeClient: OSSDKTRACKING No package metadata available for com.android.permissioncontroller
03-24 10:42:17.201  2592  2592 I VrRuntimeClient: OSSDKTRACKING secure tracking is 0
03-24 10:42:17.201  2592  2592 I DeviceProperties: ovrDeviceProperties::Initialize
03-24 10:42:17.202  2592  2592 I DeviceProperties: Device Model: 'hollywood'
03-24 10:42:17.202  2592  2592 I DeviceProperties: Device Region: 'US'
03-24 10:42:17.202  2592  2592 I DeviceProperties: GPU Type: 'ADRENO_650'
03-24 10:42:17.202  2160  2177 I LibraryProvider: running queryApp(com.android.permissioncontroller) for android.uid.system:1000
03-24 10:42:17.202  2592  2592 I DeviceProperties: Num Refresh Rates Supported 4
03-24 10:42:17.202  2592  2592 I DeviceProperties: Refresh Rate (0): 90.000000Hz
03-24 10:42:17.202  2592  2592 I DeviceProperties: Refresh Rate (1): 80.000000Hz
03-24 10:42:17.202  2592  2592 I DeviceProperties: Refresh Rate (2): 72.000000Hz
03-24 10:42:17.202  2592  2592 I DeviceProperties: Refresh Rate (3): 60.000000Hz
03-24 10:42:17.203  2592  2592 I DeviceProperties: DisplayParms.ScanoutDirection = 0
03-24 10:42:17.203  2592  2592 I DeviceProperties: DisplayParms.ShutterType = 1
03-24 10:42:17.203  2592  2592 I DeviceProperties: DisplayParms.timing = 0.700000 0.700000
03-24 10:42:17.203  2592  2592 I DeviceProperties: DisplayParms.prediction = (2.000000 2.000000) (2.000000 2.000000)
03-24 10:42:17.203  2160  2177 W LibraryProvider: Cannot find entitlement for com.android.permissioncontroller
03-24 10:42:17.203  2592  2592 I DeviceProperties: getDisplayDimensions returned: 3664, 1920
03-24 10:42:17.203  2592  2592 I DeviceProperties: ovrDeviceProperties: OVR_DEVICE_CAPABILITY_POSITIONAL_TRACKING_BIT
03-24 10:42:17.203  2592  2592 I DeviceProperties: ovrDeviceProperties: OVR_DEVICE_CAPABILITY_PASSTHROUGH_CAMERA_BIT
03-24 10:42:17.203  2592  2592 I DeviceProperties: ovrDeviceProperties: OVR_DEVICE_CAPABILITY_DYNAMIC_DISPLAY_REFRESH_RATE_BIT
03-24 10:42:17.203  2592  2592 I DeviceProperties: ovrDeviceProperties: OVR_DEVICE_CAPABILITY_MEMORY_EXPORT_BIT
03-24 10:42:17.203  1590  1611 W OVRLibrary: null cursor received for query content://com.oculus.ocms.library/apps/com.android.permissioncontroller
03-24 10:42:17.203  2592  2592 I DeviceProperties: ovrDeviceProperties: OVR_DEVICE_CAPABILITY_FIXED_FOVEATED_RENDERING_BIT
03-24 10:42:17.203  2592  2592 I DeviceProperties: ovrDeviceProperties: OVR_DEVICE_CAPABILITY_SUBSAMPLED_LAYOUT_BIT
03-24 10:42:17.203  2592  2592 I VrRuntimeClient: RuntimeService Enabled
03-24 10:42:17.203  2592  2592 I RuntimeHelpers: ShouldEnableOOPComposition: oopc_enabled_prop = -1
03-24 10:42:17.204  2592  2592 I RuntimeHelpers: IsOopCompositionEnabled: enabled
03-24 10:42:17.204  2592  2592 I VrRuntimeClient: DevicesSupported : 1 devices, quest
03-24 10:42:17.204  2592  2592 I VrRuntimeClient: IsFocusAware: 0
03-24 10:42:17.206  2592  2592 I VrRuntimeClient: spaceWarpGateKeeper 0
03-24 10:42:17.206  2592  2592 I AudioCapture: AudioCapture::Init
03-24 10:42:17.206  2592  2592 I AudioCapture: AudioCapture::Init -> Initializing audio capture using direct OS Callbacks
03-24 10:42:17.206  2592  2592 I AudioCapture: AudioCapture::Init COMPLETE
03-24 10:42:17.207  3250  3338 I [OAR] GuardianController: passthroughMode != desiredPassthroughMode: 0, 2
03-24 10:42:17.207  2366  3388 I VrGuardianService: GuardianSDKServer::SetGuardianRenderMode
03-24 10:42:17.207  3250  3338 I [OAR] SystemAssistant: OnModeChanged from FullShell to ImmersiveAppFocused
03-24 10:42:17.208  3250  3338 I [OAR] AudioMixer: Disabling AudioPlayer.
03-24 10:42:17.210  2592  2592 W Foveation: Forcing on dynamic foveation
03-24 10:42:17.210  2592  2592 D VrRuntimeClient: VrRuntimeClient: initialize. inContext: com.oculus.os.DialogContext@b219616
03-24 10:42:17.211  2592  2592 I ipcLoader: RuntimeIPC: Loader: IPC Service API Loader Version: 19 Feb 23 2021 10:21:32
03-24 10:42:17.211  2592  2592 I ipcLoader: RuntimeIPC: Loader: Calling LibLoader::Initialize
03-24 10:42:17.211  2592  2592 I libloader: LibLoader::Initialize. Version: 1 Feb 23 2021 10:21:32, packageName: com.oculus.systemdriver
03-24 10:42:17.211  2221  2221 D VrRuntimeService: onStartCommand
03-24 10:42:17.211  2592  2592 I libloader: LibLoader: selecting 64-bit ABI.
03-24 10:42:17.211  2592  2592 V LibLoaderImpl: Loading 64-bit LibLoaderImpl.
03-24 10:42:17.211  2592  2592 V LibLoaderImpl: internalGetAPIFunction: loadLibrary 'loaderimpl'
03-24 10:42:17.211  2592  2592 V LibLoaderImpl: Using System.loadLibrary
03-24 10:42:17.212  2592  2592 I libloaderimpl: nativeSetClassLoader:0x2786
03-24 10:42:17.212  2592  2592 V LibLoaderImpl: internalGetAPIFunction: calling nativeGetAPIFunction
03-24 10:42:17.212  2592  2592 I libloaderimpl: LibLoaderImpl nativeGetAPIFunction.
03-24 10:42:17.212  2592  2592 I libloaderimpl: LibLoaderHandle SUCCESS
03-24 10:42:17.212  2592  2592 I libloaderimpl: LibLoaderImpl GetAPIFunction. libName: libruntimeipcserviceclient.so, funcName: ipc_GetAPIFunction
03-24 10:42:17.213  2592  2592 I RuntimeIPCApi: ipc_Initialize
03-24 10:42:17.214  2592  2592 D RuntimeIPCServiceClient: initialize. inContext: com.oculus.os.DialogContext@b219616processName: com.android.permissioncontroller
03-24 10:42:17.215  2244  2244 D RuntimeIPCService: onStartCommand
03-24 10:42:17.215  2592  9032 I AsyncTaskMgr: MainLoop starting
03-24 10:42:17.215  2592  2592 I AsyncTaskMgr: Init SUCCESS
03-24 10:42:17.215  2592  2592 I ServerStateMgr: Init
03-24 10:42:17.215  2592  2592 I ServerStateMgr: Init
03-24 10:42:17.215  2592  2592 D RuntimeIPCServiceClient: connectToService
03-24 10:42:17.215  2592  2592 D RuntimeIPCServiceClient: creating new service
03-24 10:42:17.216  2244  2244 D RuntimeIPCService: onStartCommand
03-24 10:42:17.216  3250  8475 I [OAR] AudioMixer: Notifying VrThread to shutdown.
03-24 10:42:17.216  3250  3338 I [OAR] AudioMixer: Successful shutdown.
03-24 10:42:17.216  3250  3338 I [OAR] AudioEngine: virtual void AudioLibrary::AudioEngine::DisablePlayer()
03-24 10:42:17.216  3250  3338 I [OAR] AudioEngine: Setting ShuttingDown.
03-24 10:42:17.217  2592  9031 D RuntimeIPCServiceClient: Service connected: android.os.BinderProxy@8b96d6d
03-24 10:42:17.217  2592  2592 D RuntimeIPCServiceClient: Waiting on ipc connection...
03-24 10:42:17.218  2244  2272 D RuntimeIPCService: createClient: ProcessName: com.android.permissioncontroller
03-24 10:42:17.218  2244  2272 I RuntimeIPCService: CreateBinderConnection: 2592:com.android.permissioncontroller:com.android.permissioncontroller
03-24 10:42:17.218  2244  2272 I SharedMemoryServer: SharedMemoryServer::MapMemory: Allocated shared memory fd 139 (IPCRegisteredServer)
03-24 10:42:17.218  2244  2272 D RuntimeIPCService: createClient: -1860704547, android.os.BinderProxy@73737ca, com.android.permissioncontroller
03-24 10:42:17.218  2592  2592 D RuntimeIPCServiceClient: ipc connectionIsReady: true
03-24 10:42:17.218  2592  2592 D RuntimeIPCServiceClient: ipc context.bindService SUCCESS
03-24 10:42:17.218  2592  2592 D RuntimeIPCServiceClient: ensureServiceStarted: com.oculus.guardian, com.oculus.vrguardianservice.VrGuardianService
03-24 10:42:17.219  2592  2592 D RuntimeIPCServiceClient: ensureServiceStarted SUCCESS: com.oculus.guardian, com.oculus.vrguardianservice.VrGuardianService
03-24 10:42:17.219  2592  2592 D RuntimeIPCServiceClient: ensureServiceStarted: com.oculus.guardian, com.oculus.vrguardianservice.VrGuardianUserService
03-24 10:42:17.219  2366  2366 D VrGuardianService: onStartCommand
03-24 10:42:17.219  2592  2592 D RuntimeIPCServiceClient: ensureServiceStarted SUCCESS: com.oculus.guardian, com.oculus.vrguardianservice.VrGuardianUserService
03-24 10:42:17.219  2366  2366 D VrGuardianUserService: onStartCommandIntent { cmp=com.oculus.guardian/com.oculus.vrguardianservice.VrGuardianUserService }
03-24 10:42:17.220  2592  2592 D RuntimeIPCClientMgr: SyncClientWithService: Client: com.android.permissioncontroller:com.android.permissioncontroller, Server: com.oculus.guardian:com.oculus.vrguardianservice (guardianserver)
03-24 10:42:17.220  2244  2272 I SharedMemoryServer: SharedMemoryServer::MapMemory: Allocated shared memory fd 144 (IPCService_RPCPrivateReadWrite)
03-24 10:42:17.220  2244  2272 I RuntimeIPCService: ConnectToServer: 2592:com.android.permissioncontroller:com.android.permissioncontroller (com.oculus.guardian:com.oculus.vrguardianservice (guardianserver))
03-24 10:42:17.220  2592  2592 D RuntimeIPCClientMgr: InitServerStateForClient: SUCCESS. Client: com.android.permissioncontroller:com.android.permissioncontroller, Server: com.oculus.guardian:com.oculus.vrguardianservice (guardianserver)
03-24 10:42:17.220  2592  2592 I RuntimeIPCClientMgr: ConnectToServer: SUCCESS: Client: com.android.permissioncontroller:com.android.permissioncontroller, Server: com.oculus.guardian:com.oculus.vrguardianservice (guardianserver)
03-24 10:42:17.220  2592  2592 I VrGuardianClient: g_GuardianSDKClient connected.
03-24 10:42:17.220  2592  2592 I ipcLoader: RuntimeIPC: Loader: IPC Service API Loader Version: 19 Feb 23 2021 10:21:32
03-24 10:42:17.220  2592  2592 I ipcLoader: RuntimeIPC: Loader: Re-using vtable
03-24 10:42:17.220  2592  2592 I RuntimeIPCApi: ipc_Initialize
03-24 10:42:17.221  2592  2592 D RuntimeIPCServiceClient: ensureServiceStarted: com.oculus.systemdriver, com.oculus.vrruntimeservice.VrRuntimeService
03-24 10:42:17.221  2592  2592 D RuntimeIPCServiceClient: ensureServiceStarted SUCCESS: com.oculus.systemdriver, com.oculus.vrruntimeservice.VrRuntimeService
03-24 10:42:17.221  2221  2221 D VrRuntimeService: onStartCommand
03-24 10:42:17.222  2592  2592 D RuntimeIPCClientMgr: SyncClientWithService: Client: com.android.permissioncontroller:com.android.permissioncontroller, Server: com.oculus.systemdriver:com.oculus.vrruntimeservice (RuntimeServiceServer)
03-24 10:42:17.222  2244  2272 I SharedMemoryServer: SharedMemoryServer::MapMemory: Allocated shared memory fd 149 (IPCService_RPCPrivateReadWrite)
03-24 10:42:17.222  2244  2272 I RuntimeIPCService: ConnectToServer: 2592:com.android.permissioncontroller:com.android.permissioncontroller (com.oculus.systemdriver:com.oculus.vrruntimeservice (RuntimeServiceServer))
03-24 10:42:17.222  2592  2592 D RuntimeIPCClientMgr: InitServerStateForClient: SUCCESS. Client: com.android.permissioncontroller:com.android.permissioncontroller, Server: com.oculus.systemdriver:com.oculus.vrruntimeservice (RuntimeServiceServer)
03-24 10:42:17.222  2592  2592 I RuntimeIPCClientMgr: ConnectToServer: SUCCESS: Client: com.android.permissioncontroller:com.android.permissioncontroller, Server: com.oculus.systemdriver:com.oculus.vrruntimeservice (RuntimeServiceServer)
03-24 10:42:17.222  2592  2592 I VrRuntimeClient: g_RuntimeServiceSDKClient.InitClient SUCCESS. Version: 1.0, Custom: 1.0
03-24 10:42:17.222  2592  2592 D VrRuntimeClient: connectToService
03-24 10:42:17.223  2592  2592 D VrRuntimeClient: VrRuntimeClient: creating new service
03-24 10:42:17.223  2221  2221 D VrRuntimeService: onStartCommand
03-24 10:42:17.224  2592  2592 D VrRuntimeClient: VrRuntimeClient: Waiting on connection...
03-24 10:42:17.224  2592  9030 D VrRuntimeClient: VrRuntimeClient: Service connected.
03-24 10:42:17.224  2221  2239 I ClientMgr: ClientMgr::CreateClient: 2592:com.android.permissioncontroller
03-24 10:42:17.224  2221  2239 I ClientMgr: CliengMgr: Client session placement = 0
03-24 10:42:17.224  2221  2239 I TimeWarpClientMgr: Register client 8
03-24 10:42:17.224  2221  2239 I VrRuntimeServer: RegisterCompositorClient client(8)
03-24 10:42:17.225  2221  2239 I SharedMemoryServer: SharedMemoryServer::MapMemory: Allocated shared memory fd 172 (VrRuntimeService_PrivateReadWrite_com.android.permissioncontroller)
03-24 10:42:17.225  2221  2239 I ClientMgr: CreateClient: Sending PrimaryPackageChangeEvent outside of normal operation for OS dialog.
03-24 10:42:17.225  2221  2239 I ServiceInputManager: ServiceInputManager::SetPrimaryPackageName 'com.android.permissioncontroller' 'com.android.permissioncontroller'  updated AnytimeUI processname 0
03-24 10:42:17.225  2221  2239 I VrRuntimeService: RuntimeIPC: SendPrimaryPackageChangeEvent: PostClientEvent SUCCESS: com.oculus.vrshell:com.oculus.vrshell:EnvOverlay:3250, com.android.permissioncontroller, com.android.permissioncontroller
03-24 10:42:17.225  2221  2239 I VrRuntimeService: RuntimeIPC: SendPrimaryPackageChangeEvent: PostClientEvent SUCCESS: android.uid.systemui:10056:com.android.systemui:1345, com.android.permissioncontroller, com.android.permissioncontroller
03-24 10:42:17.225  2221  2239 I VrRuntimeService: RuntimeIPC: SendPrimaryPackageChangeEvent: PostClientEvent SUCCESS: com.oculus.shellenv:com.oculus.shellenv:3209, com.android.permissioncontroller, com.android.permissioncontroller
03-24 10:42:17.225  2221  2239 I VrRuntimeService: RuntimeIPC: SendPrimaryPackageChangeEvent: PostClientEvent SUCCESS: com.oculus.vrshell:com.oculus.vrshell:3145, com.android.permissioncontroller, com.android.permissioncontroller
03-24 10:42:17.225  2221  2239 I VrRuntimeService: RuntimeIPC: SendPrimaryPackageChangeEvent: PostClientEvent SUCCESS: com.oculus.guardian:com.oculus.vrguardianservice:2366, com.android.permissioncontroller, com.android.permissioncontroller
03-24 10:42:17.225  2221  2239 I VrRuntimeService: RuntimeIPC: SendPrimaryPackageChangeEvent: PostClientEvent SUCCESS: com.oculus.vrshell:com.oculus.vrshell:Overlay:2299, com.android.permissioncontroller, com.android.permissioncontroller
03-24 10:42:17.225  2221  2239 D VrRuntimeService: sendPrimaryPackageChangeBroadcast
03-24 10:42:17.226  2299  2299 D [OAO] ShellOverlayService: screenStateReceiver Received broadcast: com.oculus.vrshell.intent.action.PRIMARY_PACKAGE_CHANGED
03-24 10:42:17.226  2299  2299 I [OAO] ShellOverlayServiceJNI: NativeSendOverlayCommand
03-24 10:42:17.226  2299  2299 I [OAO] ShellOverlayServiceJNI: NativeWake
03-24 10:42:17.226  2299  2299 I [OAO] ShellOverlayMain: WakeVrThread
03-24 10:42:17.226  2299  2299 I [OAO] ShellOverlayMain: WakeVrThread - notifying vr thread
03-24 10:42:17.226  2299  2329 I [OAO] ShellOverlayApp: VrThread woke up
03-24 10:42:17.226  2299  2329 I [OAO] ShellOverlayApp: 0xbf733c08 msg: overlayCommand:
03-24 10:42:17.226  2299  2329 I [OAO] ShellOverlayApp: command = primaryPackageChanged
03-24 10:42:17.226  2299  2329 I [OAO] ShellOverlayApp: Process_OverlayCommand command : primaryPackageChanged
03-24 10:42:17.226  2299  2329 I [OAO] ShellOverlayApp: UpdatePrimaryPackage
03-24 10:42:17.226  2299  2329 I [OAO] ShellOverlayApp: UpdatePrimaryPackage Requested for PackageName:com.android.permissioncontroller  IsFocusAware:0
03-24 10:42:17.226  2299  2329 I [OAO] ShellOverlayApp: UpdatePrimaryPackage Package change detected. Previous package:[com.oculus.shellenv]
03-24 10:42:17.226  2299  2329 I [OAO] OverlayFlowController: OnPrimaryPackageChange primaryPackage:com.android.permissioncontroller immersiveAppChanged:1
03-24 10:42:17.226  2299  2329 I [OAO] OverlayFlowController: Non system primary client change: ready to sleep
03-24 10:42:17.226  2299  2329 I [OAO] OverlayFlowController: Reset resetReason : 3
03-24 10:42:17.226  2299  2329 I [OAO] DialogController: CloseDialogs() old: 0, pendingUri: systemux://dialog/none, pendingComponent: 
03-24 10:42:17.226  2299  2329 I [OAO] SystemTabletController: Reset, reason: 3, taskBarVisibility: 1
03-24 10:42:17.227  2299  2329 I [OAO] SystemDialogController: Reset
03-24 10:42:17.227  2299  2329 I [OAO] DialogControllerManager: Reset
03-24 10:42:17.227  2299  2329 I [OAO] ShellOverlayApp: Start sleep timeout. Now:177.849597, Timeout:179.849597
03-24 10:42:17.231  2221  2239 I UnifiedTelemetryWrapper: Started UT session lifetime:com.android.permissioncontroller
03-24 10:42:17.234  2366  2486 I GuardianSystem: runtimeServiceSDKClient_.PackageChangeEvent: package=[com.android.permissioncontroller], process=[com.android.permissioncontroller]
03-24 10:42:17.234  2366  2486 I GuardianSystem: SetCurrentProcessName: com.android.permissioncontroller, previous ProcessName: com.oculus.shellenv
03-24 10:42:17.234  2366  2486 I GuardianSystem: SetCurrentProcessName: Return package changed: com.android.permissioncontroller
03-24 10:42:17.236  3250  8475 I [OAR] AudioMixer: Notifying VrThread to shutdown.
03-24 10:42:17.236  3250  8475 I [OAR] AudioEngine: Fading final buffer
03-24 10:42:17.245  3193  3193 E adbd    : failed to connect to socket 'tcp:6666': Connection refused
03-24 10:42:17.256  3250  8475 I [OAR] AudioEngine: Notifying VrThread to shutdown.
03-24 10:42:17.256  3250  8475 D         : PlayerBase::stop() from IPlayer
03-24 10:42:17.256  3250  8475 D AudioTrack: stop(14): called with 1362240 frames delivered
03-24 10:42:17.256  3250  3338 I [OAR] AudioEngine: Stopping player
03-24 10:42:17.256  3250  3338 D         : PlayerBase::stop() from IPlayer
03-24 10:42:17.257  1306  1306 V AvrcpMediaPlayerList: onPlaybackConfigChanged(): Configs list size=3
03-24 10:42:17.257  3250  3338 D [SEO] ShellApplication: abandonAudioFocus
03-24 10:42:17.257  1026  1283 I MediaFocusControl: abandonAudioFocus() from uid/pid 10020/3250 clientId=android.media.AudioManager@aa4216acom.oculus.vrshell.ShellAudioFocusHandler@c0cb65b
03-24 10:42:17.258  1306  1306 V AvrcpMediaPlayerList: onPlaybackConfigChanged(): Configs list size=2
03-24 10:42:17.262  3250  3338 D [SEO] ShellApplication: setOverlayInputFocus: inputFocus=false shouldSupportIME=false
03-24 10:42:17.262  3250  3338 D [SEO] BaseOverlayService: setOverlayInputFocus : entrypoint - inputFocus=false shouldSupportIME=false
03-24 10:42:17.262  3250  3338 I VrApi   : ---------- vrapi_LeaveVrMode [start] ----------
03-24 10:42:17.262  3250  3250 D [SEO] BaseOverlayService: detachServiceWindowView
03-24 10:42:17.264  3250  3338 D VrApi   : targetSDKVersion 27
03-24 10:42:17.265  1026  1026 W TelecomManager: Telecom Service not found.
03-24 10:42:17.267  2299  2299 I [OAO] VrNotificationListenerService: onNotificationRemoved(): key = 0|android|0|com.android.server.wm.AlertWindowNotification - com.oculus.vrshell|1000, type = third_party
03-24 10:42:17.267  2299  2299 I [OAO] VrNotificationListenerService: onNotificationRemoved(): user|package|tag|id = UserHandle{0}|android|com.android.server.wm.AlertWindowNotification - com.oculus.vrshell|0
03-24 10:42:17.268  3250  3338 I VrRuntimeClient: DEVICE MODEL NUMBER = Quest 2
03-24 10:42:17.268  3250  3338 I VrRuntimeClient: DEVICE HARDWARE = hollywood
03-24 10:42:17.268  1617  1617 D OculusNotificationListenerService: Notification removed: 0|android|0|com.android.server.wm.AlertWindowNotification - com.oculus.vrshell|1000
03-24 10:42:17.268  3250  3338 I VrRuntimeClient: DEVICE BUILD NAME = user-1462400.7360.0
03-24 10:42:17.268  3250  3338 I VrRuntimeClient: DEVICE BUILD TYPE = user
03-24 10:42:17.268  3250  3338 I VrRuntimeClient: DEVICE OS VERSION = 10
03-24 10:42:17.268  3250  3338 I VrRuntimeClient: VRRUNTIME VERSION = VRAPI_VERSION_BEGIN { 1.1.43.0-274987955-274987955 Feb 23 2021 19:56:04 Development } RELEASE
03-24 10:42:17.268  3250  3338 I VrRuntimeClient: API LOADER VERSION = 1.1.34.0
03-24 10:42:17.268  3250  3338 I VrRuntimeClient: VRDRIVER VERSION = 26.0.0.41.502
03-24 10:42:17.268  3250  3338 I VrRuntimeClient: APP NAME = Oculus App Runtime
03-24 10:42:17.268  3250  3338 I VrRuntimeClient: APP VERSION = 26.0.0.40.502 versionCode 274988282 internalVersionName 26.0.0.40.502.3d49ffb6cc0f 2021_02_23_19_55
03-24 10:42:17.268  3250  3338 I VrRuntimeClient: APP VR TYPE = vr_only
03-24 10:42:17.268  3250  3338 I VrRuntimeClient: APP MODE TYPE = VR
03-24 10:42:17.268  3250  3338 I VrRuntimeClient: APP PACKAGE NAME = com.oculus.vrshell
03-24 10:42:17.268  3250  3338 I VrRuntimeClient: APP ACTIVITY CLASS = com.oculus.os.WindowTokenContext
03-24 10:42:17.271  3066  3066 D [SUI] NotificationBroadcastReceiver: action: com.oculus.intent.action.NOTIF_CHANGE
03-24 10:42:17.271  3250  3250 D [SEO] BaseOverlayService: setOverlayInputFocus : completed - inputFocus=false shouldSupportIME=false actionTaken:true
03-24 10:42:17.271  3250  3338 D BatteryReceiver: Unregistering battery receiver
03-24 10:42:17.272  3250  3338 I Sensor  : OSSDKTRACKING Shutdown tracking
03-24 10:42:17.274  2299  2299 D VrNotificationAnalytics: logNotificationRemoved(third_party)
03-24 10:42:17.278  2299  2299 D DeviceHelper: isScreenOn = true
03-24 10:42:17.278  2299  2299 D [OAO] ShellOverlayBroadcastReceiver: onReceive with ShellOverlayService native pointer 3935414776, action com.oculus.vrshell.intent.action.DISMISS_NOTIFICATION
03-24 10:42:17.278  2299  2299 D [OAO] RssdkHelper: getCurrentPackageInfo
03-24 10:42:17.278  2299  2299 I [OAO] RssdkHelperJNI: Java_com_oculus_common_navigation_RssdkHelper_nativeGetCurrentPackageInfo
03-24 10:42:17.278  2299  2299 I [OAO] RssdkHelperJNI: NativeGetCurrentPackageInfo - str combined: 'com.android.permissioncontroller false'
03-24 10:42:17.278  2299  2299 D [OAO] PrimaryPackage: Shell backgrounded or not running.
03-24 10:42:17.279  2299  2299 I [OAO] ShellOverlayServiceJNI: NativeWake
03-24 10:42:17.279  2299  2329 I [OAO] ShellOverlayApp: 0xbf733c08 msg: broadcastIntent:
03-24 10:42:17.279  2299  2329 I [OAO] ShellOverlayApp: intent_action = com.oculus.vrshell.intent.action.DISMISS_NOTIFICATION
03-24 10:42:17.279  2299  2329 I [OAO] ShellOverlayApp: status_bar_notification = 0|android|0|com.android.server.wm.AlertWindowNotification - com.oculus.vrshell|1000
03-24 10:42:17.279  2299  2299 I [OAO] ShellOverlayMain: WakeVrThread
03-24 10:42:17.279  2299  2299 I [OAO] ShellOverlayMain: WakeVrThread - notifying vr thread
03-24 10:42:17.279  2299  2329 I [OAO] ShellOverlayApp: ProcessMessage_Broadcast: com.oculus.vrshell.intent.action.DISMISS_NOTIFICATION
03-24 10:42:17.280  3145  3145 D [OAR] RssdkHelper: getCurrentPackageInfo
03-24 10:42:17.280  3145  3145 I [OAR] RssdkHelperJNI: Java_com_oculus_common_navigation_RssdkHelper_nativeGetCurrentPackageInfo
03-24 10:42:17.280  3250  3338 I VrApi   : OVR::Stats thread stopped
03-24 10:42:17.280  3250  3338 I InputDeviceManager: ovrInputDeviceManager::~ovrInputDeviceManager
03-24 10:42:17.280  3250  3338 I HandDataQuerier: OSSDKTRACKING shutting down HandsTracker
03-24 10:42:17.280  3250  3338 I HandDataQuerier: OSSDKTRACKING shutting down HandsTracker
03-24 10:42:17.280  3250  3338 I InputDevice_TrackedRemote: OSSDKTRACKING shutting down Haptics
03-24 10:42:17.280  3250  3338 I InputDevice_TrackedRemote: OSSDKTRACKING shutting down Haptics
03-24 10:42:17.280  3250  3338 D OsSdk   : TrackingServiceConnection dtor
03-24 10:42:17.281  3145  3145 I [OAR] RssdkHelperJNI: NativeGetCurrentPackageInfo - str combined: 'com.android.permissioncontroller false'
03-24 10:42:17.281  3145  3145 D [OAR] ShellControlProtectedReceiver: onReceive with MainActivity native pointer 0, action com.oculus.vrshell.intent.action.DISMISS_NOTIFICATION
03-24 10:42:17.281  3145  3145 D DeviceHelper: isScreenOn = true
03-24 10:42:17.281  3145  3145 D [OAR] PrimaryPackage: ShellEnv is backgrounded or not running.
03-24 10:42:17.282   822  8809 I TrackingService: Unregistering client by ITrackingService.unregisterClient
03-24 10:42:17.282   822  8809 I TrackingService: TrackingServiceHost Unregistering client: com.oculus.vrshell#3250
03-24 10:42:17.283  3250  3338 D OsSdk   : TrackingServiceConnection unregistered
03-24 10:42:17.285  3250  8465 I ClientInputThread_Internal: InputThreadRun ShutdownRequest received
03-24 10:42:17.285  3250  3338 D InputHooksJava: Disabling Java Input Hooks
03-24 10:42:17.285  2221  2239 D VrRuntimeService: enableRendering: 3250:com.oculus.vrshell: null enable: false
03-24 10:42:17.285  2221  2239 I ClientMgr: ClientMgr::EnableRendering 3250:com.oculus.vrshell : type 1 comp-id 5: disable
03-24 10:42:17.285  2221  2239 I VrRuntimeServer: DisableCompositorClient: 5
03-24 10:42:17.285  2221  2239 I TimeWarpClientMgr: Disable client 5
03-24 10:42:17.285  2221  2239 I TimeWarpClientMgr: DisableClient: frame flush required: 1
03-24 10:42:17.294  2221  2239 I UnifiedTelemetryWrapper: Stopped UT session render:com.oculus.vrshell:EnvOverlay
03-24 10:42:17.294  3250  8477 I FenceChecker: FenceChecker::MainLoop - ended
03-24 10:42:17.294  3250  3338 I VrApi   : ---------- vrapi_LeaveVrMode [end] ----------
03-24 10:42:17.294  3250  3338 I [OAR] ShellFrameAnalytics: ShellFrame frameFunction: 16377us/130635813us, trace: 0us/0us, process commands: 0us/0us, system update: 0us/0us, render 0us/0us, post render 0us/0us
03-24 10:42:17.294  3250  3338 I [OAR] ShellFrameAnalytics: Shell Heartbeat focusedPanelTimeSpent: {"0":28378} visibleTimeSpent: {} inputTimeSpent: {"gaze":28378} mouseClickCount: 0 mouseMoveTimeSpent: 0 mouseScrollTimeSpent: 0 physicalKeyboardConnectedTimeSpent: 0 physicalKeyboardTrackedTimeSpent: 0
03-24 10:42:17.294  3250  3338 I [OAR] DialogController: CloseDialogs() old: 0, pendingUri: systemux://dialog/none, pendingComponent: 
03-24 10:42:17.294  3250  3338 I [OAR] DialogController: ResetDialog old: 0, activeUri systemux://dialog/none, activeReturnComponent 
03-24 10:42:17.294  3250  3338 I [OAR] SystemTabletController: Reset, reason: 4, taskBarVisibility: 1
03-24 10:42:17.295  3250  3338 I [OAR] SystemDialogController: Reset
03-24 10:42:17.295  3250  3338 I [OAR] DialogControllerManager: Reset
03-24 10:42:17.306   709  3333 D msm8974_platform: platform_split_snd_device: snd_device(2) num devices(1) new_snd_devices(0)
03-24 10:42:17.306   709  3333 D ACDB-LOADER: ACDB -> send_audvoltable
03-24 10:42:17.306   709  3333 D ACDB-LOADER: ACDB -> ACDB_CMD_GET_AUDPROC_INSTANCE_GAIN_DEP_STEP_TABLE_SIZE
03-24 10:42:17.306   709  3333 D ACDB-LOADER: ACDB -> ACDB_CMD_GET_AUDPROC_INSTANCE_GAIN_DEP_STEP_TABLE, vol index 1
03-24 10:42:17.306   709  3333 D ACDB-LOADER: ACDB -> AUDIO_SET_VOL_CAL cal type = 40
03-24 10:42:17.307   709  3333 D msm8974_platform: platform_split_snd_device: snd_device(2) num devices(1) new_snd_devices(0)
03-24 10:42:17.307   709  3333 D ACDB-LOADER: ACDB -> send_audvoltable
03-24 10:42:17.307   709  3333 D ACDB-LOADER: ACDB -> ACDB_CMD_GET_AUDPROC_INSTANCE_GAIN_DEP_STEP_TABLE_SIZE
03-24 10:42:17.307   709  3333 D ACDB-LOADER: ACDB -> ACDB_CMD_GET_AUDPROC_INSTANCE_GAIN_DEP_STEP_TABLE, vol index 1
03-24 10:42:17.307   709  3333 D ACDB-LOADER: ACDB -> AUDIO_SET_VOL_CAL cal type = 40
03-24 10:42:17.357  2221  2296 D RuntimeIPCServerMgr: RegisterClient: Client: com.android.permissioncontroller:com.android.permissioncontroller:2592, Server: com.oculus.systemdriver:com.oculus.vrruntimeservice (RuntimeServiceServer)
03-24 10:42:17.357  2221  9036 I JniUtils: Creating temporary JNIEnv. This is a heavy operation and should be infrequent. To optimize, use JNI AttachCurrentThread on calling thread
03-24 10:42:17.358  2221  9036 I chatty  : uid=10025(com.oculus.systemdriver) Thread-52 identical 2 lines
03-24 10:42:17.358  2221  9036 I JniUtils: Creating temporary JNIEnv. This is a heavy operation and should be infrequent. To optimize, use JNI AttachCurrentThread on calling thread
03-24 10:42:17.359  2221  9036 I VrRuntimeService: RuntimeIPC: IPC_SYSTEM_EVENT_CLIENT_CONNECTED: com.android.permissioncontroller:2592, Version: 1.0, Custom: 1.0
03-24 10:42:17.359  2221  9036 I VrRuntimeService: RuntimeServiceSDKServer::GetSharedMemoryFileDescriptor: 2434262749
03-24 10:42:17.359  2221  9036 I VrRuntimeService: GetSharedMemoryFileDescriptor: SharedMemoryType_PublicReadOnly: 33
03-24 10:42:17.359  2221  9036 I VrRuntimeService: RuntimeServiceSDKServer::GetSharedMemoryFileDescriptor: 2434262749
03-24 10:42:17.359  2221  9036 I VrRuntimeService: GetSharedMemoryFileDescriptor: SharedMemoryType_PrivateReadWrite: 172
03-24 10:42:17.359  2592  9030 I VrRuntimeClient: nativeRuntimeServiceConnected: publicReadOnlyFd=66, privateReadWriteFd=67
03-24 10:42:17.359  2592  2592 D VrRuntimeClient: VrRuntimeClient: connectionIsReady: true
03-24 10:42:17.359  2592  2592 D VrRuntimeClient: VrRuntimeClient: context.bindService SUCCESS
03-24 10:42:17.359  2592  2592 I VrApi   : vrapi_Initialize: Connected to VrRuntimeService after 0.137001s
03-24 10:42:17.360  2592  2592 D SystemActivitiesReceiver: Registering Oculus System Activity receiver
03-24 10:42:17.361  2592  2592 I Distortion: Initializing Mesh Decenter Correction
03-24 10:42:17.361  2592  2592 I Distortion: EYE_DECENTER ipdMin 58.1364 left H: -8.1595 v: 3.6616  right  H: -4.9562 v: 0.1797
03-24 10:42:17.361  2592  2592 I Distortion: EYE_DECENTER ipdMid 63.0543 left H: 0.7277 v: 2.5898  right  H: 1.0983 v: 2.3797
03-24 10:42:17.361  2592  2592 I Distortion: EYE_DECENTER ipdMax 67.9727 left H: 1.9973 v: 1.518  right  H: -0.1126 v: 2.3797
03-24 10:42:17.361  2592  2592 I Distortion: EYE_DECENTER PIXELS(4) left H: -0.7277 V: -2.5898  right H: -1.0983 V: -2.3797
03-24 10:42:17.361  2592  2592 I Distortion: EYE_DECENTER iad: 0.065, left H: -2.99923e-05 V: -8.50749e-05  right H: -2.99923e-05 V: -7.81732e-05
03-24 10:42:17.361  2592  2592 I Distortion: SetLensPositions - iad=0.065, left offset=0.000769582,-0.00133337, right offset=-0.000829566,-0.00132647
03-24 10:42:17.361  2592  2592 I Distortion: Initializing Mesh Decenter Correction
03-24 10:42:17.362  2592  2592 I Distortion: EYE_DECENTER ipdMin 58.1364 left H: -8.1595 v: 3.6616  right  H: -4.9562 v: 0.1797
03-24 10:42:17.362  2592  2592 I Distortion: EYE_DECENTER ipdMid 63.0543 left H: 0.7277 v: 2.5898  right  H: 1.0983 v: 2.3797
03-24 10:42:17.362  2592  2592 I Distortion: EYE_DECENTER ipdMax 67.9727 left H: 1.9973 v: 1.518  right  H: -0.1126 v: 2.3797
03-24 10:42:17.362  2592  2592 I Distortion: EYE_DECENTER PIXELS(4) left H: -0.7277 V: -2.5898  right H: -1.0983 V: -2.3797
03-24 10:42:17.362  2592  2592 I Distortion: EYE_DECENTER iad: 0.065, left H: -2.99923e-05 V: -8.50749e-05  right H: -2.99923e-05 V: -7.81732e-05
03-24 10:42:17.362  2592  2592 I Distortion: SetLensPositions - iad=0.065, left offset=0.000769582,-0.00133337, right offset=-0.000829566,-0.00132647
03-24 10:42:17.362  2592  2592 I Distortion: Created custom distortion mesh.
03-24 10:42:17.362  2592  2592 I Distortion: ovrDistortionMeshHeader::magic = 0x56347807
03-24 10:42:17.362  2592  2592 I Distortion: ovrDistortionMeshHeader::deviceModel = 0x200
03-24 10:42:17.362  2592  2592 I Distortion: ovrDistortionMeshHeader::headsetModel = 0x104
03-24 10:42:17.362  2592  2592 I Distortion: ovrDistortionMeshHeader::eyeBlocksWide = 32
03-24 10:42:17.362  2592  2592 I Distortion: ovrDistortionMeshHeader::eyeBlocksHigh = 32
03-24 10:42:17.362  2592  2592 I Distortion: ovrDistortionMeshHeader::lensSeparationMeters = 0.065000
03-24 10:42:17.362  2592  2592 I Distortion: ovrDistortionMeshHeader::horizontalOffsetMeters = -0.000030
03-24 10:42:17.362  2592  2592 I Distortion: ovrDistortionMeshHeader::displayWidthMeters = 0.120362
03-24 10:42:17.362  2592  2592 I Distortion: ovrDistortionMeshHeader::displayHeightMeters = 0.063072
03-24 10:42:17.362  2592  2592 I Distortion: ovrDistortionMeshHeader::displayWidthPixels = 3664
03-24 10:42:17.362  2592  2592 I Distortion: ovrDistortionMeshHeader::displayHeightPixels = 1920
03-24 10:42:17.362  2592  2592 I Distortion: ovrDistortionMeshHeader::eyeTextureWidthPixels = 1440
03-24 10:42:17.362  2592  2592 I Distortion: ovrDistortionMeshHeader::eyeTextureHeightPixels = 1584
03-24 10:42:17.362  2592  2592 I Distortion: ovrDistortionMeshHeader::leftEye = up 48.000000 / down 50.000000 / left 49.000000 / right 45.000000
03-24 10:42:17.362  2592  2592 I Distortion: ovrDistortionMeshHeader::rightEye = up 48.000000 / down 50.000000 / left 45.000000 / right 49.000000
03-24 10:42:17.365  2592  2592 I ClientInputInterface: SetChordedSystemButtonGKFlag 1
03-24 10:42:17.370  2592  2592 I ClientInputSettings: SYSTEMBUTTONSPACE GKS freeze '0'  freezeAPI '0'  eattrigger '0'
03-24 10:42:17.370  2592  2592 I ClientInputSettings: SYSTEMBUTTONSPACE 'com.android.permissioncontroller' Freeze input '0' eat trigger '0'  on home button down
03-24 10:42:17.372  2592  2592 I ClientInputSettings: HANDTRACKING: YES! You are on the Hand Tracking Frequency GK :D
03-24 10:42:17.372  2592  2592 I ClientInputInterface: HANDTRACKING sethandtrackingfrequency 0
03-24 10:42:17.374  2592  2592 I ClientInputInterface: HANDTRACKING handtrackingsmallfingeropeningpinchenabled 1
03-24 10:42:17.374  2592  2592 I ClientInputSettings: HANDTRACKING: YES! You are on the Hand Tracking Small Finger Opening Pinch GK :D
03-24 10:42:17.374  2592  2592 I ClientInputSettings: SetInhibitHandleHomeKey = true for com.android.permissioncontroller
03-24 10:42:17.374  2592  2592 I ClientInputInterface: SetInhibitHandleHomeKey 1
03-24 10:42:17.374  2592  2592 I InputHooks: InitializeInputHooks
03-24 10:42:17.374  2592  2592 I InputHooks: InitializeInputHooks create
03-24 10:42:17.374  2592  2592 D VrRuntimeClient: getClient6dofEntitlementMode for com.android.permissioncontroller
03-24 10:42:17.376  2160  2177 W PublicLibraryProvider: Cannot find entitlement for com.android.permissioncontroller
03-24 10:42:17.377  2592  2592 I TREX    : Initializing TREX for client ed81dad0d7823498...
03-24 10:42:17.377  2592  2592 I TREX    : deviceType_ = 2
03-24 10:42:17.377  2592  2592 I TREX    : Initializing system...
03-24 10:42:17.377  2592  2592 I TREX    : Plugin 'com.oculus.superres:libsuperres_plugin.so': No GK killswitch check!
03-24 10:42:17.377  2592  2592 I TREX    : Loading plugin com.oculus.superres:libsuperres_plugin.so
03-24 10:42:17.377  2592  2592 E TREX    : Package 'com.oculus.superres' was not found!
03-24 10:42:17.377  2592  2592 E TREX    : Package com.oculus.superres has an invalid signature!
03-24 10:42:17.377  2592  2592 E TREX    : Skipping load of package com.oculus.superres due to an invalid signature!
03-24 10:42:17.377  2592  2592 I TREX    : Plugin 'com.oculus.superres:libsuperres_plugin.so' not loaded.
03-24 10:42:17.377  2592  2592 I VrApi   : ----------- vrapi_Initialize [end] ----------
03-24 10:42:17.412  2221  2221 D VrRuntimeService: onFocusedWindowChanged: focusedWindowToken=android.os.BinderProxy@d5399c3, focusedWindowUid=10011, focusedWindowPid=2592
03-24 10:42:17.412  2221  2221 W ClientMgr: ClientMgr::SetFocusedClient: No focused client
03-24 10:42:17.412  2221  2221 I ClientMgr: Releasing clocks.
03-24 10:42:17.413  2221  2297 I PerformanceManager: SetClockLevels: Force releasing clocks
03-24 10:42:17.413  2221  2297 I PerformanceManager: SetClockLevels: Apply pending clock request change: 2,3 -> -1,-1
03-24 10:42:17.413  2221  2262 I Clocks  : ReleaseClocks - start
03-24 10:42:17.414  2221  2262 I Clocks  : ReleaseClocks - end (0.5 ms)
03-24 10:42:17.414   716   767 W libperfmgr: Failed to write to node: /sys/class/devfreq/soc:qcom,cpu-cpu-llcc-bw/max_freq with value: 2288, fd: 11
03-24 10:42:17.414   716   767 W libperfmgr: Failed to write to node: /sys/class/devfreq/soc:qcom,cpu-llcc-ddr-bw/max_freq with value: 762, fd: 9
03-24 10:42:17.414   716   769 D android.hardware.power@1.3-service-libperfmgr: Unset hint for clock domain: 0
03-24 10:42:17.414   716   767 W libperfmgr: Failed to write to node: /sys/class/devfreq/soc:qcom,cpu-cpu-llcc-bw/max_freq with value: 2288, fd: 9
03-24 10:42:17.414   716   767 W libperfmgr: Failed to write to node: /sys/class/devfreq/soc:qcom,cpu-llcc-ddr-bw/max_freq with value: 762, fd: 10
03-24 10:42:17.414   716   769 D android.hardware.power@1.3-service-libperfmgr: Unset hint for clock domain: 1
03-24 10:42:17.416  2160  2177 I LibraryProvider: running queryApp(com.oculus.shellenv) for com.oculus.uid:10031
03-24 10:42:17.416  2160  2177 W LibraryProvider: Cannot find entitlement for com.oculus.shellenv
03-24 10:42:17.416  1964  1964 W OVRLibrary: null cursor received for query content://com.oculus.ocms.library/apps/com.oculus.shellenv
03-24 10:42:17.416  1964  1964 E PlatformPluginManager: onAppStart called before init
03-24 10:42:17.417  1964  1964 E OVRMediaServiceManager: LivestreamingManager Not initialized
03-24 10:42:17.427  2221  2297 I PerformanceManager: SetClockLevels: Apply pending clock request change: -1,-1 -> 2,3
03-24 10:42:17.427  2221  2262 I Clocks  : LockClocks( cpu=2, gpu=3 ) - start
03-24 10:42:17.427  2221  2262 I Clocks  : CPU levels [0, 4]
03-24 10:42:17.427  2221  2262 I Clocks  : GPU levels [0, 5]
03-24 10:42:17.428   716   716 D android.hardware.power@1.3-service-libperfmgr: set performance level 2, domain 0
03-24 10:42:17.428  2221  2262 I Clocks  : LockClocks( cpu=2, gpu=3 ) - end (0.7 ms)
03-24 10:42:17.428  1026  1058 W InputReader: Device has associated, but no associated display id.
03-24 10:42:17.428   716   716 D android.hardware.power@1.3-service-libperfmgr: set performance level 3, domain 1
03-24 10:42:17.428  2592  9038 I VrApi   : ---------- vrapi_EnterVrMode [start] ----------
03-24 10:42:17.429  2592  9038 I VrRuntimeClient: Tracing is disabled
03-24 10:42:17.429  2592  9038 I VrRuntimeClient: SysProp debug mode is disabled on Client side
03-24 10:42:17.429  1026  1134 V DisplayPowerController: Brightness [255] reason changing to: 'override', previous reason: 'manual'.
03-24 10:42:17.429  2592  9038 D VrApi   : targetSDKVersion 29
03-24 10:42:17.430  2592  9038 I VrRuntimeClient: DEVICE MODEL NUMBER = Quest 2
03-24 10:42:17.430  2592  9038 I VrRuntimeClient: DEVICE HARDWARE = hollywood
03-24 10:42:17.430  2592  9038 I VrRuntimeClient: DEVICE BUILD NAME = user-1462400.7360.0
03-24 10:42:17.430  2592  9038 I VrRuntimeClient: DEVICE BUILD TYPE = user
03-24 10:42:17.430  2592  9038 I VrRuntimeClient: DEVICE OS VERSION = 10
03-24 10:42:17.430  2592  9038 I VrRuntimeClient: VRRUNTIME VERSION = VRAPI_VERSION_BEGIN { 1.1.43.0-274987955-274987955 Feb 23 2021 19:56:04 Development } RELEASE
03-24 10:42:17.430  2592  9038 I VrRuntimeClient: API LOADER VERSION = 1.1.34.0
03-24 10:42:17.430  2592  9038 I VrRuntimeClient: VRDRIVER VERSION = 26.0.0.41.502
03-24 10:42:17.430  2592  9038 I VrRuntimeClient: APP NAME = Permission controller
03-24 10:42:17.430  2592  9038 I VrRuntimeClient: APP VERSION = 29 system image versionCode 299900000 internalVersionName <none>
03-24 10:42:17.430  2592  9038 I VrRuntimeClient: APP VR TYPE = <none>
03-24 10:42:17.430  2592  9038 I VrRuntimeClient: APP MODE TYPE = <none>
03-24 10:42:17.430  2592  9038 I VrRuntimeClient: APP PACKAGE NAME = com.android.permissioncontroller
03-24 10:42:17.430  2592  9038 I VrRuntimeClient: APP ACTIVITY CLASS = com.oculus.os.DialogContext
03-24 10:42:17.430  2592  9038 I Sensor  : OSSDKTRACKING Initializing head tracking
03-24 10:42:17.430  2592  9038 D OsSdk   : TrackingServiceConnection ctor
03-24 10:42:17.430  2592  9038 I Sensor  : OSSDKTRACKING Head tracker != nullpointer 0x7a8609b778, 1
03-24 10:42:17.430  2592  9038 I Sensor  : OSSDKTRACKING Initializing controller tracking
03-24 10:42:17.430  2592  9038 I Sensor  : OSSDKTRACKING Controller tracker != nullpointer 0x7a8609b840, 1
03-24 10:42:17.430  2592  9038 D BatteryReceiver: Registering battery receiver
03-24 10:42:17.432  1026  1098 I ActivityTaskManager: Displayed com.android.permissioncontroller/com.android.packageinstaller.permission.ui.ReviewPermissionsActivity: +303ms
