02-18 12:07:00.579  4577  4648 D VrRuntimeClient: pokeGuardianUserServiceForThisClient: com.YourCompany.KilncroftLane:10106
02-18 12:07:00.580  4577  4648 D VrRuntimeClient: VrRuntimeClient: enableRendering: activity client
02-18 12:07:00.581  2326  2326 D VrGuardianUserService: onStartCommandIntent { act=FOREGROUND_CLIENT cmp=com.oculus.guardian/com.oculus.vrguardianservice.VrGuardianUserService (has extras) }
02-18 12:07:00.581  4577  4648 D VrRuntimeClient: VrRuntimeClient: enableRendering: Using clientWindow=android.os.BinderProxy@b6ef4ae
02-18 12:07:00.581  1923  1962 I ClientMgr: ClientMgr::SetFocusedClient: 4577:com.YourCompany.KilncroftLane type 0
02-18 12:07:00.581  1923  1962 D VrRuntimeService: enableRendering: 4577:com.YourCompany.KilncroftLane: android.os.BinderProxy@439adba enable: true
02-18 12:07:00.581  1923  1962 I ClientMgr: ClientMgr::EnableRendering 4577:com.YourCompany.KilncroftLane : type 0 comp-id 8: enable
02-18 12:07:00.581  1923  1962 I TimeWarp: CheckDebuggerConnected: debugger 0
02-18 12:07:00.582  1923  1962 I VrRuntimeServer: SysProp debug mode is disabled on Server side
02-18 12:07:00.582  4577  4765 I InputDeviceManager: HANDTRACKING Pose filter profile changed to: 0
02-18 12:07:00.582  4577  4765 I InputDeviceManager: HANDTRACKING Pose filter profile changed to: 0
02-18 12:07:00.587  1923  1962 I UnifiedTelemetryWrapper: Started UT session render:com.YourCompany.KilncroftLane
02-18 12:07:00.587  1923  2279 I ClientMgr: Non-overlay clients rendering status has changed: prev=4, curr=5, enabled=1
02-18 12:07:00.587  1923  2279 I ClientMgr: Primary Client is not valid.
02-18 12:07:00.587  1923  2279 I ClientMgr: Primary client determined to be the current enabled client 8
02-18 12:07:00.587  1923  2279 I ClientMgr: Setting Primary Client to 8
02-18 12:07:00.587  1923  2279 I ClientMgr: Primary Client ID changed
02-18 12:07:00.588  1923  2279 W ClientMgr: ClientMgr::GetClientPermissionFlagsById: Client missing proper permissions: com.YourCompany.KilncroftLane, 2
02-18 12:07:00.588  1923  2279 I ClientMgr: ClientMgr::SetPrimaryCompositorClient: com.YourCompany.KilncroftLane
02-18 12:07:00.588  1923  2279 I TimeWarp: Enable client 8
02-18 12:07:00.588  1923  2279 I VrRuntimeServer: EnableCompositorClient client(8): layer placement(0) flags(1) sm(0x7ed3bb8010)
02-18 12:07:00.588  1923  2279 I ServiceInputManager: ServiceInputManager::SetPrimaryPackageName 'com.YourCompany.KilncroftLane' 'com.YourCompany.KilncroftLane'  updated AnytimeUI processname 1
02-18 12:07:00.588  1923  2279 I VrRuntimeService: RuntimeIPC: SendPrimaryPackageChangeEvent: PostClientEvent SUCCESS: com.oculus.vrshell:com.oculus.vrshell:EnvOverlay:3333, com.YourCompany.KilncroftLane, com.YourCompany.KilncroftLane
02-18 12:07:00.588  1923  2279 I VrRuntimeService: RuntimeIPC: SendPrimaryPackageChangeEvent: PostClientEvent SUCCESS: com.oculus.vrshell:com.oculus.vrshell:Overlay:2282, com.YourCompany.KilncroftLane, com.YourCompany.KilncroftLane
02-18 12:07:00.588  1923  2279 I VrRuntimeService: RuntimeIPC: SendPrimaryPackageChangeEvent: PostClientEvent SUCCESS: com.oculus.shellenv:com.oculus.shellenv:3270, com.YourCompany.KilncroftLane, com.YourCompany.KilncroftLane
02-18 12:07:00.588  1923  2279 I VrRuntimeService: RuntimeIPC: SendPrimaryPackageChangeEvent: PostClientEvent SUCCESS: com.oculus.mrservice:com.oculus.mrservice:1624, com.YourCompany.KilncroftLane, com.YourCompany.KilncroftLane
02-18 12:07:00.588  1923  2279 I VrRuntimeService: RuntimeIPC: SendPrimaryPackageChangeEvent: PostClientEvent SUCCESS: com.oculus.vrshell:com.oculus.vrshell:3200, com.YourCompany.KilncroftLane, com.YourCompany.KilncroftLane
02-18 12:07:00.588  1923  2279 I VrRuntimeService: RuntimeIPC: SendPrimaryPackageChangeEvent: PostClientEvent SUCCESS: com.oculus.guardian:com.oculus.vrguardianservice:2326, com.YourCompany.KilncroftLane, com.YourCompany.KilncroftLane
02-18 12:07:00.588  1923  2279 I VrRuntimeService: RuntimeIPC: SendPrimaryPackageChangeEvent: PostClientEvent SUCCESS: android.uid.systemui:10056:com.android.systemui:1292, com.YourCompany.KilncroftLane, com.YourCompany.KilncroftLane
02-18 12:07:00.588  1923  2279 D VrRuntimeService: sendPrimaryPackageChangeBroadcast
02-18 12:07:00.588  4577  4648 I ScreenCaptureHelper: Advertising com.YourCompany.KilncroftLane as streamable
02-18 12:07:00.589  4577  4648 I VrApi   : OVR::Stats thread started
02-18 12:07:00.589  4577  4648 I XrRuntimeSystem_Client: BeginSession
02-18 12:07:00.589  4577  4648 I VrApi   : ---------- vrapi_EnterVrMode [end] ----------
02-18 12:07:00.589  4577  4648 I ClientInputSettings: EatNativeGamepadEvents = false
02-18 12:07:00.589  4577  4648 D OVRPlugin: Registering utility receivers.
02-18 12:07:00.590  1923  2279 I AADT    : SetAADTLutDataX: 0
02-18 12:07:00.590  1923  2279 I AADT    : SetAADTLutDataY: 0
02-18 12:07:00.590  1923  2279 I ServiceInputManager: DEADRECKONING deadReckoning mode on ClientMgr from server is 0
02-18 12:07:00.590  4577  4648 D OVRPlugin: Developer mode: 1
02-18 12:07:00.590  4577  4648 D UE4     : [2021.02.18-12.07.00:590][  0]LogHMD: Error: Mobile HDR is not supported on Oculus Mobile HMD devices.
02-18 12:07:00.591  1923  2074 I TimeWarp: SetSchedFifo( tid=3316, pol=2, pri=0 ) succeeded
02-18 12:07:00.591  2282  2282 D [OAO] ShellOverlayService: screenStateReceiver Received broadcast: com.oculus.vrshell.intent.action.PRIMARY_PACKAGE_CHANGED
02-18 12:07:00.591  2282  2282 I [OAO] ShellOverlayServiceJNI: NativeSendOverlayCommand
02-18 12:07:00.591  2282  2282 I [OAO] ShellOverlayServiceJNI: NativeWake
02-18 12:07:00.591  2282  2282 I [OAO] ShellOverlayMain: WakeVrThread
02-18 12:07:00.591  2282  2282 I [OAO] ShellOverlayMain: WakeVrThread - notifying vr thread
02-18 12:07:00.591  2282  2425 I [OAO] ShellOverlayApp: VrThread woke up
02-18 12:07:00.591   806  4696 E VrApiService: Error set scheduler for process 1923 thread 3413 to 2 : No such process (3)
02-18 12:07:00.591  2282  2425 I [OAO] ShellOverlayApp: 0xbf871bf0 msg: overlayCommand:
02-18 12:07:00.591  2282  2425 I [OAO] ShellOverlayApp: command = primaryPackageChanged
02-18 12:07:00.591  1923  2074 I TimeWarp: SetSchedFifo( tid=3413, pol=2, pri=0 ) succeeded
02-18 12:07:00.591  2282  2425 I [OAO] ShellOverlayApp: Process_OverlayCommand command : primaryPackageChanged
02-18 12:07:00.591  1923  2074 I AADT    : SetAADTLutDataX. Thread. SizeX: 0
02-18 12:07:00.591  2282  2425 I [OAO] ShellOverlayApp: UpdatePrimaryPackage
02-18 12:07:00.591  1923  2074 I AADT    : SetAADTLutDataY. Thread. SizeY: 0
02-18 12:07:00.591  2282  2425 I [OAO] ShellOverlayApp: UpdatePrimaryPackage Requested for PackageName:com.YourCompany.KilncroftLane  IsFocusAware:1
02-18 12:07:00.591  2282  2425 I [OAO] ShellOverlayApp: UpdatePrimaryPackage Package change detected. Previous package:[com.oculus.shellenv]
02-18 12:07:00.591  2282  2425 I [OAO] OverlayFlowController: OnPrimaryPackageChange primaryPackage:com.YourCompany.KilncroftLane immersiveAppChanged:1
02-18 12:07:00.591  2282  2425 I [OAO] OverlayFlowController: Non system primary client change: ready to sleep
02-18 12:07:00.591  2282  2425 I [OAO] OverlayFlowController: Reset resetReason : 3
02-18 12:07:00.591  2282  2425 I [OAO] DialogController: CloseDialogs() old: 0, pendingUri: systemux://dialog/none, pendingComponent: 
02-18 12:07:00.591  2282  2425 I [OAO] SystemTabletController: Reset, reason: 3, taskBarVisibility: 1
02-18 12:07:00.591  2282  2425 I [OAO] SystemDialogController: Reset
02-18 12:07:00.591  2282  2425 I [OAO] DialogControllerManager: Reset
02-18 12:07:00.592  2282  2425 I [OAO] OverlayFlowController: WarmStart
02-18 12:07:00.592  2282  2425 I [OAO] OverlaySystemUXTransitionFlow: KeepAliveForDuration countdown start
02-18 12:07:00.592  2282  2425 I [OAO] FlowController: UpdateActiveFlow from (none) to OverlaySystemUXTransitionFlow
02-18 12:07:00.592  2282  2425 I [OAO] OverlaySystemUXTransitionFlow: Activated
02-18 12:07:00.592  2282  2425 I [OAO] ShellOverlayApp: Start sleep timeout. Now:52.123094, Timeout:54.123094
02-18 12:07:00.594  2326  2538 I GuardianSystem: runtimeServiceSDKClient_.ForceShowGuardianEvent
02-18 12:07:00.594  2326  2538 I GuardianSystem: ForceShowGuardian: false, 0.00
02-18 12:07:00.594  2326  2538 I GuardianSystem: runtimeServiceSDKClient_.PackageChangeEvent: com.YourCompany.KilncroftLane
02-18 12:07:00.595  4577  4766 D VrApi   : targetSDKVersion 21
02-18 12:07:00.596  4577  4765 I InputDevice_TrackedRemote: REMOTE: Hand=1 IndexAnalog=0.00 GripAnalog=0.00 Buttons=0x00000000
02-18 12:07:00.596  4577  4765 I InputDevice_TrackedRemote: REMOTE: Hand=2 IndexAnalog=0.00 GripAnalog=0.00 Buttons=0x00000000
02-18 12:07:00.596  2178  2195 W LibraryProvider: Cannot find entitlement for com.YourCompany.KilncroftLane
02-18 12:07:00.597  2097  2097 W OVRLibrary: null cursor received for query content://com.oculus.ocms.library/apps/com.YourCompany.KilncroftLane
02-18 12:07:00.599  4577  4766 I JniUtils: ovr_GetCurrentPackageSignature 
02-18 12:07:00.601  4577  4766 I Metrics : device name = Oculus Quest
02-18 12:07:00.602  2178  2195 W LibraryProvider: Cannot find entitlement for com.YourCompany.KilncroftLane
02-18 12:07:00.602  2097  2097 W OVRLibrary: null cursor received for query content://com.oculus.ocms.library/apps/com.YourCompany.KilncroftLane
02-18 12:07:00.602  2097  2097 E PlatformPluginManager: onAppStart called before init
02-18 12:07:00.602  2097  2097 E OVRMediaServiceManager: LivestreamingManager Not initialized
02-18 12:07:00.651   733  1001 I hash_map_utils: key: 'snd_device_in' value: ''
02-18 12:07:00.652   733  1001 I hash_map_utils: key: 'snd_device_out' value: ''
02-18 12:07:00.741  2326  2616 I Telemetry: App memory usage: PSS=50MB DalvikPSS=0 MB
02-18 12:07:00.806  1923  2277 I RuntimeIPCServerMgr: RegisterClient: Client: com.YourCompany.KilncroftLane:com.YourCompany.KilncroftLane:4577, Server: com.oculus.systemdriver:com.oculus.vrruntimeservice (RuntimeServiceServer)
02-18 12:07:00.806  1923  4768 I RuntimeIPCServerMgr: RPCClientHandler::MainLoop: Starting: Client: com.YourCompany.KilncroftLane:com.YourCompany.KilncroftLane:4577, Server: com.oculus.systemdriver:com.oculus.vrruntimeservice (RuntimeServiceServer)
02-18 12:07:00.806  1923  4768 I JniUtils: Creating temporary JNIEnv. This is a heavy operation and should be infrequent. To optimize, use JNI AttachCurrentThread on calling thread
02-18 12:07:00.806  1951  3522 I RuntimeIPCService: GetServerRequestPipeAsServer: 4577:com.YourCompany.KilncroftLane:com.YourCompany.KilncroftLane (com.oculus.systemdriver:com.oculus.vrruntimeservice (RuntimeServiceServer))
02-18 12:07:00.807  1923  4768 I JniUtils: Creating temporary JNIEnv. This is a heavy operation and should be infrequent. To optimize, use JNI AttachCurrentThread on calling thread
02-18 12:07:00.807  1951  3522 I RuntimeIPCService: GetServerRequestPipeAsServer: 4577:com.YourCompany.KilncroftLane:com.YourCompany.KilncroftLane (com.oculus.systemdriver:com.oculus.vrruntimeservice (RuntimeServiceServer))
02-18 12:07:00.807  1923  4768 I JniUtils: Creating temporary JNIEnv. This is a heavy operation and should be infrequent. To optimize, use JNI AttachCurrentThread on calling thread
02-18 12:07:00.807  1951  3522 I RuntimeIPCService: GetServerResponsePipeAsServer: 4577:com.YourCompany.KilncroftLane:com.YourCompany.KilncroftLane (com.oculus.systemdriver:com.oculus.vrruntimeservice (RuntimeServiceServer))
02-18 12:07:00.808  1923  4768 I JniUtils: Creating temporary JNIEnv. This is a heavy operation and should be infrequent. To optimize, use JNI AttachCurrentThread on calling thread
02-18 12:07:00.808  1951  3522 I RuntimeIPCService: GetServerFdAsServer: 4577:com.YourCompany.KilncroftLane:com.YourCompany.KilncroftLane (com.oculus.systemdriver:com.oculus.vrruntimeservice (RuntimeServiceServer))
02-18 12:07:00.808  1923  2277 I RuntimeIPCServerMgr: RPCClientHandler::Init SUCCESS: Client: com.YourCompany.KilncroftLane:com.YourCompany.KilncroftLane:4577, Server: com.oculus.systemdriver:com.oculus.vrruntimeservice (RuntimeServiceServer)
02-18 12:07:00.808  1923  4768 I VrRuntimeService: RuntimeIPC: IPC_SYSTEM_EVENT_CLIENT_CONNECTED: com.YourCompany.KilncroftLane:4577, Version: 1.0, Custom: 1.0
02-18 12:07:00.808  1923  4768 I VrRuntimeService: CreateSwapChain: 4052464202
02-18 12:07:00.808  1923  4768 I VrRuntimeService: CreateSwapChain: api:gles 0 0x8c43 2880 1584 1 3 1 0 14
02-18 12:07:00.810  1923  4768 I VrRuntimeServer: CreateTextureSwapChain: result importswapchaingles 1
02-18 12:07:00.815  4577  4734 D UE4     : [2021.02.18-12.07.00:815][  0]LogHMD: Allocating Oculus 2880 x 1584 rendertarget swapchain
02-18 12:07:00.815  4577  4648 I VrApi   : Received ovrRuntime event 2
02-18 12:07:00.815  4577  4648 I VrApi   : Received ovrRuntime event 4
02-18 12:07:00.815  4577  4648 I OVRPlugin: HandleVrapiEvents: Unknown Event.
02-18 12:07:00.815  4577  4648 D UE4     : [2021.02.18-12.07.00:815][  0]LogHMD: FSplash::OnShow
02-18 12:07:00.815  4577  4648 D UE4     : [2021.02.18-12.07.00:815][  0]LogLoad: LoadMap: /Game/Maps/QuestQSMap?Name=Player
02-18 12:07:00.815  4577  4648 D UE4     : [2021.02.18-12.07.00:815][  0]LogWorld: BeginTearingDown for /Temp/Untitled_0
02-18 12:07:00.818  4577  4648 D UE4     : XYXYXY XYXYXY Clearnupworld 0xde627a40 -> 0x0
02-18 12:07:00.818  4577  4648 D UE4     : [2021.02.18-12.07.00:818][  0]LogWorld: UWorld::CleanupWorld for Untitled, bSessionEnded=true, bCleanupResources=true
02-18 12:07:00.818  4577  4648 D UE4     : [2021.02.18-12.07.00:818][  0]LogSlate: InvalidateAllWidgets triggered.  All widgets were invalidated
02-18 12:07:00.820  1923  4768 I VrRuntimeService: CreateSwapChain: 4052464202
02-18 12:07:00.820  1923  4768 I VrRuntimeService: CreateSwapChain: api:gles 0 0x8c43 1 1 1 1 1 0 14
02-18 12:07:00.820  1923  4768 I VrRuntimeServer: CreateTextureSwapChain: result importswapchaingles 1
02-18 12:07:00.827  4577  4648 D UE4     : [2021.02.18-12.07.00:827][  0]LogUObjectHash: Compacting FUObjectHashTables data took   0.62ms
02-18 12:07:00.829  4577  4733 D UE4     : [2021.02.18-12.07.00:829][  0]LogRHI: Using OpenGL program LRU cache: 0
02-18 12:07:00.831  2326  2516 I RuntimeIPCServerMgr: RegisterClient: Client: com.YourCompany.KilncroftLane:com.YourCompany.KilncroftLane:4577, Server: com.oculus.guardian:com.oculus.vrguardianservice (guardianserver)
02-18 12:07:00.831  2326  4769 I RuntimeIPCServerMgr: RPCClientHandler::MainLoop: Starting: Client: com.YourCompany.KilncroftLane:com.YourCompany.KilncroftLane:4577, Server: com.oculus.guardian:com.oculus.vrguardianservice (guardianserver)
02-18 12:07:00.831  2326  4769 I JniUtils: Creating temporary JNIEnv. This is a heavy operation and should be infrequent. To optimize, use JNI AttachCurrentThread on calling thread
02-18 12:07:00.831  1951  3522 I RuntimeIPCService: GetServerRequestPipeAsServer: 4577:com.YourCompany.KilncroftLane:com.YourCompany.KilncroftLane (com.oculus.guardian:com.oculus.vrguardianservice (guardianserver))
02-18 12:07:00.832  2326  4769 I JniUtils: Creating temporary JNIEnv. This is a heavy operation and should be infrequent. To optimize, use JNI AttachCurrentThread on calling thread
02-18 12:07:00.832  1951  3522 I RuntimeIPCService: GetServerRequestPipeAsServer: 4577:com.YourCompany.KilncroftLane:com.YourCompany.KilncroftLane (com.oculus.guardian:com.oculus.vrguardianservice (guardianserver))
02-18 12:07:00.832  2326  4769 I JniUtils: Creating temporary JNIEnv. This is a heavy operation and should be infrequent. To optimize, use JNI AttachCurrentThread on calling thread
02-18 12:07:00.832  1951  3522 I RuntimeIPCService: GetServerResponsePipeAsServer: 4577:com.YourCompany.KilncroftLane:com.YourCompany.KilncroftLane (com.oculus.guardian:com.oculus.vrguardianservice (guardianserver))
02-18 12:07:00.833  2326  4769 I JniUtils: Creating temporary JNIEnv. This is a heavy operation and should be infrequent. To optimize, use JNI AttachCurrentThread on calling thread
02-18 12:07:00.833  1951  3522 I RuntimeIPCService: GetServerFdAsServer: 4577:com.YourCompany.KilncroftLane:com.YourCompany.KilncroftLane (com.oculus.guardian:com.oculus.vrguardianservice (guardianserver))
02-18 12:07:00.833  2326  2516 I RuntimeIPCServerMgr: RPCClientHandler::Init SUCCESS: Client: com.YourCompany.KilncroftLane:com.YourCompany.KilncroftLane:4577, Server: com.oculus.guardian:com.oculus.vrguardianservice (guardianserver)
02-18 12:07:00.833  2326  4769 W REFLECT : Broadcasting -242503094, com.YourCompany.KilncroftLane, com.YourCompany.KilncroftLane:4577
02-18 12:07:00.837  1923  4768 I VrRuntimeService: UpdateSwapChainSamplerState: 128
02-18 12:07:00.837  1923  4768 I VrRuntimeService: UpdateSwapChainSamplerState: minFilter=1 magFilter=1 wrapModeS=3 warpModeT=3 maxAniso=1.000000 border={0.000000,0.000000,0.000000,0.000000}
02-18 12:07:00.838  4577  4733 D VrRuntimeClient: pokeGuardianUserServiceForThisClient: com.YourCompany.KilncroftLane:10106
02-18 12:07:00.839  4577  4733 W VrApi   : Time to first swap: 2.055 seconds
02-18 12:07:00.839  4577  4770 I FenceChecker: FenceChecker::MainLoop - started
02-18 12:07:00.839  2326  2326 D VrGuardianUserService: onStartCommandIntent { act=FOREGROUND_CLIENT cmp=com.oculus.guardian/com.oculus.vrguardianservice.VrGuardianUserService (has extras) }
02-18 12:07:00.851  1923  2074 I TimeWarpProgs: loaded binary layerProgram 0:0x40007:0x0 in 2.6 ms
02-18 12:07:00.852  4577  4648 D UE4     : [2021.02.18-12.07.00:852][  0]LogStreaming: Error: Couldn't find file for package /Script/SteamVR requested by async loading code. NameToLoad: /Script/SteamVR
02-18 12:07:00.852  4577  4648 D UE4     : [2021.02.18-12.07.00:852][  0]LogStreaming: Error: Found 1 dependent packages...
02-18 12:07:00.852  4577  4648 D UE4     : [2021.02.18-12.07.00:852][  0]LogStreaming: Error:   /Game/VirtualRealityBP/Blueprints/BP_MotionController
02-18 12:07:00.853  1923  2074 I TimeWarp: SetSchedFifo( tid=4648, pol=3, pri=0 ) succeeded
02-18 12:07:00.853  1923  2074 I TimeWarp: SetSchedFifo( tid=4733, pol=3, pri=0 ) succeeded
02-18 12:07:00.854  1923  2074 I TimeWarp: SetSchedFifo( tid=4770, pol=3, pri=0 ) succeeded
02-18 12:07:00.863  4577  4648 D UE4     : [2021.02.18-12.07.00:863][  0]LogStreaming: Error: ****DumpDependencies [Dependencies]:
02-18 12:07:00.863  4577  4648 D UE4     : [2021.02.18-12.07.00:863][  0]LogStreaming: Error:     Export 50 /Game/VirtualRealityBP/Blueprints/BP_MotionController.BP_MotionController_C:SteamVRChaperone_GEN_VARIABLE
02-18 12:07:00.863  4577  4648 D UE4     : [2021.02.18-12.07.00:863][  0]LogStreaming: Error:     Linker is ../../../KilncroftLane/Content/VirtualRealityBP/Blueprints/BP_MotionController.uasset
02-18 12:07:00.863  4577  4648 D UE4     : [2021.02.18-12.07.00:863][  0]LogStreaming: Error:         Dep S_BEFORE_S Export    19    /Game/VirtualRealityBP/Blueprints/BP_MotionController.BP_MotionController_C     (class BlueprintGeneratedClass)
02-18 12:07:00.863  4577  4648 D UE4     : [2021.02.18-12.07.00:863][  0]LogStreaming: Error:         Dep S_BEFORE_C Import    34   /Script/SteamVR.SteamVRChaperoneComponent
02-18 12:07:00.864  4577  4648 D UE4     : [2021.02.18-12.07.00:863][  0]LogStreaming: Error:         Dep S_BEFORE_C Import   164   /Script/SteamVR.Default__SteamVRChaperoneComponent
02-18 12:07:00.864  4577  4648 D UE4     : [2021.02.18-12.07.00:864][  0]LogStreaming: Error:         Dep C_BEFORE_C Export    19    /Game/VirtualRealityBP/Blueprints/BP_MotionController.BP_MotionController_C     (class BlueprintGeneratedClass)
02-18 12:07:00.864  4577  4648 D UE4     : [2021.02.18-12.07.00:864][  0]LogStreaming: Error: Missing Dependency, request for /Script/SteamVR.SteamVRChaperoneComponent but it hasn't been created yet.
02-18 12:07:00.864  4577  4648 D UE4     : [2021.02.18-12.07.00:864][  0]LogStreaming: Error: Could not find class SteamVRChaperoneComponent to create SteamVRChaperone_GEN_VARIABLE
02-18 12:07:00.912  4577  4648 D UE4     : [2021.02.18-12.07.00:912][  0]LogAIModule: Creating AISystem for world QuestQSMap
02-18 12:07:00.912  4577  4648 D UE4     : [2021.02.18-12.07.00:912][  0]LogAISub: UAISubsystem EnvQueryManager (0x97213e80), frame # 0
02-18 12:07:00.912  4577  4648 D UE4     : [2021.02.18-12.07.00:912][  0]LogAISub: UAISubsystem AIPerceptionSystem (0x9995d800), frame # 0
02-18 12:07:00.913  4577  4648 D UE4     : [2021.02.18-12.07.00:913][  0]LogLoad: Game class is 'GameModeBase'
02-18 12:07:00.918  4577  4648 D UE4     : [2021.02.18-12.07.00:918][  0]LogWorld: Bringing World /Game/Maps/QuestQSMap.QuestQSMap up for play (max tick rate 0) at 2021.02.18-12.07.00
02-18 12:07:00.919  4577  4648 D UE4     : [2021.02.18-12.07.00:919][  0]LogWorld: Bringing up level for play took: 0.005321
02-18 12:07:00.921  4577  4648 D UE4     : [2021.02.18-12.07.00:921][  0]LogOnline: OSS: Creating online subsystem instance for: GooglePlay
02-18 12:07:00.921  4577  4648 D UE4     : [2021.02.18-12.07.00:921][  0]LogOnline: Warning: OSS: FOnlineSubsystemGooglePlayModule was disabled
02-18 12:07:00.922  4577  4648 D UE4     : [2021.02.18-12.07.00:921][  0]LogGameMode: FindPlayerStart: PATHS NOT DEFINED or NO PLAYERSTART with positive rating
02-18 12:07:00.928  4577  4648 D UE4     : [2021.02.18-12.07.00:928][  0]LogScript: Warning: Accessed None trying to read property SteamVRChaperone
02-18 12:07:00.928  4577  4648 D UE4     : 	BP_MotionController_C /Game/Maps/QuestQSMap.QuestQSMap:PersistentLevel.BP_MotionController_C_2147482535
02-18 12:07:00.928  4577  4648 D UE4     : 	Function /Game/VirtualRealityBP/Blueprints/BP_MotionController.BP_MotionController_C:SetupRoomScaleOutline:0062
02-18 12:07:00.928  4577  4648 D UE4     : [2021.02.18-12.07.00:928][  0]LogScript: Warning: Script call stack:
02-18 12:07:00.928  4577  4648 D UE4     : 	Function /Game/VirtualRealityBP/Blueprints/BP_MotionController.BP_MotionController_C:ReceiveBeginPlay
02-18 12:07:00.928  4577  4648 D UE4     : 	Function /Game/VirtualRealityBP/Blueprints/BP_MotionController.BP_MotionController_C:ExecuteUbergraph_BP_MotionController
02-18 12:07:00.928  4577  4648 D UE4     : 	Function /Game/VirtualRealityBP/Blueprints/BP_MotionController.BP_MotionController_C:SetupRoomScaleOutline
02-18 12:07:00.928  4577  4648 D UE4     : 
02-18 12:07:00.931  4577  4648 D UE4     : [2021.02.18-12.07.00:931][  0]LogScript: Warning: Accessed None trying to read property SteamVRChaperone
02-18 12:07:00.931  4577  4648 D UE4     : 	BP_MotionController_C /Game/Maps/QuestQSMap.QuestQSMap:PersistentLevel.BP_MotionController_C_2147482532
02-18 12:07:00.931  4577  4648 D UE4     : 	Function /Game/VirtualRealityBP/Blueprints/BP_MotionController.BP_MotionController_C:SetupRoomScaleOutline:0062
02-18 12:07:00.932  4577  4648 D UE4     : [2021.02.18-12.07.00:931][  0]LogScript: Warning: Script call stack:
02-18 12:07:00.932  4577  4648 D UE4     : 	Function /Game/VirtualRealityBP/Blueprints/BP_MotionController.BP_MotionController_C:ReceiveBeginPlay
02-18 12:07:00.932  4577  4648 D UE4     : 	Function /Game/VirtualRealityBP/Blueprints/BP_MotionController.BP_MotionController_C:ExecuteUbergraph_BP_MotionController
02-18 12:07:00.932  4577  4648 D UE4     : 	Function /Game/VirtualRealityBP/Blueprints/BP_MotionController.BP_MotionController_C:SetupRoomScaleOutline
02-18 12:07:00.932  4577  4648 D UE4     : 
02-18 12:07:00.933  4577  4648 D OVRPlugin: ovrp_InitializeMixedReality(): call ovrp_Media_Initialize()
02-18 12:07:00.933  4577  4648 E OVRPlugin: ovrp_Media_Initialize failed. OVRMrcLib not loaded (C:\cygwin\data\sandcastle\boxes\trunk-hg-ovrsource-win\Software\OculusSDK\Integrations\OVRPlugin\Main\Src\OVR_Plugin_Media.cpp:50)
02-18 12:07:00.933  4577  4648 D UE4     : [2021.02.18-12.07.00:933][  0]LogLoad: Took 0.117320 seconds to LoadMap(/Game/Maps/QuestQSMap)
02-18 12:07:00.933  4577  4735 D UE4     : *** JavaEnvDestructor: 4735
02-18 12:07:00.940  4577  4733 D UE4     : AndroidEGL::  ReleaseContextOwnership,  thread releasing rendering context tid: 4733
02-18 12:07:00.940  4577  4733 D UE4     : AndroidEGL::ResetDisplay()
02-18 12:07:00.941  4577  4734 D UE4     : *** JavaEnvDestructor: 4734
02-18 12:07:00.944  4577  4648 D UE4     : [2021.02.18-12.07.00:944][  0]LogRHI: Display: ShaderPipelineCache: Paused Batching. 1
02-18 12:07:00.944  4577  4648 D UE4     : [2021.02.18-12.07.00:944][  0]LogRHI: Display: ShaderPipelineCache: Resumed Batching. 0
02-18 12:07:00.944  4577  4648 D UE4     : [2021.02.18-12.07.00:944][  0]LogRHI: Display: ShaderPipelineCache: Batching Resumed.
02-18 12:07:00.945  4577  4648 D UE4     : [2021.02.18-12.07.00:944][  0]LogAndroid: Passed GEngineLoop.Init()
02-18 12:07:00.947  4577  4648 D UE4     : [2021.02.18-12.07.00:947][  0]LogAndroidEvents: Display: LogAndroidEvents::DequeueAppEvent : 9, [width=-1, height=-1], APP_EVENT_STATE_ON_START
02-18 12:07:00.947  4577  4648 D UE4     : FAppEventManager::Tick processing, 9
02-18 12:07:00.947  4577  4648 D UE4     : [2021.02.18-12.07.00:947][  0]LogAndroidEvents: Display: LogAndroidEvents::DequeueAppEvent : 7, [width=-1, height=-1], APP_EVENT_STATE_ON_RESUME
02-18 12:07:00.947  4577  4648 D UE4     : FAppEventManager::Tick processing, 7
02-18 12:07:00.947  4577  4648 D UE4     : [2021.02.18-12.07.00:947][  0]LogAndroidEvents: Display: LogAndroidEvents::DequeueAppEvent : 0, [width=3664, height=1920], APP_EVENT_STATE_WINDOW_CREATED
02-18 12:07:00.947  4577  4648 D UE4     : FAppEventManager::Tick processing, 0
02-18 12:07:00.947  4577  4648 D UE4     : [2021.02.18-12.07.00:947][  0]LogAndroidEvents: Display: ExecWindowCreated
02-18 12:07:00.947  4577  4648 D UE4     : AndroidEGL::ReInitWindow()
02-18 12:07:00.947  4577  4648 D UE4     : [2021.02.18-12.07.00:947][  0]LogAndroid: AndroidEGL::RefreshWindowSize updating window size = 3664, 1920, cached size : 0, 0 tid : 4648
02-18 12:07:00.947  4577  4648 D UE4     : ExecWindowCreated, 0, 1, 1
02-18 12:07:00.947  4577  4648 D UE4     : [2021.02.18-12.07.00:947][  0]LogAndroidEvents: Display: LogAndroidEvents::DequeueAppEvent : 11, [width=-1, height=-1], APP_EVENT_STATE_WINDOW_GAINED_FOCUS
02-18 12:07:00.947  4577  4648 D UE4     : FAppEventManager::Tick processing, 11
02-18 12:07:00.947  4577  4648 D UE4     : [2021.02.18-12.07.00:947][  0]LogAndroidEvents: Display: LogAndroidEvents::DequeueAppEvent : 14, [width=-1, height=-1], APP_EVENT_STATE_APP_ACTIVATED
02-18 12:07:00.947  4577  4648 D UE4     : FAppEventManager::Tick processing, 14
02-18 12:07:00.947  4577  4648 D UE4     : Execution will be resumed!
02-18 12:07:00.948  4577  4648 D UE4     : [2021.02.18-12.07.00:947][  0]LogAndroidEvents: Display: LogAndroidEvents::DequeueAppEvent : 15, [width=-1, height=-1], APP_EVENT_RUN_CALLBACK
02-18 12:07:00.948  4577  4648 D UE4     : FAppEventManager::Tick processing, 15
02-18 12:07:00.948  4577  4648 D UE4     : [2021.02.18-12.07.00:948][  0]LogAndroidEvents: Display: Event thread callback running.
02-18 12:07:00.948  4577  4648 D UE4     : [2021.02.18-12.07.00:948][  0]LogAndroid: performing app foregrounding callback.
02-18 12:07:00.948  4577  4648 D UE4     : [GameActivity] Registering volume receiver
02-18 12:07:00.950  4577  4771 D UE4     : [2021.02.18-12.07.00:950][  0]LogRenderer: Reallocating scene render targets to support 3664x1920 Format 10 NumSamples 4 (Frame:1).
02-18 12:07:00.950  4577  4648 D UE4     : [GameActivity] startVolumeReceiver: 13
02-18 12:07:00.950  4577  4648 D UE4     : nativeVolumeEvent(13)
02-18 12:07:00.950  4577  4648 D UE4     : [GameActivity] Registering battery receiver
02-18 12:07:00.951  1923  2074 I TimeWarp: SetSchedFifo( tid=4648, pol=2, pri=0 ) succeeded
02-18 12:07:00.951  1923  2074 I TimeWarp: SetSchedFifo( tid=4733, pol=2, pri=0 ) succeeded
02-18 12:07:00.951  1923  2074 I TimeWarp: SetSchedFifo( tid=4770, pol=2, pri=0 ) succeeded
02-18 12:07:00.951  4577  4577 D UE4     : [GameActivity] Battery: status = 2, rawlevel = 20, scale = 100
02-18 12:07:00.951  4577  4577 D UE4     : nativeBatteryEvent(stat = 2, lvl = 20  temp = 35.50 C)
02-18 12:07:00.952  4577  4648 D UE4     : [GameActivity] Registering headset receiver
02-18 12:07:00.953  4577  4648 D UE4     : [GameActivity] startHeadsetReceiver: 0
02-18 12:07:00.953  4577  4648 D UE4     : nativeHeadsetEvent(0)
02-18 12:07:00.953  4577  4648 D UE4     : [2021.02.18-12.07.00:953][  0]LogCore: Display: AppLifetime: Application has entered foreground
02-18 12:07:00.995  4577  4747 D UE4     : *** JavaEnvDestructor: 4747
02-18 12:07:01.238   695   911 D audio_hw_primary: out_standby: enter: stream (0xf2a44800) usecase(0: deep-buffer-playback)
02-18 12:07:01.294  4577  4745 D UE4     : *** JavaEnvDestructor: 4745
02-18 12:07:01.294  4577  4746 D UE4     : *** JavaEnvDestructor: 4746
02-18 12:07:01.295  4577  4744 D UE4     : *** JavaEnvDestructor: 4744
02-18 12:07:01.364  1006  1922 E TaskPersister: File error accessing recents directory (directory doesn't exist?).
02-18 12:07:01.375   695   911 D audio_hw_primary: disable_audio_route: reset and update mixer path: deep-buffer-playback
02-18 12:07:01.376   695   911 D msm8974_platform: platform_split_snd_device: snd_device(2) num devices(0) new_snd_devices(0)
02-18 12:07:01.376   695   911 I msm8974_platform: platform_get_custom_mtmx_params: no matching param with id 0 ip_ch 2 op_ch 2 uc_id 0 snd_dev 2
02-18 12:07:01.376   695   911 D hardware_info: hw_info_append_hw_type : device_name = speaker
02-18 12:07:01.376   695   911 D msm8974_platform: platform_split_snd_device: snd_device(2) num devices(0) new_snd_devices(0)
02-18 12:07:01.376   695   911 D audio_hw_primary: out_standby: exit
02-18 12:07:01.395  4577  4648 D UE4     : [2021.02.18-12.07.01:395][  0]LogUdpMessaging: Initializing bridge on interface 0.0.0.0:0 to multicast group 230.0.0.1:6666.
02-18 12:07:01.570  1624  2830 I Telemetry: App memory usage: PSS=10MB DalvikPSS=0 MB
02-18 12:07:01.687  4577  4766 I Telemetry: App memory usage: PSS=393MB DalvikPSS=1 MB
02-18 12:07:01.689  4577  4766 I VrApi   : FPS=0/72,Prd=0ms,Tear=0,Early=0,Stale=0,VSnc=1,Lat=0,Fov=0D,CPU4/GPU=2/3,1171/490MHz,OC=FF,TA=0/0/0,SP=N/N/N,Mem=1353MHz,Free=3840MB,PLS=0,Temp=35.5C/0.0C,TW=0.96ms,App=0.00ms,GD=0.00ms,CPU&GPU=0.00ms,LCnt=0,GPU%=0.07,CPU%=0.15(W0.33),DSF=1.00
02-18 12:07:01.833   713   713 E WifiHAL : handleResponse: OTHER_RX_MULTICAST_CNT not found
02-18 12:07:01.835   713   713 E WifiHAL : wifi_get_ring_data: Error -5 happened. 
02-18 12:07:01.835  1006  2152 E WifiVendorHal: getRingBufferData(l.1675) failed {.code = ERROR_INVALID_ARGS, .description = }
02-18 12:07:01.848   677  4805 E ResolverController: No valid NAT64 prefix (100, <unspecified>/0)
02-18 12:07:01.853   677  4807 E ResolverController: No valid NAT64 prefix (100, <unspecified>/0)
02-18 12:07:01.856  1006  2152 D wifi-jni: no kernel logs
02-18 12:07:01.857   677  4810 E ResolverController: No valid NAT64 prefix (100, <unspecified>/0)
02-18 12:07:01.860   677  4812 E ResolverController: No valid NAT64 prefix (100, <unspecified>/0)
02-18 12:07:01.861   677  4813 E ResolverController: No valid NAT64 prefix (100, <unspecified>/0)
02-18 12:07:01.864   677  4814 E ResolverController: No valid NAT64 prefix (100, <unspecified>/0)
02-18 12:07:01.866   677  4816 E ResolverController: No valid NAT64 prefix (100, <unspecified>/0)
02-18 12:07:01.869   677  4818 E ResolverController: No valid NAT64 prefix (100, <unspecified>/0)
02-18 12:07:01.872   677  4820 E ResolverController: No valid NAT64 prefix (100, <unspecified>/0)
02-18 12:07:01.875   677  4822 E ResolverController: No valid NAT64 prefix (100, <unspecified>/0)
02-18 12:07:01.878   677  4824 E ResolverController: No valid NAT64 prefix (100, <unspecified>/0)
02-18 12:07:01.881   677  4826 E ResolverController: No valid NAT64 prefix (100, <unspecified>/0)
02-18 12:07:01.885   677  4828 E ResolverController: No valid NAT64 prefix (100, <unspecified>/0)
02-18 12:07:01.888   677  4830 E ResolverController: No valid NAT64 prefix (100, <unspecified>/0)
02-18 12:07:01.889   677  4831 E ResolverController: No valid NAT64 prefix (100, <unspecified>/0)
02-18 12:07:02.107  4577  4743 D UE4     : *** JavaEnvDestructor: 4743
02-18 12:07:02.208  4577  4648 D UE4     : [2021.02.18-12.07.02:208][  0]LogTcpMessaging: Initializing TcpMessaging bridge, listening on 127.0.0.1:6666
02-18 12:07:02.209  4577  4648 D UE4     : [2021.02.18-12.07.02:209][  0]LogCore: Display: AppLifetime: Application has reactivated
02-18 12:07:02.209  4577  4648 D UE4     : [2021.02.18-12.07.02:209][  0]LogTemp: Android resume audio
02-18 12:07:02.213  4577  4648 D UE4     : [2021.02.18-12.07.02:213][  0]LogOcInput: OculusInput is initialized
02-18 12:07:02.213  4577  4648 D UE4     : [2021.02.18-12.07.02:213][  0]LogHMD: FSplash::OnHide
02-18 12:07:02.214  4577  4733 D UE4     : [2021.02.18-12.07.02:214][  0]LogAndroid: AndroidEGL::ResizeRenderContextSurface, PImplData->Window=0xbfe6d808, PImplData->eglWidth=8, PImplData->eglHeight=8!, CachedWidth=3664, CachedHeight=1920, tid: 4733
02-18 12:07:02.214  4577  4733 D UE4     : AndroidEGL::UnBind()
02-18 12:07:02.214  4577  4733 D UE4     : AndroidEGL::ResetDisplay()
02-18 12:07:02.214  4577  4733 D UE4     : AndroidEGL::DestroySurface()
02-18 12:07:02.214  4577  4733 D UE4     : AndroidEGL::InitSurface 0, 0
02-18 12:07:02.214  4577  4733 D UE4     : AndroidEGL::InitSurface, Using CachedWindowRect, width: 3664, height 1920 
02-18 12:07:02.214  4577  4733 D UE4     : AndroidEGL::InitSurface, Using width: 3664, height 1920 
02-18 12:07:02.214  4577  4733 D UE4     : AndroidEGL::InitSurface, wnd: 0xbfe6d808, width: 3664, height 1920 
02-18 12:07:02.214  4577  4733 D UE4     : AndroidEGL::CreateEGLSurface(0), eglSurface = eglCreatePbufferSurface(), 8x8
02-18 12:07:02.214  4577  4733 D UE4     : AndroidEGL::CreateEGLSurface(0), auxSurface = eglCreatePbufferSurface(), 8x8
02-18 12:07:02.218  4577  4772 D UE4     : *** JavaEnvDestructor: 4772
02-18 12:07:02.218  4577  4733 D UE4     : AndroidEGL::  ReleaseContextOwnership,  thread releasing rendering context tid: 4733
02-18 12:07:02.218  4577  4733 D UE4     : AndroidEGL::ResetDisplay()
02-18 12:07:02.218  4577  4771 D UE4     : *** JavaEnvDestructor: 4771
02-18 12:07:02.221  4577  4648 D UE4     : [2021.02.18-12.07.02:221][  0]LogAndroid: Display: Low Power Mode Changed: 0
02-18 12:07:02.230  4577  4838 D UE4     : *** JavaEnvDestructor: 4838
02-18 12:07:02.230  4577  4733 D UE4     : AndroidEGL::  ReleaseContextOwnership,  thread releasing rendering context tid: 4733
02-18 12:07:02.230  4577  4733 D UE4     : AndroidEGL::ResetDisplay()
02-18 12:07:02.230  4577  4837 D UE4     : *** JavaEnvDestructor: 4837
02-18 12:07:02.232  4577  4648 D UE4     : [2021.02.18-12.07.02:232][  0]LogHMD: Setting user focus to game viewport since session status is visible...
02-18 12:07:02.232  4577  4839 D UE4     : [2021.02.18-12.07.02:232][  0]LogRenderer: Warning: Resizing VR buffer to 2880 by 1584
02-18 12:07:02.232  4577  4839 D UE4     : [2021.02.18-12.07.02:232][  0]LogRenderer: Reallocating scene render targets to support 2880x1584 Format 10 NumSamples 4 (Frame:2).
02-18 12:07:02.238  4577  4648 D UE4     : [2021.02.18-12.07.02:238][  0]LogSlate: InvalidateAllWidgets triggered.  All widgets were invalidated
02-18 12:07:02.252  4577  4648 D UE4     : [2021.02.18-12.07.02:252][  0]LogSlate: Slate font cache was flushed
02-18 12:07:02.292  4577  4742 D UE4     : *** JavaEnvDestructor: 4742
02-18 12:07:02.309  1923  4768 I VrRuntimeService: UpdateSwapChainSamplerState: 127
02-18 12:07:02.309  1923  4768 I VrRuntimeService: UpdateSwapChainSamplerState: minFilter=1 magFilter=1 wrapModeS=3 warpModeT=3 maxAniso=1.000000 border={0.000000,0.000000,0.000000,0.000000}
02-18 12:07:02.309  4577  4733 I TrackingServiceClient: setting simple haptics, but not yet connected to socket, open connection...
02-18 12:07:02.309   800   800 I TrackingService: getTrackingSocketFileDescriptor
02-18 12:07:02.310   800   800 D TrackingService: initialized haptic socket pair, keeping service 55 and giving out client 56
02-18 12:07:02.312  1923  2074 I TimeWarp: SetSchedFifo( tid=4648, pol=3, pri=0 ) succeeded
02-18 12:07:02.312  1923  2074 I TimeWarp: SetSchedFifo( tid=4733, pol=3, pri=0 ) succeeded
02-18 12:07:02.312  1923  2074 I TimeWarp: SetSchedFifo( tid=4770, pol=3, pri=0 ) succeeded
02-18 12:07:02.324  1923  2074 I TimeWarpProgs: loaded binary layerProgram 0:0x4800f:0x0 in 3.4 ms
02-18 12:07:02.327  1923  2074 I TimeWarpProgs: loaded binary layerProgram 0:0x48027:0x0 in 2.2 ms
02-18 12:07:02.344  2326  2538 I GuardianSystem: runtimeServiceSDKClient_.ForceShowGuardianEvent
02-18 12:07:02.344  2326  2538 I GuardianSystem: ForceShowGuardian: false, 0.00
02-18 12:07:02.592  2282  2425 I [OAO] ShellOverlayApp: Sleep timeout exceeded. Timeout:54.123094, Now:54.123095. Sleeping... 
02-18 12:07:02.592  2282  2425 I [OAO] ShellOverlayApp: WaitForWake: VrThread entering waiting state
02-18 12:07:02.605  4577  4766 I VrApi   : FPS=1/72,Prd=13ms,Tear=0,Early=0,Stale=67,VSnc=0,Lat=1,Fov=0D,CPU4/GPU=2/3,1171/490MHz,OC=FF,TA=0/70/70,SP=N/F/F,Mem=1555MHz,Free=3760MB,PLS=0,Temp=35.5C/0.0C,TW=1.12ms,App=34.21ms,GD=0.00ms,CPU&GPU=4.07ms,LCnt=1,GPU%=0.61,CPU%=0.30(W0.41),DSF=1.00
02-18 12:07:02.674   733  1001 I hash_map_utils: key: 'snd_device_in' value: ''
02-18 12:07:02.677   733  1001 I hash_map_utils: key: 'snd_device_out' value: ''
02-18 12:07:02.802   677  4857 E ResolverController: No valid NAT64 prefix (100, <unspecified>/0)
02-18 12:07:02.807   677  4859 E ResolverController: No valid NAT64 prefix (100, <unspecified>/0)
02-18 12:07:02.811   677  4861 E ResolverController: No valid NAT64 prefix (100, <unspecified>/0)
02-18 12:07:02.817   677  4863 E ResolverController: No valid NAT64 prefix (100, <unspecified>/0)
02-18 12:07:02.818   677  4864 E ResolverController: No valid NAT64 prefix (100, <unspecified>/0)
02-18 12:07:02.823   677  4865 E ResolverController: No valid NAT64 prefix (100, <unspecified>/0)
02-18 12:07:02.827   677  4867 E ResolverController: No valid NAT64 prefix (100, <unspecified>/0)
02-18 12:07:02.832   677  4869 E ResolverController: No valid NAT64 prefix (100, <unspecified>/0)
02-18 12:07:02.836   677  4871 E ResolverController: No valid NAT64 prefix (100, <unspecified>/0)
02-18 12:07:02.842   677  4873 E ResolverController: No valid NAT64 prefix (100, <unspecified>/0)
02-18 12:07:02.847   677  4879 E ResolverController: No valid NAT64 prefix (100, <unspecified>/0)
02-18 12:07:02.854   677  4883 E ResolverController: No valid NAT64 prefix (100, <unspecified>/0)
02-18 12:07:02.859   677  4885 E ResolverController: No valid NAT64 prefix (100, <unspecified>/0)
02-18 12:07:02.862   677  4888 E ResolverController: No valid NAT64 prefix (100, <unspecified>/0)
02-18 12:07:02.863   677  4890 E ResolverController: No valid NAT64 prefix (100, <unspecified>/0)
02-18 12:07:03.606  4577  4766 I VrApi   : FPS=73/72,Prd=58ms,Tear=0,Early=10,Stale=61,VSnc=1,Lat=1,Fov=0D,CPU4/GPU=2/3,1171/490MHz,OC=FF,TA=0/70/70,SP=N/F/F,Mem=1804MHz,Free=3767MB,PLS=0,Temp=35.5C/0.0C,TW=1.84ms,App=10.02ms,GD=0.00ms,CPU&GPU=12.06ms,LCnt=1,GPU%=0.80,CPU%=0.33(W0.33),DSF=1.00
02-18 12:07:04.209  4577  4902 D UE4     : [2021.02.18-12.07.04:209][140]LogTcpMessaging: Started Connection to '127.0.0.1:49943'
02-18 12:07:04.209  4577  4902 D UE4     : [2021.02.18-12.07.04:209][140]LogTcpMessaging: Discovered node '4435AC824EF9ED3FC8206DB5DFF78028' on connection '127.0.0.1:49943'...
02-18 12:07:04.608  4577  4766 I VrApi   : FPS=72/72,Prd=61ms,Tear=0,Early=70,Stale=0,VSnc=1,Lat=1,Fov=0D,CPU4/GPU=2/3,1171/490MHz,OC=FF,TA=0/70/70,SP=N/F/F,Mem=1804MHz,Free=3768MB,PLS=0,Temp=35.5C/0.0C,TW=1.78ms,App=9.99ms,GD=0.00ms,CPU&GPU=11.83ms,LCnt=1,GPU%=0.79,CPU%=0.34(W0.39),DSF=1.00
02-18 12:07:04.701   733  1001 I hash_map_utils: key: 'snd_device_in' value: ''
02-18 12:07:04.702   733  1001 I hash_map_utils: key: 'snd_device_out' value: ''
02-18 12:07:04.839   713   713 E WifiHAL : handleResponse: OTHER_RX_MULTICAST_CNT not found
02-18 12:07:04.841   713   713 E WifiHAL : wifi_get_ring_data: Error -5 happened. 
02-18 12:07:04.842  1006  2152 E WifiVendorHal: getRingBufferData(l.1675) failed {.code = ERROR_INVALID_ARGS, .description = }
02-18 12:07:04.862   677  4935 E ResolverController: No valid NAT64 prefix (100, <unspecified>/0)
02-18 12:07:04.867  1006  2152 D wifi-jni: no kernel logs
02-18 12:07:04.867   677  4937 E ResolverController: No valid NAT64 prefix (100, <unspecified>/0)
02-18 12:07:04.872   677  4939 E ResolverController: No valid NAT64 prefix (100, <unspecified>/0)
02-18 12:07:04.875   677  4941 E ResolverController: No valid NAT64 prefix (100, <unspecified>/0)
02-18 12:07:04.875   677  4942 E ResolverController: No valid NAT64 prefix (100, <unspecified>/0)
02-18 12:07:04.878   677  4943 E ResolverController: No valid NAT64 prefix (100, <unspecified>/0)
02-18 12:07:04.882   677  4945 E ResolverController: No valid NAT64 prefix (100, <unspecified>/0)
02-18 12:07:04.886   677  4947 E ResolverController: No valid NAT64 prefix (100, <unspecified>/0)
02-18 12:07:04.889   677  4949 E ResolverController: No valid NAT64 prefix (100, <unspecified>/0)
02-18 12:07:04.893   677  4951 E ResolverController: No valid NAT64 prefix (100, <unspecified>/0)
02-18 12:07:04.898   677  4953 E ResolverController: No valid NAT64 prefix (100, <unspecified>/0)
02-18 12:07:04.901   677  4955 E ResolverController: No valid NAT64 prefix (100, <unspecified>/0)
02-18 12:07:04.905   677  4957 E ResolverController: No valid NAT64 prefix (100, <unspecified>/0)
02-18 12:07:04.909   677  4959 E ResolverController: No valid NAT64 prefix (100, <unspecified>/0)
02-18 12:07:04.910   677  4960 E ResolverController: No valid NAT64 prefix (100, <unspecified>/0)
02-18 12:07:05.606  4577  4766 I VrApi   : FPS=73/72,Prd=61ms,Tear=0,Early=72,Stale=0,VSnc=1,Lat=1,Fov=0D,CPU4/GPU=2/3,1171/490MHz,OC=FF,TA=0/70/70,SP=N/F/F,Mem=1804MHz,Free=3766MB,PLS=0,Temp=35.5C/0.0C,TW=1.78ms,App=9.99ms,GD=0.00ms,CPU&GPU=11.83ms,LCnt=1,GPU%=0.79,CPU%=0.32(W0.39),DSF=1.00
02-18 12:07:06.304   800  1833 D TrackingCore: ActivityMonitor: Reset IMount backoff in 30000ms
02-18 12:07:06.528   800  1888 I [CT]    : CONSTELLATION:IMU_STATUS: d1a68fb151f50abc: [FusionTracked=0.000, OutputTracked=0.000, OutputValid=0.000] [AccelSat=0.000, GyroSat=0.000] 
02-18 12:07:06.531   800  1888 I [CT]    : CONSTELLATION:IMU_STATUS: b298f93898a8d8b4: [FusionTracked=0.000, OutputTracked=0.000, OutputValid=0.000] [AccelSat=0.000, GyroSat=0.000] 
02-18 12:07:06.607  4577  4766 I VrApi   : FPS=72/72,Prd=61ms,Tear=0,Early=72,Stale=0,VSnc=1,Lat=1,Fov=0D,CPU4/GPU=2/3,1171/490MHz,OC=FF,TA=0/70/70,SP=N/F/F,Mem=1804MHz,Free=3765MB,PLS=0,Temp=35.5C/0.0C,TW=1.78ms,App=9.99ms,GD=0.00ms,CPU&GPU=11.83ms,LCnt=1,GPU%=0.79,CPU%=0.29(W0.32),DSF=1.00
02-18 12:07:06.725   733  1001 I hash_map_utils: key: 'snd_device_in' value: ''
02-18 12:07:06.727   733  1001 I hash_map_utils: key: 'snd_device_out' value: ''
02-18 12:07:07.607  4577  4766 I VrApi   : FPS=72/72,Prd=61ms,Tear=0,Early=73,Stale=0,VSnc=1,Lat=1,Fov=0D,CPU4/GPU=2/3,1171/490MHz,OC=FF,TA=0/70/70,SP=N/F/F,Mem=1804MHz,Free=3764MB,PLS=0,Temp=35.5C/0.0C,TW=1.78ms,App=9.99ms,GD=0.00ms,CPU&GPU=11.81ms,LCnt=1,GPU%=0.79,CPU%=0.33(W0.38),DSF=1.00
02-18 12:07:07.837   677  4999 E ResolverController: No valid NAT64 prefix (100, <unspecified>/0)
02-18 12:07:07.843   677  5001 E ResolverController: No valid NAT64 prefix (100, <unspecified>/0)
02-18 12:07:07.850   677  5009 E ResolverController: No valid NAT64 prefix (100, <unspecified>/0)
02-18 12:07:07.855   677  5013 E ResolverController: No valid NAT64 prefix (100, <unspecified>/0)
02-18 12:07:07.856   713   713 E WifiHAL : handleResponse: OTHER_RX_MULTICAST_CNT not found
02-18 12:07:07.856   677  5016 E ResolverController: No valid NAT64 prefix (100, <unspecified>/0)
02-18 12:07:07.859   713   713 E WifiHAL : wifi_get_ring_data: Error -5 happened. 
02-18 12:07:07.859   677  5017 E ResolverController: No valid NAT64 prefix (100, <unspecified>/0)
02-18 12:07:07.859  1006  2049 E WifiVendorHal: getRingBufferData(l.1675) failed {.code = ERROR_INVALID_ARGS, .description = }
02-18 12:07:07.862   677  5021 E ResolverController: No valid NAT64 prefix (100, <unspecified>/0)
02-18 12:07:07.865   677  5023 E ResolverController: No valid NAT64 prefix (100, <unspecified>/0)
02-18 12:07:07.866   677  5025 E ResolverController: No valid NAT64 prefix (100, <unspecified>/0)
02-18 12:07:07.868   677  5028 E ResolverController: No valid NAT64 prefix (100, <unspecified>/0)
02-18 12:07:07.870   677  5029 E ResolverController: No valid NAT64 prefix (100, <unspecified>/0)
02-18 12:07:07.871   677  5031 E ResolverController: No valid NAT64 prefix (100, <unspecified>/0)
02-18 12:07:07.873   677  5033 E ResolverController: No valid NAT64 prefix (100, <unspecified>/0)
02-18 12:07:07.874   677  5036 E ResolverController: No valid NAT64 prefix (100, <unspecified>/0)
02-18 12:07:07.875   677  5035 E ResolverController: No valid NAT64 prefix (100, <unspecified>/0)
02-18 12:07:07.877   677  5037 E ResolverController: No valid NAT64 prefix (100, <unspecified>/0)
02-18 12:07:07.878   677  5040 E ResolverController: No valid NAT64 prefix (100, <unspecified>/0)
02-18 12:07:07.880   677  5042 E ResolverController: No valid NAT64 prefix (100, <unspecified>/0)
02-18 12:07:07.881  1006  2049 D wifi-jni: no kernel logs
02-18 12:07:07.885   677  5045 E ResolverController: No valid NAT64 prefix (100, <unspecified>/0)
02-18 12:07:07.886   677  5046 E ResolverController: No valid NAT64 prefix (100, <unspecified>/0)
02-18 12:07:07.888   677  5048 E ResolverController: No valid NAT64 prefix (100, <unspecified>/0)
02-18 12:07:07.890   677  5050 E ResolverController: No valid NAT64 prefix (100, <unspecified>/0)
02-18 12:07:07.892   677  5052 E ResolverController: No valid NAT64 prefix (100, <unspecified>/0)
02-18 12:07:07.893   677  5054 E ResolverController: No valid NAT64 prefix (100, <unspecified>/0)
02-18 12:07:07.894   677  5057 E ResolverController: No valid NAT64 prefix (100, <unspecified>/0)
02-18 12:07:07.896   677  5056 E ResolverController: No valid NAT64 prefix (100, <unspecified>/0)
02-18 12:07:07.900   677  5059 E ResolverController: No valid NAT64 prefix (100, <unspecified>/0)
02-18 12:07:07.902   677  5061 E ResolverController: No valid NAT64 prefix (100, <unspecified>/0)
02-18 12:07:07.905   677  5063 E ResolverController: No valid NAT64 prefix (100, <unspecified>/0)
02-18 12:07:07.905   677  5064 E ResolverController: No valid NAT64 prefix (100, <unspecified>/0)
02-18 12:07:08.349  4577  4650 D UE4     : [GameActivity] Used memory: 483839
02-18 12:07:08.482  1378  5068 I OSUpdateService: Intent with action system_battery_changed
02-18 12:07:08.606  4577  4766 I VrApi   : FPS=73/72,Prd=61ms,Tear=0,Early=72,Stale=0,VSnc=1,Lat=1,Fov=0D,CPU4/GPU=2/3,1171/490MHz,OC=FF,TA=0/70/70,SP=N/F/F,Mem=1804MHz,Free=3761MB,PLS=0,Temp=35.5C/0.0C,TW=1.78ms,App=9.99ms,GD=0.00ms,CPU&GPU=11.95ms,LCnt=1,GPU%=0.80,CPU%=0.39(W0.52),DSF=1.00
02-18 12:07:08.751   733  1001 I hash_map_utils: key: 'snd_device_in' value: ''
02-18 12:07:08.753   733  1001 I hash_map_utils: key: 'snd_device_out' value: ''
02-18 12:07:09.607  4577  4766 I VrApi   : FPS=72/72,Prd=61ms,Tear=0,Early=68,Stale=0,VSnc=1,Lat=1,Fov=0D,CPU4/GPU=2/3,1171/490MHz,OC=FF,TA=0/70/70,SP=N/F/F,Mem=1804MHz,Free=3762MB,PLS=0,Temp=35.5C/0.0C,TW=1.78ms,App=9.99ms,GD=0.00ms,CPU&GPU=12.09ms,LCnt=1,GPU%=0.79,CPU%=0.38(W0.50),DSF=1.00
02-18 12:07:10.528  1624  2747 I [CT]    : MIXEDREALITY: MrServiceView: renderIteration: (every 10 seconds)
02-18 12:07:10.607  4577  4766 I VrApi   : FPS=72/72,Prd=61ms,Tear=0,Early=72,Stale=0,VSnc=1,Lat=1,Fov=0D,CPU4/GPU=2/3,1171/490MHz,OC=FF,TA=0/70/70,SP=N/F/F,Mem=1804MHz,Free=3761MB,PLS=0,Temp=35.5C/0.0C,TW=1.78ms,App=9.99ms,GD=0.00ms,CPU&GPU=11.91ms,LCnt=1,GPU%=0.79,CPU%=0.30(W0.32),DSF=1.00
02-18 12:07:10.776   733  1001 I hash_map_utils: key: 'snd_device_in' value: ''
02-18 12:07:10.777   733  1001 I hash_map_utils: key: 'snd_device_out' value: ''
02-18 12:07:10.831   713   713 E WifiHAL : handleResponse: OTHER_RX_MULTICAST_CNT not found
02-18 12:07:10.834   713   713 E WifiHAL : wifi_get_ring_data: Error -5 happened. 
02-18 12:07:10.835  1006  1400 E WifiVendorHal: getRingBufferData(l.1675) failed {.code = ERROR_INVALID_ARGS, .description = }
02-18 12:07:10.848   677  5103 E ResolverController: No valid NAT64 prefix (100, <unspecified>/0)
02-18 12:07:10.851   677  5105 E ResolverController: No valid NAT64 prefix (100, <unspecified>/0)
02-18 12:07:10.856   677  5107 E ResolverController: No valid NAT64 prefix (100, <unspecified>/0)
02-18 12:07:10.858   677  5110 E ResolverController: No valid NAT64 prefix (100, <unspecified>/0)
02-18 12:07:10.859   677  5111 E ResolverController: No valid NAT64 prefix (100, <unspecified>/0)
02-18 12:07:10.861  1006  1400 D wifi-jni: no kernel logs
02-18 12:07:10.861   677  5112 E ResolverController: No valid NAT64 prefix (100, <unspecified>/0)
02-18 12:07:10.865   677  5114 E ResolverController: No valid NAT64 prefix (100, <unspecified>/0)
02-18 12:07:10.869   677  5116 E ResolverController: No valid NAT64 prefix (100, <unspecified>/0)
02-18 12:07:10.872   677  5118 E ResolverController: No valid NAT64 prefix (100, <unspecified>/0)
02-18 12:07:10.875   677  5120 E ResolverController: No valid NAT64 prefix (100, <unspecified>/0)
02-18 12:07:10.878   677  5122 E ResolverController: No valid NAT64 prefix (100, <unspecified>/0)
02-18 12:07:10.881   677  5124 E ResolverController: No valid NAT64 prefix (100, <unspecified>/0)
02-18 12:07:10.885   677  5126 E ResolverController: No valid NAT64 prefix (100, <unspecified>/0)
02-18 12:07:10.888   677  5128 E ResolverController: No valid NAT64 prefix (100, <unspecified>/0)
02-18 12:07:10.888   677  5129 E ResolverController: No valid NAT64 prefix (100, <unspecified>/0)
