--------- beginning of main
03-24 10:27:17.406   889   889 E adbd    : failed to connect to socket 'tcp:6666': Connection refused
--------- beginning of system
03-24 10:27:17.431  1084  1446 I ActivityTaskManager: START u0 {flg=0x10000000 cmp=com.YourCompany.KilncroftLane/com.epicgames.ue4.GameActivity} from uid 2000
03-24 10:27:17.440  1897  2044 I Vsync   : Vsync 14622:  2 x 13.89 ms (72.03 Hz, at 212.346)
03-24 10:27:17.455   725   725 D android.hardware.power@1.3-service-libperfmgr: LAUNCH ON
03-24 10:27:17.464  3183  3248 I Clay    : Exiting VR mode
03-24 10:27:17.464  3183  3248 I VrApi   : ---------- vrapi_LeaveVrMode [start] ----------
03-24 10:27:17.465  3264  3264 D [SEO] ShellEnvOverlayService: Message Handler: onPause
03-24 10:27:17.465  3183  3248 D VrApi   : targetSDKVersion 25
03-24 10:27:17.466  1084  1496 W InputReader: Device has associated, but no associated display id.
03-24 10:27:17.466  1084  1496 W InputReader: Device has associated, but no associated display id.
03-24 10:27:17.466  3183  3248 I VrRuntimeClient: DEVICE MODEL NUMBER = Quest 2
03-24 10:27:17.466  3183  3248 I VrRuntimeClient: DEVICE HARDWARE = hollywood
03-24 10:27:17.466  3183  3248 I VrRuntimeClient: DEVICE BUILD NAME = user-1462400.7360.0
03-24 10:27:17.466  3183  3248 I VrRuntimeClient: DEVICE BUILD TYPE = user
03-24 10:27:17.466  3183  3248 I VrRuntimeClient: DEVICE OS VERSION = 10
03-24 10:27:17.466  3183  3248 I VrRuntimeClient: VRRUNTIME VERSION = VRAPI_VERSION_BEGIN { 1.1.43.0-274987955-274987955 Feb 23 2021 19:56:04 Development } RELEASE
03-24 10:27:17.466  3183  3248 I VrRuntimeClient: API LOADER VERSION = 1.1.34.0
03-24 10:27:17.466  3183  3248 I VrRuntimeClient: VRDRIVER VERSION = 26.0.0.41.502
03-24 10:27:17.466  3183  3248 I VrRuntimeClient: APP NAME = ShellEnv
03-24 10:27:17.466  3183  3248 I VrRuntimeClient: APP VERSION = 26.0.0.40.502 versionCode 274980181 internalVersionName 26.0.0.40.502.1da17d6e3b32 2021_02_23_18_46
03-24 10:27:17.466  3183  3248 I VrRuntimeClient: APP VR TYPE = vr_only
03-24 10:27:17.466  3183  3248 I VrRuntimeClient: APP MODE TYPE = <none>
03-24 10:27:17.466  3183  3248 I VrRuntimeClient: APP PACKAGE NAME = com.oculus.shellenv
03-24 10:27:17.466  3183  3248 I VrRuntimeClient: APP ACTIVITY CLASS = com.oculus.shellenv.ShellEnvActivity
03-24 10:27:17.466  1084  1496 W InputReader: Device has associated, but no associated display id.
03-24 10:27:17.466  3183  3248 D BatteryReceiver: Unregistering battery receiver
03-24 10:27:17.467  3183  3248 I Sensor  : OSSDKTRACKING Shutdown tracking
03-24 10:27:17.467  2556  2556 W ActivityThread: handleWindowVisibility: no activity for token android.os.BinderProxy@35b399e
03-24 10:27:17.467  1084  1496 W InputReader: Device has associated, but no associated display id.
03-24 10:27:17.469  3183  3334 I VrApi   : FPS=73/72,Prd=0ms,Tear=0,Early=73,Stale=0,VSnc=1,Lat=1,Fov=0,CPU4/GPU=2/3,2419/490MHz,OC=FF,TA=0/70/0,SP=N/F/N,Mem=2092MHz,Free=4099MB,PLS=0,Temp=38.2C/0.0C,TW=0.99ms,App=0.01ms,GD=0.00ms,CPU&GPU=1.01ms,LCnt=0,GPU%=0.08,CPU%=0.20(W0.35),DSF=1.00
03-24 10:27:17.470   739  8058 D AF::TrackHandle: OpPlayAudio: track:56 uid:10014 pkg:com.oculus.shellenv usage:1 muted
03-24 10:27:17.470   739  1510 D AF::TrackHandle: OpPlayAudio: track:57 uid:10020 pkg:com.oculus.vrshell usage:1 not muted
03-24 10:27:17.471   739  8058 D AF::TrackHandle: OpPlayAudio: track:57 uid:10020 pkg:com.oculus.vrshell usage:1 not muted
03-24 10:27:17.472   739  1510 D AF::TrackHandle: OpPlayAudio: track:56 uid:10014 pkg:com.oculus.shellenv usage:1 muted
03-24 10:27:17.475  3183  3248 I VrApi   : OVR::Stats thread stopped
03-24 10:27:17.475  3183  3248 I InputDeviceManager: ovrInputDeviceManager::~ovrInputDeviceManager
03-24 10:27:17.475  3183  3248 I HandDataQuerier: OSSDKTRACKING shutting down HandsTracker
03-24 10:27:17.475  3183  3248 I HandDataQuerier: OSSDKTRACKING shutting down HandsTracker
03-24 10:27:17.475  3183  3248 I InputDevice_TrackedRemote: OSSDKTRACKING shutting down Haptics
03-24 10:27:17.475  3183  3248 I InputDevice_TrackedRemote: OSSDKTRACKING shutting down Haptics
03-24 10:27:17.475  3183  3248 D OsSdk   : TrackingServiceConnection dtor
--------- beginning of tracking
03-24 10:27:17.475   843   843 I TrackingService: Unregistering client by ITrackingService.unregisterClient
03-24 10:27:17.475   843   843 I TrackingService: TrackingServiceHost Unregistering client: com.oculus.shellenv#3183
03-24 10:27:17.475  3183  3248 D OsSdk   : TrackingServiceConnection unregistered
03-24 10:27:17.489   718   718 D msm8974_platform: platform_split_snd_device: snd_device(2) num devices(1) new_snd_devices(0)
03-24 10:27:17.489   718   718 D ACDB-LOADER: ACDB -> send_audvoltable
03-24 10:27:17.489   718   718 D ACDB-LOADER: ACDB -> ACDB_CMD_GET_AUDPROC_INSTANCE_GAIN_DEP_STEP_TABLE_SIZE
03-24 10:27:17.489   718   718 D ACDB-LOADER: ACDB -> ACDB_CMD_GET_AUDPROC_INSTANCE_GAIN_DEP_STEP_TABLE, vol index 9
03-24 10:27:17.489   718   718 D ACDB-LOADER: ACDB -> AUDIO_SET_VOL_CAL cal type = 40
03-24 10:27:17.489  3183  3332 I ClientInputThread_Internal: InputThreadRun ShutdownRequest received
03-24 10:27:17.490  3183  3248 I InputHooks_Internal: Disabling Native Input Hooks
03-24 10:27:17.490   718   718 D msm8974_platform: platform_split_snd_device: snd_device(2) num devices(1) new_snd_devices(0)
03-24 10:27:17.490   718   718 D ACDB-LOADER: ACDB -> send_audvoltable
03-24 10:27:17.490   718   718 D ACDB-LOADER: ACDB -> ACDB_CMD_GET_AUDPROC_INSTANCE_GAIN_DEP_STEP_TABLE_SIZE
03-24 10:27:17.490   718   718 D ACDB-LOADER: ACDB -> ACDB_CMD_GET_AUDPROC_INSTANCE_GAIN_DEP_STEP_TABLE, vol index 9
03-24 10:27:17.490   718   718 D ACDB-LOADER: ACDB -> AUDIO_SET_VOL_CAL cal type = 40
03-24 10:27:17.490  1897  1919 D VrRuntimeService: enableRendering: 3183:com.oculus.shellenv: null enable: false
03-24 10:27:17.490  1897  1919 I ClientMgr: ClientMgr::EnableRendering 3183:com.oculus.shellenv : type 0 comp-id 4: disable
03-24 10:27:17.490  1897  1919 I VrRuntimeServer: DisableCompositorClient: 4
03-24 10:27:17.490  1897  1919 I TimeWarpClientMgr: Disable client 4
03-24 10:27:17.490  1897  1919 I TimeWarpClientMgr: DisableClient: frame flush required: 1
03-24 10:27:17.491  2556  2556 I VrApiLoader: VrApi Loader Version: 1.1.34.0-0-0 Apr 10 2020 14:33:54 
03-24 10:27:17.492  2556  2556 D ApplicationLoaders: Returning zygote-cached class loader: /system/framework/android.hidl.base-V1.0-java.jar
03-24 10:27:17.492  2556  2556 D ApplicationLoaders: Returning zygote-cached class loader: /system/framework/android.hidl.manager-V1.0-java.jar
03-24 10:27:17.492  2556  2556 D ApplicationLoaders: Returning zygote-cached class loader: /system/framework/android.hidl.base-V1.0-java.jar
03-24 10:27:17.493  2556  2556 I ssioncontrolle: The ClassLoaderContext is a special shared library.
03-24 10:27:17.496  2556  2556 V VrDriver: Loading 64-bit VrDriver.
03-24 10:27:17.500  2556  2556 D vulkan  : searching for layers in '/system/lib64'
03-24 10:27:17.500  1897  1919 I UnifiedTelemetryWrapper: Stopped UT session render:com.oculus.shellenv
03-24 10:27:17.500  2556  2556 D vulkan  : searching for layers in '/system/product/lib64'
03-24 10:27:17.500  2556  2556 I VrApi_DriverLoader: nativeSetClassLoader:0x2696
03-24 10:27:17.500  3183  3336 I FenceChecker: FenceChecker::MainLoop - ended
03-24 10:27:17.500  2556  2556 I VrApi   : ----------- vrapi_Initialize [start] ----------
03-24 10:27:17.500  2556  2556 I AdrenoGLES-0: QUALCOMM build                   : 09c6a36, I5e696c022b
03-24 10:27:17.500  2556  2556 I AdrenoGLES-0: Build Date                       : 12/07/20
03-24 10:27:17.500  2556  2556 I AdrenoGLES-0: OpenGL ES Shader Compiler Version: EV031.35.01.02
03-24 10:27:17.500  2556  2556 I AdrenoGLES-0: Local Branch                     : 
03-24 10:27:17.500  2556  2556 I AdrenoGLES-0: Remote Branch                    : refs/tags/AU_LINUX_ANDROID_LA.UM.8.12.R1.10.00.00.561.144
03-24 10:27:17.500  2556  2556 I AdrenoGLES-0: Remote Branch                    : NONE
03-24 10:27:17.500  2556  2556 I AdrenoGLES-0: Reconstruct Branch               : NOTHING
03-24 10:27:17.500  2556  2556 I AdrenoGLES-0: Build Config                     : S P 8.0.12 AArch64
03-24 10:27:17.500  2556  2556 I AdrenoGLES-0: Driver Path                      : /vendor/lib64/egl/libGLESv2_adreno.so
03-24 10:27:17.500  3183  3248 I VrApi   : ---------- vrapi_LeaveVrMode [end] ----------
03-24 10:27:17.501  3183  3248 I Clay    : BaseApp: Entering hibernation in 30 frames
03-24 10:27:17.501  3264  3352 I [OAR] ShellApp: 0xbdda5ba8 msg: pause
03-24 10:27:17.501  3264  3352 I [OAR] ShellApp: ShellApp::LeaveVrMode()
03-24 10:27:17.501  3264  3352 W VrApi   : ovr_SubmitFrameInternal: FrameIndex discontinuity: Expected 14000, Received 13999
03-24 10:27:17.503  1897  2271 I ClientMgr: Non-overlay clients rendering status has changed: prev=3, curr=4, enabled=0
03-24 10:27:17.503  2556  2556 I AdrenoGLES-0: PFP: 0x016dd093, ME: 0x00000000
03-24 10:27:17.510  2556  2556 I VrApi   : Client type: 0 flags: 0x0 placement: 0
03-24 10:27:17.514  2556  2556 D VrApi   : isActivityFocusAware context = com.oculus.os.DialogContext@17464e
03-24 10:27:17.514  2556  2556 D FocusAwarenessUtil: isActivityFocusAware
03-24 10:27:17.514  2556  2556 D FocusAwarenessUtil: isActivityFocusAware passesFocusAwarenessPushRolloutGk = true
03-24 10:27:17.514  2556  2556 D FocusAwarenessUtil: isSystemApp = true for com.android.permissioncontroller
03-24 10:27:17.514  2556  2556 D FocusAwarenessUtil: No Activity manifest entry for com.android.permissioncontroller
03-24 10:27:17.515  2556  2556 D FocusAwarenessUtil: No activity manifest entry, checking application manifest entry
03-24 10:27:17.515  2556  2556 D FocusAwarenessUtil: No Application manifest entry for com.android.permissioncontroller
03-24 10:27:17.515  2556  2556 D FocusAwarenessUtil: isSystemApp so returning manifest value for com.android.permissioncontroller as DISABLED
03-24 10:27:17.515  2556  2556 I VrApi   : isActivityFocusAware = 0
03-24 10:27:17.515  2556  2556 I RuntimeHelpers: OSSDKTRACKING querying use OSSDKTracking with default of '1'
03-24 10:27:17.515  2556  2556 I RuntimeHelpers: OSSDKTRACKING Setting ResultUseOSSDKTracking to 1
03-24 10:27:17.515  2556  2556 I RuntimeHelpers: OSSDKTRACKING querying use OSSDKTracking with default of '1'
03-24 10:27:17.515  2556  2556 I RuntimeHelpers: OSSDKTRACKING Setting ResultUseOSSDKTracking to 1
03-24 10:27:17.515  2556  2556 I VrRuntimeClient: VrRuntimeClient: Init
03-24 10:27:17.515  2556  2556 I RuntimeHelpers: OSSDKTRACKING querying use OSSDKTracking with default of '1'
03-24 10:27:17.515  2556  2556 I RuntimeHelpers: OSSDKTRACKING Setting ResultUseOSSDKTracking to 1
03-24 10:27:17.515  2556  2556 I VrRuntimeClient: OSSDKTRACKING calculating secure tracking
03-24 10:27:17.515  2556  2556 D VrRuntimeClient: getSecureTrackingRequest OSSDKTRACKING com.android.permissioncontroller
03-24 10:27:17.515  2556  2556 W VrRuntimeClient: OSSDKTRACKING No package metadata available for com.android.permissioncontroller
03-24 10:27:17.515  2556  2556 I VrRuntimeClient: OSSDKTRACKING secure tracking is 0
03-24 10:27:17.515  2556  2556 I DeviceProperties: ovrDeviceProperties::Initialize
03-24 10:27:17.516  2556  2556 I DeviceProperties: Device Model: 'hollywood'
03-24 10:27:17.516  2556  2556 I DeviceProperties: Device Region: 'US'
03-24 10:27:17.516  2556  2556 I DeviceProperties: GPU Type: 'ADRENO_650'
03-24 10:27:17.516  2556  2556 I DeviceProperties: Num Refresh Rates Supported 4
03-24 10:27:17.517  2556  2556 I DeviceProperties: Refresh Rate (0): 90.000000Hz
03-24 10:27:17.517  2556  2556 I DeviceProperties: Refresh Rate (1): 80.000000Hz
03-24 10:27:17.517  2556  2556 I DeviceProperties: Refresh Rate (2): 72.000000Hz
03-24 10:27:17.517  2556  2556 I DeviceProperties: Refresh Rate (3): 60.000000Hz
03-24 10:27:17.517  2556  2556 I DeviceProperties: DisplayParms.ScanoutDirection = 0
03-24 10:27:17.518  2556  2556 I DeviceProperties: DisplayParms.ShutterType = 1
03-24 10:27:17.518  2556  2556 I DeviceProperties: DisplayParms.timing = 0.700000 0.700000
03-24 10:27:17.518  2556  2556 I DeviceProperties: DisplayParms.prediction = (2.000000 2.000000) (2.000000 2.000000)
03-24 10:27:17.520  3264  3352 I [OAR] GuardianController: passthroughMode != desiredPassthroughMode: 0, 2
03-24 10:27:17.520  2360  3372 I VrGuardianService: GuardianSDKServer::SetGuardianRenderMode
03-24 10:27:17.520  2556  2556 I DeviceProperties: getDisplayDimensions returned: 3664, 1920
03-24 10:27:17.520  2556  2556 I DeviceProperties: ovrDeviceProperties: OVR_DEVICE_CAPABILITY_POSITIONAL_TRACKING_BIT
03-24 10:27:17.520  2556  2556 I DeviceProperties: ovrDeviceProperties: OVR_DEVICE_CAPABILITY_PASSTHROUGH_CAMERA_BIT
03-24 10:27:17.520  2556  2556 I DeviceProperties: ovrDeviceProperties: OVR_DEVICE_CAPABILITY_DYNAMIC_DISPLAY_REFRESH_RATE_BIT
03-24 10:27:17.520  2556  2556 I DeviceProperties: ovrDeviceProperties: OVR_DEVICE_CAPABILITY_MEMORY_EXPORT_BIT
03-24 10:27:17.520  2556  2556 I DeviceProperties: ovrDeviceProperties: OVR_DEVICE_CAPABILITY_FIXED_FOVEATED_RENDERING_BIT
03-24 10:27:17.520  2556  2556 I DeviceProperties: ovrDeviceProperties: OVR_DEVICE_CAPABILITY_SUBSAMPLED_LAYOUT_BIT
03-24 10:27:17.520  2556  2556 I VrRuntimeClient: RuntimeService Enabled
03-24 10:27:17.520  2556  2556 I RuntimeHelpers: ShouldEnableOOPComposition: oopc_enabled_prop = -1
03-24 10:27:17.520  2556  2556 I RuntimeHelpers: IsOopCompositionEnabled: enabled
03-24 10:27:17.520  3264  3352 I [OAR] SystemAssistant: OnModeChanged from FullShell to ImmersiveAppFocused
03-24 10:27:17.521  2556  2556 I VrRuntimeClient: DevicesSupported : 1 devices, quest
03-24 10:27:17.521  2556  2556 I VrRuntimeClient: IsFocusAware: 0
03-24 10:27:17.521  3264  3352 I [OAR] AudioMixer: Disabling AudioPlayer.
03-24 10:27:17.523  2146  2170 I LibraryProvider: running queryApp(com.android.permissioncontroller) for android.uid.system:1000
03-24 10:27:17.524  2146  2170 W LibraryProvider: Cannot find entitlement for com.android.permissioncontroller
03-24 10:27:17.524  1532  1572 W OVRLibrary: null cursor received for query content://com.oculus.ocms.library/apps/com.android.permissioncontroller
03-24 10:27:17.525  2556  2556 I VrRuntimeClient: spaceWarpGateKeeper 0
03-24 10:27:17.525  2556  2556 I AudioCapture: AudioCapture::Init
03-24 10:27:17.525  2556  2556 I AudioCapture: AudioCapture::Init -> Initializing audio capture using direct OS Callbacks
03-24 10:27:17.525  2556  2556 I AudioCapture: AudioCapture::Init COMPLETE
03-24 10:27:17.528  2556  2556 W Foveation: Forcing on dynamic foveation
03-24 10:27:17.529  2556  2556 D VrRuntimeClient: VrRuntimeClient: initialize. inContext: com.oculus.os.DialogContext@17464e
03-24 10:27:17.529  2556  2556 I ipcLoader: RuntimeIPC: Loader: IPC Service API Loader Version: 19 Feb 23 2021 10:21:32
03-24 10:27:17.529  2556  2556 I ipcLoader: RuntimeIPC: Loader: Calling LibLoader::Initialize
03-24 10:27:17.529  2556  2556 I libloader: LibLoader::Initialize. Version: 1 Feb 23 2021 10:21:32, packageName: com.oculus.systemdriver
03-24 10:27:17.529  1897  1897 D VrRuntimeService: onStartCommand
03-24 10:27:17.530  2556  2556 I libloader: LibLoader: selecting 64-bit ABI.
03-24 10:27:17.530  2556  2556 V LibLoaderImpl: Loading 64-bit LibLoaderImpl.
03-24 10:27:17.530  2556  2556 V LibLoaderImpl: internalGetAPIFunction: loadLibrary 'loaderimpl'
03-24 10:27:17.530  2556  2556 V LibLoaderImpl: Using System.loadLibrary
03-24 10:27:17.531  2556  2556 I libloaderimpl: nativeSetClassLoader:0x2786
03-24 10:27:17.531  2556  2556 V LibLoaderImpl: internalGetAPIFunction: calling nativeGetAPIFunction
03-24 10:27:17.531  2556  2556 I libloaderimpl: LibLoaderImpl nativeGetAPIFunction.
03-24 10:27:17.531  2556  2556 I libloaderimpl: LibLoaderHandle SUCCESS
03-24 10:27:17.531  2556  2556 I libloaderimpl: LibLoaderImpl GetAPIFunction. libName: libruntimeipcserviceclient.so, funcName: ipc_GetAPIFunction
03-24 10:27:17.531  2556  2556 I RuntimeIPCApi: ipc_Initialize
03-24 10:27:17.532  2556  2556 D RuntimeIPCServiceClient: initialize. inContext: com.oculus.os.DialogContext@17464eprocessName: com.android.permissioncontroller
03-24 10:27:17.533  2556  8412 I AsyncTaskMgr: MainLoop starting
03-24 10:27:17.533  2556  2556 I AsyncTaskMgr: Init SUCCESS
03-24 10:27:17.533  2556  2556 I ServerStateMgr: Init
03-24 10:27:17.533  2556  2556 I ServerStateMgr: Init
03-24 10:27:17.533  2556  2556 D RuntimeIPCServiceClient: connectToService
03-24 10:27:17.533  2556  2556 D RuntimeIPCServiceClient: creating new service
03-24 10:27:17.534  1921  1921 D RuntimeIPCService: onStartCommand
03-24 10:27:17.534  1921  1921 D RuntimeIPCService: onStartCommand
03-24 10:27:17.535  2556  2556 D RuntimeIPCServiceClient: Waiting on ipc connection...
03-24 10:27:17.535  2556  8411 D RuntimeIPCServiceClient: Service connected: android.os.BinderProxy@3302505
03-24 10:27:17.535  1921  1949 D RuntimeIPCService: createClient: ProcessName: com.android.permissioncontroller
03-24 10:27:17.535  1921  1949 I RuntimeIPCService: CreateBinderConnection: 2556:com.android.permissioncontroller:com.android.permissioncontroller
03-24 10:27:17.535  1921  1949 I SharedMemoryServer: SharedMemoryServer::MapMemory: Allocated shared memory fd 139 (IPCRegisteredServer)
03-24 10:27:17.536  1921  1949 D RuntimeIPCService: createClient: 1347536477, android.os.BinderProxy@f07f7e3, com.android.permissioncontroller
03-24 10:27:17.536  2556  2556 D RuntimeIPCServiceClient: ipc connectionIsReady: true
03-24 10:27:17.536  2556  2556 D RuntimeIPCServiceClient: ipc context.bindService SUCCESS
03-24 10:27:17.536  2556  2556 D RuntimeIPCServiceClient: ensureServiceStarted: com.oculus.guardian, com.oculus.vrguardianservice.VrGuardianService
03-24 10:27:17.536   683  8414 E ResolverController: No valid NAT64 prefix (100, <unspecified>/0)
03-24 10:27:17.536  2556  2556 D RuntimeIPCServiceClient: ensureServiceStarted SUCCESS: com.oculus.guardian, com.oculus.vrguardianservice.VrGuardianService
03-24 10:27:17.536  2556  2556 D RuntimeIPCServiceClient: ensureServiceStarted: com.oculus.guardian, com.oculus.vrguardianservice.VrGuardianUserService
03-24 10:27:17.537  2360  2360 D VrGuardianService: onStartCommand
03-24 10:27:17.537  3264  3457 I [OAR] AudioMixer: Notifying VrThread to shutdown.
03-24 10:27:17.537  3264  3352 I [OAR] AudioMixer: Successful shutdown.
03-24 10:27:17.537  3264  3352 I [OAR] AudioEngine: virtual void AudioLibrary::AudioEngine::DisablePlayer()
03-24 10:27:17.537  3264  3352 I [OAR] AudioEngine: Setting ShuttingDown.
03-24 10:27:17.537  2556  2556 D RuntimeIPCServiceClient: ensureServiceStarted SUCCESS: com.oculus.guardian, com.oculus.vrguardianservice.VrGuardianUserService
03-24 10:27:17.537  2360  2360 D VrGuardianUserService: onStartCommandIntent { cmp=com.oculus.guardian/com.oculus.vrguardianservice.VrGuardianUserService }
03-24 10:27:17.538  2556  2556 D RuntimeIPCClientMgr: SyncClientWithService: Client: com.android.permissioncontroller:com.android.permissioncontroller, Server: com.oculus.guardian:com.oculus.vrguardianservice (guardianserver)
03-24 10:27:17.538  1921  1949 I SharedMemoryServer: SharedMemoryServer::MapMemory: Allocated shared memory fd 144 (IPCService_RPCPrivateReadWrite)
03-24 10:27:17.538  1921  1949 I RuntimeIPCService: ConnectToServer: 2556:com.android.permissioncontroller:com.android.permissioncontroller (com.oculus.guardian:com.oculus.vrguardianservice (guardianserver))
03-24 10:27:17.539   683  8418 E ResolverController: No valid NAT64 prefix (100, <unspecified>/0)
03-24 10:27:17.539  2556  2556 D RuntimeIPCClientMgr: InitServerStateForClient: SUCCESS. Client: com.android.permissioncontroller:com.android.permissioncontroller, Server: com.oculus.guardian:com.oculus.vrguardianservice (guardianserver)
03-24 10:27:17.539  2556  2556 I RuntimeIPCClientMgr: ConnectToServer: SUCCESS: Client: com.android.permissioncontroller:com.android.permissioncontroller, Server: com.oculus.guardian:com.oculus.vrguardianservice (guardianserver)
03-24 10:27:17.539  2556  2556 I VrGuardianClient: g_GuardianSDKClient connected.
03-24 10:27:17.539  2556  2556 I ipcLoader: RuntimeIPC: Loader: IPC Service API Loader Version: 19 Feb 23 2021 10:21:32
03-24 10:27:17.539  2556  2556 I ipcLoader: RuntimeIPC: Loader: Re-using vtable
03-24 10:27:17.539  2556  2556 I RuntimeIPCApi: ipc_Initialize
03-24 10:27:17.539  2556  2556 D RuntimeIPCServiceClient: ensureServiceStarted: com.oculus.systemdriver, com.oculus.vrruntimeservice.VrRuntimeService
03-24 10:27:17.540  2556  2556 D RuntimeIPCServiceClient: ensureServiceStarted SUCCESS: com.oculus.systemdriver, com.oculus.vrruntimeservice.VrRuntimeService
03-24 10:27:17.540  1897  1897 D VrRuntimeService: onStartCommand
03-24 10:27:17.540  2556  2556 D RuntimeIPCClientMgr: SyncClientWithService: Client: com.android.permissioncontroller:com.android.permissioncontroller, Server: com.oculus.systemdriver:com.oculus.vrruntimeservice (RuntimeServiceServer)
03-24 10:27:17.540  1921  1949 I SharedMemoryServer: SharedMemoryServer::MapMemory: Allocated shared memory fd 149 (IPCService_RPCPrivateReadWrite)
03-24 10:27:17.540  1921  1949 I RuntimeIPCService: ConnectToServer: 2556:com.android.permissioncontroller:com.android.permissioncontroller (com.oculus.systemdriver:com.oculus.vrruntimeservice (RuntimeServiceServer))
03-24 10:27:17.541  2556  2556 D RuntimeIPCClientMgr: InitServerStateForClient: SUCCESS. Client: com.android.permissioncontroller:com.android.permissioncontroller, Server: com.oculus.systemdriver:com.oculus.vrruntimeservice (RuntimeServiceServer)
03-24 10:27:17.541  2556  2556 I RuntimeIPCClientMgr: ConnectToServer: SUCCESS: Client: com.android.permissioncontroller:com.android.permissioncontroller, Server: com.oculus.systemdriver:com.oculus.vrruntimeservice (RuntimeServiceServer)
03-24 10:27:17.541  2556  2556 I VrRuntimeClient: g_RuntimeServiceSDKClient.InitClient SUCCESS. Version: 1.0, Custom: 1.0
03-24 10:27:17.541  2556  2556 D VrRuntimeClient: connectToService
03-24 10:27:17.541  2556  2556 D VrRuntimeClient: VrRuntimeClient: creating new service
03-24 10:27:17.541   683  8420 E ResolverController: No valid NAT64 prefix (100, <unspecified>/0)
03-24 10:27:17.541  1897  1897 D VrRuntimeService: onStartCommand
03-24 10:27:17.542  2556  2556 D VrRuntimeClient: VrRuntimeClient: Waiting on connection...
03-24 10:27:17.542  2556  8407 D VrRuntimeClient: VrRuntimeClient: Service connected.
03-24 10:27:17.543  1897  1919 I ClientMgr: ClientMgr::CreateClient: 2556:com.android.permissioncontroller
03-24 10:27:17.543  1897  1919 I ClientMgr: CliengMgr: Client session placement = 0
03-24 10:27:17.543  1897  1919 I TimeWarpClientMgr: Register client 6
03-24 10:27:17.543  1897  1919 I VrRuntimeServer: RegisterCompositorClient client(6)
03-24 10:27:17.543  1897  1919 I SharedMemoryServer: SharedMemoryServer::MapMemory: Allocated shared memory fd 171 (VrRuntimeService_PrivateReadWrite_com.android.permissioncontroller)
03-24 10:27:17.543  1897  1919 I ClientMgr: CreateClient: Sending PrimaryPackageChangeEvent outside of normal operation for OS dialog.
03-24 10:27:17.543  1897  1919 I ServiceInputManager: ServiceInputManager::SetPrimaryPackageName 'com.android.permissioncontroller' 'com.android.permissioncontroller'  updated AnytimeUI processname 0
03-24 10:27:17.543  1897  1919 I VrRuntimeService: RuntimeIPC: SendPrimaryPackageChangeEvent: PostClientEvent SUCCESS: com.oculus.vrshell:com.oculus.vrshell:Overlay:2275, com.android.permissioncontroller, com.android.permissioncontroller
03-24 10:27:17.543  1897  1919 I VrRuntimeService: RuntimeIPC: SendPrimaryPackageChangeEvent: PostClientEvent SUCCESS: android.uid.systemui:10056:com.android.systemui:1326, com.android.permissioncontroller, com.android.permissioncontroller
03-24 10:27:17.543  1897  1919 I VrRuntimeService: RuntimeIPC: SendPrimaryPackageChangeEvent: PostClientEvent SUCCESS: com.oculus.vrshell:com.oculus.vrshell:3143, com.android.permissioncontroller, com.android.permissioncontroller
03-24 10:27:17.543  1897  1919 I VrRuntimeService: RuntimeIPC: SendPrimaryPackageChangeEvent: PostClientEvent SUCCESS: com.oculus.shellenv:com.oculus.shellenv:3183, com.android.permissioncontroller, com.android.permissioncontroller
03-24 10:27:17.543  1897  1919 I VrRuntimeService: RuntimeIPC: SendPrimaryPackageChangeEvent: PostClientEvent SUCCESS: com.oculus.vrshell:com.oculus.vrshell:EnvOverlay:3264, com.android.permissioncontroller, com.android.permissioncontroller
03-24 10:27:17.543  1897  1919 I VrRuntimeService: RuntimeIPC: SendPrimaryPackageChangeEvent: PostClientEvent SUCCESS: com.oculus.guardian:com.oculus.vrguardianservice:2360, com.android.permissioncontroller, com.android.permissioncontroller
03-24 10:27:17.543  1897  1919 D VrRuntimeService: sendPrimaryPackageChangeBroadcast
03-24 10:27:17.544   683  8422 E ResolverController: No valid NAT64 prefix (100, <unspecified>/0)
03-24 10:27:17.544  2275  2275 D [OAO] ShellOverlayService: screenStateReceiver Received broadcast: com.oculus.vrshell.intent.action.PRIMARY_PACKAGE_CHANGED
03-24 10:27:17.544  2275  2275 I [OAO] ShellOverlayServiceJNI: NativeSendOverlayCommand
03-24 10:27:17.544  2275  2275 I [OAO] ShellOverlayServiceJNI: NativeWake
03-24 10:27:17.544  2275  2275 I [OAO] ShellOverlayMain: WakeVrThread
03-24 10:27:17.544  2275  2275 I [OAO] ShellOverlayMain: WakeVrThread - notifying vr thread
03-24 10:27:17.544  2275  2321 I [OAO] ShellOverlayApp: VrThread woke up
03-24 10:27:17.544  2275  2321 I [OAO] ShellOverlayApp: 0xbe0f9c08 msg: overlayCommand:
03-24 10:27:17.544  2275  2321 I [OAO] ShellOverlayApp: command = primaryPackageChanged
03-24 10:27:17.544  2275  2321 I [OAO] ShellOverlayApp: Process_OverlayCommand command : primaryPackageChanged
03-24 10:27:17.544  2275  2321 I [OAO] ShellOverlayApp: UpdatePrimaryPackage
03-24 10:27:17.544  2275  2321 I [OAO] ShellOverlayApp: UpdatePrimaryPackage Requested for PackageName:com.android.permissioncontroller  IsFocusAware:0
03-24 10:27:17.544  2275  2321 I [OAO] ShellOverlayApp: UpdatePrimaryPackage Package change detected. Previous package:[com.oculus.shellenv]
03-24 10:27:17.544  2275  2321 I [OAO] OverlayFlowController: OnPrimaryPackageChange primaryPackage:com.android.permissioncontroller immersiveAppChanged:1
03-24 10:27:17.544  2275  2321 I [OAO] OverlayFlowController: Non system primary client change: ready to sleep
03-24 10:27:17.544  2275  2321 I [OAO] OverlayFlowController: Reset resetReason : 3
03-24 10:27:17.544  2275  2321 I [OAO] DialogController: CloseDialogs() old: 0, pendingUri: systemux://dialog/none, pendingComponent: 
03-24 10:27:17.544  2275  2321 I [OAO] SystemTabletController: Reset, reason: 3, taskBarVisibility: 1
03-24 10:27:17.545  2275  2321 I [OAO] SystemDialogController: Reset
03-24 10:27:17.545  2275  2321 I [OAO] DialogControllerManager: Reset
03-24 10:27:17.545  2275  2321 I [OAO] ShellOverlayApp: Start sleep timeout. Now:212.450999, Timeout:214.450999
03-24 10:27:17.546   683  8424 E ResolverController: No valid NAT64 prefix (100, <unspecified>/0)
03-24 10:27:17.548   683  8426 E ResolverController: No valid NAT64 prefix (100, <unspecified>/0)
03-24 10:27:17.549  1897  1919 I UnifiedTelemetryWrapper: Started UT session lifetime:com.android.permissioncontroller
03-24 10:27:17.554  2360  2479 I GuardianSystem: runtimeServiceSDKClient_.PackageChangeEvent: package=[com.android.permissioncontroller], process=[com.android.permissioncontroller]
03-24 10:27:17.554  2360  2479 I GuardianSystem: SetCurrentProcessName: com.android.permissioncontroller, previous ProcessName: com.oculus.shellenv
03-24 10:27:17.554  2360  2479 I GuardianSystem: SetCurrentProcessName: Return package changed: com.android.permissioncontroller
03-24 10:27:17.557  3264  3457 I [OAR] AudioMixer: Notifying VrThread to shutdown.
03-24 10:27:17.557  3264  3457 I [OAR] AudioEngine: Fading final buffer
03-24 10:27:17.577  3264  3457 I [OAR] AudioEngine: Notifying VrThread to shutdown.
03-24 10:27:17.577  3264  3457 D         : PlayerBase::stop() from IPlayer
03-24 10:27:17.577  3264  3457 D AudioTrack: stop(13): called with 9336960 frames delivered
03-24 10:27:17.577  3264  3352 I [OAR] AudioEngine: Stopping player
03-24 10:27:17.577  3264  3352 D         : PlayerBase::stop() from IPlayer
03-24 10:27:17.578  1298  1298 V AvrcpMediaPlayerList: onPlaybackConfigChanged(): Configs list size=3
03-24 10:27:17.578  3264  3352 D [SEO] ShellApplication: abandonAudioFocus
03-24 10:27:17.578  1298  1298 V AvrcpMediaPlayerList: onPlaybackConfigChanged(): Configs list size=2
03-24 10:27:17.579  1084  1446 I MediaFocusControl: abandonAudioFocus() from uid/pid 10020/3264 clientId=android.media.AudioManager@b04a204com.oculus.vrshell.ShellAudioFocusHandler@d6e63ed
03-24 10:27:17.582  3264  3352 D [SEO] ShellApplication: setOverlayInputFocus: inputFocus=false shouldSupportIME=false
03-24 10:27:17.583  3264  3352 D [SEO] BaseOverlayService: setOverlayInputFocus : entrypoint - inputFocus=false shouldSupportIME=false
03-24 10:27:17.583  3264  3352 I VrApi   : ---------- vrapi_LeaveVrMode [start] ----------
03-24 10:27:17.583  3264  3264 D [SEO] BaseOverlayService: detachServiceWindowView
03-24 10:27:17.584  3264  3352 D VrApi   : targetSDKVersion 27
03-24 10:27:17.586  3264  3352 I VrRuntimeClient: DEVICE MODEL NUMBER = Quest 2
03-24 10:27:17.586  3264  3352 I VrRuntimeClient: DEVICE HARDWARE = hollywood
03-24 10:27:17.586  3264  3352 I VrRuntimeClient: DEVICE BUILD NAME = user-1462400.7360.0
03-24 10:27:17.586  3264  3352 I VrRuntimeClient: DEVICE BUILD TYPE = user
03-24 10:27:17.586  3264  3352 I VrRuntimeClient: DEVICE OS VERSION = 10
03-24 10:27:17.586  3264  3352 I VrRuntimeClient: VRRUNTIME VERSION = VRAPI_VERSION_BEGIN { 1.1.43.0-274987955-274987955 Feb 23 2021 19:56:04 Development } RELEASE
03-24 10:27:17.586  3264  3352 I VrRuntimeClient: API LOADER VERSION = 1.1.34.0
03-24 10:27:17.586  3264  3352 I VrRuntimeClient: VRDRIVER VERSION = 26.0.0.41.502
03-24 10:27:17.586  3264  3352 I VrRuntimeClient: APP NAME = Oculus App Runtime
03-24 10:27:17.586  3264  3352 I VrRuntimeClient: APP VERSION = 26.0.0.40.502 versionCode 274988282 internalVersionName 26.0.0.40.502.3d49ffb6cc0f 2021_02_23_19_55
03-24 10:27:17.586  3264  3352 I VrRuntimeClient: APP VR TYPE = vr_only
03-24 10:27:17.586  3264  3352 I VrRuntimeClient: APP MODE TYPE = VR
03-24 10:27:17.586  3264  3352 I VrRuntimeClient: APP PACKAGE NAME = com.oculus.vrshell
03-24 10:27:17.586  3264  3352 I VrRuntimeClient: APP ACTIVITY CLASS = com.oculus.os.WindowTokenContext
03-24 10:27:17.587  3264  3352 D BatteryReceiver: Unregistering battery receiver
03-24 10:27:17.587  3264  3352 I Sensor  : OSSDKTRACKING Shutdown tracking
03-24 10:27:17.588  1084  1084 W TelecomManager: Telecom Service not found.
03-24 10:27:17.591  2275  2275 I [OAO] VrNotificationListenerService: onNotificationRemoved(): key = 0|android|0|com.android.server.wm.AlertWindowNotification - com.oculus.vrshell|1000, type = third_party
03-24 10:27:17.591  2275  2275 I [OAO] VrNotificationListenerService: onNotificationRemoved(): user|package|tag|id = UserHandle{0}|android|com.android.server.wm.AlertWindowNotification - com.oculus.vrshell|0
03-24 10:27:17.592  1575  1575 D OculusNotificationListenerService: Notification removed: 0|android|0|com.android.server.wm.AlertWindowNotification - com.oculus.vrshell|1000
03-24 10:27:17.594  3067  3067 D [SUI] NotificationBroadcastReceiver: action: com.oculus.intent.action.NOTIF_CHANGE
03-24 10:27:17.601  3264  3352 I VrApi   : OVR::Stats thread stopped
03-24 10:27:17.601  3264  3352 I InputDeviceManager: ovrInputDeviceManager::~ovrInputDeviceManager
03-24 10:27:17.601  3264  3352 I HandDataQuerier: OSSDKTRACKING shutting down HandsTracker
03-24 10:27:17.601  3264  3352 I HandDataQuerier: OSSDKTRACKING shutting down HandsTracker
03-24 10:27:17.601  3264  3352 I InputDevice_TrackedRemote: OSSDKTRACKING shutting down Haptics
03-24 10:27:17.601  3264  3352 I InputDevice_TrackedRemote: OSSDKTRACKING shutting down Haptics
03-24 10:27:17.601  3264  3352 D OsSdk   : TrackingServiceConnection dtor
03-24 10:27:17.601   843   843 I TrackingService: Unregistering client by ITrackingService.unregisterClient
03-24 10:27:17.602   843   843 I TrackingService: TrackingServiceHost Unregistering client: com.oculus.vrshell#3264
03-24 10:27:17.602  3264  3352 D OsSdk   : TrackingServiceConnection unregistered
03-24 10:27:17.605  3264  3264 D [SEO] BaseOverlayService: setOverlayInputFocus : completed - inputFocus=false shouldSupportIME=false actionTaken:true
03-24 10:27:17.607  2275  2275 D VrNotificationAnalytics: logNotificationRemoved(third_party)
03-24 10:27:17.610  2275  2275 D DeviceHelper: isScreenOn = true
03-24 10:27:17.610  2275  2275 D [OAO] ShellOverlayBroadcastReceiver: onReceive with ShellOverlayService native pointer 3914697208, action com.oculus.vrshell.intent.action.DISMISS_NOTIFICATION
03-24 10:27:17.610  2275  2275 D [OAO] RssdkHelper: getCurrentPackageInfo
03-24 10:27:17.610  2275  2275 I [OAO] RssdkHelperJNI: Java_com_oculus_common_navigation_RssdkHelper_nativeGetCurrentPackageInfo
03-24 10:27:17.610  2275  2275 I [OAO] RssdkHelperJNI: NativeGetCurrentPackageInfo - str combined: 'com.android.permissioncontroller false'
03-24 10:27:17.610  2275  2275 D [OAO] PrimaryPackage: Shell backgrounded or not running.
03-24 10:27:17.611  2275  2275 I [OAO] ShellOverlayServiceJNI: NativeWake
03-24 10:27:17.611  2275  2321 I [OAO] ShellOverlayApp: 0xbe0f9c08 msg: broadcastIntent:
03-24 10:27:17.611  2275  2321 I [OAO] ShellOverlayApp: intent_action = com.oculus.vrshell.intent.action.DISMISS_NOTIFICATION
03-24 10:27:17.611  2275  2321 I [OAO] ShellOverlayApp: status_bar_notification = 0|android|0|com.android.server.wm.AlertWindowNotification - com.oculus.vrshell|1000
03-24 10:27:17.611  2275  2275 I [OAO] ShellOverlayMain: WakeVrThread
03-24 10:27:17.611  2275  2275 I [OAO] ShellOverlayMain: WakeVrThread - notifying vr thread
03-24 10:27:17.611  2275  2321 I [OAO] ShellOverlayApp: ProcessMessage_Broadcast: com.oculus.vrshell.intent.action.DISMISS_NOTIFICATION
03-24 10:27:17.612  3143  3143 D [OAR] RssdkHelper: getCurrentPackageInfo
03-24 10:27:17.612  3143  3143 I [OAR] RssdkHelperJNI: Java_com_oculus_common_navigation_RssdkHelper_nativeGetCurrentPackageInfo
03-24 10:27:17.612  3143  3143 I [OAR] RssdkHelperJNI: NativeGetCurrentPackageInfo - str combined: 'com.android.permissioncontroller false'
03-24 10:27:17.612  3143  3143 D [OAR] ShellControlProtectedReceiver: onReceive with MainActivity native pointer 0, action com.oculus.vrshell.intent.action.DISMISS_NOTIFICATION
03-24 10:27:17.612  3143  3143 D DeviceHelper: isScreenOn = true
03-24 10:27:17.612  3143  3143 D [OAR] PrimaryPackage: ShellEnv is backgrounded or not running.
03-24 10:27:17.615  3264  3452 I ClientInputThread_Internal: InputThreadRun ShutdownRequest received
03-24 10:27:17.615  3264  3352 D InputHooksJava: Disabling Java Input Hooks
03-24 10:27:17.616  1897  1919 D VrRuntimeService: enableRendering: 3264:com.oculus.vrshell: null enable: false
03-24 10:27:17.616  1897  1919 I ClientMgr: ClientMgr::EnableRendering 3264:com.oculus.vrshell : type 1 comp-id 5: disable
03-24 10:27:17.616  1897  1919 I VrRuntimeServer: DisableCompositorClient: 5
03-24 10:27:17.616  1897  1919 I TimeWarpClientMgr: Disable client 5
03-24 10:27:17.616  1897  1919 I TimeWarpClientMgr: DisableClient: frame flush required: 1
03-24 10:27:17.625  1897  1919 I UnifiedTelemetryWrapper: Stopped UT session render:com.oculus.vrshell:EnvOverlay
03-24 10:27:17.625  3264  3459 I FenceChecker: FenceChecker::MainLoop - ended
03-24 10:27:17.625  3264  3352 I VrApi   : ---------- vrapi_LeaveVrMode [end] ----------
03-24 10:27:17.625  3264  3352 I [OAR] ShellFrameAnalytics: ShellFrame frameFunction: 16182us/124009us, trace: 0us/0us, process commands: 0us/0us, system update: 0us/0us, render 0us/0us, post render 0us/0us
03-24 10:27:17.625  3264  3352 I [OAR] ShellFrameAnalytics: Shell Heartbeat focusedPanelTimeSpent: {"0":15069} visibleTimeSpent: {} inputTimeSpent: {"gaze":15069} mouseClickCount: 0 mouseMoveTimeSpent: 0 mouseScrollTimeSpent: 0 physicalKeyboardConnectedTimeSpent: 0 physicalKeyboardTrackedTimeSpent: 0
03-24 10:27:17.625  3264  3352 I [OAR] DialogController: CloseDialogs() old: 0, pendingUri: systemux://dialog/none, pendingComponent: 
03-24 10:27:17.625  3264  3352 I [OAR] DialogController: ResetDialog old: 0, activeUri systemux://dialog/none, activeReturnComponent 
03-24 10:27:17.625  3264  3352 I [OAR] SystemTabletController: Reset, reason: 4, taskBarVisibility: 1
03-24 10:27:17.625  3264  3352 I [OAR] SystemDialogController: Reset
03-24 10:27:17.625  3264  3352 I [OAR] DialogControllerManager: Reset
03-24 10:27:17.628   718   901 D msm8974_platform: platform_split_snd_device: snd_device(2) num devices(1) new_snd_devices(0)
03-24 10:27:17.628   718   901 D ACDB-LOADER: ACDB -> send_audvoltable
03-24 10:27:17.628   718   901 D ACDB-LOADER: ACDB -> ACDB_CMD_GET_AUDPROC_INSTANCE_GAIN_DEP_STEP_TABLE_SIZE
03-24 10:27:17.628   718   901 D ACDB-LOADER: ACDB -> ACDB_CMD_GET_AUDPROC_INSTANCE_GAIN_DEP_STEP_TABLE, vol index 1
03-24 10:27:17.629   718   901 D ACDB-LOADER: ACDB -> AUDIO_SET_VOL_CAL cal type = 40
03-24 10:27:17.629   718   901 D msm8974_platform: platform_split_snd_device: snd_device(2) num devices(1) new_snd_devices(0)
03-24 10:27:17.629   718   901 D ACDB-LOADER: ACDB -> send_audvoltable
03-24 10:27:17.629   718   901 D ACDB-LOADER: ACDB -> ACDB_CMD_GET_AUDPROC_INSTANCE_GAIN_DEP_STEP_TABLE_SIZE
03-24 10:27:17.629   718   901 D ACDB-LOADER: ACDB -> ACDB_CMD_GET_AUDPROC_INSTANCE_GAIN_DEP_STEP_TABLE, vol index 1
03-24 10:27:17.629   718   901 D ACDB-LOADER: ACDB -> AUDIO_SET_VOL_CAL cal type = 40
03-24 10:27:17.683  1532  8395 W ContextImpl: Calling a method in the system process without a qualified user: android.app.ContextImpl.sendBroadcast:1057 android.content.ContextWrapper.sendBroadcast:448 X.Je.A00:155 X.Je.handleMessage:80 android.os.Handler.dispatchMessage:107 
03-24 10:27:17.834  3183  3248 I Clay    : EnvironmentStateSystem: Clearing IR due to pausing
03-24 10:27:17.889  1897  2269 D RuntimeIPCServerMgr: RegisterClient: Client: com.android.permissioncontroller:com.android.permissioncontroller:2556, Server: com.oculus.systemdriver:com.oculus.vrruntimeservice (RuntimeServiceServer)
03-24 10:27:17.889  1897  8432 I JniUtils: Creating temporary JNIEnv. This is a heavy operation and should be infrequent. To optimize, use JNI AttachCurrentThread on calling thread
03-24 10:27:17.890  1897  8432 I chatty  : uid=10025(com.oculus.systemdriver) Thread-42 identical 2 lines
03-24 10:27:17.890  1897  8432 I JniUtils: Creating temporary JNIEnv. This is a heavy operation and should be infrequent. To optimize, use JNI AttachCurrentThread on calling thread
03-24 10:27:17.890  1897  8432 I VrRuntimeService: RuntimeIPC: IPC_SYSTEM_EVENT_CLIENT_CONNECTED: com.android.permissioncontroller:2556, Version: 1.0, Custom: 1.0
03-24 10:27:17.890  1897  8432 I VrRuntimeService: RuntimeServiceSDKServer::GetSharedMemoryFileDescriptor: 1347536477
03-24 10:27:17.890  1897  8432 I VrRuntimeService: GetSharedMemoryFileDescriptor: SharedMemoryType_PublicReadOnly: 33
03-24 10:27:17.891  1897  8432 I VrRuntimeService: RuntimeServiceSDKServer::GetSharedMemoryFileDescriptor: 1347536477
03-24 10:27:17.891  1897  8432 I VrRuntimeService: GetSharedMemoryFileDescriptor: SharedMemoryType_PrivateReadWrite: 171
03-24 10:27:17.891  2556  8407 I VrRuntimeClient: nativeRuntimeServiceConnected: publicReadOnlyFd=66, privateReadWriteFd=67
03-24 10:27:17.891  2556  2556 D VrRuntimeClient: VrRuntimeClient: connectionIsReady: true
03-24 10:27:17.891  2556  2556 D VrRuntimeClient: VrRuntimeClient: context.bindService SUCCESS
03-24 10:27:17.891  2556  2556 I VrApi   : vrapi_Initialize: Connected to VrRuntimeService after 0.350509s
03-24 10:27:17.892  2556  2556 D SystemActivitiesReceiver: Registering Oculus System Activity receiver
03-24 10:27:17.892  2556  2556 I Distortion: Initializing Mesh Decenter Correction
03-24 10:27:17.893  2556  2556 I Distortion: EYE_DECENTER ipdMin 58.1364 left H: -8.1595 v: 3.6616  right  H: -4.9562 v: 0.1797
03-24 10:27:17.893  2556  2556 I Distortion: EYE_DECENTER ipdMid 63.0543 left H: 0.7277 v: 2.5898  right  H: 1.0983 v: 2.3797
03-24 10:27:17.893  2556  2556 I Distortion: EYE_DECENTER ipdMax 67.9727 left H: 1.9973 v: 1.518  right  H: -0.1126 v: 2.3797
03-24 10:27:17.893  2556  2556 I Distortion: EYE_DECENTER PIXELS(4) left H: -0.7277 V: -2.5898  right H: -1.0983 V: -2.3797
03-24 10:27:17.893  2556  2556 I Distortion: EYE_DECENTER iad: 0.065, left H: -2.99923e-05 V: -8.50749e-05  right H: -2.99923e-05 V: -7.81732e-05
03-24 10:27:17.893  2556  2556 I Distortion: SetLensPositions - iad=0.065, left offset=0.000769582,-0.00133337, right offset=-0.000829566,-0.00132647
03-24 10:27:17.893  2556  2556 I Distortion: Initializing Mesh Decenter Correction
03-24 10:27:17.893  2556  2556 I Distortion: EYE_DECENTER ipdMin 58.1364 left H: -8.1595 v: 3.6616  right  H: -4.9562 v: 0.1797
03-24 10:27:17.893  2556  2556 I Distortion: EYE_DECENTER ipdMid 63.0543 left H: 0.7277 v: 2.5898  right  H: 1.0983 v: 2.3797
03-24 10:27:17.893  2556  2556 I Distortion: EYE_DECENTER ipdMax 67.9727 left H: 1.9973 v: 1.518  right  H: -0.1126 v: 2.3797
03-24 10:27:17.893  2556  2556 I Distortion: EYE_DECENTER PIXELS(4) left H: -0.7277 V: -2.5898  right H: -1.0983 V: -2.3797
03-24 10:27:17.893  2556  2556 I Distortion: EYE_DECENTER iad: 0.065, left H: -2.99923e-05 V: -8.50749e-05  right H: -2.99923e-05 V: -7.81732e-05
03-24 10:27:17.893  2556  2556 I Distortion: SetLensPositions - iad=0.065, left offset=0.000769582,-0.00133337, right offset=-0.000829566,-0.00132647
03-24 10:27:17.894  2556  2556 I Distortion: Created custom distortion mesh.
03-24 10:27:17.894  2556  2556 I Distortion: ovrDistortionMeshHeader::magic = 0x56347807
03-24 10:27:17.894  2556  2556 I Distortion: ovrDistortionMeshHeader::deviceModel = 0x200
03-24 10:27:17.894  2556  2556 I Distortion: ovrDistortionMeshHeader::headsetModel = 0x104
03-24 10:27:17.894  2556  2556 I Distortion: ovrDistortionMeshHeader::eyeBlocksWide = 32
03-24 10:27:17.894  2556  2556 I Distortion: ovrDistortionMeshHeader::eyeBlocksHigh = 32
03-24 10:27:17.894  2556  2556 I Distortion: ovrDistortionMeshHeader::lensSeparationMeters = 0.065000
03-24 10:27:17.894  2556  2556 I Distortion: ovrDistortionMeshHeader::horizontalOffsetMeters = -0.000030
03-24 10:27:17.894  2556  2556 I Distortion: ovrDistortionMeshHeader::displayWidthMeters = 0.120362
03-24 10:27:17.894  2556  2556 I Distortion: ovrDistortionMeshHeader::displayHeightMeters = 0.063072
03-24 10:27:17.894  2556  2556 I Distortion: ovrDistortionMeshHeader::displayWidthPixels = 3664
03-24 10:27:17.894  2556  2556 I Distortion: ovrDistortionMeshHeader::displayHeightPixels = 1920
03-24 10:27:17.894  2556  2556 I Distortion: ovrDistortionMeshHeader::eyeTextureWidthPixels = 1440
03-24 10:27:17.894  2556  2556 I Distortion: ovrDistortionMeshHeader::eyeTextureHeightPixels = 1584
03-24 10:27:17.894  2556  2556 I Distortion: ovrDistortionMeshHeader::leftEye = up 48.000000 / down 50.000000 / left 49.000000 / right 45.000000
03-24 10:27:17.894  2556  2556 I Distortion: ovrDistortionMeshHeader::rightEye = up 48.000000 / down 50.000000 / left 45.000000 / right 49.000000
03-24 10:27:17.897  2556  2556 I ClientInputInterface: SetChordedSystemButtonGKFlag 1
03-24 10:27:17.903  2556  2556 I ClientInputSettings: SYSTEMBUTTONSPACE GKS freeze '0'  freezeAPI '0'  eattrigger '0'
03-24 10:27:17.903  2556  2556 I ClientInputSettings: SYSTEMBUTTONSPACE 'com.android.permissioncontroller' Freeze input '0' eat trigger '0'  on home button down
03-24 10:27:17.905  2556  2556 I ClientInputSettings: HANDTRACKING: YES! You are on the Hand Tracking Frequency GK :D
03-24 10:27:17.906  2556  2556 I ClientInputInterface: HANDTRACKING sethandtrackingfrequency 0
03-24 10:27:17.907  2556  2556 I ClientInputInterface: HANDTRACKING handtrackingsmallfingeropeningpinchenabled 1
03-24 10:27:17.907  2556  2556 I ClientInputSettings: HANDTRACKING: YES! You are on the Hand Tracking Small Finger Opening Pinch GK :D
03-24 10:27:17.907  2556  2556 I ClientInputSettings: SetInhibitHandleHomeKey = true for com.android.permissioncontroller
03-24 10:27:17.907  2556  2556 I ClientInputInterface: SetInhibitHandleHomeKey 1
03-24 10:27:17.907  2556  2556 I InputHooks: InitializeInputHooks
03-24 10:27:17.907  2556  2556 I InputHooks: InitializeInputHooks create
03-24 10:27:17.907  2556  2556 D VrRuntimeClient: getClient6dofEntitlementMode for com.android.permissioncontroller
03-24 10:27:17.910  2146  2170 W PublicLibraryProvider: Cannot find entitlement for com.android.permissioncontroller
03-24 10:27:17.911  2556  2556 I TREX    : Initializing TREX for client ed81dad0d7823498...
03-24 10:27:17.911  2556  2556 I TREX    : deviceType_ = 2
03-24 10:27:17.911  2556  2556 I TREX    : Initializing system...
03-24 10:27:17.911  2556  2556 I TREX    : Plugin 'com.oculus.superres:libsuperres_plugin.so': No GK killswitch check!
03-24 10:27:17.911  2556  2556 I TREX    : Loading plugin com.oculus.superres:libsuperres_plugin.so
03-24 10:27:17.911  2556  2556 E TREX    : Package 'com.oculus.superres' was not found!
03-24 10:27:17.911  2556  2556 E TREX    : Package com.oculus.superres has an invalid signature!
03-24 10:27:17.911  2556  2556 E TREX    : Skipping load of package com.oculus.superres due to an invalid signature!
03-24 10:27:17.911  2556  2556 I TREX    : Plugin 'com.oculus.superres:libsuperres_plugin.so' not loaded.
03-24 10:27:17.911  2556  2556 I VrApi   : ----------- vrapi_Initialize [end] ----------
03-24 10:27:17.959  1897  1897 D VrRuntimeService: onFocusedWindowChanged: focusedWindowToken=android.os.BinderProxy@abe9db1, focusedWindowUid=10011, focusedWindowPid=2556
03-24 10:27:17.959  1897  1897 W ClientMgr: ClientMgr::SetFocusedClient: No focused client
03-24 10:27:17.959  1897  1897 I ClientMgr: Releasing clocks.
03-24 10:27:17.962  1897  2271 I PerformanceManager: SetClockLevels: Force releasing clocks
03-24 10:27:17.962  1897  2271 I PerformanceManager: SetClockLevels: Apply pending clock request change: 2,3 -> -1,-1
03-24 10:27:17.962  1897  1999 I Clocks  : ReleaseClocks - start
03-24 10:27:17.962  1897  1999 I Clocks  : ReleaseClocks - end (0.4 ms)
03-24 10:27:17.962   725   725 D android.hardware.power@1.3-service-libperfmgr: Unset hint for clock domain: 0
03-24 10:27:17.962   725   777 W libperfmgr: Failed to write to node: /sys/class/devfreq/soc:qcom,cpu-cpu-llcc-bw/max_freq with value: 2288, fd: 11
03-24 10:27:17.962   725   777 W libperfmgr: Failed to write to node: /sys/class/devfreq/soc:qcom,cpu-llcc-ddr-bw/max_freq with value: 762, fd: 9
03-24 10:27:17.962   725   777 W libperfmgr: Failed to write to node: /sys/class/devfreq/soc:qcom,cpu-cpu-llcc-bw/max_freq with value: 2288, fd: 9
03-24 10:27:17.963   725   777 W libperfmgr: Failed to write to node: /sys/class/devfreq/soc:qcom,cpu-llcc-ddr-bw/max_freq with value: 762, fd: 10
03-24 10:27:17.963   725   725 D android.hardware.power@1.3-service-libperfmgr: Unset hint for clock domain: 1
03-24 10:27:17.964  2146  2170 I LibraryProvider: running queryApp(com.oculus.shellenv) for com.oculus.uid:10031
03-24 10:27:17.964  2146  2170 W LibraryProvider: Cannot find entitlement for com.oculus.shellenv
03-24 10:27:17.964  2068  2068 W OVRLibrary: null cursor received for query content://com.oculus.ocms.library/apps/com.oculus.shellenv
03-24 10:27:17.964  2068  2068 E PlatformPluginManager: onAppStart called before init
03-24 10:27:17.964  2068  2068 E OVRMediaServiceManager: LivestreamingManager Not initialized
03-24 10:27:17.975  1897  2271 I PerformanceManager: SetClockLevels: Apply pending clock request change: -1,-1 -> 2,3
03-24 10:27:17.976  1897  1999 I Clocks  : LockClocks( cpu=2, gpu=3 ) - start
03-24 10:27:17.976  1897  1999 I Clocks  : CPU levels [0, 4]
03-24 10:27:17.976  1897  1999 I Clocks  : GPU levels [0, 5]
03-24 10:27:17.976   725   725 D android.hardware.power@1.3-service-libperfmgr: set performance level 2, domain 0
03-24 10:27:17.976   725   725 D android.hardware.power@1.3-service-libperfmgr: set performance level 3, domain 1
03-24 10:27:17.976  1897  1999 I Clocks  : LockClocks( cpu=2, gpu=3 ) - end (0.7 ms)
03-24 10:27:17.989  1084  1115 W InputReader: Device has associated, but no associated display id.
03-24 10:27:17.990  2556  8435 I VrApi   : ---------- vrapi_EnterVrMode [start] ----------
03-24 10:27:17.990  2556  8435 I VrRuntimeClient: Tracing is disabled
03-24 10:27:17.990  2556  8435 I VrRuntimeClient: SysProp debug mode is disabled on Client side
03-24 10:27:17.990  1084  1129 V DisplayPowerController: Brightness [255] reason changing to: 'override', previous reason: 'manual'.
03-24 10:27:17.991  2556  8435 D VrApi   : targetSDKVersion 29
03-24 10:27:17.992  2556  8435 I VrRuntimeClient: DEVICE MODEL NUMBER = Quest 2
03-24 10:27:17.992  2556  8435 I VrRuntimeClient: DEVICE HARDWARE = hollywood
03-24 10:27:17.992  2556  8435 I VrRuntimeClient: DEVICE BUILD NAME = user-1462400.7360.0
03-24 10:27:17.992  2556  8435 I VrRuntimeClient: DEVICE BUILD TYPE = user
03-24 10:27:17.992  2556  8435 I VrRuntimeClient: DEVICE OS VERSION = 10
03-24 10:27:17.992  2556  8435 I VrRuntimeClient: VRRUNTIME VERSION = VRAPI_VERSION_BEGIN { 1.1.43.0-274987955-274987955 Feb 23 2021 19:56:04 Development } RELEASE
03-24 10:27:17.992  2556  8435 I VrRuntimeClient: API LOADER VERSION = 1.1.34.0
03-24 10:27:17.992  2556  8435 I VrRuntimeClient: VRDRIVER VERSION = 26.0.0.41.502
03-24 10:27:17.992  2556  8435 I VrRuntimeClient: APP NAME = Permission controller
03-24 10:27:17.992  2556  8435 I VrRuntimeClient: APP VERSION = 29 system image versionCode 299900000 internalVersionName <none>
03-24 10:27:17.992  2556  8435 I VrRuntimeClient: APP VR TYPE = <none>
03-24 10:27:17.992  2556  8435 I VrRuntimeClient: APP MODE TYPE = <none>
