03-18 12:59:35.363  1577  1577 I Distortion: Created custom distortion mesh.
03-18 12:59:35.363  1577  1577 I Distortion: ovrDistortionMeshHeader::magic = 0x56347807
03-18 12:59:35.363  1577  1577 I Distortion: ovrDistortionMeshHeader::deviceModel = 0x200
03-18 12:59:35.363  1577  1577 I Distortion: ovrDistortionMeshHeader::headsetModel = 0x104
03-18 12:59:35.363  1577  1577 I Distortion: ovrDistortionMeshHeader::eyeBlocksWide = 32
03-18 12:59:35.363  1577  1577 I Distortion: ovrDistortionMeshHeader::eyeBlocksHigh = 32
03-18 12:59:35.363  1577  1577 I Distortion: ovrDistortionMeshHeader::lensSeparationMeters = 0.065000
03-18 12:59:35.363  1577  1577 I Distortion: ovrDistortionMeshHeader::horizontalOffsetMeters = -0.000030
03-18 12:59:35.363  1577  1577 I Distortion: ovrDistortionMeshHeader::displayWidthMeters = 0.120362
03-18 12:59:35.363  1577  1577 I Distortion: ovrDistortionMeshHeader::displayHeightMeters = 0.063072
03-18 12:59:35.363  1577  1577 I Distortion: ovrDistortionMeshHeader::displayWidthPixels = 3664
03-18 12:59:35.363  1577  1577 I Distortion: ovrDistortionMeshHeader::displayHeightPixels = 1920
03-18 12:59:35.363  1577  1577 I Distortion: ovrDistortionMeshHeader::eyeTextureWidthPixels = 1440
03-18 12:59:35.363  1577  1577 I Distortion: ovrDistortionMeshHeader::eyeTextureHeightPixels = 1584
03-18 12:59:35.363  1577  1577 I Distortion: ovrDistortionMeshHeader::leftEye = up 48.000000 / down 50.000000 / left 49.000000 / right 45.000000
03-18 12:59:35.363  1577  1577 I Distortion: ovrDistortionMeshHeader::rightEye = up 48.000000 / down 50.000000 / left 45.000000 / right 49.000000
03-18 12:59:35.366  1577  1577 I ClientInputInterface: SetChordedSystemButtonGKFlag 1
03-18 12:59:35.371  1577  1577 I ClientInputSettings: SYSTEMBUTTONSPACE GKS freeze '0'  freezeAPI '0'  eattrigger '0'
03-18 12:59:35.371  1577  1577 I ClientInputSettings: SYSTEMBUTTONSPACE 'com.android.permissioncontroller' Freeze input '0' eat trigger '0'  on home button down
03-18 12:59:35.373  1577  1577 I ClientInputSettings: HANDTRACKING: YES! You are on the Hand Tracking Frequency GK :D
03-18 12:59:35.373  1577  1577 I ClientInputInterface: HANDTRACKING sethandtrackingfrequency 0
03-18 12:59:35.375  1577  1577 I ClientInputInterface: HANDTRACKING handtrackingsmallfingeropeningpinchenabled 1
03-18 12:59:35.375  1577  1577 I ClientInputSettings: HANDTRACKING: YES! You are on the Hand Tracking Small Finger Opening Pinch GK :D
03-18 12:59:35.375  1577  1577 I ClientInputSettings: SetInhibitHandleHomeKey = true for com.android.permissioncontroller
03-18 12:59:35.375  1577  1577 I ClientInputInterface: SetInhibitHandleHomeKey 1
03-18 12:59:35.375  1577  1577 I InputHooks: InitializeInputHooks
03-18 12:59:35.375  1577  1577 I InputHooks: InitializeInputHooks create
03-18 12:59:35.375  1577  1577 D VrRuntimeClient: getClient6dofEntitlementMode for com.android.permissioncontroller
03-18 12:59:35.377  2435  2461 W PublicLibraryProvider: Cannot find entitlement for com.android.permissioncontroller
03-18 12:59:35.378  1577  1577 I TREX    : Initializing TREX for client ed81dad0d7823498...
03-18 12:59:35.378  1577  1577 I TREX    : deviceType_ = 2
03-18 12:59:35.378  1577  1577 I TREX    : Initializing system...
03-18 12:59:35.378  1577  1577 I TREX    : Plugin 'com.oculus.superres:libsuperres_plugin.so': No GK killswitch check!
03-18 12:59:35.378  1577  1577 I TREX    : Loading plugin com.oculus.superres:libsuperres_plugin.so
03-18 12:59:35.378  1577  1577 E TREX    : Package 'com.oculus.superres' was not found!
03-18 12:59:35.378  1577  1577 E TREX    : Package com.oculus.superres has an invalid signature!
03-18 12:59:35.378  1577  1577 E TREX    : Skipping load of package com.oculus.superres due to an invalid signature!
03-18 12:59:35.378  1577  1577 I TREX    : Plugin 'com.oculus.superres:libsuperres_plugin.so' not loaded.
03-18 12:59:35.378  1577  1577 I VrApi   : ----------- vrapi_Initialize [end] ----------
03-18 12:59:35.440  3360  3360 D VrRuntimeService: onFocusedWindowChanged: focusedWindowToken=android.os.BinderProxy@9d23143, focusedWindowUid=10011, focusedWindowPid=1577
03-18 12:59:35.440  3360  3360 W ClientMgr: ClientMgr::SetFocusedClient: No focused client
03-18 12:59:35.440  3360  3360 I ClientMgr: Releasing clocks.
03-18 12:59:35.444  2435  2461 I LibraryProvider: running queryApp(com.oculus.shellenv) for com.oculus.uid:10031
03-18 12:59:35.445  2435  2461 W LibraryProvider: Cannot find entitlement for com.oculus.shellenv
03-18 12:59:35.445  2285  2285 W OVRLibrary: null cursor received for query content://com.oculus.ocms.library/apps/com.oculus.shellenv
03-18 12:59:35.445  2285  2285 E PlatformPluginManager: onAppStart called before init
03-18 12:59:35.445  2285  2285 E OVRMediaServiceManager: LivestreamingManager Not initialized
03-18 12:59:35.452  3360  3471 I PerformanceManager: SetClockLevels: Force releasing clocks
03-18 12:59:35.452  3360  3471 I PerformanceManager: SetClockLevels: Apply pending clock request change: 2,3 -> -1,-1
03-18 12:59:35.452  3360  3423 I Clocks  : ReleaseClocks - start
03-18 12:59:35.452  3360  3423 I Clocks  : ReleaseClocks - end (0.4 ms)
03-18 12:59:35.452   767   767 D android.hardware.power@1.3-service-libperfmgr: set performance level 2, domain 0
03-18 12:59:35.452   767   767 D android.hardware.power@1.3-service-libperfmgr: set performance level 1, domain 1
03-18 12:59:35.463  1074  1164 W InputReader: Device has associated, but no associated display id.
03-18 12:59:35.464  1577  8901 I VrApi   : ---------- vrapi_EnterVrMode [start] ----------
03-18 12:59:35.464  1577  8901 I VrRuntimeClient: Tracing is disabled
03-18 12:59:35.464  1577  8901 I VrRuntimeClient: SysProp debug mode is disabled on Client side
03-18 12:59:35.464  1074  1184 V DisplayPowerController: Brightness [255] reason changing to: 'override', previous reason: 'manual'.
03-18 12:59:35.464  1577  8901 D VrApi   : targetSDKVersion 29
03-18 12:59:35.465  1577  8901 I VrRuntimeClient: DEVICE MODEL NUMBER = Quest 2
03-18 12:59:35.465  1577  8901 I VrRuntimeClient: DEVICE HARDWARE = hollywood
03-18 12:59:35.465  1577  8901 I VrRuntimeClient: DEVICE BUILD NAME = user-1462400.7360.0
03-18 12:59:35.465  1577  8901 I VrRuntimeClient: DEVICE BUILD TYPE = user
03-18 12:59:35.465  1577  8901 I VrRuntimeClient: DEVICE OS VERSION = 10
03-18 12:59:35.465  1577  8901 I VrRuntimeClient: VRRUNTIME VERSION = VRAPI_VERSION_BEGIN { 1.1.43.0-274987955-274987955 Feb 23 2021 19:56:04 Development } RELEASE
03-18 12:59:35.465  1577  8901 I VrRuntimeClient: API LOADER VERSION = 1.1.34.0
03-18 12:59:35.465  1577  8901 I VrRuntimeClient: VRDRIVER VERSION = 26.0.0.41.502
03-18 12:59:35.465  1577  8901 I VrRuntimeClient: APP NAME = Permission controller
03-18 12:59:35.465  1577  8901 I VrRuntimeClient: APP VERSION = 29 system image versionCode 299900000 internalVersionName <none>
03-18 12:59:35.465  1577  8901 I VrRuntimeClient: APP VR TYPE = <none>
03-18 12:59:35.465  1577  8901 I VrRuntimeClient: APP MODE TYPE = <none>
03-18 12:59:35.465  1577  8901 I VrRuntimeClient: APP PACKAGE NAME = com.android.permissioncontroller
03-18 12:59:35.465  1577  8901 I VrRuntimeClient: APP ACTIVITY CLASS = com.oculus.os.DialogContext
03-18 12:59:35.465  1577  8901 I Sensor  : OSSDKTRACKING Initializing head tracking
03-18 12:59:35.466  1577  8901 D OsSdk   : TrackingServiceConnection ctor
03-18 12:59:35.466  1577  8901 I Sensor  : OSSDKTRACKING Head tracker != nullpointer 0x7605f29838, 1
03-18 12:59:35.466  1577  8901 I Sensor  : OSSDKTRACKING Initializing controller tracking
03-18 12:59:35.466  1577  8901 I Sensor  : OSSDKTRACKING Controller tracker != nullpointer 0x7605f29900, 1
03-18 12:59:35.466  1577  8901 D BatteryReceiver: Registering battery receiver
03-18 12:59:35.466  3360  3471 I PerformanceManager: SetClockLevels: Apply pending clock request change: -1,-1 -> 2,3
03-18 12:59:35.466  3360  3423 I Clocks  : LockClocks( cpu=2, gpu=3 ) - start
03-18 12:59:35.466  3360  3423 I Clocks  : CPU levels [0, 4]
03-18 12:59:35.466  3360  3423 I Clocks  : GPU levels [0, 5]
03-18 12:59:35.466   767   843 D android.hardware.power@1.3-service-libperfmgr: set performance level 2, domain 0
03-18 12:59:35.466  3360  3423 I Clocks  : LockClocks( cpu=2, gpu=3 ) - end (0.7 ms)
03-18 12:59:35.467   767   843 D android.hardware.power@1.3-service-libperfmgr: set performance level 3, domain 1
03-18 12:59:35.467  1577  8901 D HeadsetReceiver: getCurrentHeadsetState: false
03-18 12:59:35.467  1577  8901 I DeviceStatus: nativeHeadsetEvent(0)
03-18 12:59:35.468  1074  1168 I ActivityTaskManager: Displayed com.android.permissioncontroller/com.android.packageinstaller.permission.ui.ReviewPermissionsActivity: +657ms
03-18 12:59:35.468  1577  8901 I LatencySequenceLogger: handPoseLatency0 - Logger reset. Session ID: -278422423130403498
03-18 12:59:35.468  1577  8901 I LatencySequenceLogger: pointerPoseLatency0 - Logger reset. Session ID: -7651393380412833476
03-18 12:59:35.468  1577  8901 I LatencySequenceLogger: handPoseLatency1 - Logger reset. Session ID: 6846385990990642069
03-18 12:59:35.468  1577  8901 I LatencySequenceLogger: pointerPoseLatency1 - Logger reset. Session ID: 3939380338941648037
03-18 12:59:35.468  1577  8901 I LatencySequenceLogger: gfrLatency - Logger reset. Session ID: 666749126266990570
03-18 12:59:35.468  1577  8901 I LatencySequenceLogger: trackedRemoteLatency0 - Logger reset. Session ID: 401574932146785739
03-18 12:59:35.468  1577  8901 I LatencySequenceLogger: trackedRemoteLatency1 - Logger reset. Session ID: -7064919151947439654
03-18 12:59:35.468  1577  8901 I ClientInputInterface: DEADRECKONING SetControllerTrackingExtendedDeadreckoning 0
03-18 12:59:35.468  1577  8901 D InputHooksJava: Enabling Java Input Hooks
03-18 12:59:35.470  1577  8901 I RuntimeHelpers: OSSDKTRACKING querying use OSSDKTracking with default of '1'
03-18 12:59:35.470  1577  8901 I RuntimeHelpers: OSSDKTRACKING Setting ResultUseOSSDKTracking to 1
03-18 12:59:35.470  1577  8901 I InputDevice_TrackedRemote: OSSDKTRACKING Initializing Haptics
03-18 12:59:35.470  1577  8901 I InputDevice_TrackedRemote: OSSDKTRACKING Haptics != nullpointer 0x7605f29880, 1
03-18 12:59:35.470  1577  8901 I InputDevice_TrackedRemote: OSSDKTRACKING Initializing Haptics
03-18 12:59:35.470  1577  8901 I InputDevice_TrackedRemote: OSSDKTRACKING Haptics != nullpointer 0x7605f29f00, 1
03-18 12:59:35.470  1577  8901 I InputDeviceManager: ovrInputDeviceManager::Initialize
03-18 12:59:35.470  1577  8901 I RuntimeHelpers: OSSDKTRACKING querying use OSSDKTracking with default of '1'
03-18 12:59:35.470  1577  8901 I RuntimeHelpers: OSSDKTRACKING Setting ResultUseOSSDKTracking to 1
03-18 12:59:35.470  1577  8901 I HandDataQuerier: OSSDKTRACKING Initializing HandsTracker
03-18 12:59:35.470  1577  8901 I HandDataQuerier: OSSDKTRACKING HandsTracker != nullpointer 0x7605f81f40, 1
03-18 12:59:35.470  1577  8902 I RuntimeHelpers: OSSDKTRACKING querying use OSSDKTracking with default of '1'
03-18 12:59:35.470  1577  8902 I RuntimeHelpers: OSSDKTRACKING Setting ResultUseOSSDKTracking to 1
03-18 12:59:35.470  1577  8901 I HandDataQuerier: OSSDKTRACKING Initializing HandsTracker
03-18 12:59:35.470  1577  8901 I HandDataQuerier: OSSDKTRACKING HandsTracker != nullpointer 0x7605f82300, 1
03-18 12:59:35.470  1577  8901 I InputDeviceManager: HANDTRACKING packagename is com.android.permissioncontroller
03-18 12:59:35.471  1577  8901 I InputDeviceManager: HANDTRACKING: Manifest Permission request for com.android.permissioncontroller
03-18 12:59:35.471  1577  8901 I InputDeviceManager: HANDTRACKING:  'com.android.permissioncontroller' Is hands or controller.
03-18 12:59:35.471  1577  8901 I InputDeviceManager: HANDTRACKING: feature flag set to 2
03-18 12:59:35.471  1577  8901 I ClientInputInterface: HANDTRACKING sethandmanifest 2
03-18 12:59:35.471  1577  8902 I InputDeviceManager: HANDTRACKING Pose filter profile changed to: 0
03-18 12:59:35.471   872  3355 I TrackingService: TrackingService::getSharedMemoryFileDescriptor
03-18 12:59:35.472   872   965 I TrackingService: TrackingService::registerClient
03-18 12:59:35.472   872   965 I TrackingService: Registering client with TrackingServiceHost (com.android.permissioncontroller#1577)
03-18 12:59:35.472   872   965 I TrackingService: TrackingServiceHost GetSharedMemoryFileDescriptor for client com.android.permissioncontroller#1577
03-18 12:59:35.472   872   965 I TrackingService: TrackingServiceHost registered common client; there are 0 secure clients
03-18 12:59:35.471  1577  8902 I InputDeviceManager: HANDTRACKING Pose filter profile changed to: 0
03-18 12:59:35.473  1577  8901 D OsSdk   : TrackingServiceConnection registered
03-18 12:59:35.473  1577  8901 I Distortion: Initializing Mesh Decenter Correction
03-18 12:59:35.473  1577  8901 I Distortion: EYE_DECENTER ipdMin 58.1364 left H: -8.1595 v: 3.6616  right  H: -4.9562 v: 0.1797
03-18 12:59:35.473  1577  8901 I Distortion: EYE_DECENTER ipdMid 63.0543 left H: 0.7277 v: 2.5898  right  H: 1.0983 v: 2.3797
03-18 12:59:35.473  1577  8901 I Distortion: EYE_DECENTER ipdMax 67.9727 left H: 1.9973 v: 1.518  right  H: -0.1126 v: 2.3797
03-18 12:59:35.473  1577  8901 I Distortion: EYE_DECENTER PIXELS(4) left H: -0.7277 V: -2.5898  right H: -1.0983 V: -2.3797
03-18 12:59:35.473  1577  8901 I Distortion: EYE_DECENTER iad: 0.065, left H: -2.99923e-05 V: -8.50749e-05  right H: -2.99923e-05 V: -7.81732e-05
03-18 12:59:35.473  1577  8901 I Distortion: SetLensPositions - iad=0.065, left offset=0.000769582,-0.00133337, right offset=-0.000829566,-0.00132647
03-18 12:59:35.473  1577  8901 I Distortion: Initializing Mesh Decenter Correction
03-18 12:59:35.474  1577  8901 I Distortion: EYE_DECENTER ipdMin 58.1364 left H: -8.1595 v: 3.6616  right  H: -4.9562 v: 0.1797
03-18 12:59:35.474  1577  8901 I Distortion: EYE_DECENTER ipdMid 63.0543 left H: 0.7277 v: 2.5898  right  H: 1.0983 v: 2.3797
03-18 12:59:35.474  1577  8901 I Distortion: EYE_DECENTER ipdMax 67.9727 left H: 1.9973 v: 1.518  right  H: -0.1126 v: 2.3797
03-18 12:59:35.474  1577  8901 I Distortion: EYE_DECENTER PIXELS(4) left H: -0.7277 V: -2.5898  right H: -1.0983 V: -2.3797
03-18 12:59:35.474  1577  8901 I Distortion: EYE_DECENTER iad: 0.065, left H: -2.99923e-05 V: -8.50749e-05  right H: -2.99923e-05 V: -7.81732e-05
03-18 12:59:35.474  1577  8901 I Distortion: SetLensPositions - iad=0.065, left offset=0.000769582,-0.00133337, right offset=-0.000829566,-0.00132647
03-18 12:59:35.474  1577  8901 I Distortion: Created custom distortion mesh.
03-18 12:59:35.474  1577  8901 I Distortion: ovrDistortionMeshHeader::magic = 0x56347807
03-18 12:59:35.474  1577  8901 I Distortion: ovrDistortionMeshHeader::deviceModel = 0x200
03-18 12:59:35.474  1577  8901 I Distortion: ovrDistortionMeshHeader::headsetModel = 0x104
03-18 12:59:35.474  1577  8901 I Distortion: ovrDistortionMeshHeader::eyeBlocksWide = 32
03-18 12:59:35.474  1577  8901 I Distortion: ovrDistortionMeshHeader::eyeBlocksHigh = 32
03-18 12:59:35.474  1577  8901 I Distortion: ovrDistortionMeshHeader::lensSeparationMeters = 0.065000
03-18 12:59:35.474  1577  8901 I Distortion: ovrDistortionMeshHeader::horizontalOffsetMeters = -0.000030
03-18 12:59:35.474  1577  8901 I Distortion: ovrDistortionMeshHeader::displayWidthMeters = 0.120362
03-18 12:59:35.474  1577  8901 I Distortion: ovrDistortionMeshHeader::displayHeightMeters = 0.063072
03-18 12:59:35.474  1577  8901 I Distortion: ovrDistortionMeshHeader::displayWidthPixels = 3664
03-18 12:59:35.474  1577  8901 I Distortion: ovrDistortionMeshHeader::displayHeightPixels = 1920
03-18 12:59:35.474  1577  8901 I Distortion: ovrDistortionMeshHeader::eyeTextureWidthPixels = 1440
03-18 12:59:35.474  1577  8901 I Distortion: ovrDistortionMeshHeader::eyeTextureHeightPixels = 1584
03-18 12:59:35.474  1577  8901 I Distortion: ovrDistortionMeshHeader::leftEye = up 48.000000 / down 50.000000 / left 49.000000 / right 45.000000
03-18 12:59:35.474  1577  8901 I Distortion: ovrDistortionMeshHeader::rightEye = up 48.000000 / down 50.000000 / left 45.000000 / right 49.000000
03-18 12:59:35.474  1577  8901 I VrApi   : ovrModeParms::VRAPI_MODE_FLAG_RESET_WINDOW_FULLSCREEN = 1
03-18 12:59:35.474  1577  8901 I VrApi   : ovrModeParms::VRAPI_MODE_FLAG_NATIVE_WINDOW = 1
03-18 12:59:35.474  1577  8901 I VrApi   : ovrModeParms::VRAPI_MODE_FLAG_FRONT_BUFFER_SRGB = 0
03-18 12:59:35.474  1577  8901 I VrApi   : ovrModeParms::VRAPI_MODE_FLAG_CREATE_CONTEXT_NO_ERROR = 0
03-18 12:59:35.474  1577  8901 I VrApi   : ovrModeParms::VRAPI_MODE_FLAG_PHASE_SYNC = 0
03-18 12:59:35.474  1577  8901 I VrApi   : ovrModeParms::VRAPI_MODE_FLAG_APP_SPACE_WARP = 0
03-18 12:59:35.474  1577  8901 I VrRuntimeClient: SetPhaseSyncMode 0
03-18 12:59:35.474  1577  8901 I VrApi   : PhaseSync disabled
03-18 12:59:35.474  1577  8901 W VrApi   : Operating without a sensor.
03-18 12:59:35.474  1577  8901 I GL_Utils: egl = 1.5
03-18 12:59:35.474  1577  8901 I GL_Utils: es3 = TRUE
03-18 12:59:35.474  1577  8901 I GL_Utils: Found: GL_OES_vertex_array_object
03-18 12:59:35.474  1577  8901 I GL_Utils: Found: GL_QCOM_tiled_rendering
03-18 12:59:35.474  1577  8901 I GL_Utils: Found: GL_EXT_sRGB_write_control
03-18 12:59:35.474  1577  8901 I GL_Utils: Found: GL_EXT_disjoint_timer_query
03-18 12:59:35.474  1577  8901 I GL_Utils: Found: GL_EXT_memory_object
03-18 12:59:35.474  1577  8901 I GL_Utils: Found: GL_EXT_memory_object_fd
03-18 12:59:35.474  1577  8901 I GL_Utils: Found: GL_QCOM_texture_foveated
03-18 12:59:35.474  1577  8901 I GL_Utils: Found: GL_KHR_debug
03-18 12:59:35.474  1577  8901 I GL_Utils: Found: GL_EXT_texture_border_clamp
03-18 12:59:35.474  1577  8901 I GL_Utils: Found: GL_EXT_texture_filter_anisotropic
03-18 12:59:35.475  1577  8901 I GL_Utils: Found: GL_OES_texture_view
03-18 12:59:35.475  1577  8901 I GL_Utils: Found: GL_EXT_texture_format_sRGB_override
03-18 12:59:35.475  1577  8901 D VrRuntimeClient: pokeGuardianUserServiceForThisClient: com.android.permissioncontroller:10011
03-18 12:59:35.475  1577  8901 D VrRuntimeClient: VrRuntimeClient: enableRendering: dialog client
03-18 12:59:35.476  3686  3686 D VrGuardianUserService: onStartCommandIntent { act=FOREGROUND_CLIENT cmp=com.oculus.guardian/com.oculus.vrguardianservice.VrGuardianUserService (has extras) }
03-18 12:59:35.476  1577  8901 D VrRuntimeClient: VrRuntimeClient: enableRendering: Using clientWindow=android.os.BinderProxy@f89a1fa
03-18 12:59:35.476  3360  3415 I ClientMgr: ClientMgr::SetFocusedClient: 1577:com.android.permissioncontroller type 0
03-18 12:59:35.476  3360  3415 I VrRuntimeService: RuntimeIPC: SendFocusChangeEventToAllClients: PostClientEvent SUCCESS: com.android.permissioncontroller:com.android.permissioncontroller:1577, com.android.permissioncontroller, com.android.permissioncontroller
03-18 12:59:35.476  3360  3415 I VrRuntimeService: RuntimeIPC: SendFocusChangeEventToAllClients: PostClientEvent SUCCESS: com.oculus.vrshell:com.oculus.vrshell:EnvOverlay:3627, com.android.permissioncontroller, com.android.permissioncontroller
03-18 12:59:35.476  3360  3415 I VrRuntimeService: RuntimeIPC: SendFocusChangeEventToAllClients: PostClientEvent SUCCESS: com.oculus.guardian:com.oculus.vrguardianservice:3686, com.android.permissioncontroller, com.android.permissioncontroller
03-18 12:59:35.476  3360  3415 I VrRuntimeService: RuntimeIPC: SendFocusChangeEventToAllClients: PostClientEvent SUCCESS: com.oculus.shellenv:com.oculus.shellenv:3529, com.android.permissioncontroller, com.android.permissioncontroller
03-18 12:59:35.476  3360  3415 I VrRuntimeService: RuntimeIPC: SendFocusChangeEventToAllClients: PostClientEvent SUCCESS: com.oculus.vrshell:com.oculus.vrshell:3491, com.android.permissioncontroller, com.android.permissioncontroller
03-18 12:59:35.476  3360  3415 I VrRuntimeService: RuntimeIPC: SendFocusChangeEventToAllClients: PostClientEvent SUCCESS: com.oculus.vrshell:com.oculus.vrshell:Overlay:3473, com.android.permissioncontroller, com.android.permissioncontroller
03-18 12:59:35.476  3360  3415 D VrRuntimeService: enableRendering: 1577:com.android.permissioncontroller: android.os.BinderProxy@9d23143 enable: true
03-18 12:59:35.476  3360  3415 I ClientMgr: ClientMgr::EnableRendering 1577:com.android.permissioncontroller : type 0 comp-id 6: enable
03-18 12:59:35.476  3360  3415 I TimeWarp: CheckDebuggerConnected: debugger 0
03-18 12:59:35.476  3360  3415 I VrRuntimeServer: SysProp debug mode is disabled on Server side
03-18 12:59:35.480  3360  3415 I UnifiedTelemetryWrapper: Started UT session render:com.android.permissioncontroller
03-18 12:59:35.480  3360  3471 I ClientMgr: Non-overlay clients rendering status has changed: prev=2, curr=3, enabled=1
03-18 12:59:35.480  3360  3471 I ClientMgr: Primary Client is not valid.
03-18 12:59:35.480  3360  3471 I ClientMgr: Primary client determined to be the current enabled client 6
03-18 12:59:35.480  3360  3471 I ClientMgr: Setting Primary Client to 6
03-18 12:59:35.480  3360  3471 I ClientMgr: Primary Client ID changed
03-18 12:59:35.480  3360  3471 W ClientMgr: ClientMgr::GetClientPermissionFlagsById: Client missing proper permissions: com.android.permissioncontroller, 2
03-18 12:59:35.481  3360  3471 I ClientMgr: ClientMgr::SetPrimaryCompositorClient: 1577:com.android.permissioncontroller
03-18 12:59:35.481  3360  3471 I TimeWarpClientMgr: Enable client 6
03-18 12:59:35.481  3360  3471 I VrRuntimeServer: EnableCompositorClient client(6): layer placement(0) flags(1) sm(0x76efa32010)
03-18 12:59:35.481  3360  3471 I ServiceInputManager: ServiceInputManager::SetPrimaryPackageName 'com.android.permissioncontroller' 'com.android.permissioncontroller'  updated AnytimeUI processname 0
03-18 12:59:35.481  3360  3471 D VrRuntimeService: sendPrimaryPackageChangeBroadcast
03-18 12:59:35.481  1577  8901 I ScreenCaptureHelper: Advertising com.android.permissioncontroller as streamable
03-18 12:59:35.481  3360  8900 I VrRuntimeService: GetSpecialSwapChain: 3295660735
03-18 12:59:35.481  1577  8901 I VrApi   : Creating Default swapchain
03-18 12:59:35.481  3360  8900 I VrRuntimeService: GetSpecialSwapChain: 3295660735
03-18 12:59:35.481  1577  8901 I VrApi   : Creating Loading Icon swapchain
03-18 12:59:35.482  1577  8901 I VrApi   : OVR::Stats thread started
03-18 12:59:35.482  1577  8901 I XrRuntimeSystem_Client: BeginSession
03-18 12:59:35.482  1577  8901 I VrApi   : ---------- vrapi_EnterVrMode [end] ----------
03-18 12:59:35.482  1577  8901 I ClientInputSettings: SetInhibitHandleHomeKey = true for com.android.permissioncontroller
03-18 12:59:35.482  1577  8901 I ClientInputInterface: SetInhibitHandleHomeKey 1
03-18 12:59:35.482  3360  8900 I VrRuntimeService: CreateSwapChain: 3295660735
03-18 12:59:35.482  3360  8900 I VrRuntimeService: CreateSwapChain: api:gles 0 0x8c43 16 16 1 1 1 0 14
03-18 12:59:35.482  3360  3471 I AADT    : SetAADTLutDataX: 0
03-18 12:59:35.482  3360  3471 I AADT    : SetAADTLutDataY: 0
03-18 12:59:35.482  3360  3471 I ServiceInputManager: DEADRECKONING deadReckoning mode on ClientMgr from server is 0
03-18 12:59:35.483  3360  8900 I VrRuntimeServer: CreateTextureSwapChain: result importswapchaingles 1
03-18 12:59:35.483  3473  3473 D [OAO] ShellOverlayService: screenStateReceiver Received broadcast: com.oculus.vrshell.intent.action.PRIMARY_PACKAGE_CHANGED
03-18 12:59:35.483  3473  3473 I [OAO] ShellOverlayServiceJNI: NativeSendOverlayCommand
03-18 12:59:35.483  3473  3473 I [OAO] ShellOverlayServiceJNI: NativeWake
03-18 12:59:35.483  3473  3473 I [OAO] ShellOverlayMain: WakeVrThread
03-18 12:59:35.483  3473  3473 I [OAO] ShellOverlayMain: WakeVrThread - notifying vr thread
03-18 12:59:35.483  3473  3607 I [OAO] ShellOverlayApp: 0xc5977c08 msg: overlayCommand:
03-18 12:59:35.483  3473  3607 I [OAO] ShellOverlayApp: command = primaryPackageChanged
03-18 12:59:35.483  3473  3607 I [OAO] ShellOverlayApp: Process_OverlayCommand command : primaryPackageChanged
03-18 12:59:35.483  3473  3607 I [OAO] ShellOverlayApp: UpdatePrimaryPackage
03-18 12:59:35.483  3473  3607 I [OAO] ShellOverlayApp: UpdatePrimaryPackage Requested for PackageName:com.android.permissioncontroller  IsFocusAware:0
03-18 12:59:35.483  3473  3607 I [OAO] ShellOverlayApp: UpdatePrimaryPackage Ignored as no change for packageName:[com.android.permissioncontroller]
03-18 12:59:35.483  1577  8903 D VrApi   : VrApi::isWifiConnected exception: Make sure android.permission.ACCESS_NETWORK_STATE is set in the manifest.
03-18 12:59:35.485  1577  8903 D VrApi   : targetSDKVersion 29
03-18 12:59:35.486  1577  8903 I JniUtils: ovr_GetCurrentPackageSignature 
03-18 12:59:35.487  1577  8903 I Metrics : device name = Oculus Quest 2
03-18 12:59:35.488  3360  3429 I TimeWarp: SetSchedFifo( tid=3610, pol=2, pri=0 ) succeeded
03-18 12:59:35.489   877  2140 E VrApiService: Error set scheduler for process 3360 thread 3882 to 2 : No such process (3)
03-18 12:59:35.489  3360  3429 I TimeWarp: SetSchedFifo( tid=3882, pol=2, pri=0 ) succeeded
03-18 12:59:35.489  3360  3429 I AADT    : SetAADTLutDataX. Thread. SizeX: 0
03-18 12:59:35.489  3360  3429 I AADT    : SetAADTLutDataY. Thread. SizeY: 0
03-18 12:59:35.491  2435  2461 I LibraryProvider: running queryApp(com.android.permissioncontroller) for com.oculus.uid:10031
03-18 12:59:35.491  2435  2461 W LibraryProvider: Cannot find entitlement for com.android.permissioncontroller
03-18 12:59:35.491   767   843 D android.hardware.power@1.3-service-libperfmgr: LAUNCH OFF
03-18 12:59:35.491  2285  2285 W OVRLibrary: null cursor received for query content://com.oculus.ocms.library/apps/com.android.permissioncontroller
03-18 12:59:35.494  3360  8900 I VrRuntimeService: CreateSwapChain: 3295660735
03-18 12:59:35.494  3360  8900 I VrRuntimeService: CreateSwapChain: api:gles 3 0x8058 1000 1000 1 1 1 0 14
03-18 12:59:35.497  2435  2461 I LibraryProvider: running queryApp(com.android.permissioncontroller) for com.oculus.uid:10031
03-18 12:59:35.497  2435  2461 W LibraryProvider: Cannot find entitlement for com.android.permissioncontroller
03-18 12:59:35.497  2285  2285 W OVRLibrary: null cursor received for query content://com.oculus.ocms.library/apps/com.android.permissioncontroller
03-18 12:59:35.497  2285  2285 E PlatformPluginManager: onAppStart called before init
03-18 12:59:35.497  2285  2285 E OVRMediaServiceManager: LivestreamingManager Not initialized
03-18 12:59:35.506  3360  8900 I VrRuntimeServer: CreateTextureSwapChain: result importswapchaingles 1
03-18 12:59:35.517  3360  8900 I VrRuntimeService: CreateSwapChain: 3295660735
03-18 12:59:35.517  3360  8900 I VrRuntimeService: CreateSwapChain: api:gles 0 0x8c43 1440 1584 1 3 1 0 14
03-18 12:59:35.519  3686  3739 I GuardianSystem: runtimeServiceSDKClient_.ForceShowGuardianEvent
03-18 12:59:35.519  3686  3739 I GuardianSystem: ForceShowGuardian: false, 0.00
03-18 12:59:35.524  3360  8900 I VrRuntimeServer: CreateTextureSwapChain: result importswapchaingles 1
03-18 12:59:35.530  3360  8900 I VrRuntimeService: CreateSwapChain: 3295660735
03-18 12:59:35.530  3360  8900 I VrRuntimeService: CreateSwapChain: api:gles 0 0x8c43 1440 1584 1 3 1 0 14
03-18 12:59:35.538  3360  8900 I VrRuntimeServer: CreateTextureSwapChain: result importswapchaingles 1
03-18 12:59:35.581  1577  8901 D VrRuntimeClient: loadDriverResource - resourceName: 'hand_left' 
03-18 12:59:35.584  1577  8901 I VrApi_Input: vrapi_GetMeshForHand_Internal: mesh->Header.Version = df000001 mesh->NumVertices = 1360 mesh->NumIndices = 6942
03-18 12:59:35.590   785  1057 I hash_map_utils: key: 'snd_device_in' value: ''
03-18 12:59:35.591   785  1057 I hash_map_utils: key: 'snd_device_out' value: ''
03-18 12:59:35.665  1577  8901 D VrRuntimeClient: loadDriverResource - resourceName: 'hand_right' 
03-18 12:59:35.666   771   771 E WifiHAL : handleResponse: OTHER_RX_MULTICAST_CNT not found
03-18 12:59:35.667  1577  8901 I VrApi_Input: vrapi_GetMeshForHand_Internal: mesh->Header.Version = df000001 mesh->NumVertices = 1360 mesh->NumIndices = 6942
03-18 12:59:35.667   728  8934 E ResolverController: No valid NAT64 prefix (100, <unspecified>/0)
03-18 12:59:35.669   771   771 E WifiHAL : wifi_get_ring_data: Error -5 happened. 
03-18 12:59:35.669  1074  1785 E WifiVendorHal: getRingBufferData(l.1675) failed {.code = ERROR_INVALID_ARGS, .description = }
03-18 12:59:35.671   728  8936 E ResolverController: No valid NAT64 prefix (100, <unspecified>/0)
03-18 12:59:35.675   728  8939 E ResolverController: No valid NAT64 prefix (100, <unspecified>/0)
03-18 12:59:35.678   728  8941 E ResolverController: No valid NAT64 prefix (100, <unspecified>/0)
03-18 12:59:35.680  3360  8900 I VrRuntimeService: CreateSwapChain: 3295660735
03-18 12:59:35.680  3360  8900 I VrRuntimeService: CreateSwapChain: api:gles 0 0x8c43 64 64 1 3 1 0 14
03-18 12:59:35.681   728  8943 E ResolverController: No valid NAT64 prefix (100, <unspecified>/0)
03-18 12:59:35.681  3360  8900 I VrRuntimeServer: CreateTextureSwapChain: result importswapchaingles 1
03-18 12:59:35.684   728  8945 E ResolverController: No valid NAT64 prefix (100, <unspecified>/0)
03-18 12:59:35.686   728  8948 E ResolverController: No valid NAT64 prefix (100, <unspecified>/0)
03-18 12:59:35.688  1074  1785 D wifi-jni: no kernel logs
03-18 12:59:35.689   728  8950 E ResolverController: No valid NAT64 prefix (100, <unspecified>/0)
03-18 12:59:35.700  3360  8900 I VrRuntimeService: CreateAndroidSurfaceSwapChain: 3295660735
03-18 12:59:35.700  3360  8900 I VrRuntimeService: CreateAndroidSurfaceSwapChain: 65536 1 32856 933 366 1 1 1 0 0
03-18 12:59:35.701  3360  8900 I VrRuntimeServer: CreateAndroidSurfaceSwapChain: result surface 0x75f14bd000
03-18 12:59:35.702  3360  8900 I VrRuntimeService: RuntimeServiceSDKServer::GetGuardianPolygon
03-18 12:59:35.702  1577  8901 I VrRuntimeClient: SyncInternalGuardianState: GetGuardianPolygon: 0
03-18 12:59:35.702  3360  8900 I VrRuntimeService: RuntimeServiceSDKServer::GetGuardianStationaryInfo
03-18 12:59:35.703  3360  8900 I VrRuntimeService: RuntimeServiceSDKServer::GetGuardianSystemState: 3295660735
03-18 12:59:35.703  3360  8900 I VrRuntimeService: UpdateSwapChainSamplerState: 125
03-18 12:59:35.703  3360  8900 I VrRuntimeService: UpdateSwapChainSamplerState: minFilter=1 magFilter=1 wrapModeS=0 warpModeT=0 maxAniso=1.000000 border={0.000000,0.000000,0.000000,0.000000}
03-18 12:59:35.703  3360  8900 I VrRuntimeService: UpdateSwapChainSamplerState: 124
03-18 12:59:35.703  3360  8900 I VrRuntimeService: UpdateSwapChainSamplerState: minFilter=1 magFilter=1 wrapModeS=2 warpModeT=2 maxAniso=1.000000 border={0.000000,0.000000,0.000000,0.000000}
03-18 12:59:35.703  1577  8901 D VrRuntimeClient: pokeGuardianUserServiceForThisClient: com.android.permissioncontroller:10011
03-18 12:59:35.704  1577  8901 I VrApi   : Received ovrRuntime event 2
03-18 12:59:35.704  1577  8901 I VrApi   : Received ovrRuntime event 4
03-18 12:59:35.704  1577  8901 W VrApi   : Time to first swap: 0.819 seconds
03-18 12:59:35.704  1577  8953 I FenceChecker: FenceChecker::MainLoop - started
03-18 12:59:35.704  3686  3686 D VrGuardianUserService: onStartCommandIntent { act=FOREGROUND_CLIENT cmp=com.oculus.guardian/com.oculus.vrguardianservice.VrGuardianUserService (has extras) }
03-18 12:59:35.709  3360  3429 I TimeWarp: SetSchedFifo( tid=8953, pol=3, pri=0 ) succeeded
03-18 12:59:35.709  3360  3429 I TimeWarp: SetClientSurfaceSecureFlag: secure=1
03-18 12:59:35.718  3360  3429 I SwapChain_GLES: AttachSurfaceSwapChainGLES: 0x75f14bd000 attached on init
03-18 12:59:35.720  3360  3429 I TimeWarpProgs: loaded binary layerProgram 3:0x40204:0x0 in 1.1 ms
03-18 12:59:35.721  3360  3429 I TimeWarpProgs: loaded binary layerProgram 1:0x58207:0x0 in 1.8 ms
03-18 12:59:35.723  3360  3429 I TimeWarpProgs: loaded binary layerProgram 0:0x58207:0x0 in 0.9 ms
03-18 12:59:35.730  3360  3471 W TelemetryServer: [XRINPUT] HANDTRACKING STATE still mismatched, logging after 10s, retrying to set system setting variable to; 1
03-18 12:59:35.730  3360  3471 W ServiceInputManager: HANDTRACKING STATE mismatched after 2.0045
03-18 12:59:35.737  3360  3429 I TimeWarpProgs: loaded binary layerProgram 1:0x48207:0x0 in 2.1 ms
03-18 12:59:35.744  3360  3471 I ServiceInputManager: HANDTRACKING server resetting Hands_WaitingForUpdateOnSystemSetting without changing internal setting
03-18 12:59:35.744  3360  3471 I ServiceInputManager: HANDTRACKING setting hand tracking on settings manager to 1
03-18 12:59:35.747  3360  3415 I DynamicClocks: DynamicClocksSettingsCallback: khandTrackingEnabled updated to 1
03-18 12:59:35.747  3360  3380 I InputSettingsObserverCallback: InputSettingsObserverCallback: hand_tracking_enabled changed to: 1
03-18 12:59:35.751  3686  3739 I GuardianSystem: runtimeServiceSDKClient_.ForceShowGuardianEvent
03-18 12:59:35.751  3686  3739 I GuardianSystem: ForceShowGuardian: false, 0.00
03-18 12:59:36.640  1577  8903 I Telemetry: App memory usage: PSS=111MB DalvikPSS=1 MB
03-18 12:59:36.642  1577  8903 I VrApi   : FPS=1/72,Prd=0ms,Tear=0,Early=0,Stale=21,VSnc=0,Lat=0,Fov=0D,CPU4/GPU=2/3,1171/490MHz,OC=FF,TA=0/0/0,SP=N/N/N,Mem=1353MHz,Free=4317MB,PLS=0,Temp=29.2C/0.0C,TW=2.06ms,App=0.00ms,GD=0.00ms,CPU&GPU=0.00ms,LCnt=3,GPU%=0.15,CPU%=0.03(W0.05),DSF=1.00
03-18 12:59:36.692  3529  3610 I Clay    : BaseApp: Entering hibernation now
03-18 12:59:36.932  3473  3607 I [OAO] ShellOverlayApp: Sleep timeout exceeded. Timeout:250.684416, Now:250.684418. Sleeping... 
03-18 12:59:36.932  3473  3607 I [OAO] ShellOverlayApp: WaitForWake: VrThread entering waiting state
03-18 12:59:37.095   914   914 E adbd    : failed to connect to socket 'tcp:6666': Connection refused
03-18 12:59:37.485  3360  3471 I PerformanceManager: SetClockLevels: Apply pending clock request change: 2,3 -> 2,2
03-18 12:59:37.485  3360  3423 I Clocks  : ReleaseClocks - start
03-18 12:59:37.485   767   843 D android.hardware.power@1.3-service-libperfmgr: set performance level 2, domain 0
03-18 12:59:37.485  3360  3423 I Clocks  : ReleaseClocks - end (0.5 ms)
03-18 12:59:37.485  3360  3423 I Clocks  : LockClocks( cpu=2, gpu=2 ) - start
03-18 12:59:37.485   767   843 D android.hardware.power@1.3-service-libperfmgr: set performance level 1, domain 1
03-18 12:59:37.486  3360  3423 I Clocks  : CPU levels [0, 4]
03-18 12:59:37.486  3360  3423 I Clocks  : GPU levels [0, 5]
03-18 12:59:37.486  3360  3423 I Clocks  : LockClocks( cpu=2, gpu=2 ) - end (1.0 ms)
03-18 12:59:37.486   767   843 D android.hardware.power@1.3-service-libperfmgr: set performance level 2, domain 0
03-18 12:59:37.487   767   767 D android.hardware.power@1.3-service-libperfmgr: set performance level 2, domain 1
03-18 12:59:37.490  1577  8903 I VrApi   : FPS=73/72,Prd=201944ms,Tear=0,Early=0,Stale=0,VSnc=1,Lat=0,Fov=0D,CPU4/GPU=2/3,1171/441MHz,OC=FF,TA=0/0/0,SP=N/N/N,Mem=1353MHz,Free=4317MB,PLS=0,Temp=29.2C/0.0C,TW=2.00ms,App=0.00ms,GD=0.00ms,CPU&GPU=0.26ms,LCnt=4,GPU%=0.15,CPU%=0.11(W0.23),DSF=1.00
03-18 12:59:37.622   785  1057 I hash_map_utils: key: 'snd_device_in' value: ''
03-18 12:59:37.626   785  1057 I hash_map_utils: key: 'snd_device_out' value: ''
03-18 12:59:37.735  3360  3471 W TelemetryServer: [XRINPUT] HANDTRACKING STATE still mismatched, logging after 10s, retrying to set system setting variable to; 1
03-18 12:59:37.735  3360  3471 W ServiceInputManager: HANDTRACKING STATE mismatched after 2.00477
03-18 12:59:37.749  3360  3471 I ServiceInputManager: HANDTRACKING server resetting Hands_WaitingForUpdateOnSystemSetting without changing internal setting
03-18 12:59:37.749  3360  3471 I ServiceInputManager: HANDTRACKING setting hand tracking on settings manager to 1
03-18 12:59:37.754  3360  3415 I DynamicClocks: DynamicClocksSettingsCallback: khandTrackingEnabled updated to 1
03-18 12:59:37.755  3360  3380 I InputSettingsObserverCallback: InputSettingsObserverCallback: hand_tracking_enabled changed to: 1
03-18 12:59:37.755  3360  3429 I Vsync   : Vsync 13986:  2 x 13.92 ms (71.84 Hz, at 251.507)
03-18 12:59:37.989   760  3821 D audio_hw_primary: out_standby: enter: stream (0xe68d6000) usecase(1: low-latency-playback)
03-18 12:59:38.013  3360  3471 I PerformanceManager: SetClockLevels: Apply pending clock request change: 2,2 -> 1,2
03-18 12:59:38.014  3360  3423 I Clocks  : ReleaseClocks - start
03-18 12:59:38.014   767   767 D android.hardware.power@1.3-service-libperfmgr: set performance level 2, domain 0
03-18 12:59:38.014   767   767 D android.hardware.power@1.3-service-libperfmgr: set performance level 1, domain 1
03-18 12:59:38.014  3360  3423 I Clocks  : ReleaseClocks - end (0.7 ms)
03-18 12:59:38.014  3360  3423 I Clocks  : LockClocks( cpu=1, gpu=2 ) - start
03-18 12:59:38.015  3360  3423 I Clocks  : CPU levels [0, 4]
03-18 12:59:38.015   760  3821 D audio_hw_primary: disable_audio_route: reset and update mixer path: low-latency-playback
03-18 12:59:38.015  3360  3423 I Clocks  : GPU levels [0, 5]
03-18 12:59:38.016   767   843 D android.hardware.power@1.3-service-libperfmgr: set performance level 2, domain 0
03-18 12:59:38.016  3360  3423 I Clocks  : LockClocks( cpu=1, gpu=2 ) - end (2.0 ms)
03-18 12:59:38.017   767   767 D android.hardware.power@1.3-service-libperfmgr: set performance level 2, domain 1
03-18 12:59:38.017   760  3821 D msm8974_platform: platform_split_snd_device: snd_device(2) num devices(0) new_snd_devices(0)
03-18 12:59:38.017   760  3821 I msm8974_platform: platform_get_custom_mtmx_params: no matching param with id 0 ip_ch 2 op_ch 2 uc_id 1 snd_dev 2
03-18 12:59:38.017   760  3821 D hardware_info: hw_info_append_hw_type : device_name = speaker
03-18 12:59:38.017   760  3821 D msm8974_platform: platform_split_snd_device: snd_device(2) num devices(0) new_snd_devices(0)
03-18 12:59:38.017   760  3821 D audio_hw_primary: out_standby: exit
