03-24 09:49:30.208  2649  5058 I VrRuntimeClient: APP VERSION = 29 system image versionCode 299900000 internalVersionName <none>
03-24 09:49:30.208  2649  5058 I VrRuntimeClient: APP VR TYPE = <none>
03-24 09:49:30.208  2649  5058 I VrRuntimeClient: APP MODE TYPE = <none>
03-24 09:49:30.208  2649  5058 I VrRuntimeClient: APP PACKAGE NAME = com.android.permissioncontroller
03-24 09:49:30.208  2649  5058 I VrRuntimeClient: APP ACTIVITY CLASS = com.oculus.os.DialogContext
03-24 09:49:30.208  2649  5058 I Sensor  : OSSDKTRACKING Initializing head tracking
03-24 09:49:30.208  2649  5058 D OsSdk   : TrackingServiceConnection ctor
03-24 09:49:30.208  2649  5058 I Sensor  : OSSDKTRACKING Head tracker != nullpointer 0x79666bd6f8, 1
03-24 09:49:30.208  2649  5058 I Sensor  : OSSDKTRACKING Initializing controller tracking
03-24 09:49:30.208  2649  5058 I Sensor  : OSSDKTRACKING Controller tracker != nullpointer 0x79666bd7c0, 1
03-24 09:49:30.208  2649  5058 D BatteryReceiver: Registering battery receiver
03-24 09:49:30.212  2649  5058 D HeadsetReceiver: getCurrentHeadsetState: false
03-24 09:49:30.212  1089  1121 I ActivityTaskManager: Displayed com.android.permissioncontroller/com.android.packageinstaller.permission.ui.ReviewPermissionsActivity: +293ms
03-24 09:49:30.212  2649  5058 I DeviceStatus: nativeHeadsetEvent(0)
03-24 09:49:30.213  2649  5058 I LatencySequenceLogger: handPoseLatency0 - Logger reset. Session ID: -2893967976739950740
03-24 09:49:30.213  2649  5058 I LatencySequenceLogger: pointerPoseLatency0 - Logger reset. Session ID: 2773574124988184902
03-24 09:49:30.213  2649  5058 I LatencySequenceLogger: handPoseLatency1 - Logger reset. Session ID: 4695992685462206493
03-24 09:49:30.213  2649  5058 I LatencySequenceLogger: pointerPoseLatency1 - Logger reset. Session ID: -6836380637231526491
03-24 09:49:30.213  2649  5058 I LatencySequenceLogger: gfrLatency - Logger reset. Session ID: -5052859714852404594
03-24 09:49:30.213  2649  5058 I LatencySequenceLogger: trackedRemoteLatency0 - Logger reset. Session ID: -5268940097471217881
03-24 09:49:30.213  2649  5058 I LatencySequenceLogger: trackedRemoteLatency1 - Logger reset. Session ID: 4348379131035641612
03-24 09:49:30.213  2649  5058 I ClientInputInterface: DEADRECKONING SetControllerTrackingExtendedDeadreckoning 0
03-24 09:49:30.213  2649  5058 D InputHooksJava: Enabling Java Input Hooks
03-24 09:49:30.215  2649  5058 I RuntimeHelpers: OSSDKTRACKING querying use OSSDKTracking with default of '1'
03-24 09:49:30.215  2649  5058 I RuntimeHelpers: OSSDKTRACKING Setting ResultUseOSSDKTracking to 1
03-24 09:49:30.215  2649  5058 I InputDevice_TrackedRemote: OSSDKTRACKING Initializing Haptics
03-24 09:49:30.215  2649  5058 I InputDevice_TrackedRemote: OSSDKTRACKING Haptics != nullpointer 0x79666bd780, 1
03-24 09:49:30.215  2649  5058 I InputDevice_TrackedRemote: OSSDKTRACKING Initializing Haptics
03-24 09:49:30.215  2649  5058 I InputDevice_TrackedRemote: OSSDKTRACKING Haptics != nullpointer 0x79666bddc0, 1
03-24 09:49:30.215  2649  5058 I InputDeviceManager: ovrInputDeviceManager::Initialize
03-24 09:49:30.215  2649  5058 I RuntimeHelpers: OSSDKTRACKING querying use OSSDKTracking with default of '1'
03-24 09:49:30.215  2649  5058 I RuntimeHelpers: OSSDKTRACKING Setting ResultUseOSSDKTracking to 1
03-24 09:49:30.215  2649  5058 I HandDataQuerier: OSSDKTRACKING Initializing HandsTracker
03-24 09:49:30.215  2649  5058 I HandDataQuerier: OSSDKTRACKING HandsTracker != nullpointer 0x79668faea0, 1
03-24 09:49:30.215  2649  5058 I HandDataQuerier: OSSDKTRACKING Initializing HandsTracker
03-24 09:49:30.215  2649  5059 I RuntimeHelpers: OSSDKTRACKING querying use OSSDKTracking with default of '1'
03-24 09:49:30.215  2649  5058 I HandDataQuerier: OSSDKTRACKING HandsTracker != nullpointer 0x79668fb3a0, 1
03-24 09:49:30.215  2649  5059 I RuntimeHelpers: OSSDKTRACKING Setting ResultUseOSSDKTracking to 1
03-24 09:49:30.215  2649  5058 I InputDeviceManager: HANDTRACKING packagename is com.android.permissioncontroller
03-24 09:49:30.216  2649  5058 I InputDeviceManager: HANDTRACKING: Manifest Permission request for com.android.permissioncontroller
03-24 09:49:30.217  2649  5058 I InputDeviceManager: HANDTRACKING:  'com.android.permissioncontroller' Is hands or controller.
03-24 09:49:30.217  2649  5058 I InputDeviceManager: HANDTRACKING: feature flag set to 2
03-24 09:49:30.217  2649  5058 I ClientInputInterface: HANDTRACKING sethandmanifest 2
03-24 09:49:30.217  2649  5059 I InputDeviceManager: HANDTRACKING Pose filter profile changed to: 0
03-24 09:49:30.217   865   913 I TrackingService: TrackingService::getSharedMemoryFileDescriptor
03-24 09:49:30.217   865   913 I TrackingService: TrackingService::registerClient
03-24 09:49:30.218   865   913 I TrackingService: Registering client with TrackingServiceHost (com.android.permissioncontroller#2649)
03-24 09:49:30.218   865   913 I TrackingService: Notifying client com.android.permissioncontroller#2649 of new remote d1a68fb151f50abc
03-24 09:49:30.218   865   913 I TrackingService: Notifying client com.android.permissioncontroller#2649 of new remote b298f93898a8d8b4
03-24 09:49:30.218   865   913 I TrackingService: TrackingServiceHost GetSharedMemoryFileDescriptor for client com.android.permissioncontroller#2649
03-24 09:49:30.218   865   913 I TrackingService: TrackingServiceHost registered common client; there are 0 secure clients
03-24 09:49:30.217  2649  5059 I InputDeviceManager: HANDTRACKING Pose filter profile changed to: 0
03-24 09:49:30.218  2649  5058 D OsSdk   : TrackingServiceConnection registered
03-24 09:49:30.218  2649  5058 I Distortion: Initializing Mesh Decenter Correction
03-24 09:49:30.219  2649  5058 I Distortion: EYE_DECENTER ipdMin 58.1364 left H: -8.1595 v: 3.6616  right  H: -4.9562 v: 0.1797
03-24 09:49:30.219  2649  5058 I Distortion: EYE_DECENTER ipdMid 63.0543 left H: 0.7277 v: 2.5898  right  H: 1.0983 v: 2.3797
03-24 09:49:30.219  2649  5058 I Distortion: EYE_DECENTER ipdMax 67.9727 left H: 1.9973 v: 1.518  right  H: -0.1126 v: 2.3797
03-24 09:49:30.219  2649  5058 I Distortion: EYE_DECENTER PIXELS(4) left H: -0.7277 V: -2.5898  right H: -1.0983 V: -2.3797
03-24 09:49:30.219  2649  5058 I Distortion: EYE_DECENTER iad: 0.065, left H: -2.99923e-05 V: -8.50749e-05  right H: -2.99923e-05 V: -7.81732e-05
03-24 09:49:30.219  2649  5058 I Distortion: SetLensPositions - iad=0.065, left offset=0.000769582,-0.00133337, right offset=-0.000829566,-0.00132647
03-24 09:49:30.219  2649  5058 I Distortion: Initializing Mesh Decenter Correction
03-24 09:49:30.219  2649  5058 I Distortion: EYE_DECENTER ipdMin 58.1364 left H: -8.1595 v: 3.6616  right  H: -4.9562 v: 0.1797
03-24 09:49:30.219  2649  5058 I Distortion: EYE_DECENTER ipdMid 63.0543 left H: 0.7277 v: 2.5898  right  H: 1.0983 v: 2.3797
03-24 09:49:30.219  2649  5058 I Distortion: EYE_DECENTER ipdMax 67.9727 left H: 1.9973 v: 1.518  right  H: -0.1126 v: 2.3797
03-24 09:49:30.219  2649  5058 I Distortion: EYE_DECENTER PIXELS(4) left H: -0.7277 V: -2.5898  right H: -1.0983 V: -2.3797
03-24 09:49:30.219  2649  5058 I Distortion: EYE_DECENTER iad: 0.065, left H: -2.99923e-05 V: -8.50749e-05  right H: -2.99923e-05 V: -7.81732e-05
03-24 09:49:30.219  2649  5058 I Distortion: SetLensPositions - iad=0.065, left offset=0.000769582,-0.00133337, right offset=-0.000829566,-0.00132647
03-24 09:49:30.219  2649  5058 I Distortion: Created custom distortion mesh.
03-24 09:49:30.219  2649  5058 I Distortion: ovrDistortionMeshHeader::magic = 0x56347807
03-24 09:49:30.219  2649  5058 I Distortion: ovrDistortionMeshHeader::deviceModel = 0x200
03-24 09:49:30.219  2649  5058 I Distortion: ovrDistortionMeshHeader::headsetModel = 0x104
03-24 09:49:30.219  2649  5058 I Distortion: ovrDistortionMeshHeader::eyeBlocksWide = 32
03-24 09:49:30.219  2649  5058 I Distortion: ovrDistortionMeshHeader::eyeBlocksHigh = 32
03-24 09:49:30.219  2649  5058 I Distortion: ovrDistortionMeshHeader::lensSeparationMeters = 0.065000
03-24 09:49:30.219  2649  5058 I Distortion: ovrDistortionMeshHeader::horizontalOffsetMeters = -0.000030
03-24 09:49:30.219  2649  5058 I Distortion: ovrDistortionMeshHeader::displayWidthMeters = 0.120362
03-24 09:49:30.219  2649  5058 I Distortion: ovrDistortionMeshHeader::displayHeightMeters = 0.063072
03-24 09:49:30.219  2649  5058 I Distortion: ovrDistortionMeshHeader::displayWidthPixels = 3664
03-24 09:49:30.219  2649  5058 I Distortion: ovrDistortionMeshHeader::displayHeightPixels = 1920
03-24 09:49:30.219  2649  5058 I Distortion: ovrDistortionMeshHeader::eyeTextureWidthPixels = 1440
03-24 09:49:30.219  2649  5058 I Distortion: ovrDistortionMeshHeader::eyeTextureHeightPixels = 1584
03-24 09:49:30.219  2649  5058 I Distortion: ovrDistortionMeshHeader::leftEye = up 48.000000 / down 50.000000 / left 49.000000 / right 45.000000
03-24 09:49:30.219  2649  5058 I Distortion: ovrDistortionMeshHeader::rightEye = up 48.000000 / down 50.000000 / left 45.000000 / right 49.000000
03-24 09:49:30.219  2649  5058 I VrApi   : ovrModeParms::VRAPI_MODE_FLAG_RESET_WINDOW_FULLSCREEN = 1
03-24 09:49:30.219  2649  5058 I VrApi   : ovrModeParms::VRAPI_MODE_FLAG_NATIVE_WINDOW = 1
03-24 09:49:30.219  2649  5058 I VrApi   : ovrModeParms::VRAPI_MODE_FLAG_FRONT_BUFFER_SRGB = 0
03-24 09:49:30.219  2649  5058 I VrApi   : ovrModeParms::VRAPI_MODE_FLAG_CREATE_CONTEXT_NO_ERROR = 0
03-24 09:49:30.219  2649  5058 I VrApi   : ovrModeParms::VRAPI_MODE_FLAG_PHASE_SYNC = 0
03-24 09:49:30.219  2649  5058 I VrApi   : ovrModeParms::VRAPI_MODE_FLAG_APP_SPACE_WARP = 0
03-24 09:49:30.219  2649  5058 I VrRuntimeClient: SetPhaseSyncMode 0
03-24 09:49:30.219  2649  5058 I VrApi   : PhaseSync disabled
03-24 09:49:30.219  2649  5058 I VrApi   : HMD sensor attached.
03-24 09:49:30.219  2649  5058 I GL_Utils: egl = 1.5
03-24 09:49:30.219  2649  5058 I GL_Utils: es3 = TRUE
03-24 09:49:30.219  2649  5058 I GL_Utils: Found: GL_OES_vertex_array_object
03-24 09:49:30.220  2649  5058 I GL_Utils: Found: GL_QCOM_tiled_rendering
03-24 09:49:30.220  2649  5058 I GL_Utils: Found: GL_EXT_sRGB_write_control
03-24 09:49:30.220  2649  5058 I GL_Utils: Found: GL_EXT_disjoint_timer_query
03-24 09:49:30.220  2649  5058 I GL_Utils: Found: GL_EXT_memory_object
03-24 09:49:30.220  2649  5058 I GL_Utils: Found: GL_EXT_memory_object_fd
03-24 09:49:30.220  2649  5058 I GL_Utils: Found: GL_QCOM_texture_foveated
03-24 09:49:30.220  2649  5058 I GL_Utils: Found: GL_KHR_debug
03-24 09:49:30.220  2649  5058 I GL_Utils: Found: GL_EXT_texture_border_clamp
03-24 09:49:30.220  2649  5058 I GL_Utils: Found: GL_EXT_texture_filter_anisotropic
03-24 09:49:30.220  2649  5058 I GL_Utils: Found: GL_OES_texture_view
03-24 09:49:30.220  2649  5058 I GL_Utils: Found: GL_EXT_texture_format_sRGB_override
03-24 09:49:30.220  2649  5058 D VrRuntimeClient: pokeGuardianUserServiceForThisClient: com.android.permissioncontroller:10011
03-24 09:49:30.221  2649  5058 D VrRuntimeClient: VrRuntimeClient: enableRendering: dialog client
03-24 09:49:30.221  2423  2423 D VrGuardianUserService: onStartCommandIntent { act=FOREGROUND_CLIENT cmp=com.oculus.guardian/com.oculus.vrguardianservice.VrGuardianUserService (has extras) }
03-24 09:49:30.221  2649  5058 D VrRuntimeClient: VrRuntimeClient: enableRendering: Using clientWindow=android.os.BinderProxy@1a0418a
03-24 09:49:30.222  2276  2308 I ClientMgr: ClientMgr::SetFocusedClient: 2649:com.android.permissioncontroller type 0
03-24 09:49:30.222  2276  2308 I VrRuntimeService: RuntimeIPC: SendFocusChangeEventToAllClients: PostClientEvent SUCCESS: com.oculus.vrshell:com.oculus.vrshell:EnvOverlay:3280, com.android.permissioncontroller, com.android.permissioncontroller
03-24 09:49:30.222  2276  2308 I VrRuntimeService: RuntimeIPC: SendFocusChangeEventToAllClients: PostClientEvent SUCCESS: com.android.permissioncontroller:com.android.permissioncontroller:2649, com.android.permissioncontroller, com.android.permissioncontroller
03-24 09:49:30.222  2276  2308 I VrRuntimeService: RuntimeIPC: SendFocusChangeEventToAllClients: PostClientEvent SUCCESS: com.oculus.shellenv:com.oculus.shellenv:3236, com.android.permissioncontroller, com.android.permissioncontroller
03-24 09:49:30.222  2276  2308 I VrRuntimeService: RuntimeIPC: SendFocusChangeEventToAllClients: PostClientEvent SUCCESS: com.oculus.vrshell:com.oculus.vrshell:3200, com.android.permissioncontroller, com.android.permissioncontroller
03-24 09:49:30.222  2276  2308 I VrRuntimeService: RuntimeIPC: SendFocusChangeEventToAllClients: PostClientEvent SUCCESS: com.oculus.guardian:com.oculus.vrguardianservice:2423, com.android.permissioncontroller, com.android.permissioncontroller
03-24 09:49:30.222  2276  2308 I VrRuntimeService: RuntimeIPC: SendFocusChangeEventToAllClients: PostClientEvent SUCCESS: android.uid.systemui:10056:com.android.systemui:1340, com.android.permissioncontroller, com.android.permissioncontroller
03-24 09:49:30.222  2276  2308 I VrRuntimeService: RuntimeIPC: SendFocusChangeEventToAllClients: PostClientEvent SUCCESS: com.oculus.vrshell:com.oculus.vrshell:Overlay:2355, com.android.permissioncontroller, com.android.permissioncontroller
03-24 09:49:30.222  2276  2308 D VrRuntimeService: enableRendering: 2649:com.android.permissioncontroller: android.os.BinderProxy@d271e32 enable: true
03-24 09:49:30.222  2276  2308 I ClientMgr: ClientMgr::EnableRendering 2649:com.android.permissioncontroller : type 0 comp-id 6: enable
03-24 09:49:30.222  2276  2308 I TimeWarp: CheckDebuggerConnected: debugger 0
03-24 09:49:30.222  2276  2308 I VrRuntimeServer: SysProp debug mode is disabled on Server side
03-24 09:49:30.226  2276  2308 I UnifiedTelemetryWrapper: Started UT session render:com.android.permissioncontroller
03-24 09:49:30.227  2649  5058 I ScreenCaptureHelper: Advertising com.android.permissioncontroller as streamable
03-24 09:49:30.227  2276  5056 I VrRuntimeService: GetSpecialSwapChain: 1379465024
03-24 09:49:30.227  2649  5058 I VrApi   : Creating Default swapchain
03-24 09:49:30.227  2276  5056 I VrRuntimeService: GetSpecialSwapChain: 1379465024
03-24 09:49:30.227  2649  5058 I VrApi   : Creating Loading Icon swapchain
03-24 09:49:30.227  2649  5058 I VrApi   : OVR::Stats thread started
03-24 09:49:30.227  2649  5058 I XrRuntimeSystem_Client: BeginSession
03-24 09:49:30.227  2649  5058 I VrApi   : ---------- vrapi_EnterVrMode [end] ----------
03-24 09:49:30.227  2649  5058 I ClientInputSettings: SetInhibitHandleHomeKey = true for com.android.permissioncontroller
03-24 09:49:30.227  2649  5058 I ClientInputInterface: SetInhibitHandleHomeKey 1
03-24 09:49:30.227  2276  5056 I VrRuntimeService: CreateSwapChain: 1379465024
03-24 09:49:30.227  2276  5056 I VrRuntimeService: CreateSwapChain: api:gles 0 0x8c43 16 16 1 1 1 0 14
03-24 09:49:30.228  2276  5056 I VrRuntimeServer: CreateTextureSwapChain: result importswapchaingles 1
03-24 09:49:30.229  2649  5060 D VrApi   : VrApi::isWifiConnected exception: Make sure android.permission.ACCESS_NETWORK_STATE is set in the manifest.
03-24 09:49:30.230  2276  2353 I ClientMgr: Non-overlay clients rendering status has changed: prev=4, curr=5, enabled=1
03-24 09:49:30.230  2276  2353 I ClientMgr: Primary Client is not valid.
03-24 09:49:30.230  2276  2353 I ClientMgr: Primary client determined to be the current enabled client 6
03-24 09:49:30.230  2276  2353 I ClientMgr: Setting Primary Client to 6
03-24 09:49:30.230  2276  2353 I ClientMgr: Primary Client ID changed
03-24 09:49:30.230  2276  2353 W ClientMgr: ClientMgr::GetClientPermissionFlagsById: Client missing proper permissions: com.android.permissioncontroller, 2
03-24 09:49:30.230  2276  2353 I ClientMgr: ClientMgr::SetPrimaryCompositorClient: 2649:com.android.permissioncontroller
03-24 09:49:30.230  2276  2353 I TimeWarpClientMgr: Enable client 6
03-24 09:49:30.230  2276  2353 I VrRuntimeServer: EnableCompositorClient client(6): layer placement(0) flags(1) sm(0x7a507aa010)
03-24 09:49:30.230  2276  2353 I ServiceInputManager: ServiceInputManager::SetPrimaryPackageName 'com.android.permissioncontroller' 'com.android.permissioncontroller'  updated AnytimeUI processname 0
03-24 09:49:30.230  2276  2353 D VrRuntimeService: sendPrimaryPackageChangeBroadcast
03-24 09:49:30.231  2649  5060 D VrApi   : targetSDKVersion 29
03-24 09:49:30.232  2649  5060 I JniUtils: ovr_GetCurrentPackageSignature 
03-24 09:49:30.233  2649  5060 I Metrics : device name = Oculus Quest 2
03-24 09:49:30.234  2276  2353 I AADT    : SetAADTLutDataX: 0
03-24 09:49:30.234  2276  2353 I AADT    : SetAADTLutDataY: 0
03-24 09:49:30.234  2276  2353 I ServiceInputManager: DEADRECKONING deadReckoning mode on ClientMgr from server is 0
03-24 09:49:30.234  2276  2353 I ServiceInputManager: HAPTICS: Informing non focused app that remote is connected.
03-24 09:49:30.235  2355  2355 D [OAO] ShellOverlayService: screenStateReceiver Received broadcast: com.oculus.vrshell.intent.action.PRIMARY_PACKAGE_CHANGED
03-24 09:49:30.235  2355  2355 I [OAO] ShellOverlayServiceJNI: NativeSendOverlayCommand
03-24 09:49:30.235  2355  2355 I [OAO] ShellOverlayServiceJNI: NativeWake
03-24 09:49:30.235  2355  2355 I [OAO] ShellOverlayMain: WakeVrThread
03-24 09:49:30.235  2355  2355 I [OAO] ShellOverlayMain: WakeVrThread - notifying vr thread
03-24 09:49:30.235  2355  2386 I [OAO] OculusPlatformManager: unhandled platform msg type: 4b34ca3 type name: ovrMessage_Notification_ApplicationLifecycle_LaunchIntentChanged
03-24 09:49:30.235  2355  2386 I [OAO] OculusPlatformManager: OnInitCompleted
03-24 09:49:30.235  2355  2386 I [OAO] OculusPlatformManager: Platform UserID: 344117166667438
03-24 09:49:30.235  2355  2386 I [OAO] OculusPlatformManager: OnAccessTokenReceived: User access token received, scheduling dependent sub-systems.
03-24 09:49:30.236  2355  2386 I [OAO] Gatekeepers: Requesting 137 GK values
03-24 09:49:30.237  2276  2345 I TimeWarp: SetSchedFifo( tid=3263, pol=2, pri=0 ) succeeded
03-24 09:49:30.237   879  5047 E VrApiService: Error set scheduler for process 2276 thread 3439 to 2 : No such process (3)
03-24 09:49:30.237  2276  2345 I TimeWarp: SetSchedFifo( tid=3439, pol=2, pri=0 ) succeeded
03-24 09:49:30.237  2276  2345 I AADT    : SetAADTLutDataX. Thread. SizeX: 0
03-24 09:49:30.237  2276  2345 I AADT    : SetAADTLutDataY. Thread. SizeY: 0
03-24 09:49:30.238  2276  5056 I VrRuntimeService: CreateSwapChain: 1379465024
03-24 09:49:30.238  2276  5056 I VrRuntimeService: CreateSwapChain: api:gles 3 0x8058 1000 1000 1 1 1 0 14
03-24 09:49:30.239  2276  5056 I VrRuntimeServer: CreateTextureSwapChain: result importswapchaingles 1
03-24 09:49:30.239   723   723 D android.hardware.power@1.3-service-libperfmgr: LAUNCH OFF
03-24 09:49:30.242  2355  2698 I OVRPlatform: [CurlHttpClient] Executing HTTP request: https://graph.oculus.com//v1.20/graphql
03-24 09:49:30.245  2649  5059 I InputDevice_TrackedRemote: REMOTE: Hand=1 IndexAnalog=0.00 GripAnalog=0.00 Buttons=0x00000000
03-24 09:49:30.245  2649  5059 I InputDevice_TrackedRemote: REMOTE: Hand=2 IndexAnalog=0.00 GripAnalog=0.00 Buttons=0x00000000
03-24 09:49:30.246  2164  2691 I LibraryProvider: running queryApp(com.android.permissioncontroller) for com.oculus.uid:10031
03-24 09:49:30.246  2164  2691 W LibraryProvider: Cannot find entitlement for com.android.permissioncontroller
03-24 09:49:30.247  1999  1999 W OVRLibrary: null cursor received for query content://com.oculus.ocms.library/apps/com.android.permissioncontroller
03-24 09:49:30.250  2276  5056 I VrRuntimeService: CreateSwapChain: 1379465024
03-24 09:49:30.250  2276  5056 I VrRuntimeService: CreateSwapChain: api:gles 0 0x8c43 1440 1584 1 3 1 0 14
03-24 09:49:30.252  2276  5056 I VrRuntimeServer: CreateTextureSwapChain: result importswapchaingles 1
03-24 09:49:30.252  2164  2691 I LibraryProvider: running queryApp(com.android.permissioncontroller) for com.oculus.uid:10031
03-24 09:49:30.252  2164  2691 W LibraryProvider: Cannot find entitlement for com.android.permissioncontroller
03-24 09:49:30.253  1999  1999 W OVRLibrary: null cursor received for query content://com.oculus.ocms.library/apps/com.android.permissioncontroller
03-24 09:49:30.253  1999  1999 E PlatformPluginManager: onAppStart called before init
03-24 09:49:30.253  1999  1999 E OVRMediaServiceManager: LivestreamingManager Not initialized
03-24 09:49:30.257  2276  5056 I VrRuntimeService: CreateSwapChain: 1379465024
03-24 09:49:30.257  2276  5056 I VrRuntimeService: CreateSwapChain: api:gles 0 0x8c43 1440 1584 1 3 1 0 14
03-24 09:49:30.261  2276  5056 I VrRuntimeServer: CreateTextureSwapChain: result importswapchaingles 1
03-24 09:49:30.261  2423  2516 I GuardianSystem: runtimeServiceSDKClient_.ForceShowGuardianEvent
03-24 09:49:30.261  2423  2516 I GuardianSystem: ForceShowGuardian: false, 0.00
03-24 09:49:30.284  2649  5058 D VrRuntimeClient: loadDriverResource - resourceName: 'hand_left' 
03-24 09:49:30.287  2649  5058 I VrApi_Input: vrapi_GetMeshForHand_Internal: mesh->Header.Version = df000001 mesh->NumVertices = 1360 mesh->NumIndices = 6942
03-24 09:49:30.290  2649  5058 D VrRuntimeClient: loadDriverResource - resourceName: 'hand_right' 
03-24 09:49:30.292  2649  5058 I VrApi_Input: vrapi_GetMeshForHand_Internal: mesh->Header.Version = df000001 mesh->NumVertices = 1360 mesh->NumIndices = 6942
03-24 09:49:30.297  2276  5056 I VrRuntimeService: CreateSwapChain: 1379465024
03-24 09:49:30.297  2276  5056 I VrRuntimeService: CreateSwapChain: api:gles 0 0x8c43 64 64 1 3 1 0 14
03-24 09:49:30.297  2276  5056 I VrRuntimeServer: CreateTextureSwapChain: result importswapchaingles 1
03-24 09:49:30.300  3236  3263 I Clay    : EnvironmentStateSystem: Clearing IR due to pausing
03-24 09:49:30.304  2355  2386 I [OAO] ShellOverlayApp: 0xc51b6c08 msg: overlayCommand:
03-24 09:49:30.304  2355  2386 I [OAO] ShellOverlayApp: command = primaryPackageChanged
03-24 09:49:30.304  2355  2386 I [OAO] ShellOverlayApp: Process_OverlayCommand command : primaryPackageChanged
03-24 09:49:30.304  2355  2386 I [OAO] ShellOverlayApp: UpdatePrimaryPackage
03-24 09:49:30.304  2355  2386 I [OAO] ShellOverlayApp: UpdatePrimaryPackage Requested for PackageName:com.android.permissioncontroller  IsFocusAware:0
03-24 09:49:30.304  2355  2386 I [OAO] ShellOverlayApp: UpdatePrimaryPackage Ignored as no change for packageName:[com.android.permissioncontroller]
03-24 09:49:30.305  2276  5056 I VrRuntimeService: CreateAndroidSurfaceSwapChain: 1379465024
03-24 09:49:30.305  2276  5056 I VrRuntimeService: CreateAndroidSurfaceSwapChain: 65536 1 32856 933 366 1 1 1 0 0
03-24 09:49:30.306  2276  5056 I VrRuntimeServer: CreateAndroidSurfaceSwapChain: result surface 0x794f85c000
03-24 09:49:30.308  2276  5056 I VrRuntimeService: RuntimeServiceSDKServer::GetGuardianPolygon
03-24 09:49:30.308  2649  5058 I VrRuntimeClient: SyncInternalGuardianState: GetGuardianPolygon: 0
03-24 09:49:30.308  2276  5056 I VrRuntimeService: RuntimeServiceSDKServer::GetGuardianStationaryInfo
03-24 09:49:30.308  2276  5056 I VrRuntimeService: RuntimeServiceSDKServer::GetGuardianSystemState: 1379465024
03-24 09:49:30.314  2276  5056 I VrRuntimeService: UpdateSwapChainSamplerState: 128
03-24 09:49:30.314  2276  5056 I VrRuntimeService: UpdateSwapChainSamplerState: minFilter=1 magFilter=1 wrapModeS=0 warpModeT=0 maxAniso=1.000000 border={0.000000,0.000000,0.000000,0.000000}
03-24 09:49:30.314  2276  5056 I VrRuntimeService: UpdateSwapChainSamplerState: 129
03-24 09:49:30.314  2276  5056 I VrRuntimeService: UpdateSwapChainSamplerState: minFilter=1 magFilter=1 wrapModeS=3 warpModeT=3 maxAniso=1.000000 border={0.000000,0.000000,0.000000,0.000000}
03-24 09:49:30.314  2276  5056 I VrRuntimeService: UpdateSwapChainSamplerState: 130
03-24 09:49:30.314  2276  5056 I VrRuntimeService: UpdateSwapChainSamplerState: minFilter=1 magFilter=1 wrapModeS=3 warpModeT=3 maxAniso=1.000000 border={0.000000,0.000000,0.000000,0.000000}
03-24 09:49:30.315  2649  5058 D VrRuntimeClient: pokeGuardianUserServiceForThisClient: com.android.permissioncontroller:10011
03-24 09:49:30.315  2649  5058 I VrApi   : Received ovrRuntime event 2
03-24 09:49:30.315  2649  5058 I VrApi   : Received ovrRuntime event 4
03-24 09:49:30.315  2649  5058 W VrApi   : Time to first swap: 0.357 seconds
03-24 09:49:30.315  2649  5070 I FenceChecker: FenceChecker::MainLoop - started
03-24 09:49:30.316  2423  2423 D VrGuardianUserService: onStartCommandIntent { act=FOREGROUND_CLIENT cmp=com.oculus.guardian/com.oculus.vrguardianservice.VrGuardianUserService (has extras) }
03-24 09:49:30.319  2649  5058 D VrLibJNI: Sent controller recenter event to window
03-24 09:49:30.320  2276  2345 I TimeWarp: SetSchedFifo( tid=5070, pol=3, pri=0 ) succeeded
03-24 09:49:30.320  2276  2345 I TimeWarp: SetClientSurfaceSecureFlag: secure=1
03-24 09:49:30.325  2276  5056 I VrRuntimeService: UpdateSwapChainSamplerState: 127
03-24 09:49:30.325  2276  5056 I VrRuntimeService: UpdateSwapChainSamplerState: minFilter=1 magFilter=1 wrapModeS=2 warpModeT=2 maxAniso=1.000000 border={0.000000,0.000000,0.000000,0.000000}
03-24 09:49:30.343  2649  5058 D VrLibJNI: Sent controller recenter event to window
03-24 09:49:30.357  2649  5058 D VrLibJNI: Sent controller recenter event to window
03-24 09:49:30.358  2355  2694 I OVRPlatform: [HttpRequest] Request `graphql' (id: 5) succeeded.
03-24 09:49:30.358  2355  2694 I OVRPlatform: [RequestStopwatch] HttpRequestAsync (graphql) took 122.8480 milliseconds
03-24 09:49:30.384  2276  2345 I SwapChain_GLES: AttachSurfaceSwapChainGLES: 0x794f85c000 attached on init
03-24 09:49:30.385  2423  2516 I GuardianSystem: runtimeServiceSDKClient_.ForceShowGuardianEvent
03-24 09:49:30.386  2423  2516 I GuardianSystem: ForceShowGuardian: false, 0.00
03-24 09:49:31.299  2649  5060 I Telemetry: App memory usage: PSS=165MB DalvikPSS=1 MB
03-24 09:49:31.301  2649  5060 I VrApi   : FPS=1/72,Prd=0ms,Tear=0,Early=0,Stale=11,VSnc=0,Lat=0,Fov=0D,CPU4/GPU=2/3,1171/490MHz,OC=FF,TA=0/0/0,SP=N/N/N,Mem=1353MHz,Free=3947MB,PLS=0,Temp=39.7C/0.0C,TW=3.18ms,App=0.78ms,GD=0.00ms,CPU&GPU=0.00ms,LCnt=3,GPU%=0.28,CPU%=0.05(W0.09),DSF=1.00
03-24 09:49:31.388   737  1912 I hash_map_utils: key: 'snd_device_in' value: ''
03-24 09:49:31.389   737  1912 I hash_map_utils: key: 'snd_device_out' value: ''
03-24 09:49:31.516   727   727 E WifiHAL : handleResponse: OTHER_RX_MULTICAST_CNT not found
03-24 09:49:31.517   682  5121 E ResolverController: No valid NAT64 prefix (100, <unspecified>/0)
03-24 09:49:31.518   727   727 E WifiHAL : wifi_get_ring_data: Error -5 happened. 
03-24 09:49:31.519  1089  1710 E WifiVendorHal: getRingBufferData(l.1675) failed {.code = ERROR_INVALID_ARGS, .description = }
03-24 09:49:31.521   682  5123 E ResolverController: No valid NAT64 prefix (100, <unspecified>/0)
03-24 09:49:31.524   682  5126 E ResolverController: No valid NAT64 prefix (100, <unspecified>/0)
03-24 09:49:31.527   682  5128 E ResolverController: No valid NAT64 prefix (100, <unspecified>/0)
03-24 09:49:31.531   682  5130 E ResolverController: No valid NAT64 prefix (100, <unspecified>/0)
03-24 09:49:31.534   682  5132 E ResolverController: No valid NAT64 prefix (100, <unspecified>/0)
03-24 09:49:31.537   682  5135 E ResolverController: No valid NAT64 prefix (100, <unspecified>/0)
03-24 09:49:31.538  1089  1710 D wifi-jni: no kernel logs
03-24 09:49:31.540   682  5137 E ResolverController: No valid NAT64 prefix (100, <unspecified>/0)
03-24 09:49:31.542   682  5139 E ResolverController: No valid NAT64 prefix (100, <unspecified>/0)
03-24 09:49:31.545   682  5141 E ResolverController: No valid NAT64 prefix (100, <unspecified>/0)
03-24 09:49:31.549   682  5143 E ResolverController: No valid NAT64 prefix (100, <unspecified>/0)
03-24 09:49:31.551   682  5145 E ResolverController: No valid NAT64 prefix (100, <unspecified>/0)
03-24 09:49:31.554   682  5147 E ResolverController: No valid NAT64 prefix (100, <unspecified>/0)
03-24 09:49:31.972   898   898 E adbd    : failed to connect to socket 'tcp:6666': Connection refused
03-24 09:49:32.002  2355  2386 I [OAO] ShellOverlayApp: Sleep timeout exceeded. Timeout:67.392373, Now:67.392377. Sleeping... 
03-24 09:49:32.002  2355  2386 I [OAO] ShellOverlayApp: WaitForWake: VrThread entering waiting state
03-24 09:49:32.146  3236  3263 I Clay    : BaseApp: Entering hibernation now
03-24 09:49:32.230  2276  2353 I PerformanceManager: SetClockLevels: Apply pending clock request change: 2,3 -> 2,2
03-24 09:49:32.230  2276  2336 I Clocks  : ReleaseClocks - start
03-24 09:49:32.230  2276  2336 I Clocks  : ReleaseClocks - end (0.8 ms)
03-24 09:49:32.230   723   723 D android.hardware.power@1.3-service-libperfmgr: Unset hint for clock domain: 0
03-24 09:49:32.230  2276  2336 I Clocks  : LockClocks( cpu=2, gpu=2 ) - start
03-24 09:49:32.231  2276  2336 I Clocks  : CPU levels [0, 4]
03-24 09:49:32.231  2276  2336 I Clocks  : GPU levels [0, 5]
03-24 09:49:32.232  2276  2336 I Clocks  : LockClocks( cpu=2, gpu=2 ) - end (1.1 ms)
03-24 09:49:32.232   723   723 D android.hardware.power@1.3-service-libperfmgr: Unset hint for clock domain: 1
03-24 09:49:32.233   723   723 D android.hardware.power@1.3-service-libperfmgr: set performance level 2, domain 0
03-24 09:49:32.233   723   723 D android.hardware.power@1.3-service-libperfmgr: set performance level 2, domain 1
03-24 09:49:32.236  2649  5060 I VrApi   : FPS=73/72,Prd=35ms,Tear=0,Early=0,Stale=0,VSnc=1,Lat=0,Fov=0D,CPU4/GPU=2/3,1171/441MHz,OC=FF,TA=0/0/0,SP=N/N/N,Mem=1353MHz,Free=3941MB,PLS=0,Temp=39.7C/0.0C,TW=3.15ms,App=0.81ms,GD=0.00ms,CPU&GPU=2.96ms,LCnt=5,GPU%=0.30,CPU%=0.24(W0.38),DSF=1.00
03-24 09:49:32.498   682  5165 E ResolverController: No valid NAT64 prefix (100, <unspecified>/0)
03-24 09:49:32.501   682  5167 E ResolverController: No valid NAT64 prefix (100, <unspecified>/0)
03-24 09:49:32.505   682  5169 E ResolverController: No valid NAT64 prefix (100, <unspecified>/0)
03-24 09:49:32.507  2276  2353 I PerformanceManager: SetClockLevels: Apply pending clock request change: 2,2 -> 1,2
03-24 09:49:32.507  2276  2336 I Clocks  : ReleaseClocks - start
03-24 09:49:32.508   723   723 D android.hardware.power@1.3-service-libperfmgr: Unset hint for clock domain: 0
03-24 09:49:32.508  2276  2336 I Clocks  : ReleaseClocks - end (0.4 ms)
03-24 09:49:32.508  2276  2336 I Clocks  : LockClocks( cpu=1, gpu=2 ) - start
03-24 09:49:32.508   682  5171 E ResolverController: No valid NAT64 prefix (100, <unspecified>/0)
03-24 09:49:32.509  2276  2336 I Clocks  : CPU levels [0, 4]
03-24 09:49:32.509  2276  2336 I Clocks  : GPU levels [0, 5]
03-24 09:49:32.509  2276  2336 I Clocks  : LockClocks( cpu=1, gpu=2 ) - end (0.7 ms)
03-24 09:49:32.509   723   723 D android.hardware.power@1.3-service-libperfmgr: Unset hint for clock domain: 1
03-24 09:49:32.510   723   723 D android.hardware.power@1.3-service-libperfmgr: set performance level 1, domain 0
03-24 09:49:32.510   723   723 D android.hardware.power@1.3-service-libperfmgr: set performance level 2, domain 1
03-24 09:49:32.514   682  5173 E ResolverController: No valid NAT64 prefix (100, <unspecified>/0)
03-24 09:49:32.518   682  5175 E ResolverController: No valid NAT64 prefix (100, <unspecified>/0)
03-24 09:49:32.521   682  5177 E ResolverController: No valid NAT64 prefix (100, <unspecified>/0)
03-24 09:49:32.524   682  5179 E ResolverController: No valid NAT64 prefix (100, <unspecified>/0)
03-24 09:49:32.528   682  5181 E ResolverController: No valid NAT64 prefix (100, <unspecified>/0)
03-24 09:49:32.531   682  5183 E ResolverController: No valid NAT64 prefix (100, <unspecified>/0)
03-24 09:49:32.535   682  5185 E ResolverController: No valid NAT64 prefix (100, <unspecified>/0)
03-24 09:49:32.539   682  5187 E ResolverController: No valid NAT64 prefix (100, <unspecified>/0)
03-24 09:49:32.542   682  5189 E ResolverController: No valid NAT64 prefix (100, <unspecified>/0)
03-24 09:49:32.680   865  1869 I [CT]    : CONSTELLATION:IMU_STATUS: d1a68fb151f50abc: [FusionTracked=0.000, OutputTracked=0.000, OutputValid=0.000] [AccelSat=0.000, GyroSat=0.000] 
03-24 09:49:32.684   865  1869 I [CT]    : CONSTELLATION:IMU_STATUS: b298f93898a8d8b4: [FusionTracked=0.000, OutputTracked=0.000, OutputValid=0.000] [AccelSat=0.000, GyroSat=0.000] 
03-24 09:49:32.962  1437  5191 I OSUpdateService: Intent with action system_battery_changed
03-24 09:49:33.038  1089  1484 W system_server: Insufficient pre-allocated space to mmap vdex.
03-24 09:49:33.085   716  5055 D audio_hw_primary: out_standby: enter: stream (0xef873000) usecase(1: low-latency-playback)
03-24 09:49:33.106   716  5055 D audio_hw_primary: disable_audio_route: reset and update mixer path: low-latency-playback
03-24 09:49:33.107   716  5055 D msm8974_platform: platform_split_snd_device: snd_device(2) num devices(0) new_snd_devices(0)
03-24 09:49:33.107   716  5055 I msm8974_platform: platform_get_custom_mtmx_params: no matching param with id 0 ip_ch 2 op_ch 2 uc_id 1 snd_dev 2
03-24 09:49:33.107   716  5055 D hardware_info: hw_info_append_hw_type : device_name = speaker
03-24 09:49:33.107   716  5055 D msm8974_platform: platform_split_snd_device: snd_device(2) num devices(0) new_snd_devices(0)
03-24 09:49:33.107   716  5055 D audio_hw_primary: out_standby: exit
03-24 09:49:33.118  1089  1484 W system_server: Insufficient pre-allocated space to mmap vdex.
