03-24 10:06:58.674  2635  5062 I VrRuntimeClient: UpdateEvents: HMT was UNmounted
03-24 10:06:58.674  2635  5062 I VrApi   : Received ovrRuntime event 12
03-24 10:06:58.687  1081  1104 D wifi-jni: no kernel logs
03-24 10:06:58.697  2226  2295 I SwapChain_GLES: AttachSurfaceSwapChainGLES: 0x74287da000 attached on init
03-24 10:06:58.700  2226  2295 I TimeWarpProgs: loaded binary layerProgram 1:0x58205:0x0 in 3.4 ms
03-24 10:06:58.709  2368  2478 I GuardianSystem: runtimeServiceSDKClient_.ForceShowGuardianEvent
03-24 10:06:58.709  2368  2478 I GuardianSystem: ForceShowGuardian: false, 0.00
03-24 10:06:58.730  1950  1950 I PlatformPlugin: [PlatformPluginManager] Stopping party chat
03-24 10:06:58.752  1950  1950 I PlatformPlugin: [PlatformPluginManager] Stopping party chat
03-24 10:06:58.783  3217  3240 I Clay    : EnvironmentSystem: computed visibility changed from Hidden to Unload (reason: Paused)
03-24 10:06:58.783  3217  3240 I Clay    : EnvironmentStateSystem: Clearing IR due to pausing
03-24 10:06:58.783  3217  3240 I Clay    : EnvironmentSystem: setCurrentEnvironment from 'apk://com.oculus.environment.prod.spacestation/assets/scene.zip' to ''
03-24 10:06:59.022   838  3632 I [CT]    : VIPER:MAP_MANAGER: State: TrackingPersistent, UUID=c4a1f843-8852-1ae0-ffa9-0a0ef0f26cd4, Num. Persistent maps = 3,  Persistent maps:c4a1f843-8852-1ae0-ffa9-0a0ef0f26cd4,169e2cf9-84b9-607c-5137-3ed18c6161f7,edc8cf6f-0670-4a8c-9d4d-cc847eddc783,, Ser. Disabled = 00000000-0000-0000-0000-000000000000
03-24 10:06:59.063   838  3632 I [CT]    : VIPER: Vega=false,Status=6DoF,TRACKING,KF=83,Inl=114,Pts=269,Mem=69.6,Jit=0.0mm,Issues(Cam/min=0.0,IMU/min=0.0),Exp=(4.8ms,g=5.0,I=76)(4.7ms,g=4.0,I=76)(4.7ms,g=4.0,I=73)(6.4ms,g=7.0,I=75)
03-24 10:06:59.409   727   996 I hash_map_utils: key: 'snd_device_in' value: ''
03-24 10:06:59.411   727   996 I hash_map_utils: key: 'snd_device_out' value: ''
03-24 10:06:59.678  2635  5073 I Telemetry: App memory usage: PSS=164MB DalvikPSS=1 MB
03-24 10:06:59.679  2635  5073 I VrApi   : FPS=35/72,Prd=35ms,Tear=0,Early=0,Stale=1,VSnc=1,Lat=0,Fov=0D,CPU4/GPU=2/3,1171/490MHz,OC=FF,TA=0/0/0,SP=N/N/N,Mem=1353MHz,Free=3727MB,PLS=0,Temp=40.7C/0.0C,TW=2.39ms,App=1.35ms,GD=0.00ms,CPU&GPU=2.61ms,LCnt=3,GPU%=0.19,CPU%=0.44(W0.48),DSF=1.00
03-24 10:06:59.680  3786  3786 E adbd    : failed to connect to socket 'tcp:6666': Connection refused
03-24 10:06:59.796  3786  3786 E adbd    : failed to connect to socket 'tcp:6666': Connection refused
03-24 10:07:00.195   838 31061 I [CT]    : NIMBLE:HTEngine: [Frame  3750 camera 0] has_hand =  NO, irradiance_proxy =   4650.0, intensity =   84.1, exposure =  4.522ms, gain =  4.0
03-24 10:07:00.195   838 31061 I [CT]    : NIMBLE:HTEngine: [Frame  3750 camera 1] has_hand =  NO, irradiance_proxy =   5227.9, intensity =   92.2, exposure =  4.408ms, gain =  4.0
03-24 10:07:00.196   838 31061 I [CT]    : NIMBLE:HTEngine: [Frame  3750 camera 2] has_hand =  NO, irradiance_proxy =   4437.3, intensity =  115.9, exposure =  5.225ms, gain =  5.0
03-24 10:07:00.196   838 31061 I [CT]    : NIMBLE:HTEngine: [Frame  3750 camera 3] has_hand =  NO, irradiance_proxy =   1863.2, intensity =   98.4, exposure =  5.282ms, gain = 10.0
03-24 10:07:00.196   838 31061 I [CT]    : NIMBLE:HLOG: [Throttled count=3] [Health][left ] [IK #] count= 150, mean=0.466667+-1.62475, max = 10, histogram = [[<1:136], [<3:4], [<5:6], [<7:2], [<9:0], [<11:2], [<30:0], ], 
03-24 10:07:00.574  2307  2337 I [OAO] ShellOverlayApp: Sleep timeout exceeded. Timeout:929.697798, Now:929.697799. Sleeping... 
03-24 10:07:00.574  2307  2337 I [OAO] ShellOverlayApp: WaitForWake: VrThread entering waiting state
03-24 10:07:00.584  2226  2304 I PerformanceManager: SetClockLevels: Apply pending clock request change: 2,3 -> 2,2
03-24 10:07:00.584  2226  2278 I Clocks  : ReleaseClocks - start
03-24 10:07:00.584  2226  2278 I Clocks  : ReleaseClocks - end (0.5 ms)
03-24 10:07:00.584   713   764 D android.hardware.power@1.3-service-libperfmgr: Unset hint for clock domain: 0
03-24 10:07:00.585  2226  2278 I Clocks  : LockClocks( cpu=2, gpu=2 ) - start
03-24 10:07:00.585  2226  2278 I Clocks  : CPU levels [0, 4]
03-24 10:07:00.585  2226  2278 I Clocks  : GPU levels [0, 5]
03-24 10:07:00.585  2226  2278 I Clocks  : LockClocks( cpu=2, gpu=2 ) - end (0.5 ms)
03-24 10:07:00.585   713   764 D android.hardware.power@1.3-service-libperfmgr: Unset hint for clock domain: 1
03-24 10:07:00.586   713   764 D android.hardware.power@1.3-service-libperfmgr: set performance level 2, domain 0
03-24 10:07:00.587   713   764 D android.hardware.power@1.3-service-libperfmgr: set performance level 2, domain 1
03-24 10:07:00.588  2635  5073 I VrApi   : FPS=73/72,Prd=36ms,Tear=0,Early=1,Stale=9,VSnc=1,Lat=0,Fov=0D,CPU4/GPU=2/3,1171/490MHz,OC=FF,TA=0/0/0,SP=N/N/N,Mem=200MHz,Free=3726MB,PLS=0,Temp=40.7C/0.0C,TW=4.19ms,App=0.32ms,GD=0.00ms,CPU&GPU=2.96ms,LCnt=4,GPU%=0.34,CPU%=0.24(W0.37),DSF=1.00
03-24 10:07:00.661  3217  3240 I Clay    : BaseApp: Entering hibernation now
03-24 10:07:00.793  2368  2478 W OsSdk   : Requested historical tracking state too far in the past; oldest: 681.580063s, requested: 219.434370s
03-24 10:07:00.876  2226  2304 I PerformanceManager: SetClockLevels: Apply pending clock request change: 2,2 -> 1,2
03-24 10:07:00.876  2226  2278 I Clocks  : ReleaseClocks - start
03-24 10:07:00.876  2226  2278 I Clocks  : ReleaseClocks - end (0.5 ms)
03-24 10:07:00.876  2226  2278 I Clocks  : LockClocks( cpu=1, gpu=2 ) - start
03-24 10:07:00.877   713   764 D android.hardware.power@1.3-service-libperfmgr: Unset hint for clock domain: 0
03-24 10:07:00.877  2226  2278 I Clocks  : CPU levels [0, 4]
03-24 10:07:00.877  2226  2278 I Clocks  : GPU levels [0, 5]
03-24 10:07:00.877   713   764 D android.hardware.power@1.3-service-libperfmgr: Unset hint for clock domain: 1
03-24 10:07:00.877  2226  2278 I Clocks  : LockClocks( cpu=1, gpu=2 ) - end (0.9 ms)
03-24 10:07:00.877   713   764 D android.hardware.power@1.3-service-libperfmgr: set performance level 1, domain 0
03-24 10:07:00.878   713   764 D android.hardware.power@1.3-service-libperfmgr: set performance level 2, domain 1
03-24 10:07:01.424   838  3632 I [CT]    : HealthReport: Everything Passed =)
03-24 10:07:01.433   727  1578 I hash_map_utils: key: 'snd_device_in' value: ''
03-24 10:07:01.435   727  1578 I hash_map_utils: key: 'snd_device_out' value: ''
03-24 10:07:01.560   706  1076 D audio_hw_primary: out_standby: enter: stream (0xe85a5000) usecase(1: low-latency-playback)
03-24 10:07:01.584   706  1076 D audio_hw_primary: disable_audio_route: reset and update mixer path: low-latency-playback
03-24 10:07:01.585   706  1076 D msm8974_platform: platform_split_snd_device: snd_device(2) num devices(0) new_snd_devices(0)
03-24 10:07:01.585   706  1076 I msm8974_platform: platform_get_custom_mtmx_params: no matching param with id 0 ip_ch 2 op_ch 2 uc_id 1 snd_dev 2
03-24 10:07:01.585   706  1076 D hardware_info: hw_info_append_hw_type : device_name = speaker
03-24 10:07:01.585   706  1076 D msm8974_platform: platform_split_snd_device: snd_device(2) num devices(0) new_snd_devices(0)
03-24 10:07:01.585   706  1076 D audio_hw_primary: out_standby: exit
03-24 10:07:01.589  2635  5073 I VrApi   : FPS=73/72,Prd=36ms,Tear=0,Early=0,Stale=0,VSnc=1,Lat=0,Fov=0D,CPU4/GPU=1/2,940/441MHz,OC=FF,TA=0/0/0,SP=N/N/N,Mem=1353MHz,Free=3726MB,PLS=0,Temp=40.7C/0.0C,TW=4.64ms,App=0.35ms,GD=0.00ms,CPU&GPU=3.03ms,LCnt=4,GPU%=0.37,CPU%=0.21(W0.29),DSF=1.00
03-24 10:07:01.641   717   717 E WifiHAL : handleResponse: OTHER_RX_MULTICAST_CNT not found
03-24 10:07:01.644   717   717 E WifiHAL : wifi_get_ring_data: Error -5 happened. 
03-24 10:07:01.645  1081  1104 E WifiVendorHal: getRingBufferData(l.1675) failed {.code = ERROR_INVALID_ARGS, .description = }
03-24 10:07:01.654   673  5296 E ResolverController: No valid NAT64 prefix (100, <unspecified>/0)
03-24 10:07:01.658   673  5298 E ResolverController: No valid NAT64 prefix (100, <unspecified>/0)
03-24 10:07:01.662   673  5300 E ResolverController: No valid NAT64 prefix (100, <unspecified>/0)
03-24 10:07:01.665   673  5302 E ResolverController: No valid NAT64 prefix (100, <unspecified>/0)
03-24 10:07:01.669   673  5304 E ResolverController: No valid NAT64 prefix (100, <unspecified>/0)
03-24 10:07:01.672   673  5307 E ResolverController: No valid NAT64 prefix (100, <unspecified>/0)
03-24 10:07:01.676   673  5308 E ResolverController: No valid NAT64 prefix (100, <unspecified>/0)
03-24 10:07:01.678  1081  1104 D wifi-jni: no kernel logs
03-24 10:07:01.679   673  5309 E ResolverController: No valid NAT64 prefix (100, <unspecified>/0)
03-24 10:07:01.679   673  5310 E ResolverController: No valid NAT64 prefix (100, <unspecified>/0)
03-24 10:07:01.685  3786  3786 E adbd    : failed to connect to socket 'tcp:6666': Connection refused
