03-24 10:42:19.949  1026  1467 I DisplayManagerService: Display device added: DisplayDeviceInfo{"com.oculus.android_panel_app.AndroidPanelLayer-#main": uniqueId="virtual:com.oculus.systemux,10026,com.oculus.android_panel_app.AndroidPanelLayer-#main,0", 845 x 180, modeId 6, defaultModeId 6, supportedModes [{id=6, width=845, height=180, fps=60.0}], colorMode 0, supportedColorModes [0], HdrCapabilities null, density 200, 200.0 x 200.0 dpi, appVsyncOff 0, presDeadline 16666666, touch NONE, rotation 0, type VIRTUAL, state OFF, owner com.oculus.systemux (uid 10026), FLAG_PRIVATE, FLAG_NEVER_BLANK, FLAG_OWN_CONTENT_ONLY}
03-24 10:42:19.955  3066  3066 I AndroidPanelApp: layerTransform: Showing panel layer "#main" in VrShell with width 845, height 180, position( 0.000000 , 0.000000 ), rotation (0.000000 , 0.000000 , 0.000000 )  hit-testable true, shape 1, and system-positioned true. Density: 4680.000000. Supersampled: false 
03-24 10:42:19.955  3066  3066 I AndroidPanelApp: ensurePanelLayer(layer: tablet, width: 768, height: 340, resize: NONE, view creator: tablet)
03-24 10:42:19.955  3066  3066 I AndroidPanelApp: ensurePanelLayer(layer: tablet, width: 768, height: 340, resize behavior: NONE)
03-24 10:42:19.956  3066  3066 I AndroidPanelLayer: Setting spec for layer "tablet"
03-24 10:42:19.956  3066  3066 I AndroidPanelLayer: Setting size of layer "tablet" to have width 960 and height 425
03-24 10:42:19.956  3066  3066 I AndroidPanelLayer: Destroying presentation for layer "tablet".
03-24 10:42:19.956  3066  3066 I AndroidPanelLayer: Creating presentation for layer "tablet" with width 960 and height 425
03-24 10:42:19.956  1026  1467 I DisplayManagerService: Display device added: DisplayDeviceInfo{"com.oculus.android_panel_app.AndroidPanelLayer-tablet": uniqueId="virtual:com.oculus.systemux,10026,com.oculus.android_panel_app.AndroidPanelLayer-tablet,0", 960 x 425, modeId 7, defaultModeId 7, supportedModes [{id=7, width=960, height=425, fps=60.0}], colorMode 0, supportedColorModes [0], HdrCapabilities null, density 200, 200.0 x 200.0 dpi, appVsyncOff 0, presDeadline 16666666, touch NONE, rotation 0, type VIRTUAL, state OFF, owner com.oculus.systemux (uid 10026), FLAG_PRIVATE, FLAG_NEVER_BLANK, FLAG_OWN_CONTENT_ONLY}
03-24 10:42:19.959  3066  3066 D [SUI] HostView: Constructing HostView
03-24 10:42:19.959  3066  3066 D [SUI] HostView: Initializing HostView
03-24 10:42:19.962  3066  3066 D [SUI] EmptyView: Constructing EmptyView
03-24 10:42:19.963  3066  3066 D [SUI] EmptyView: Initializing EmptyView
03-24 10:42:19.963  3066  3066 D [SUI] EmptyView: Showing EmptyView
03-24 10:42:19.964  3066  3066 I AndroidPanelApp: measureLayerView with initial width 960, initial height 425, resize behavior NONE.
03-24 10:42:19.964  3066  3066 I AndroidPanelApp: Measured width 960 and height 425.
03-24 10:42:19.964  3066  3066 I AndroidPanelLayer: Setting size of layer "tablet" to have width 960 and height 425
03-24 10:42:19.965  1026  1055 W InputReader: Device has associated, but no associated display id.
03-24 10:42:19.966  3066  3066 I AndroidPanelApp: layerTransform: Showing panel layer "tablet" in VrShell with width 960, height 425, position( 0.000000 , 0.000000 ), rotation (0.000000 , 0.000000 , 0.000000 )  hit-testable true, shape 1, and system-positioned true. Density: 4680.000000. Supersampled: false 
03-24 10:42:19.966  3066  3066 I AndroidPanelApp: ensurePanelLayer(layer: tabletNav, width: 216, height: 340, resize: NONE, view creator: tabletNav)
03-24 10:42:19.966  3066  3066 I AndroidPanelApp: ensurePanelLayer(layer: tabletNav, width: 216, height: 340, resize behavior: NONE)
03-24 10:42:19.966  3066  3066 I AndroidPanelLayer: Setting spec for layer "tabletNav"
03-24 10:42:19.966  3066  3066 I AndroidPanelLayer: Setting size of layer "tabletNav" to have width 270 and height 425
03-24 10:42:19.966  3066  3066 I AndroidPanelLayer: Destroying presentation for layer "tabletNav".
03-24 10:42:19.967  3066  3066 I AndroidPanelLayer: Creating presentation for layer "tabletNav" with width 270 and height 425
03-24 10:42:19.967  1026  1564 I DisplayManagerService: Display device added: DisplayDeviceInfo{"com.oculus.android_panel_app.AndroidPanelLayer-tabletNav": uniqueId="virtual:com.oculus.systemux,10026,com.oculus.android_panel_app.AndroidPanelLayer-tabletNav,0", 270 x 425, modeId 8, defaultModeId 8, supportedModes [{id=8, width=270, height=425, fps=60.0}], colorMode 0, supportedColorModes [0], HdrCapabilities null, density 200, 200.0 x 200.0 dpi, appVsyncOff 0, presDeadline 16666666, touch NONE, rotation 0, type VIRTUAL, state OFF, owner com.oculus.systemux (uid 10026), FLAG_PRIVATE, FLAG_NEVER_BLANK, FLAG_OWN_CONTENT_ONLY}
03-24 10:42:19.968  1590  9074 W ContextImpl: Calling a method in the system process without a qualified user: android.app.ContextImpl.sendBroadcast:1057 android.content.ContextWrapper.sendBroadcast:448 X.Je.A00:155 X.Je.handleMessage:80 android.os.Handler.dispatchMessage:107 
03-24 10:42:19.968  1026  1057 E DisplayModeDirector: Asked about unknown display, returning empty allowed set! (id=3)
03-24 10:42:19.968  1026  1057 E DisplayModeDirector: Asked about unknown display, returning empty allowed set! (id=4)
03-24 10:42:19.970  3066  3066 D [SUI] NavHostView: Constructing NavHostView
03-24 10:42:19.970  3066  3066 D [SUI] NavHostView: Initializing NavHostView
03-24 10:42:19.973  3066  3066 D [SUI] AnytimeUIPanelAppBase: Acquiring viewModel SettingsViewModel refCount: 2
03-24 10:42:19.973  3066  3066 D [SUI] AnytimeUIPanelAppBase: Releasing viewModel SettingsViewModel refCount: 1
03-24 10:42:19.979  3066  3066 D [SUI] AnytimeUIPanelAppBase: Acquiring viewModel SettingsViewModel refCount: 2
03-24 10:42:19.981  1026  1055 W InputReader: Device has associated, but no associated display id.
03-24 10:42:19.982  3066  3066 I AndroidPanelApp: measureLayerView with initial width 270, initial height 425, resize behavior NONE.
03-24 10:42:19.982  3066  3066 I AndroidPanelApp: Measured width 270 and height 425.
03-24 10:42:19.982  3066  3066 I AndroidPanelLayer: Setting size of layer "tabletNav" to have width 270 and height 425
03-24 10:42:19.984  3066  3066 I AndroidPanelApp: layerTransform: Showing panel layer "tabletNav" in VrShell with width 270, height 425, position( 0.000000 , 0.000000 ), rotation (0.000000 , 0.000000 , 0.000000 )  hit-testable true, shape 1, and system-positioned true. Density: 4680.000000. Supersampled: false 
03-24 10:42:19.985  3066  3066 I AndroidPanelApp: ensurePanelLayer(layer: tabletContent, width: 552, height: 340, resize: NONE, view creator: tabletContent)
03-24 10:42:19.985  3066  3066 I AndroidPanelApp: ensurePanelLayer(layer: tabletContent, width: 552, height: 340, resize behavior: NONE)
03-24 10:42:19.985  3066  3066 I AndroidPanelLayer: Setting spec for layer "tabletContent"
03-24 10:42:19.985  3066  3066 I AndroidPanelLayer: Setting size of layer "tabletContent" to have width 690 and height 425
03-24 10:42:19.985  3066  3066 I AndroidPanelLayer: Destroying presentation for layer "tabletContent".
03-24 10:42:19.985  3066  3066 I AndroidPanelLayer: Creating presentation for layer "tabletContent" with width 690 and height 425
03-24 10:42:19.986  1026  1467 I DisplayManagerService: Display device added: DisplayDeviceInfo{"com.oculus.android_panel_app.AndroidPanelLayer-tabletContent": uniqueId="virtual:com.oculus.systemux,10026,com.oculus.android_panel_app.AndroidPanelLayer-tabletContent,0", 690 x 425, modeId 9, defaultModeId 9, supportedModes [{id=9, width=690, height=425, fps=60.0}], colorMode 0, supportedColorModes [0], HdrCapabilities null, density 200, 200.0 x 200.0 dpi, appVsyncOff 0, presDeadline 16666666, touch NONE, rotation 0, type VIRTUAL, state OFF, owner com.oculus.systemux (uid 10026), FLAG_PRIVATE, FLAG_NEVER_BLANK, FLAG_OWN_CONTENT_ONLY}
03-24 10:42:19.987  1026  1057 W InputReader: Device has associated, but no associated display id.
03-24 10:42:19.987  1026  1057 I ActivityTaskManager: Override config changes=20005df8 {0.0 ?mcc?mnc ?localeList ?layoutDir sw144dp w676dp h144dp 200dpi nrml long land ?uimode ?night -touch qwerty/v/v -nav/h winConfig={ mBounds=Rect(0, 0 - 845, 180) mAppBounds=Rect(0, 0 - 845, 180) mWindowingMode=fullscreen mDisplayWindowingMode=fullscreen mActivityType=undefined mAlwaysOnTop=undefined mRotation=ROTATION_0}} for displayId=2
03-24 10:42:19.989  3066  3066 D [SUI] ContentHostView: Constructing ContentHostView
03-24 10:42:19.989  3066  3066 D [SUI] ContentHostView: Initializing ContentHostView
03-24 10:42:19.991  3066  3066 D [SUI] EmptyContentView: Constructing EmptyContentView
03-24 10:42:19.991  3066  3066 D [SUI] EmptyContentView: Initializing EmptyContentView
03-24 10:42:19.991  3066  3066 D [SUI] EmptyContentView: Showing EmptyContentView
03-24 10:42:19.991  3066  3066 I AndroidPanelApp: measureLayerView with initial width 690, initial height 425, resize behavior NONE.
03-24 10:42:19.991  3066  3066 I AndroidPanelApp: Measured width 690 and height 425.
03-24 10:42:19.991  3066  3066 I AndroidPanelLayer: Setting size of layer "tabletContent" to have width 690 and height 425
03-24 10:42:19.993  3066  3066 I AndroidPanelApp: layerTransform: Showing panel layer "tabletContent" in VrShell with width 690, height 425, position( 0.000000 , 0.000000 ), rotation (0.000000 , 0.000000 , 0.000000 )  hit-testable true, shape 1, and system-positioned true. Density: 4680.000000. Supersampled: false 
03-24 10:42:19.993  3066  3066 I CppPanelService: BEGIN: nativeInitializePanelInstance - Configure and set up thread polling.
03-24 10:42:19.993  3066  3066 I CppPanelService: BEGIN: Call hosted app's Configure method.
03-24 10:42:19.993  3066  3066 I CppPanelService: END: Call hosted app's Configure method.
03-24 10:42:19.993  3066  3066 I CppPanelService: END: nativeInitializePanelInstance - Add fd 33 to looper with error code 1
03-24 10:42:19.993  3066  3066 D CppPanelService: END: Initializing panel application via MSG_CREATE_PANEL_APP.
03-24 10:42:19.993  3066  3066 D MobileConfigBaseClient: Connected to MobileConfigService
03-24 10:42:19.999  3066  9059 D [SUI] AnytimeUIPanelAppBase: Finished Initializing Oculus User Manager
03-24 10:42:20.000  1026  1055 W InputReader: Device has associated, but no associated display id.
03-24 10:42:20.006  1026  1057 W InputReader: Device has associated, but no associated display id.
03-24 10:42:20.007  1026  1057 I ActivityTaskManager: Override config changes=20005df8 {0.0 ?mcc?mnc ?localeList ?layoutDir sw340dp w768dp h340dp 200dpi nrml long land ?uimode ?night -touch qwerty/v/v -nav/h winConfig={ mBounds=Rect(0, 0 - 960, 425) mAppBounds=Rect(0, 0 - 960, 425) mWindowingMode=fullscreen mDisplayWindowingMode=fullscreen mActivityType=undefined mAlwaysOnTop=undefined mRotation=ROTATION_0}} for displayId=3
03-24 10:42:20.016  1026  1055 W InputReader: Device has associated, but no associated display id.
03-24 10:42:20.021  3066  3066 V InitializeAsyncTask: Initialization finished with [] notifs
03-24 10:42:20.022  3066  3066 V [SUI] AnytimeUIAndroidPanelAppV2: Setting notifs badge
03-24 10:42:20.022  3066  3066 I [SUI] OVRAuthHelper: fetchAuthToken - completed, result: -1
03-24 10:42:20.022  3066  9060 I PersistedNotificationSourceHandler: Fetching persisted notifs
03-24 10:42:20.022  3066  9060 V PersistedNotificationSourceHandler: Starting retrieval of notifications in background
03-24 10:42:20.023  1483  9079 I OSUpdateService: Intent with action system_battery_changed
03-24 10:42:20.026  3066  3066 D [SUI] AnytimeUIBroadcastReceiver: action: com.oculus.systemactivities.CAPTURE_STATE_UPDATE
03-24 10:42:20.026  1026  1057 W InputReader: Device has associated, but no associated display id.
03-24 10:42:20.026  1026  1057 I ActivityTaskManager: Override config changes=20005df8 {0.0 ?mcc?mnc ?localeList ?layoutDir sw216dp w216dp h340dp 200dpi smll port ?uimode ?night -touch qwerty/v/v -nav/h winConfig={ mBounds=Rect(0, 0 - 270, 425) mAppBounds=Rect(0, 0 - 270, 425) mWindowingMode=fullscreen mDisplayWindowingMode=fullscreen mActivityType=undefined mAlwaysOnTop=undefined mRotation=ROTATION_0}} for displayId=4
03-24 10:42:20.026  3066  3066 I [SUI] AnytimeUIBroadcastReceiver: handleCaptureStateUpdate: captureToDisk false, captureEnabled false, instantReplay false, isCapturingAbuseReport false, abuseRecordingUUID null
03-24 10:42:20.027  3066  3066 I [SUI] TabletNavUtil: PreferencesListener::onChanged([multi_user_beta_enabled_key])
03-24 10:42:20.028  3066  3066 I NotificationManagerSourceHandler: Dataset has changed
03-24 10:42:20.029  1026  1057 E DisplayModeDirector: Asked about unknown display, returning empty allowed set! (id=5)
03-24 10:42:20.035  1026  1057 W InputReader: Device has associated, but no associated display id.
03-24 10:42:20.035  1026  1057 I ActivityTaskManager: Override config changes=20005df8 {0.0 ?mcc?mnc ?localeList ?layoutDir sw340dp w552dp h340dp 200dpi nrml land ?uimode ?night -touch qwerty/v/v -nav/h winConfig={ mBounds=Rect(0, 0 - 690, 425) mAppBounds=Rect(0, 0 - 690, 425) mWindowingMode=fullscreen mDisplayWindowingMode=fullscreen mActivityType=undefined mAlwaysOnTop=undefined mRotation=ROTATION_0}} for displayId=5
03-24 10:42:20.072  3066  3066 I NotificationManagerSourceHandler: Dataset has changed
03-24 10:42:20.375  3066  9060 V PersistedNotificationSourceHandler: Successfully retrieved notifications from network
03-24 10:42:20.461  3066  9060 V InitializeOneAsyncTask: Retrieving notif icons complete
03-24 10:42:20.461  3066  3066 V NotificationDatasetProxy: Adding new notif PersistedNotification{id: 61304028381048} to central list
03-24 10:42:20.463  3066  3066 V NotificationDatasetProxy: Adding new notif PersistedNotification{id: 61304000327398} to central list
03-24 10:42:20.463  3066  3066 V NotificationDatasetProxy: Adding new notif PersistedNotification{id: 61303995673548} to central list
03-24 10:42:20.463  2592  9040 I VrApi   : FPS=72/72,Prd=170808ms,Tear=0,Early=0,Stale=0,VSnc=1,Lat=0,Fov=0D,CPU4/GPU=1/2,940/441MHz,OC=FF,TA=0/0/0,SP=N/N/N,Mem=1353MHz,Free=3828MB,PLS=0,Temp=38.5C/0.0C,TW=2.21ms,App=0.00ms,GD=0.00ms,CPU&GPU=0.29ms,LCnt=4,GPU%=0.17,CPU%=0.00(W0.00),DSF=1.00
03-24 10:42:20.463  3066  3066 V InitializeOneAsyncTask: Initialization finished with [PersistedNotification{id: 61304028381048}, PersistedNotification{id: 61304000327398}, PersistedNotification{id: 61303995673548}] notifs
03-24 10:42:20.463  3066  3066 V [SUI] AnytimeUIAndroidPanelAppV2: Setting notifs badge
03-24 10:42:20.549  1590  9090 W ContextImpl: Calling a method in the system process without a qualified user: android.app.ContextImpl.sendBroadcast:1057 android.content.ContextWrapper.sendBroadcast:448 X.Je.A00:155 X.Je.handleMessage:80 android.os.Handler.dispatchMessage:107 
03-24 10:42:20.693  2299  9052 I Telemetry: App memory usage: PSS=75MB DalvikPSS=3 MB
03-24 10:42:20.723  3193  3193 E adbd    : failed to connect to socket 'tcp:6666': Connection refused
03-24 10:42:20.821   730  8431 I hash_map_utils: key: 'snd_device_in' value: ''
03-24 10:42:20.822   730  8431 I hash_map_utils: key: 'snd_device_out' value: ''
03-24 10:42:21.136   709   709 D audio_hw_primary: out_standby: enter: stream (0xef030800) usecase(0: deep-buffer-playback)
03-24 10:42:21.273   709   709 D audio_hw_primary: disable_audio_route: reset and update mixer path: deep-buffer-playback
03-24 10:42:21.274   709   709 D msm8974_platform: platform_split_snd_device: snd_device(2) num devices(0) new_snd_devices(0)
03-24 10:42:21.274   709   709 I msm8974_platform: platform_get_custom_mtmx_params: no matching param with id 0 ip_ch 2 op_ch 2 uc_id 0 snd_dev 2
03-24 10:42:21.274   709   709 D hardware_info: hw_info_append_hw_type : device_name = speaker
03-24 10:42:21.274   709   709 D msm8974_platform: platform_split_snd_device: snd_device(2) num devices(0) new_snd_devices(0)
03-24 10:42:21.274   709   709 D audio_hw_primary: out_standby: exit
03-24 10:42:21.295  3193  3193 E adbd    : failed to connect to socket 'tcp:6666': Connection refused
03-24 10:42:21.465  2592  9040 I VrApi   : FPS=72/72,Prd=171808ms,Tear=0,Early=0,Stale=0,VSnc=1,Lat=0,Fov=0D,CPU4/GPU=1/2,940/441MHz,OC=FF,TA=0/0/0,SP=N/N/N,Mem=1353MHz,Free=3827MB,PLS=0,Temp=38.5C/0.0C,TW=2.21ms,App=0.00ms,GD=0.00ms,CPU&GPU=0.22ms,LCnt=4,GPU%=0.16,CPU%=0.02(W0.05),DSF=1.00
03-24 10:42:21.469  2221  2297 I PerformanceManager: SetClockLevels: Apply pending clock request change: 1,2 -> 1,1
03-24 10:42:21.469  2221  2262 I Clocks  : ReleaseClocks - start
03-24 10:42:21.469  2221  2262 I Clocks  : ReleaseClocks - end (0.3 ms)
03-24 10:42:21.469  2221  2262 I Clocks  : LockClocks( cpu=1, gpu=1 ) - start
03-24 10:42:21.470   716   769 D android.hardware.power@1.3-service-libperfmgr: Unset hint for clock domain: 0
03-24 10:42:21.470  2221  2262 I Clocks  : CPU levels [0, 4]
03-24 10:42:21.470  2221  2262 I Clocks  : GPU levels [0, 5]
03-24 10:42:21.470   716   769 D android.hardware.power@1.3-service-libperfmgr: Unset hint for clock domain: 1
03-24 10:42:21.470  2221  2262 I Clocks  : LockClocks( cpu=1, gpu=1 ) - end (0.5 ms)
03-24 10:42:21.471   716   769 D android.hardware.power@1.3-service-libperfmgr: set performance level 1, domain 0
03-24 10:42:21.472   716   769 D android.hardware.power@1.3-service-libperfmgr: set performance level 1, domain 1
03-24 10:42:21.638  2299  2329 I [OAO] ShellOverlayApp: Sleep timeout exceeded. Timeout:182.261084, Now:182.261085. Sleeping... 
03-24 10:42:21.638  2299  2329 I [OAO] ShellOverlayApp: WaitForWake: VrThread entering waiting state
03-24 10:42:21.872  2221  2297 W TelemetryServer: [XRINPUT] HANDTRACKING STATE still mismatched, logging after 10s, retrying to set system setting variable to; 1
03-24 10:42:21.872  2221  2297 W ServiceInputManager: HANDTRACKING STATE mismatched after 2.0141
03-24 10:42:21.886  2221  2297 I ServiceInputManager: HANDTRACKING server resetting Hands_WaitingForUpdateOnSystemSetting without changing internal setting
03-24 10:42:21.886  2221  2297 I ServiceInputManager: HANDTRACKING setting hand tracking on settings manager to 1
03-24 10:42:21.895  2221  2239 I DynamicClocks: DynamicClocksSettingsCallback: khandTrackingEnabled updated to 1
03-24 10:42:21.896  2221  2241 I InputSettingsObserverCallback: InputSettingsObserverCallback: hand_tracking_enabled changed to: 1
03-24 10:42:22.468  2592  9040 I VrApi   : FPS=73/72,Prd=172815ms,Tear=0,Early=0,Stale=0,VSnc=1,Lat=0,Fov=0D,CPU4/GPU=1/1,940/400MHz,OC=FF,TA=0/0/0,SP=N/N/N,Mem=1353MHz,Free=3827MB,PLS=0,Temp=38.5C/0.0C,TW=2.43ms,App=0.00ms,GD=0.00ms,CPU&GPU=0.30ms,LCnt=4,GPU%=0.18,CPU%=0.05(W0.09),DSF=1.00
03-24 10:42:22.545  2221  2288 I Vsync   : Vsync 12386:  2 x 13.90 ms (72.01 Hz, at 183.168)
03-24 10:42:22.726  3193  3193 E adbd    : failed to connect to socket 'tcp:6666': Connection refused
03-24 10:42:22.849   730  1010 I hash_map_utils: key: 'snd_device_in' value: ''
03-24 10:42:22.854   730  8431 I hash_map_utils: key: 'snd_device_out' value: ''
03-24 10:42:23.349  3193  3193 E adbd    : failed to connect to socket 'tcp:6666': Connection refused
03-24 10:42:23.469  2592  9040 I VrApi   : FPS=73/72,Prd=173829ms,Tear=0,Early=0,Stale=0,VSnc=1,Lat=0,Fov=0D,CPU4/GPU=1/1,940/400MHz,OC=FF,TA=0/0/0,SP=N/N/N,Mem=1353MHz,Free=3827MB,PLS=0,Temp=38.5C/0.0C,TW=2.43ms,App=0.00ms,GD=0.00ms,CPU&GPU=0.45ms,LCnt=4,GPU%=0.18,CPU%=0.03(W0.05),DSF=1.00
03-24 10:42:23.642  2221  2288 I Vsync   : Vsync 12465:  2 x 13.89 ms (72.03 Hz, at 184.265)
03-24 10:42:23.753  2221  2288 I Vsync   : Vsync 12473:  2 x 13.87 ms (72.02 Hz, at 184.376)
