03-24 09:54:26.745   727  1251 D AF::TrackHandle: OpPlayAudio: track:61 uid:10026 pkg:com.oculus.systemux usage:10 not muted
03-24 09:54:26.745   727  1385 D AF::TrackHandle: OpPlayAudio: track:61 uid:10026 pkg:com.oculus.systemux usage:10 not muted
03-24 09:54:26.746   727  1251 D AF::TrackHandle: OpPlayAudio: track:56 uid:10014 pkg:com.oculus.shellenv usage:1 not muted
03-24 09:54:26.749  3255  3255 D [SEO] ShellEnvOverlayService: onStartCommand() with action com.oculus.vrshell.SHELL_ENV_NEW_INTENT
03-24 09:54:26.750  3255  3255 W [SEO] IntentParser: Got intent with null or empty value for key "intent_cmd"
03-24 09:54:26.754  3074  3074 D [SUI] AnytimeUIPanelAppBase: Releasing viewModel BarViewModel refCount: 0
03-24 09:54:26.754  3074  3074 D [SUI] BarViewModel: Destroying BarViewModel
03-24 09:54:26.755  3074  3074 D [SUI] AnytimeUIPanelAppBase: Releasing viewModel SettingsViewModel refCount: 0
03-24 09:54:26.755  3074  3074 D [SUI] SettingsViewModel: Destroying ViewModel
03-24 09:54:26.757  3255  3344 I [OAR] DialogControllerManager: Reset
03-24 09:54:26.759  3255  3344 I [OAR] ShellApp: 0xcb561ba8 msg: intent
03-24 09:54:26.759  3255  3344 W [OAR] SystemUXController: Not able to override pending launch so caching: systemux://guardian/update_state
03-24 09:54:26.759  3255  3344 W [OAR] SystemUXController: Clearing existing launch: intent_pkg = com.YourCompany.KilncroftLane
03-24 09:54:26.759  3255  3344 W [OAR] SystemUXController: intent_data = systemux://dialog/app_launch_blocked_controller_required
03-24 09:54:26.759  3255  3344 W [OAR] SystemUXController: intent_action = com.oculus.vrshell.SHELL_ENV_NEW_INTENT
03-24 09:54:26.759  3255  3344 W [OAR] SystemUXController: forwarded_intent_original_action = android.intent.action.MAIN
03-24 09:54:26.759  3255  3344 W [OAR] SystemUXController: _oc_launch_timestamp = 50424
03-24 09:54:26.759  3255  3344 I VrRuntimeClient: Client has gained focus.
03-24 09:54:26.759  3255  3344 I VrApi   : Received ovrRuntime event 5
03-24 09:54:26.759  3255  3344 I VrApi   : Received ovrRuntime event 3
03-24 09:54:26.759  3255  3344 I VrApi   : Unhandled ovrRuntime Event 13
03-24 09:54:26.759  3255  3344 I VrApi   : Received ovrRuntime event 4
03-24 09:54:26.761  3074  3074 D [SUI] AnytimeUIPanelAppBase: Releasing viewModel ProfileViewModel refCount: 0
03-24 09:54:26.761  3074  3074 D [SUI] ProfileViewModel: Destroying ViewModel
03-24 09:54:26.761  3074  3074 D [SUI] AnytimeUIPanelAppBase: Releasing viewModel DestinationUIViewModel refCount: 0
03-24 09:54:26.761  3074  3074 D [SUI] DestinationUIViewModel: Destroying ViewModel
03-24 09:54:26.763  3074  3074 D [SUI] AnytimeUIPanelAppBase: Releasing viewModel SocialViewModel refCount: 1
03-24 09:54:26.763  3074  3074 V NotificationDatasetProxy: Removing listener com.oculus.panelapp.anytimeui.v2.bar.BarView{39ea8c5 V.E...... ........ 0,0-845,110 #7f080072 app:id/bar_view}
03-24 09:54:26.764  3074  3074 I [SUI] AnytimeUIAndroidPanelAppV2: Destroyed AUI PanelApp, isInOverlay: false, instanceCount: 0
03-24 09:54:26.765  3074  3074 E [SUI] AnytimeUIPanelAppBase: ViewModel not released SocialViewModel
03-24 09:54:26.765  3074  3074 D [SUI] SocialViewModel: Destroying ViewModel
03-24 09:54:26.766  3074  3074 I AndroidPanelApp: destroyed
03-24 09:54:26.768  3074  3074 I AndroidPanelLayer: Destroying presentation for layer "tablet".
03-24 09:54:26.772  2226  2295 I TimeWarp: SetSchedFifo( tid=2478, pol=2, pri=0 ) succeeded
03-24 09:54:26.775  2226  2295 I TimeWarp: SetSchedFifo( tid=2770, pol=2, pri=0 ) succeeded
03-24 09:54:26.775  1081  1314 I DisplayManagerService: Display device removed: DisplayDeviceInfo{"com.oculus.android_panel_app.AndroidPanelLayer-tablet": uniqueId="virtual:com.oculus.systemux,10026,com.oculus.android_panel_app.AndroidPanelLayer-tablet,0", 960 x 425, modeId 21, defaultModeId 21, supportedModes [{id=21, width=960, height=425, fps=60.0}], colorMode 0, supportedColorModes [0], HdrCapabilities null, density 200, 200.0 x 200.0 dpi, appVsyncOff 0, presDeadline 16666666, touch NONE, rotation 0, type VIRTUAL, state ON, owner com.oculus.systemux (uid 10026), FLAG_PRIVATE, FLAG_NEVER_BLANK, FLAG_OWN_CONTENT_ONLY}
03-24 09:54:26.775  2226  2295 I TimeWarp: SetSchedFifo( tid=2783, pol=2, pri=0 ) succeeded
03-24 09:54:26.777   706  1076 D msm8974_platform: platform_split_snd_device: snd_device(2) num devices(1) new_snd_devices(0)
03-24 09:54:26.778   706  1076 D ACDB-LOADER: ACDB -> send_audvoltable
03-24 09:54:26.778   706  1076 D ACDB-LOADER: ACDB -> ACDB_CMD_GET_AUDPROC_INSTANCE_GAIN_DEP_STEP_TABLE_SIZE
03-24 09:54:26.778   706  1076 D ACDB-LOADER: ACDB -> ACDB_CMD_GET_AUDPROC_INSTANCE_GAIN_DEP_STEP_TABLE, vol index 9
03-24 09:54:26.778   706  1076 D ACDB-LOADER: ACDB -> AUDIO_SET_VOL_CAL cal type = 40
03-24 09:54:26.778  3074  3074 I AndroidPanelLayer: Destroying presentation for layer "tabletNav".
03-24 09:54:26.778   706  1076 D msm8974_platform: platform_split_snd_device: snd_device(2) num devices(1) new_snd_devices(0)
03-24 09:54:26.778   706  1076 D ACDB-LOADER: ACDB -> send_audvoltable
03-24 09:54:26.779   706  1076 D ACDB-LOADER: ACDB -> ACDB_CMD_GET_AUDPROC_INSTANCE_GAIN_DEP_STEP_TABLE_SIZE
03-24 09:54:26.779   706  1076 D ACDB-LOADER: ACDB -> ACDB_CMD_GET_AUDPROC_INSTANCE_GAIN_DEP_STEP_TABLE, vol index 9
03-24 09:54:26.779   706  1076 D ACDB-LOADER: ACDB -> AUDIO_SET_VOL_CAL cal type = 40
03-24 09:54:26.784  1081  2099 I DisplayManagerService: Display device removed: DisplayDeviceInfo{"com.oculus.android_panel_app.AndroidPanelLayer-tabletNav": uniqueId="virtual:com.oculus.systemux,10026,com.oculus.android_panel_app.AndroidPanelLayer-tabletNav,0", 270 x 425, modeId 22, defaultModeId 22, supportedModes [{id=22, width=270, height=425, fps=60.0}], colorMode 0, supportedColorModes [0], HdrCapabilities null, density 200, 200.0 x 200.0 dpi, appVsyncOff 0, presDeadline 16666666, touch NONE, rotation 0, type VIRTUAL, state ON, owner com.oculus.systemux (uid 10026), FLAG_PRIVATE, FLAG_NEVER_BLANK, FLAG_OWN_CONTENT_ONLY}
03-24 09:54:26.786  3074  3074 I AndroidPanelLayer: Destroying presentation for layer "#main".
03-24 09:54:26.799  1081  1103 E InputDispatcher: Window handle Window{7a15bab u0 com.oculus.systemux} has no registered input channel
03-24 09:54:26.799  1081  1463 I DisplayManagerService: Display device removed: DisplayDeviceInfo{"com.oculus.android_panel_app.AndroidPanelLayer-#main": uniqueId="virtual:com.oculus.systemux,10026,com.oculus.android_panel_app.AndroidPanelLayer-#main,0", 845 x 110, modeId 24, defaultModeId 24, supportedModes [{id=24, width=845, height=110, fps=60.0}], colorMode 0, supportedColorModes [0], HdrCapabilities null, density 200, 200.0 x 200.0 dpi, appVsyncOff 0, presDeadline 16666666, touch NONE, rotation 0, type VIRTUAL, state ON, owner com.oculus.systemux (uid 10026), FLAG_PRIVATE, FLAG_NEVER_BLANK, FLAG_OWN_CONTENT_ONLY}
03-24 09:54:26.803  3074  3074 I AndroidPanelLayer: Destroying presentation for layer "tabletContent".
03-24 09:54:26.808  1081  1103 I DisplayManagerService: Display device removed: DisplayDeviceInfo{"com.oculus.android_panel_app.AndroidPanelLayer-tabletContent": uniqueId="virtual:com.oculus.systemux,10026,com.oculus.android_panel_app.AndroidPanelLayer-tabletContent,0", 690 x 425, modeId 23, defaultModeId 23, supportedModes [{id=23, width=690, height=425, fps=60.0}], colorMode 0, supportedColorModes [0], HdrCapabilities null, density 200, 200.0 x 200.0 dpi, appVsyncOff 0, presDeadline 16666666, touch NONE, rotation 0, type VIRTUAL, state ON, owner com.oculus.systemux (uid 10026), FLAG_PRIVATE, FLAG_NEVER_BLANK, FLAG_OWN_CONTENT_ONLY}
03-24 09:54:26.811  3074  3074 D CppPanelService: onDestroy()
03-24 09:54:26.811  3074  3074 I CppPanelService: VR Shell socket closed(ECONNRESET); shutting down fd: 42
03-24 09:54:26.811  3074  3074 I CppPanelService: Quitting application via hardExit flag due to unexpected socket closure on fd 42.
03-24 09:54:26.811  3074  3074 I DialogPanel: Destroyed
03-24 09:54:26.811  3074  3074 I DialogUI: Destroying dialog
03-24 09:54:26.813  3074  3074 V RequestManager: RequestManager::Shutdown start
03-24 09:54:26.813  3074  3074 V RequestManager: RequestManager::Shutdown done
03-24 09:54:26.857  3074  3074 D CppPanelService: onDestroy()
03-24 09:54:26.858  1081  1314 I ActivityManager: Killing 2701:com.android.localtransport/1000 (adj 975): empty #17
03-24 09:54:26.858  1081  1314 I ActivityManager: Killing 2587:com.oculus.linefrequencyservice/1000 (adj 985): empty #18
03-24 09:54:26.886   674   674 I Zygote  : Process 2587 exited due to signal 9 (Killed)
03-24 09:54:26.904   674   674 I Zygote  : Process 2701 exited due to signal 9 (Killed)
03-24 09:54:26.909  3217  3240 I Clay    : EnvironmentSystem: computed visibility changed from Hidden to Unload (reason: Paused)
03-24 09:54:26.909  3217  3240 I Clay    : EnvironmentStateSystem: Clearing IR due to pausing
03-24 09:54:26.909  3217  3240 I Clay    : EnvironmentSystem: setCurrentEnvironment from 'apk://com.oculus.environment.prod.spacestation/assets/scene.zip' to ''
03-24 09:54:26.919  1081  1125 I libprocessgroup: Successfully killed process cgroup uid 1000 pid 2701 in 60ms
03-24 09:54:26.919  1081  1125 I libprocessgroup: Successfully killed process cgroup uid 1000 pid 2587 in 0ms
03-24 09:54:26.942  2226  3302 I VrRuntimeService: DestroySwapChain: swapchain=147
03-24 09:54:26.943  2226  3302 I VrRuntimeServer: DestroyTextureSwapChain: result destroyswapchain 1
03-24 09:54:26.943  2226  3302 I VrRuntimeService: DestroySwapChain: swapchain=143
03-24 09:54:26.944  2226  3302 I VrRuntimeServer: DestroyTextureSwapChain: result destroyswapchain 1
03-24 09:54:26.944  2226  3302 I VrRuntimeService: DestroySwapChain: swapchain=141
03-24 09:54:26.944  2226  3302 I VrRuntimeServer: DestroyTextureSwapChain: 0x742210f000: 2D_EXTERNAL destroy deferred
03-24 09:54:26.944  2226  3302 I VrRuntimeService: DestroySwapChain: swapchain=140
03-24 09:54:26.944  2226  3302 I VrRuntimeServer: DestroyTextureSwapChain: 0x743768c000: 2D_EXTERNAL destroy deferred
03-24 09:54:26.944  2226  3302 I VrRuntimeService: DestroySwapChain: swapchain=139
03-24 09:54:26.944  2226  3302 I VrRuntimeServer: DestroyTextureSwapChain: 0x743751c000: 2D_EXTERNAL destroy deferred
03-24 09:54:26.950  1556 10191 W ContextImpl: Calling a method in the system process without a qualified user: android.app.ContextImpl.sendBroadcast:1057 android.content.ContextWrapper.sendBroadcast:448 X.Je.A00:155 X.Je.handleMessage:80 android.os.Handler.dispatchMessage:107 
03-24 09:54:27.098  2368  2440 D RuntimeIPCServerMgr: RegisterClient: Client: com.android.permissioncontroller:com.android.permissioncontroller:2635, Server: com.oculus.guardian:com.oculus.vrguardianservice (guardianserver)
03-24 09:54:27.098  2368 10195 I JniUtils: Creating temporary JNIEnv. This is a heavy operation and should be infrequent. To optimize, use JNI AttachCurrentThread on calling thread
03-24 09:54:27.099  2368 10195 I chatty  : uid=10068(com.oculus.guardian) Thread-42 identical 2 lines
03-24 09:54:27.100  2368 10195 I JniUtils: Creating temporary JNIEnv. This is a heavy operation and should be infrequent. To optimize, use JNI AttachCurrentThread on calling thread
03-24 09:54:27.100  2368 10195 W REFLECT : Broadcasting 964669915, com.android.permissioncontroller, com.android.permissioncontroller:2635
03-24 09:54:27.115  2226  2302 D RuntimeIPCServerMgr: RegisterClient: Client: com.android.permissioncontroller:com.android.permissioncontroller:2635, Server: com.oculus.systemdriver:com.oculus.vrruntimeservice (RuntimeServiceServer)
03-24 09:54:27.115  2226 10196 I JniUtils: Creating temporary JNIEnv. This is a heavy operation and should be infrequent. To optimize, use JNI AttachCurrentThread on calling thread
03-24 09:54:27.116  2226 10196 I chatty  : uid=10025(com.oculus.systemdriver) Thread-57 identical 2 lines
03-24 09:54:27.116  2226 10196 I JniUtils: Creating temporary JNIEnv. This is a heavy operation and should be infrequent. To optimize, use JNI AttachCurrentThread on calling thread
03-24 09:54:27.116  2226 10196 I VrRuntimeService: RuntimeIPC: IPC_SYSTEM_EVENT_CLIENT_CONNECTED: com.android.permissioncontroller:2635, Version: 1.0, Custom: 1.0
03-24 09:54:27.116  2226 10196 I VrRuntimeService: RuntimeServiceSDKServer::GetSharedMemoryFileDescriptor: 964669915
03-24 09:54:27.116  2226 10196 I VrRuntimeService: GetSharedMemoryFileDescriptor: SharedMemoryType_PublicReadOnly: 33
03-24 09:54:27.117  2226 10196 I VrRuntimeService: RuntimeServiceSDKServer::GetSharedMemoryFileDescriptor: 964669915
03-24 09:54:27.117  2226 10196 I VrRuntimeService: GetSharedMemoryFileDescriptor: SharedMemoryType_PrivateReadWrite: 75
03-24 09:54:27.118  2635 10186 I VrRuntimeClient: nativeRuntimeServiceConnected: publicReadOnlyFd=66, privateReadWriteFd=67
03-24 09:54:27.118  2635  2635 D VrRuntimeClient: VrRuntimeClient: connectionIsReady: true
03-24 09:54:27.118  2635  2635 D VrRuntimeClient: VrRuntimeClient: context.bindService SUCCESS
03-24 09:54:27.118  2635  2635 I VrApi   : vrapi_Initialize: Connected to VrRuntimeService after 0.455206s
03-24 09:54:27.119  2635  2635 D SystemActivitiesReceiver: Registering Oculus System Activity receiver
03-24 09:54:27.122  2635  2635 I Distortion: Initializing Mesh Decenter Correction
03-24 09:54:27.124  2635  2635 I Distortion: EYE_DECENTER ipdMin 58.1364 left H: -8.1595 v: 3.6616  right  H: -4.9562 v: 0.1797
03-24 09:54:27.124  2635  2635 I Distortion: EYE_DECENTER ipdMid 63.0543 left H: 0.7277 v: 2.5898  right  H: 1.0983 v: 2.3797
03-24 09:54:27.124  2635  2635 I Distortion: EYE_DECENTER ipdMax 67.9727 left H: 1.9973 v: 1.518  right  H: -0.1126 v: 2.3797
03-24 09:54:27.124  2635  2635 I Distortion: EYE_DECENTER PIXELS(4) left H: -0.7277 V: -2.5898  right H: -1.0983 V: -2.3797
03-24 09:54:27.124  2635  2635 I Distortion: EYE_DECENTER iad: 0.065, left H: -2.99923e-05 V: -8.50749e-05  right H: -2.99923e-05 V: -7.81732e-05
03-24 09:54:27.124  2635  2635 I Distortion: SetLensPositions - iad=0.065, left offset=0.000769582,-0.00133337, right offset=-0.000829566,-0.00132647
03-24 09:54:27.124  2635  2635 I Distortion: Initializing Mesh Decenter Correction
03-24 09:54:27.124  2635  2635 I Distortion: EYE_DECENTER ipdMin 58.1364 left H: -8.1595 v: 3.6616  right  H: -4.9562 v: 0.1797
03-24 09:54:27.125  2635  2635 I Distortion: EYE_DECENTER ipdMid 63.0543 left H: 0.7277 v: 2.5898  right  H: 1.0983 v: 2.3797
03-24 09:54:27.125  2635  2635 I Distortion: EYE_DECENTER ipdMax 67.9727 left H: 1.9973 v: 1.518  right  H: -0.1126 v: 2.3797
03-24 09:54:27.125  2635  2635 I Distortion: EYE_DECENTER PIXELS(4) left H: -0.7277 V: -2.5898  right H: -1.0983 V: -2.3797
03-24 09:54:27.125  2635  2635 I Distortion: EYE_DECENTER iad: 0.065, left H: -2.99923e-05 V: -8.50749e-05  right H: -2.99923e-05 V: -7.81732e-05
03-24 09:54:27.125  2635  2635 I Distortion: SetLensPositions - iad=0.065, left offset=0.000769582,-0.00133337, right offset=-0.000829566,-0.00132647
03-24 09:54:27.125  2635  2635 I Distortion: Created custom distortion mesh.
03-24 09:54:27.125  2635  2635 I Distortion: ovrDistortionMeshHeader::magic = 0x56347807
03-24 09:54:27.125  2635  2635 I Distortion: ovrDistortionMeshHeader::deviceModel = 0x200
03-24 09:54:27.125  2635  2635 I Distortion: ovrDistortionMeshHeader::headsetModel = 0x104
03-24 09:54:27.125  2635  2635 I Distortion: ovrDistortionMeshHeader::eyeBlocksWide = 32
03-24 09:54:27.125  2635  2635 I Distortion: ovrDistortionMeshHeader::eyeBlocksHigh = 32
03-24 09:54:27.125  2635  2635 I Distortion: ovrDistortionMeshHeader::lensSeparationMeters = 0.065000
03-24 09:54:27.125  2635  2635 I Distortion: ovrDistortionMeshHeader::horizontalOffsetMeters = -0.000030
03-24 09:54:27.125  2635  2635 I Distortion: ovrDistortionMeshHeader::displayWidthMeters = 0.120362
03-24 09:54:27.125  2635  2635 I Distortion: ovrDistortionMeshHeader::displayHeightMeters = 0.063072
03-24 09:54:27.125  2635  2635 I Distortion: ovrDistortionMeshHeader::displayWidthPixels = 3664
03-24 09:54:27.125  2635  2635 I Distortion: ovrDistortionMeshHeader::displayHeightPixels = 1920
03-24 09:54:27.125  2635  2635 I Distortion: ovrDistortionMeshHeader::eyeTextureWidthPixels = 1440
03-24 09:54:27.125  2635  2635 I Distortion: ovrDistortionMeshHeader::eyeTextureHeightPixels = 1584
03-24 09:54:27.125  2635  2635 I Distortion: ovrDistortionMeshHeader::leftEye = up 48.000000 / down 50.000000 / left 49.000000 / right 45.000000
03-24 09:54:27.125  2635  2635 I Distortion: ovrDistortionMeshHeader::rightEye = up 48.000000 / down 50.000000 / left 45.000000 / right 49.000000
03-24 09:54:27.135  2635  2635 I ClientInputInterface: SetChordedSystemButtonGKFlag 1
03-24 09:54:27.144  2635  2635 I ClientInputSettings: SYSTEMBUTTONSPACE GKS freeze '0'  freezeAPI '0'  eattrigger '0'
03-24 09:54:27.145  2635  2635 I ClientInputSettings: SYSTEMBUTTONSPACE 'com.android.permissioncontroller' Freeze input '0' eat trigger '0'  on home button down
03-24 09:54:27.148  2635  2635 I ClientInputSettings: HANDTRACKING: YES! You are on the Hand Tracking Frequency GK :D
03-24 09:54:27.148  2635  2635 I ClientInputInterface: HANDTRACKING sethandtrackingfrequency 0
03-24 09:54:27.157  2635  2635 I ClientInputInterface: HANDTRACKING handtrackingsmallfingeropeningpinchenabled 1
03-24 09:54:27.157  2635  2635 I ClientInputSettings: HANDTRACKING: YES! You are on the Hand Tracking Small Finger Opening Pinch GK :D
03-24 09:54:27.157  2635  2635 I ClientInputSettings: SetInhibitHandleHomeKey = true for com.android.permissioncontroller
03-24 09:54:27.157  2635  2635 I ClientInputInterface: SetInhibitHandleHomeKey 1
03-24 09:54:27.157  2635  2635 I InputHooks: InitializeInputHooks
03-24 09:54:27.157  2635  2635 I InputHooks: InitializeInputHooks create
03-24 09:54:27.157  2635  2635 D VrRuntimeClient: getClient6dofEntitlementMode for com.android.permissioncontroller
03-24 09:54:27.162  2142  2159 W PublicLibraryProvider: Cannot find entitlement for com.android.permissioncontroller
03-24 09:54:27.163  2635  2635 I TREX    : Initializing TREX for client ed81dad0d7823498...
03-24 09:54:27.163  2635  2635 I TREX    : deviceType_ = 2
03-24 09:54:27.163  2635  2635 I TREX    : Initializing system...
03-24 09:54:27.163  2635  2635 I TREX    : Plugin 'com.oculus.superres:libsuperres_plugin.so': No GK killswitch check!
03-24 09:54:27.164  2635  2635 I TREX    : Loading plugin com.oculus.superres:libsuperres_plugin.so
03-24 09:54:27.164  2635  2635 E TREX    : Package 'com.oculus.superres' was not found!
03-24 09:54:27.164  2635  2635 E TREX    : Package com.oculus.superres has an invalid signature!
03-24 09:54:27.165  2635  2635 E TREX    : Skipping load of package com.oculus.superres due to an invalid signature!
03-24 09:54:27.165  2635  2635 I TREX    : Plugin 'com.oculus.superres:libsuperres_plugin.so' not loaded.
03-24 09:54:27.165  2635  2635 I VrApi   : ----------- vrapi_Initialize [end] ----------
03-24 09:54:27.239  1081  1117 W ActivityTaskManager: Activity top resumed state loss timeout for ActivityRecord{26204 u0 com.android.permissioncontroller/com.android.packageinstaller.permission.ui.ReviewPermissionsActivity t198}
03-24 09:54:27.239  1081  1117 W ActivityTaskManager: Activity pause timeout for ActivityRecord{26204 u0 com.android.permissioncontroller/com.android.packageinstaller.permission.ui.ReviewPermissionsActivity t198}
03-24 09:54:27.240  1081  1117 W InputReader: Device has associated, but no associated display id.
03-24 09:54:27.240  1081  1117 W InputReader: Device has associated, but no associated display id.
03-24 09:54:27.242  2226  2226 D VrRuntimeService: onFocusedWindowChanged: focusedWindowToken=android.os.BinderProxy@1da45d1, focusedWindowUid=10014, focusedWindowPid=3217
03-24 09:54:27.242  2226  2226 W ClientMgr: ClientMgr::SetFocusedClient: No focused client
03-24 09:54:27.242  2226  2226 I ClientMgr: Releasing clocks.
03-24 09:54:27.243  3217  3240 I Clay    : Entering VR mode
03-24 09:54:27.243  3217  3240 I ClientInputSettings: SetInhibitHandleHomeKey = true for com.oculus.shellenv
03-24 09:54:27.243  3217  3240 I ClientInputInterface: SetInhibitHandleHomeKey 1
03-24 09:54:27.243  3217  3240 I VrApi   : ---------- vrapi_EnterVrMode [start] ----------
03-24 09:54:27.243  3217  3240 I VrRuntimeClient: Tracing is disabled
03-24 09:54:27.243  3217  3240 I VrRuntimeClient: SysProp debug mode is disabled on Client side
03-24 09:54:27.243  2226  2304 I PerformanceManager: SetClockLevels: Force releasing clocks
03-24 09:54:27.243  2226  2304 I PerformanceManager: SetClockLevels: Apply pending clock request change: 2,3 -> -1,-1
03-24 09:54:27.243  2226  2278 I Clocks  : ReleaseClocks - start
03-24 09:54:27.243  3255  3255 D [SEO] ShellEnvOverlayService: Message Handler: onResume
03-24 09:54:27.243  3255  3255 D [SEO] ShellEnvOverlayService: refreshFromExternalStates application non null:true
03-24 09:54:27.243  3255  3344 I [OAR] ShellApp: 0xcb561ba8 msg: resume
03-24 09:54:27.243  3255  3344 I VrRuntimeClient: Client has lost focus.
03-24 09:54:27.243  3255  3344 I VrApi   : Received ovrRuntime event 5
03-24 09:54:27.243  3255  3344 I [OAR] ShellApp: ---------- ShellApp::EnterVrMode() ----------
03-24 09:54:27.243  3255  3344 D [SEO] ShellApplication: setOverlayInputFocus: inputFocus=true shouldSupportIME=true
03-24 09:54:27.243  3255  3344 D [SEO] BaseOverlayService: setOverlayInputFocus : entrypoint - inputFocus=true shouldSupportIME=true
03-24 09:54:27.244  3255  3344 I [OAR] VrPlatformVrApi: VrPlatformVrApi::SessionBegin
03-24 09:54:27.244  3255  3344 I [OAR] VrPlatformVrApi: vrapi_EnterVrMode()
03-24 09:54:27.244  3255  3344 I VrApi   : ---------- vrapi_EnterVrMode [start] ----------
03-24 09:54:27.244  3255  3255 D [SEO] BaseOverlayService: attachServiceWindowView shouldSupportIME:true
03-24 09:54:27.244  3255  3344 I VrRuntimeClient: Tracing is disabled
03-24 09:54:27.244  3255  3344 I VrRuntimeClient: SysProp debug mode is disabled on Client side
03-24 09:54:27.244   713   764 D android.hardware.power@1.3-service-libperfmgr: Unset hint for clock domain: 0
03-24 09:54:27.244   713   762 W libperfmgr: Failed to write to node: /sys/class/devfreq/soc:qcom,cpu-cpu-llcc-bw/max_freq with value: 2288, fd: 11
03-24 09:54:27.244   713   762 W libperfmgr: Failed to write to node: /sys/class/devfreq/soc:qcom,cpu-llcc-ddr-bw/max_freq with value: 762, fd: 9
03-24 09:54:27.244  2226  2278 I Clocks  : ReleaseClocks - end (1.1 ms)
03-24 09:54:27.244   713   764 D android.hardware.power@1.3-service-libperfmgr: Unset hint for clock domain: 1
03-24 09:54:27.244   713   762 W libperfmgr: Failed to write to node: /sys/class/devfreq/soc:qcom,cpu-cpu-llcc-bw/max_freq with value: 2288, fd: 9
03-24 09:54:27.244   713   762 W libperfmgr: Failed to write to node: /sys/class/devfreq/soc:qcom,cpu-llcc-ddr-bw/max_freq with value: 762, fd: 10
03-24 09:54:27.245  3255  3344 D VrApi   : targetSDKVersion 27
03-24 09:54:27.245  3217  3240 D VrApi   : targetSDKVersion 25
03-24 09:54:27.247   713   764 D android.hardware.power@1.3-service-libperfmgr: LAUNCH OFF
03-24 09:54:27.249  3217  3240 I VrRuntimeClient: DEVICE MODEL NUMBER = Quest 2
03-24 09:54:27.249  3217  3240 I VrRuntimeClient: DEVICE HARDWARE = hollywood
03-24 09:54:27.249  3217  3240 I VrRuntimeClient: DEVICE BUILD NAME = user-1462400.7360.0
03-24 09:54:27.249  3217  3240 I VrRuntimeClient: DEVICE BUILD TYPE = user
03-24 09:54:27.249  3217  3240 I VrRuntimeClient: DEVICE OS VERSION = 10
03-24 09:54:27.249  3255  3344 I VrRuntimeClient: DEVICE MODEL NUMBER = Quest 2
03-24 09:54:27.249  3217  3240 I VrRuntimeClient: VRRUNTIME VERSION = VRAPI_VERSION_BEGIN { 1.1.43.0-274987955-274987955 Feb 23 2021 19:56:04 Development } RELEASE
03-24 09:54:27.249  3217  3240 I VrRuntimeClient: API LOADER VERSION = 1.1.34.0
03-24 09:54:27.249  3255  3344 I VrRuntimeClient: DEVICE HARDWARE = hollywood
03-24 09:54:27.249  3217  3240 I VrRuntimeClient: VRDRIVER VERSION = 26.0.0.41.502
03-24 09:54:27.249  3217  3240 I VrRuntimeClient: APP NAME = ShellEnv
03-24 09:54:27.249  3255  3344 I VrRuntimeClient: DEVICE BUILD NAME = user-1462400.7360.0
03-24 09:54:27.249  3217  3240 I VrRuntimeClient: APP VERSION = 26.0.0.40.502 versionCode 274980181 internalVersionName 26.0.0.40.502.1da17d6e3b32 2021_02_23_18_46
03-24 09:54:27.249  3255  3344 I VrRuntimeClient: DEVICE BUILD TYPE = user
03-24 09:54:27.249  3217  3240 I VrRuntimeClient: APP VR TYPE = vr_only
03-24 09:54:27.249  3217  3240 I VrRuntimeClient: APP MODE TYPE = <none>
03-24 09:54:27.249  3255  3344 I VrRuntimeClient: DEVICE OS VERSION = 10
03-24 09:54:27.249  3217  3240 I VrRuntimeClient: APP PACKAGE NAME = com.oculus.shellenv
03-24 09:54:27.249  3217  3240 I VrRuntimeClient: APP ACTIVITY CLASS = com.oculus.shellenv.ShellEnvActivity
03-24 09:54:27.249  3255  3344 I VrRuntimeClient: VRRUNTIME VERSION = VRAPI_VERSION_BEGIN { 1.1.43.0-274987955-274987955 Feb 23 2021 19:56:04 Development } RELEASE
03-24 09:54:27.249  3255  3344 I VrRuntimeClient: API LOADER VERSION = 1.1.34.0
03-24 09:54:27.249  3217  3240 I Sensor  : OSSDKTRACKING Initializing head tracking
03-24 09:54:27.249  3255  3344 I VrRuntimeClient: VRDRIVER VERSION = 26.0.0.41.502
03-24 09:54:27.249  3255  3344 I VrRuntimeClient: APP NAME = Oculus App Runtime
03-24 09:54:27.249  3255  3344 I VrRuntimeClient: APP VERSION = 26.0.0.40.502 versionCode 274988282 internalVersionName 26.0.0.40.502.3d49ffb6cc0f 2021_02_23_19_55
03-24 09:54:27.249  3255  3344 I VrRuntimeClient: APP VR TYPE = vr_only
03-24 09:54:27.249  3255  3344 I VrRuntimeClient: APP MODE TYPE = VR
03-24 09:54:27.249  3217  3240 D OsSdk   : TrackingServiceConnection ctor
03-24 09:54:27.249  3255  3344 I VrRuntimeClient: APP PACKAGE NAME = com.oculus.vrshell
03-24 09:54:27.249  3255  3344 I VrRuntimeClient: APP ACTIVITY CLASS = com.oculus.os.WindowTokenContext
03-24 09:54:27.249  3217  3240 I Sensor  : OSSDKTRACKING Head tracker != nullpointer 0x742ffa5fb8, 1
03-24 09:54:27.249  3255  3344 I Sensor  : OSSDKTRACKING Initializing head tracking
03-24 09:54:27.250  3217  3240 I Sensor  : OSSDKTRACKING Initializing controller tracking
03-24 09:54:27.250  3217  3240 I Sensor  : OSSDKTRACKING Controller tracker != nullpointer 0x742ffca440, 1
03-24 09:54:27.250  3255  3344 D OsSdk   : TrackingServiceConnection ctor
03-24 09:54:27.250  3255  3344 I Sensor  : OSSDKTRACKING Head tracker != nullpointer 0xdf70889c, 1
03-24 09:54:27.250  3255  3344 I Sensor  : OSSDKTRACKING Initializing controller tracking
03-24 09:54:27.250  3217  3240 D BatteryReceiver: Registering battery receiver
03-24 09:54:27.250  3255  3344 I Sensor  : OSSDKTRACKING Controller tracker != nullpointer 0xdf708900, 1
03-24 09:54:27.250  3255  3344 D BatteryReceiver: Registering battery receiver
03-24 09:54:27.250  2142  2159 I LibraryProvider: running queryApp(com.oculus.shellenv) for com.oculus.uid:10031
03-24 09:54:27.251  2142  2159 W LibraryProvider: Cannot find entitlement for com.oculus.shellenv
03-24 09:54:27.251  1950  1950 W OVRLibrary: null cursor received for query content://com.oculus.ocms.library/apps/com.oculus.shellenv
03-24 09:54:27.251  1950  1950 I PlatformPlugin: [PlatformPluginManager] SetSystemVoipPassthrough 0
03-24 09:54:27.251  1950  1950 E OVRPlatform: [PartiesAPI] ovr_Party_PluginGetSharedMemHandle: This function is deprecated, do not use
03-24 09:54:27.254  2226  2304 I PerformanceManager: SetClockLevels: Apply pending clock request change: -1,-1 -> 2,3
03-24 09:54:27.254  2226  2278 I Clocks  : LockClocks( cpu=2, gpu=3 ) - start
03-24 09:54:27.255  2226  2278 I Clocks  : CPU levels [0, 4]
03-24 09:54:27.255  2226  2278 I Clocks  : GPU levels [0, 5]
03-24 09:54:27.255   713   764 D android.hardware.power@1.3-service-libperfmgr: set performance level 2, domain 0
03-24 09:54:27.256   713   713 D android.hardware.power@1.3-service-libperfmgr: set performance level 3, domain 1
03-24 09:54:27.256  2226  2278 I Clocks  : LockClocks( cpu=2, gpu=3 ) - end (1.6 ms)
03-24 09:54:27.257  3255  3255 D [SEO] BaseOverlayService: setOverlayInputFocus : completed - inputFocus=true shouldSupportIME=true actionTaken:true
03-24 09:54:27.257  2226  2226 D VrRuntimeService: onFocusedWindowChanged: focusedWindowToken=android.os.BinderProxy@2e74d92, focusedWindowUid=10020, focusedWindowPid=3255
03-24 09:54:27.257  2226  2226 D VrRuntimeService: onFocusedWindowChanged: found matching overlay client: 5
03-24 09:54:27.257  2226  2226 I ClientMgr: ClientMgr::SetFocusedClient: 3255:com.oculus.vrshell type 1
03-24 09:54:27.257  2226  2226 I VrRuntimeService: RuntimeIPC: SendFocusChangeEventToAllClients: PostClientEvent SUCCESS: com.android.permissioncontroller:com.android.permissioncontroller:2635, com.oculus.vrshell, com.oculus.vrshell:EnvOverlay
03-24 09:54:27.257  2226  2226 I VrRuntimeService: RuntimeIPC: SendFocusChangeEventToAllClients: PostClientEvent SUCCESS: com.oculus.vrshell:com.oculus.vrshell:Overlay:2307, com.oculus.vrshell, com.oculus.vrshell:EnvOverlay
03-24 09:54:27.257  2226  2226 I VrRuntimeService: RuntimeIPC: SendFocusChangeEventToAllClients: PostClientEvent SUCCESS: com.oculus.vrshell:com.oculus.vrshell:3150, com.oculus.vrshell, com.oculus.vrshell:EnvOverlay
03-24 09:54:27.257  2226  2226 I VrRuntimeService: RuntimeIPC: SendFocusChangeEventToAllClients: PostClientEvent SUCCESS: android.uid.systemui:10056:com.android.systemui:1356, com.oculus.vrshell, com.oculus.vrshell:EnvOverlay
03-24 09:54:27.257  2226  2226 I VrRuntimeService: RuntimeIPC: SendFocusChangeEventToAllClients: PostClientEvent SUCCESS: com.oculus.shellenv:com.oculus.shellenv:3217, com.oculus.vrshell, com.oculus.vrshell:EnvOverlay
03-24 09:54:27.257  2226  2226 I VrRuntimeService: RuntimeIPC: SendFocusChangeEventToAllClients: PostClientEvent SUCCESS: com.oculus.vrshell:com.oculus.vrshell:EnvOverlay:3255, com.oculus.vrshell, com.oculus.vrshell:EnvOverlay
03-24 09:54:27.257  2226  2226 I VrRuntimeService: RuntimeIPC: SendFocusChangeEventToAllClients: PostClientEvent SUCCESS: com.oculus.guardian:com.oculus.vrguardianservice:2368, com.oculus.vrshell, com.oculus.vrshell:EnvOverlay
03-24 09:54:27.258  3255  3344 D HeadsetReceiver: getCurrentHeadsetState: false
03-24 09:54:27.258  3255  3344 I DeviceStatus: nativeHeadsetEvent(0)
03-24 09:54:27.259  1950  1950 E OVRMediaServiceManager: LivestreamingManager Not initialized
03-24 09:54:27.260  3255  3344 I LatencySequenceLogger: handPoseLatency0 - Logger reset. Session ID: 24982428550
03-24 09:54:27.260  3255  3344 I LatencySequenceLogger: pointerPoseLatency0 - Logger reset. Session ID: 54927738436
03-24 09:54:27.260  3255  3344 I LatencySequenceLogger: handPoseLatency1 - Logger reset. Session ID: 4884535997
03-24 09:54:27.260  3255  3344 I LatencySequenceLogger: pointerPoseLatency1 - Logger reset. Session ID: 32819525021
03-24 09:54:27.260  3255  3344 I LatencySequenceLogger: gfrLatency - Logger reset. Session ID: 72665648340
03-24 09:54:27.260  3255  3344 I LatencySequenceLogger: trackedRemoteLatency0 - Logger reset. Session ID: 42580235067
03-24 09:54:27.260  3255  3344 I LatencySequenceLogger: trackedRemoteLatency1 - Logger reset. Session ID: 118455910456
03-24 09:54:27.261  3255  3344 I ClientInputInterface: DEADRECKONING SetControllerTrackingExtendedDeadreckoning 0
03-24 09:54:27.261  3255  3344 D InputHooksJava: Enabling Java Input Hooks
03-24 09:54:27.261  3255  3344 W InputHooksJava: Unable to enable input hooks on a non-Activity Context
03-24 09:54:27.261  3255  3344 I InputDevice_TrackedRemote: OSSDKTRACKING Initializing Haptics
03-24 09:54:27.261  3255  3344 I InputDevice_TrackedRemote: OSSDKTRACKING Haptics != nullpointer 0xdf708940, 1
03-24 09:54:27.261  3255  3344 I InputDevice_TrackedRemote: OSSDKTRACKING Initializing Haptics
03-24 09:54:27.261  3255  3344 I InputDevice_TrackedRemote: OSSDKTRACKING Haptics != nullpointer 0xdf708960, 1
03-24 09:54:27.261  3255  3344 I InputDeviceManager: ovrInputDeviceManager::Initialize
03-24 09:54:27.261  3255  3344 I HandDataQuerier: OSSDKTRACKING Initializing HandsTracker
03-24 09:54:27.261  3255  3344 I HandDataQuerier: OSSDKTRACKING HandsTracker != nullpointer 0xebf832e0, 1
03-24 09:54:27.261  3255  3344 I HandDataQuerier: OSSDKTRACKING Initializing HandsTracker
03-24 09:54:27.261  3255  3344 I HandDataQuerier: OSSDKTRACKING HandsTracker != nullpointer 0xdf6ec000, 1
03-24 09:54:27.261  3255  3344 I InputDeviceManager: HANDTRACKING packagename is com.oculus.vrshell
03-24 09:54:27.261  3217  3240 D HeadsetReceiver: getCurrentHeadsetState: false
03-24 09:54:27.261  3217  3240 I DeviceStatus: nativeHeadsetEvent(0)
03-24 09:54:27.263  3255  3344 I InputDeviceManager: HANDTRACKING: Manifest Permission request for com.oculus.vrshell
03-24 09:54:27.263  3255  3344 I InputDeviceManager: HANDTRACKING:  'com.oculus.vrshell' Is hands or controller.
03-24 09:54:27.263  3255  3344 I InputDeviceManager: HANDTRACKING: feature flag set to 2
03-24 09:54:27.263  3255  3344 I ClientInputInterface: HANDTRACKING sethandmanifest 2
03-24 09:54:27.263  3255 10198 I LatencySequenceLogger: handPoseLatency0 - Logger reset. Session ID: 21537572556
03-24 09:54:27.263  3255 10198 I LatencySequenceLogger: pointerPoseLatency0 - Logger reset. Session ID: 39936582982
03-24 09:54:27.263  3255 10198 I InputDeviceManager: HANDTRACKING Pose filter profile changed to: 0
03-24 09:54:27.263  3255 10198 I LatencySequenceLogger: handPoseLatency0 - Logger reset. Session ID: 24200692550
03-24 09:54:27.263  3255 10198 I LatencySequenceLogger: pointerPoseLatency0 - Logger reset. Session ID: 117744934980
03-24 09:54:27.263  3255 10198 I InputDeviceManager: HANDTRACKING Pose filter profile changed to: 0
03-24 09:54:27.264   838   867 I TrackingService: TrackingService::getSharedMemoryFileDescriptor
03-24 09:54:27.264  2142  2159 I LibraryProvider: running queryApp(com.oculus.shellenv) for com.oculus.uid:10031
03-24 09:54:27.264  2142  2159 W LibraryProvider: Cannot find entitlement for com.oculus.shellenv
03-24 09:54:27.264   838   838 I TrackingService: TrackingService::registerClient
03-24 09:54:27.264  1950  1950 W OVRLibrary: null cursor received for query content://com.oculus.ocms.library/apps/com.oculus.shellenv
03-24 09:54:27.265  3217  3240 I LatencySequenceLogger: handPoseLatency0 - Logger reset. Session ID: -3961150217671429890
03-24 09:54:27.265  3217  3240 I LatencySequenceLogger: pointerPoseLatency0 - Logger reset. Session ID: 5594365890874776894
03-24 09:54:27.265  3217  3240 I LatencySequenceLogger: handPoseLatency1 - Logger reset. Session ID: -3374514157201335027
03-24 09:54:27.265  3217  3240 I LatencySequenceLogger: pointerPoseLatency1 - Logger reset. Session ID: 7036095103394267877
03-24 09:54:27.265  3217  3240 I LatencySequenceLogger: gfrLatency - Logger reset. Session ID: -1909273715161188360
03-24 09:54:27.265  3217  3240 I LatencySequenceLogger: trackedRemoteLatency0 - Logger reset. Session ID: 8869203119215774423
03-24 09:54:27.265  3217  3240 I LatencySequenceLogger: trackedRemoteLatency1 - Logger reset. Session ID: -6219840652726844570
03-24 09:54:27.265  1950  1950 I PlatformPlugin: [PlatformPluginManager] SetSystemVoipPassthrough 0
03-24 09:54:27.265  1950  1950 E OVRPlatform: [PartiesAPI] ovr_Party_PluginGetSharedMemHandle: This function is deprecated, do not use
03-24 09:54:27.265   838   838 I TrackingService: Registering client with TrackingServiceHost (com.oculus.vrshell#3255)
03-24 09:54:27.265  3217  3240 I ClientInputInterface: DEADRECKONING SetControllerTrackingExtendedDeadreckoning 0
03-24 09:54:27.265  3217  3240 I InputHooks_Internal: Enabling Native Input Hooks
03-24 09:54:27.265   838   838 I TrackingService: Notifying client com.oculus.vrshell#3255 of new remote b298f93898a8d8b4
03-24 09:54:27.266  3217  3240 I InputDevice_TrackedRemote: OSSDKTRACKING Initializing Haptics
03-24 09:54:27.266  3217  3240 I InputDevice_TrackedRemote: OSSDKTRACKING Haptics != nullpointer 0x740c532180, 1
03-24 09:54:27.266  3217  3240 I InputDevice_TrackedRemote: OSSDKTRACKING Initializing Haptics
03-24 09:54:27.266  3217  3240 I InputDevice_TrackedRemote: OSSDKTRACKING Haptics != nullpointer 0x740c5b0500, 1
03-24 09:54:27.266  3217  3240 I InputDeviceManager: ovrInputDeviceManager::Initialize
03-24 09:54:27.266  3217  3240 I HandDataQuerier: OSSDKTRACKING Initializing HandsTracker
03-24 09:54:27.266  3217  3240 I HandDataQuerier: OSSDKTRACKING HandsTracker != nullpointer 0x7413a117c0, 1
03-24 09:54:27.266  3217  3240 I HandDataQuerier: OSSDKTRACKING Initializing HandsTracker
03-24 09:54:27.266  3217  3240 I HandDataQuerier: OSSDKTRACKING HandsTracker != nullpointer 0x740c4edde0, 1
03-24 09:54:27.266  3217  3240 I InputDeviceManager: HANDTRACKING packagename is com.oculus.shellenv
03-24 09:54:27.266   838   838 I TrackingService: Notifying client com.oculus.vrshell#3255 of new remote d1a68fb151f50abc
03-24 09:54:27.266   838   838 I TrackingService: TrackingServiceHost GetSharedMemoryFileDescriptor for client com.oculus.vrshell#3255
03-24 09:54:27.266   838   838 I TrackingService: TrackingServiceHost registered common client; there are 0 secure clients
03-24 09:54:27.266  3255  3344 D OsSdk   : TrackingServiceConnection registered
03-24 09:54:27.266  1950  1950 E OVRMediaServiceManager: LivestreamingManager Not initialized
03-24 09:54:27.266  3255  3344 I Distortion: Initializing Mesh Decenter Correction
03-24 09:54:27.267  3255  3344 I Distortion: EYE_DECENTER ipdMin 58.1364 left H: -8.1595 v: 3.6616  right  H: -4.9562 v: 0.1797
03-24 09:54:27.267  3255  3344 I Distortion: EYE_DECENTER ipdMid 63.0543 left H: 0.7277 v: 2.5898  right  H: 1.0983 v: 2.3797
03-24 09:54:27.267  3255  3344 I Distortion: EYE_DECENTER ipdMax 67.9727 left H: 1.9973 v: 1.518  right  H: -0.1126 v: 2.3797
03-24 09:54:27.267  3255  3344 I Distortion: EYE_DECENTER PIXELS(4) left H: 8.1595 V: -3.6616  right H: 4.9562 V: -0.1797
03-24 09:54:27.267  3255  3344 I Distortion: EYE_DECENTER iad: 0.0582161, left H: 0.000215424 V: -0.000120284  right H: 0.000215424 V: -5.90315e-06
03-24 09:54:27.267  3255  3344 I Distortion: SetLensPositions - iad=0.0582161, left offset=-0.00237693,-0.00136858, right offset=0.00280778,-0.0012542
03-24 09:54:27.267  3255  3344 I Distortion: Initializing Mesh Decenter Correction
03-24 09:54:27.268  3217  3240 I InputDeviceManager: HANDTRACKING: Manifest Permission request for com.oculus.shellenv
03-24 09:54:27.268  3217  3240 I InputDeviceManager: HANDTRACKING:  'com.oculus.shellenv' Is hands or controller.
03-24 09:54:27.268  3217  3240 I InputDeviceManager: HANDTRACKING: feature flag set to 2
03-24 09:54:27.268  3217  3240 I ClientInputInterface: HANDTRACKING sethandmanifest 2
03-24 09:54:27.268  3217 10200 I LatencySequenceLogger: handPoseLatency0 - Logger reset. Session ID: 7944853844813659782
03-24 09:54:27.268  3217 10200 I LatencySequenceLogger: pointerPoseLatency0 - Logger reset. Session ID: -545878553724876738
03-24 09:54:27.268  3217 10200 I InputDeviceManager: HANDTRACKING Pose filter profile changed to: 0
03-24 09:54:27.268  3217 10200 I LatencySequenceLogger: handPoseLatency0 - Logger reset. Session ID: 2309434258956040998
03-24 09:54:27.268  3217 10200 I LatencySequenceLogger: pointerPoseLatency0 - Logger reset. Session ID: -6899375741052850626
03-24 09:54:27.268  3217 10200 I InputDeviceManager: HANDTRACKING Pose filter profile changed to: 0
03-24 09:54:27.269  3255  3344 I Distortion: EYE_DECENTER ipdMin 58.1364 left H: -8.1595 v: 3.6616  right  H: -4.9562 v: 0.1797
03-24 09:54:27.269  3255  3344 I Distortion: EYE_DECENTER ipdMid 63.0543 left H: 0.7277 v: 2.5898  right  H: 1.0983 v: 2.3797
03-24 09:54:27.269  3255  3344 I Distortion: EYE_DECENTER ipdMax 67.9727 left H: 1.9973 v: 1.518  right  H: -0.1126 v: 2.3797
03-24 09:54:27.269  3255  3344 I Distortion: EYE_DECENTER PIXELS(4) left H: 8.1595 V: -3.6616  right H: 4.9562 V: -0.1797
03-24 09:54:27.269  3255  3344 I Distortion: EYE_DECENTER iad: 0.0582161, left H: 0.000215424 V: -0.000120284  right H: 0.000215424 V: -5.90315e-06
03-24 09:54:27.269  3255  3344 I Distortion: SetLensPositions - iad=0.0582161, left offset=-0.00237693,-0.00136858, right offset=0.00280778,-0.0012542
03-24 09:54:27.269  3255  3344 I Distortion: Created custom distortion mesh.
03-24 09:54:27.269  3255  3344 I Distortion: ovrDistortionMeshHeader::magic = 0x56347807
03-24 09:54:27.269  3255  3344 I Distortion: ovrDistortionMeshHeader::deviceModel = 0x200
03-24 09:54:27.269  3255  3344 I Distortion: ovrDistortionMeshHeader::headsetModel = 0x104
03-24 09:54:27.269  3255  3344 I Distortion: ovrDistortionMeshHeader::eyeBlocksWide = 32
03-24 09:54:27.269  3255  3344 I Distortion: ovrDistortionMeshHeader::eyeBlocksHigh = 32
03-24 09:54:27.269  3255  3344 I Distortion: ovrDistortionMeshHeader::lensSeparationMeters = 0.058216
03-24 09:54:27.269  3255  3344 I Distortion: ovrDistortionMeshHeader::horizontalOffsetMeters = 0.000215
03-24 09:54:27.269  3255  3344 I Distortion: ovrDistortionMeshHeader::displayWidthMeters = 0.120362
03-24 09:54:27.269  3255  3344 I Distortion: ovrDistortionMeshHeader::displayHeightMeters = 0.063072
03-24 09:54:27.269  3255  3344 I Distortion: ovrDistortionMeshHeader::displayWidthPixels = 3664
03-24 09:54:27.269  3255  3344 I Distortion: ovrDistortionMeshHeader::displayHeightPixels = 1920
03-24 09:54:27.269  3255  3344 I Distortion: ovrDistortionMeshHeader::eyeTextureWidthPixels = 1440
03-24 09:54:27.269  3255  3344 I Distortion: ovrDistortionMeshHeader::eyeTextureHeightPixels = 1584
03-24 09:54:27.269  3255  3344 I Distortion: ovrDistortionMeshHeader::leftEye = up 48.000000 / down 50.000000 / left 52.000000 / right 42.000000
03-24 09:54:27.269   838   838 I TrackingService: TrackingService::getSharedMemoryFileDescriptor
03-24 09:54:27.269  3255  3344 I Distortion: ovrDistortionMeshHeader::rightEye = up 48.000000 / down 50.000000 / left 42.000000 / right 52.000000
03-24 09:54:27.269  3255  3344 I VrApi   : ovrModeParms::VRAPI_MODE_FLAG_RESET_WINDOW_FULLSCREEN = 1
03-24 09:54:27.269  3255  3344 I VrApi   : ovrModeParms::VRAPI_MODE_FLAG_NATIVE_WINDOW = 1
03-24 09:54:27.269  3255  3344 I VrApi   : ovrModeParms::VRAPI_MODE_FLAG_FRONT_BUFFER_SRGB = 1
03-24 09:54:27.269  3255  3344 I VrApi   : ovrModeParms::VRAPI_MODE_FLAG_CREATE_CONTEXT_NO_ERROR = 0
03-24 09:54:27.269  3255  3344 I VrApi   : ovrModeParms::VRAPI_MODE_FLAG_PHASE_SYNC = 0
03-24 09:54:27.269  3255  3344 I VrApi   : ovrModeParms::VRAPI_MODE_FLAG_APP_SPACE_WARP = 0
03-24 09:54:27.269  3255  3344 I VrRuntimeClient: SetPhaseSyncMode 0
03-24 09:54:27.269  3255  3344 I VrApi   : PhaseSync disabled
03-24 09:54:27.269  3255  3344 I VrApi   : HMD sensor attached.
03-24 09:54:27.269  3255  3344 D VrRuntimeClient: VrRuntimeClient: enableRendering: windowtoken client
03-24 09:54:27.270  3255  3344 D VrRuntimeClient: VrRuntimeClient: enableRendering: Using clientWindow=android.os.BinderProxy@c44309c
03-24 09:54:27.270  2226  2258 I ClientMgr: ClientMgr::SetFocusedClient: 3255:com.oculus.vrshell type 1
03-24 09:54:27.270  2226  2258 D VrRuntimeService: enableRendering: 3255:com.oculus.vrshell: android.os.BinderProxy@2e74d92 enable: true
03-24 09:54:27.270   838   867 I TrackingService: TrackingService::registerClient
03-24 09:54:27.270  2226  2258 I ClientMgr: ClientMgr::EnableRendering 3255:com.oculus.vrshell : type 1 comp-id 5: enable
03-24 09:54:27.270  2226  2258 I TimeWarpClientMgr: Enable client 5
03-24 09:54:27.270  2226  2258 I VrRuntimeServer: EnableCompositorClient client(5): layer placement(2147483647) flags(0) sm(0x7523eae010)
03-24 09:54:27.270  2226  2258 I TimeWarp: CheckDebuggerConnected: debugger 0
03-24 09:54:27.270  2226  2258 I VrRuntimeServer: SysProp debug mode is disabled on Server side
03-24 09:54:27.276   838   867 I TrackingService: Registering client with TrackingServiceHost (com.oculus.shellenv#3217)
03-24 09:54:27.284  2226  2258 I UnifiedTelemetryWrapper: Started UT session render:com.oculus.vrshell:EnvOverlay
03-24 09:54:27.284  2226  2304 I ServiceInputManager: DEADRECKONING deadReckoning mode on ClientMgr from server is 0
03-24 09:54:27.285  2226  3364 I VrRuntimeService: GetSpecialSwapChain: 77645753
03-24 09:54:27.285  3255  3344 I VrApi   : Creating Default swapchain
03-24 09:54:27.285  2226  3364 I VrRuntimeService: GetSpecialSwapChain: 77645753
03-24 09:54:27.285  3255  3344 I VrApi   : Creating Loading Icon swapchain
03-24 09:54:27.284   838   867 I TrackingService: Notifying client com.oculus.shellenv#3217 of new remote b298f93898a8d8b4
03-24 09:54:27.286  3255  3344 I VrApi   : OVR::Stats thread started
03-24 09:54:27.286  3255  3344 I XrRuntimeSystem_Client: BeginSession
03-24 09:54:27.286  3255  3344 I VrApi   : ---------- vrapi_EnterVrMode [end] ----------
03-24 09:54:27.286  3255  3344 I [OAR] VrPlatformVrApi: Setting perf thread tids to main=3344, render=unset
03-24 09:54:27.286  3255  3344 I [OAR] VrPlatformVrApi: Setting clock levels to cpu=2, gpu=4
03-24 09:54:27.286  3255  3344 I ClientInputSettings: SetInhibitHandleHomeKey = true for com.oculus.vrshell
03-24 09:54:27.286  3255  3344 I ClientInputInterface: SetInhibitHandleHomeKey 1
03-24 09:54:27.286  3255  3344 I [OAR] Compositor: Initializing Compositor: 1440x1584
03-24 09:54:27.286  3255  3344 I [OAR] AudioMixer: Enabling AudioPlayer.
03-24 09:54:27.286  3255  3344 I [OAR] AudioEngine: virtual void AudioLibrary::AudioEngine::EnablePlayer()
03-24 09:54:27.287  3255  3344 D         : PlayerBase::PlayerBase()
03-24 09:54:27.288  3255  3344 D         : TrackPlayerBase::TrackPlayerBase()
03-24 09:54:27.288  3255  3344 I libOpenSLES: Emulating old channel mask behavior (ignoring positional mask 0x3, using default mask 0x3 based on channel count of 2)
03-24 09:54:27.288   838   867 I TrackingService: Notifying client com.oculus.shellenv#3217 of new remote d1a68fb151f50abc
03-24 09:54:27.291   838   867 I TrackingService: TrackingServiceHost GetSharedMemoryFileDescriptor for client com.oculus.shellenv#3217
03-24 09:54:27.291   838   867 I TrackingService: TrackingServiceHost registered common client; there are 0 secure clients
03-24 09:54:27.291  3217  3240 D OsSdk   : TrackingServiceConnection registered
03-24 09:54:27.291  3217  3240 I Distortion: Initializing Mesh Decenter Correction
03-24 09:54:27.293  3217  3240 I Distortion: EYE_DECENTER ipdMin 58.1364 left H: -8.1595 v: 3.6616  right  H: -4.9562 v: 0.1797
03-24 09:54:27.293  3217  3240 I Distortion: EYE_DECENTER ipdMid 63.0543 left H: 0.7277 v: 2.5898  right  H: 1.0983 v: 2.3797
03-24 09:54:27.293  3217  3240 I Distortion: EYE_DECENTER ipdMax 67.9727 left H: 1.9973 v: 1.518  right  H: -0.1126 v: 2.3797
03-24 09:54:27.293  3217  3240 I Distortion: EYE_DECENTER PIXELS(4) left H: 8.1595 V: -3.6616  right H: 4.9562 V: -0.1797
03-24 09:54:27.293  3217  3240 I Distortion: EYE_DECENTER iad: 0.0582161, left H: 0.000215424 V: -0.000120284  right H: 0.000215424 V: -5.90315e-06
03-24 09:54:27.293  3217  3240 I Distortion: SetLensPositions - iad=0.0582161, left offset=-0.00237693,-0.00136858, right offset=0.00280778,-0.0012542
03-24 09:54:27.293  3217  3240 I Distortion: Initializing Mesh Decenter Correction
03-24 09:54:27.293   706  1076 I audio_hw_primary: getting vr mode to 0
03-24 09:54:27.294  3217  3240 I Distortion: EYE_DECENTER ipdMin 58.1364 left H: -8.1595 v: 3.6616  right  H: -4.9562 v: 0.1797
03-24 09:54:27.294  3217  3240 I Distortion: EYE_DECENTER ipdMid 63.0543 left H: 0.7277 v: 2.5898  right  H: 1.0983 v: 2.3797
03-24 09:54:27.294  3217  3240 I Distortion: EYE_DECENTER ipdMax 67.9727 left H: 1.9973 v: 1.518  right  H: -0.1126 v: 2.3797
03-24 09:54:27.294  3217  3240 I Distortion: EYE_DECENTER PIXELS(4) left H: 8.1595 V: -3.6616  right H: 4.9562 V: -0.1797
03-24 09:54:27.294  3255 10201 D VrApi   : targetSDKVersion 27
03-24 09:54:27.294  3217  3240 I Distortion: EYE_DECENTER iad: 0.0582161, left H: 0.000215424 V: -0.000120284  right H: 0.000215424 V: -5.90315e-06
03-24 09:54:27.294  3217  3240 I Distortion: SetLensPositions - iad=0.0582161, left offset=-0.00237693,-0.00136858, right offset=0.00280778,-0.0012542
03-24 09:54:27.294  3217  3240 I Distortion: Created custom distortion mesh.
03-24 09:54:27.294  3217  3240 I Distortion: ovrDistortionMeshHeader::magic = 0x56347807
03-24 09:54:27.294  3217  3240 I Distortion: ovrDistortionMeshHeader::deviceModel = 0x200
03-24 09:54:27.294  3217  3240 I Distortion: ovrDistortionMeshHeader::headsetModel = 0x104
03-24 09:54:27.294  3217  3240 I Distortion: ovrDistortionMeshHeader::eyeBlocksWide = 32
03-24 09:54:27.294  3217  3240 I Distortion: ovrDistortionMeshHeader::eyeBlocksHigh = 32
03-24 09:54:27.294  3217  3240 I Distortion: ovrDistortionMeshHeader::lensSeparationMeters = 0.058216
03-24 09:54:27.294  3217  3240 I Distortion: ovrDistortionMeshHeader::horizontalOffsetMeters = 0.000215
03-24 09:54:27.294  3217  3240 I Distortion: ovrDistortionMeshHeader::displayWidthMeters = 0.120362
03-24 09:54:27.294  3217  3240 I Distortion: ovrDistortionMeshHeader::displayHeightMeters = 0.063072
03-24 09:54:27.294  3217  3240 I Distortion: ovrDistortionMeshHeader::displayWidthPixels = 3664
03-24 09:54:27.294  3217  3240 I Distortion: ovrDistortionMeshHeader::displayHeightPixels = 1920
03-24 09:54:27.294  3217  3240 I Distortion: ovrDistortionMeshHeader::eyeTextureWidthPixels = 1440
03-24 09:54:27.294  3217  3240 I Distortion: ovrDistortionMeshHeader::eyeTextureHeightPixels = 1584
03-24 09:54:27.294  3217  3240 I Distortion: ovrDistortionMeshHeader::leftEye = up 48.000000 / down 50.000000 / left 52.000000 / right 42.000000
03-24 09:54:27.294  3217  3240 I Distortion: ovrDistortionMeshHeader::rightEye = up 48.000000 / down 50.000000 / left 42.000000 / right 52.000000
03-24 09:54:27.294  3217  3240 I VrApi   : ovrModeParms::VRAPI_MODE_FLAG_RESET_WINDOW_FULLSCREEN = 1
03-24 09:54:27.294  3217  3240 I VrApi   : ovrModeParms::VRAPI_MODE_FLAG_NATIVE_WINDOW = 1
03-24 09:54:27.294  3217  3240 I VrApi   : ovrModeParms::VRAPI_MODE_FLAG_FRONT_BUFFER_SRGB = 1
03-24 09:54:27.294  3217  3240 I VrApi   : ovrModeParms::VRAPI_MODE_FLAG_CREATE_CONTEXT_NO_ERROR = 0
